******************************************************************************
                  TI ARM Linker PC v16.9.3                     
******************************************************************************
>> Linked Sat Nov 25 19:31:51 2017

OUTPUT FILE NAME:   <ADXL345.out>
ENTRY POINT SYMBOL: "_c_int00"  address: 00002841


MEMORY CONFIGURATION

         name            origin    length      used     unused   attr    fill
----------------------  --------  ---------  --------  --------  ----  --------
  MAIN                  00000000   00040000  00002e76  0003d18a  R  X
  INFO                  00200000   00004000  00000000  00004000  R  X
  SRAM_CODE             01000000   00010000  00000350  0000fcb0  RW X
  SRAM_DATA             20000000   00010000  00000350  0000fcb0  RW  


SEGMENT ALLOCATION MAP

run origin  load origin   length   init length attrs members
----------  ----------- ---------- ----------- ----- -------
00000000    00000000    00002e78   00002e78    r-x
  00000000    00000000    000000e4   000000e4    r-- .intvecs
  000000e4    000000e4    00002bd6   00002bd6    r-x .text
  00002cbc    00002cbc    00000144   00000144    r-- .const
  00002e00    00002e00    00000078   00000078    r-- .cinit
20000000    20000000    00000150   00000000    rw-
  20000000    20000000    00000148   00000000    rw- .data
  20000148    20000148    00000008   00000000    rw- .bss
2000fe00    2000fe00    00000200   00000000    rw-
  2000fe00    2000fe00    00000200   00000000    rw- .stack


SECTION ALLOCATION MAP

 output                                  attributes/
section   page    origin      length       input sections
--------  ----  ----------  ----------   ----------------
.intvecs   0    00000000    000000e4     
                  00000000    000000e4     startup_msp432p401r_ccs.obj (.intvecs:retain)

.binit     0    00000000    00000000     

.text      0    000000e4    00002bd6     
                  000000e4    0000113e     rtsv7M4_T_le_v4SPD16_eabi.lib : _printfi.obj (.text)
                  00001222    00000002                                   : mpu_init.obj (.text)
                  00001224    0000032c     system_msp432p401r.obj (.text)
                  00001550    0000020c     adxl345.obj (.text)
                  0000175c    000001f4     rtsv7M4_T_le_v4SPD16_eabi.lib : ull_div_t2.obj (.text)
                  00001950    000001b6                                   : fd_add_t2.obj (.text)
                  00001b06    00000002                                   : startup.obj (.text)
                  00001b08    00000168     msp432_spi.obj (.text)
                  00001c70    00000164     main.obj (.text)
                  00001dd4    00000136     rtsv7M4_T_le_v4SPD16_eabi.lib : fd_div_t2.obj (.text)
                  00001f0a    000000fc                                   : fd_mul_t2.obj (.text)
                  00002006    00000002     --HOLE-- [fill = 0]
                  00002008    000000fc                                   : s_scalbn.obj (.text)
                  00002104    000000a8     clk.obj (.text)
                  000021ac    0000009c     msp432p4xx_driverlib.lib : cs.o (.text:CS_startHFXTWithTimeout)
                  00002248    0000009c     rtsv7M4_T_le_v4SPD16_eabi.lib : memcpy_t2.obj (.text)
                  000022e4    00000088     msp432p4xx_driverlib.lib : spi.o (.text:SPI_initMaster)
                  0000236c    00000086     rtsv7M4_T_le_v4SPD16_eabi.lib : fd_cmp_t2.obj (.text:__aeabi_cdcmple)
                  000023f2    00000086                                   : fd_cmp_t2.obj (.text:__aeabi_cdrcmple)
                  00002478    0000007a                                   : memset_t2.obj (.text)
                  000024f2    00000002     --HOLE-- [fill = 0]
                  000024f4    00000070     msp432p4xx_driverlib.lib : cs.o (.text:_CSGetHFXTFrequency)
                  00002564    00000070     rtsv7M4_T_le_v4SPD16_eabi.lib : autoinit.obj (.text)
                  000025d4    00000070                                   : printf.obj (.text)
                  00002644    0000006e                                   : fd_tos_t2.obj (.text)
                  000026b2    00000068                                   : copy_decompress_lzss.obj (.text:decompress:lzss)
                  0000271a    00000002     --HOLE-- [fill = 0]
                  0000271c    00000064     printfOverride.obj (.text)
                  00002780    00000064     rtsv7M4_T_le_v4SPD16_eabi.lib : s_frexp.obj (.text)
                  000027e4    0000005c     systick.obj (.text)
                  00002840    00000054     rtsv7M4_T_le_v4SPD16_eabi.lib : boot.obj (.text)
                  00002894    00000054                                   : exit.obj (.text)
                  000028e8    00000054                                   : ltoa.obj (.text)
                  0000293c    0000004c                                   : atoi.obj (.text)
                  00002988    0000004c                                   : cpy_tbl.obj (.text)
                  000029d4    00000048     msp432p4xx_driverlib.lib : gpio.o (.text:GPIO_setAsPeripheralModuleFunctionInputPin)
                  00002a1c    00000048     rtsv7M4_T_le_v4SPD16_eabi.lib : fd_toi_t2.obj (.text)
                  00002a64    00000040     debug.obj (.text)
                  00002aa4    00000038     rtsv7M4_T_le_v4SPD16_eabi.lib : fs_tod_t2.obj (.text)
                  00002adc    00000030     msp432p4xx_driverlib.lib : spi.o (.text:is_A_Module)
                  00002b0c    0000002e     rtsv7M4_T_le_v4SPD16_eabi.lib : i_tofd_t2.obj (.text)
                  00002b3a    00000002     --HOLE-- [fill = 0]
                  00002b3c    00000024     msp432p4xx_driverlib.lib : gpio.o (.text:GPIO_setAsOutputPin)
                  00002b60    0000001c     rtsv7M4_T_le_v4SPD16_eabi.lib : memccpy.obj (.text)
                  00002b7c    0000001a     msp432p4xx_driverlib.lib : spi.o (.text:SPI_enableModule)
                  00002b96    00000002     --HOLE-- [fill = 0]
                  00002b98    00000018                              : gpio.o (.text:GPIO_setOutputLowOnPin)
                  00002bb0    00000018     rtsv7M4_T_le_v4SPD16_eabi.lib : args_main.obj (.text)
                  00002bc8    00000016                                   : strchr.obj (.text)
                  00002bde    00000002     --HOLE-- [fill = 0]
                  00002be0    00000014     msp432p4xx_driverlib.lib : cs.o (.text:CS_setExternalClockSourceFrequency)
                  00002bf4    00000014                              : gpio.o (.text:GPIO_setOutputHighOnPin)
                  00002c08    00000014     rtsv7M4_T_le_v4SPD16_eabi.lib : _lock.obj (.text)
                  00002c1c    00000014                                   : s_copysign.obj (.text)
                  00002c30    00000014                                   : strlen.obj (.text)
                  00002c44    00000010     msp432p4xx_driverlib.lib : sysctl.o (.text:SysCtl_disableNMISource)
                  00002c54    00000010                              : sysctl.o (.text:SysCtl_enableNMISource)
                  00002c64    0000000e     rtsv7M4_T_le_v4SPD16_eabi.lib : copy_decompress_none.obj (.text:decompress:none)
                  00002c72    0000000e     startup_msp432p401r_ccs.obj (.text)
                  00002c80    0000000c     msp432p4xx_driverlib.lib : spi.o (.text:EUSCI_A_SPI_enable)
                  00002c8c    0000000c                              : spi.o (.text:EUSCI_B_SPI_enable)
                  00002c98    0000000c                              : sysctl.o (.text:SysCtl_getNMISourceStatus)
                  00002ca4    0000000c     rtsv7M4_T_le_v4SPD16_eabi.lib : copy_zero_init.obj (.text:decompress:ZI)
                  00002cb0    00000006     msp432p4xx_driverlib.lib : cs.o (.text:CS_startHFXT)
                  00002cb6    00000004     rtsv7M4_T_le_v4SPD16_eabi.lib : pre_init.obj (.text)

.const     0    00002cbc    00000144     
                  00002cbc    00000101     rtsv7M4_T_le_v4SPD16_eabi.lib : ctype.obj (.const:.string:_ctypes_)
                  00002dbd    00000003     --HOLE-- [fill = 0]
                  00002dc0    00000024     debug.obj (.const:uartConfig)
                  00002de4    0000001c     msp432_spi.obj (.const:$P$T0$1)

.cinit     0    00002e00    00000078     
                  00002e00    00000052     (.cinit..data.load) [load image, compression = lzss]
                  00002e52    00000002     --HOLE-- [fill = 0]
                  00002e54    0000000c     (__TI_handler_table)
                  00002e60    00000008     (.cinit..bss.load) [load image, compression = zero_init]
                  00002e68    00000010     (__TI_cinit_table)

.init_array 
*          0    00000000    00000000     UNINITIALIZED

.data      0    20000000    00000148     UNINITIALIZED
                  20000000    000000f0     rtsv7M4_T_le_v4SPD16_eabi.lib : defs.obj (.data:_ftable)
                  200000f0    00000030     msp432p4xx_driverlib.lib : gpio.o (.data:GPIO_PORT_TO_BASE)
                  20000120    0000000c     rtsv7M4_T_le_v4SPD16_eabi.lib : exit.obj (.data:$O1$$)
                  2000012c    00000008                                   : _lock.obj (.data:$O1$$)
                  20000134    00000005     main.obj (.data)
                  20000139    00000003     --HOLE--
                  2000013c    00000004     rtsv7M4_T_le_v4SPD16_eabi.lib : errno.obj (.data)
                  20000140    00000004                                   : stkdepth_vars.obj (.data)
                  20000144    00000004     system_msp432p401r.obj (.data)

.bss       0    20000148    00000008     UNINITIALIZED
                  20000148    00000004     (.common:hfxtFreq)
                  2000014c    00000004     (.common:lfxtFreq)

.stack     0    2000fe00    00000200     UNINITIALIZED
                  2000fe00    00000200     --HOLE--

MODULE SUMMARY

       Module                        code    ro data   rw data
       ------                        ----    -------   -------
    .\
       system_msp432p401r.obj        812     0         8      
       adxl345.obj                   524     0         0      
       msp432_spi.obj                360     28        0      
       main.obj                      356     0         10     
       startup_msp432p401r_ccs.obj   14      228       0      
       clk.obj                       168     0         0      
       debug.obj                     64      36        0      
       printfOverride.obj            100     0         0      
       systick.obj                   92      0         0      
    +--+-----------------------------+-------+---------+---------+
       Total:                        2490    292       18     
                                                              
    C:/ti/msp/MSP432Ware_3_50_00_02/driverlib/driverlib/MSP432P4xx/ccs/msp432p4xx_driverlib.lib
       cs.o                          294     0         16     
       gpio.o                        152     0         96     
       spi.o                         234     0         0      
       sysctl.o                      44      0         0      
    +--+-----------------------------+-------+---------+---------+
       Total:                        724     0         112    
                                                              
    C:\ti\ccsv7\tools\compiler\ti-cgt-arm_16.9.3.LTS\lib\rtsv7M4_T_le_v4SPD16_eabi.lib
       _printfi.obj                  4414    0         0      
       ull_div_t2.obj                500     0         0      
       defs.obj                      0       0         480    
       fd_add_t2.obj                 438     0         0      
       fd_div_t2.obj                 310     0         0      
       fd_cmp_t2.obj                 268     0         0      
       ctype.obj                     0       257       0      
       fd_mul_t2.obj                 252     0         0      
       s_scalbn.obj                  252     0         0      
       memcpy_t2.obj                 156     0         0      
       memset_t2.obj                 122     0         0      
       autoinit.obj                  112     0         0      
       printf.obj                    112     0         0      
       fd_tos_t2.obj                 110     0         0      
       exit.obj                      84      0         24     
       copy_decompress_lzss.obj      104     0         0      
       s_frexp.obj                   100     0         0      
       boot.obj                      84      0         0      
       ltoa.obj                      84      0         0      
       atoi.obj                      76      0         0      
       cpy_tbl.obj                   76      0         0      
       fd_toi_t2.obj                 72      0         0      
       fs_tod_t2.obj                 56      0         0      
       i_tofd_t2.obj                 46      0         0      
       _lock.obj                     20      0         16     
       memccpy.obj                   28      0         0      
       args_main.obj                 24      0         0      
       strchr.obj                    22      0         0      
       s_copysign.obj                20      0         0      
       strlen.obj                    20      0         0      
       copy_decompress_none.obj      14      0         0      
       copy_zero_init.obj            12      0         0      
       errno.obj                     0       0         8      
       stkdepth_vars.obj             0       0         8      
       pre_init.obj                  4       0         0      
       mpu_init.obj                  2       0         0      
       startup.obj                   2       0         0      
    +--+-----------------------------+-------+---------+---------+
       Total:                        7996    257       536    
                                                              
       Stack:                        0       0         1024   
       Linker Generated:             0       118       0      
    +--+-----------------------------+-------+---------+---------+
       Grand Total:                  11210   667       1690   


LINKER GENERATED COPY TABLES

__TI_cinit_table @ 00002e68 records: 2, size/record: 8, table size: 16
	.data: load addr=00002e00, load size=00000052 bytes, run addr=20000000, run size=00000148 bytes, compression=lzss
	.bss: load addr=00002e60, load size=00000008 bytes, run addr=20000148, run size=00000008 bytes, compression=zero_init


LINKER GENERATED HANDLER TABLE

__TI_handler_table @ 00002e54 records: 3, size/record: 4, table size: 12
	index: 0, handler: __TI_decompress_lzss
	index: 1, handler: __TI_decompress_none
	index: 2, handler: __TI_zero_init


GLOBAL SYMBOLS: SORTED ALPHABETICALLY BY Name 

address   name                                      
-------   ----                                      
00002c7f  ADC14_IRQHandler                          
0000173f  ADXL345_getDataRate                       
0000171f  ADXL345_getRange                          
000015b9  ADXL345_powerOn                           
000015d5  ADXL345_readAccel                         
00001657  ADXL345_readNormalizedAccel               
0000172d  ADXL345_setDataRate                       
000016dd  ADXL345_setRange                          
00002c7f  AES256_IRQHandler                         
00002c7f  BusFault_Handler                          
00002895  C$$EXIT                                   
00002c7f  COMP_E0_IRQHandler                        
00002c7f  COMP_E1_IRQHandler                        
00002c7f  CS_IRQHandler                             
00002be1  CS_setExternalClockSourceFrequency        
00002cb1  CS_startHFXT                              
000021ad  CS_startHFXTWithTimeout                   
00002c7f  DMA_ERR_IRQHandler                        
00002c7f  DMA_INT0_IRQHandler                       
00002c7f  DMA_INT1_IRQHandler                       
00002c7f  DMA_INT2_IRQHandler                       
00002c7f  DMA_INT3_IRQHandler                       
00002c7f  DebugMon_Handler                          
00002c7f  Default_Handler                           
00002c7f  EUSCIA0_IRQHandler                        
00002c7f  EUSCIA1_IRQHandler                        
00002c7f  EUSCIA2_IRQHandler                        
00002c7f  EUSCIA3_IRQHandler                        
00002c7f  EUSCIB0_IRQHandler                        
00002c7f  EUSCIB1_IRQHandler                        
00002c7f  EUSCIB2_IRQHandler                        
00002c7f  EUSCIB3_IRQHandler                        
00002c81  EUSCI_A_SPI_enable                        
00002c8d  EUSCI_B_SPI_enable                        
00002c7f  FLCTL_IRQHandler                          
00002c7f  FPU_IRQHandler                            
00002b3d  GPIO_setAsOutputPin                       
000029d5  GPIO_setAsPeripheralModuleFunctionInputPin
00002bf5  GPIO_setOutputHighOnPin                   
00002b99  GPIO_setOutputLowOnPin                    
00002c7f  HardFault_Handler                         
00002c7f  MemManage_Handler                         
00002c7f  NMI_Handler                               
00002c7f  PCM_IRQHandler                            
00002c7f  PORT1_IRQHandler                          
00002c7f  PORT2_IRQHandler                          
00002c7f  PORT3_IRQHandler                          
00002c7f  PORT4_IRQHandler                          
00002c7f  PORT5_IRQHandler                          
00002c7f  PORT6_IRQHandler                          
00002c7f  PSS_IRQHandler                            
00002c7f  PendSV_Handler                            
00002c7f  RTC_C_IRQHandler                          
00002c73  Reset_Handler                             
UNDEFED   SHT$$INIT_ARRAY$$Base                     
UNDEFED   SHT$$INIT_ARRAY$$Limit                    
00002b7d  SPI_enableModule                          
000022e5  SPI_initMaster                            
00002c7f  SVC_Handler                               
00002c45  SysCtl_disableNMISource                   
00002c55  SysCtl_enableNMISource                    
00002c99  SysCtl_getNMISourceStatus                 
00001c71  SysTick_Handler                           
00001c71  SysTick_Handler                           
20000144  SystemCoreClock                           
00001225  SystemCoreClockUpdate                     
00001499  SystemInit                                
00002c7f  T32_INT1_IRQHandler                       
00002c7f  T32_INT2_IRQHandler                       
00002c7f  T32_INTC_IRQHandler                       
00002c7f  TA0_0_IRQHandler                          
00002c7f  TA0_N_IRQHandler                          
00002c7f  TA1_0_IRQHandler                          
00002c7f  TA1_N_IRQHandler                          
00002c7f  TA2_0_IRQHandler                          
00002c7f  TA2_N_IRQHandler                          
00002c7f  TA3_0_IRQHandler                          
00002c7f  TA3_N_IRQHandler                          
00002c7f  UsageFault_Handler                        
4000480c  WDTCTL_SYM                                
00002c7f  WDT_A_IRQHandler                          
20010000  __STACK_END                               
00000200  __STACK_SIZE                              
00002e68  __TI_CINIT_Base                           
00002e78  __TI_CINIT_Limit                          
00002e54  __TI_Handler_Table_Base                   
00002e60  __TI_Handler_Table_Limit                  
00002565  __TI_auto_init                            
20000120  __TI_cleanup_ptr                          
000026b3  __TI_decompress_lzss                      
00002c65  __TI_decompress_none                      
20000124  __TI_dtors_ptr                            
20000128  __TI_enable_exit_profile_output           
ffffffff  __TI_pprof_out_hndl                       
00000929  __TI_printfi                              
ffffffff  __TI_prof_data_size                       
ffffffff  __TI_prof_data_start                      
00000000  __TI_static_base__                        
00002ca5  __TI_zero_init                            
0000236d  __aeabi_cdcmpeq                           
0000236d  __aeabi_cdcmple                           
000023f3  __aeabi_cdrcmple                          
00002645  __aeabi_d2f                               
00002a1d  __aeabi_d2iz                              
0000195b  __aeabi_dadd                              
00001dd5  __aeabi_ddiv                              
00001f0b  __aeabi_dmul                              
00001951  __aeabi_dsub                              
00002aa5  __aeabi_f2d                               
00002b0d  __aeabi_i2d                               
00002479  __aeabi_memclr                            
00002479  __aeabi_memclr4                           
00002479  __aeabi_memclr8                           
00002249  __aeabi_memcpy                            
00002249  __aeabi_memcpy4                           
00002249  __aeabi_memcpy8                           
0000247b  __aeabi_memset                            
0000247b  __aeabi_memset4                           
0000247b  __aeabi_memset8                           
0000175d  __aeabi_uldivmod                          
ffffffff  __binit__                                 
ffffffff  __c_args__                                
00001223  __mpu_init                                
2000fe00  __stack                                   
00002bb1  _args_main                                
00002841  _c_int00                                  
00002cbc  _ctypes_                                  
20000000  _ftable                                   
2000012c  _lock                                     
00002c17  _nop                                      
00002c0f  _register_lock                            
00002c09  _register_unlock                          
00001b07  _system_post_cinit                        
00002cb7  _system_pre_init                          
20000130  _unlock                                   
00002899  abort                                     
0000293d  atoi                                      
ffffffff  binit                                     
0000216f  clk_init                                  
00002989  copy_in                                   
00002c1d  copysign                                  
00002c1d  copysignl                                 
00002a65  debug_init                                
2000013c  errno                                     
000028a1  exit                                      
0000271d  fputc                                     
0000273b  fputs                                     
00002781  frexp                                     
00002781  frexpl                                    
20000138  g_ms_timeout                              
20000134  g_ticks                                   
00000000  interruptVectors                          
00002009  ldexp                                     
00002009  ldexpl                                    
000028e9  ltoa                                      
00001c81  main                                      
20000140  main_func_sp                              
00002b61  memccpy                                   
00002249  memcpy                                    
00002481  memset                                    
000025dd  printf                                    
00001551  r_reg                                     
00002009  scalbn                                    
00002009  scalbnl                                   
00001b09  spi_init                                  
00001b49  spi_transfer                              
00001bab  spi_transfer16                            
00002bc9  strchr                                    
00002c31  strlen                                    
00002801  systick_delay_ms                          
000027e5  systick_init                              
00002dc0  uartConfig                                
0000158b  w_reg                                     


GLOBAL SYMBOLS: SORTED BY Symbol Address 

address   name                                      
-------   ----                                      
00000000  __TI_static_base__                        
00000000  interruptVectors                          
00000200  __STACK_SIZE                              
00000929  __TI_printfi                              
00001223  __mpu_init                                
00001225  SystemCoreClockUpdate                     
00001499  SystemInit                                
00001551  r_reg                                     
0000158b  w_reg                                     
000015b9  ADXL345_powerOn                           
000015d5  ADXL345_readAccel                         
00001657  ADXL345_readNormalizedAccel               
000016dd  ADXL345_setRange                          
0000171f  ADXL345_getRange                          
0000172d  ADXL345_setDataRate                       
0000173f  ADXL345_getDataRate                       
0000175d  __aeabi_uldivmod                          
00001951  __aeabi_dsub                              
0000195b  __aeabi_dadd                              
00001b07  _system_post_cinit                        
00001b09  spi_init                                  
00001b49  spi_transfer                              
00001bab  spi_transfer16                            
00001c71  SysTick_Handler                           
00001c71  SysTick_Handler                           
00001c81  main                                      
00001dd5  __aeabi_ddiv                              
00001f0b  __aeabi_dmul                              
00002009  ldexp                                     
00002009  ldexpl                                    
00002009  scalbn                                    
00002009  scalbnl                                   
0000216f  clk_init                                  
000021ad  CS_startHFXTWithTimeout                   
00002249  __aeabi_memcpy                            
00002249  __aeabi_memcpy4                           
00002249  __aeabi_memcpy8                           
00002249  memcpy                                    
000022e5  SPI_initMaster                            
0000236d  __aeabi_cdcmpeq                           
0000236d  __aeabi_cdcmple                           
000023f3  __aeabi_cdrcmple                          
00002479  __aeabi_memclr                            
00002479  __aeabi_memclr4                           
00002479  __aeabi_memclr8                           
0000247b  __aeabi_memset                            
0000247b  __aeabi_memset4                           
0000247b  __aeabi_memset8                           
00002481  memset                                    
00002565  __TI_auto_init                            
000025dd  printf                                    
00002645  __aeabi_d2f                               
000026b3  __TI_decompress_lzss                      
0000271d  fputc                                     
0000273b  fputs                                     
00002781  frexp                                     
00002781  frexpl                                    
000027e5  systick_init                              
00002801  systick_delay_ms                          
00002841  _c_int00                                  
00002895  C$$EXIT                                   
00002899  abort                                     
000028a1  exit                                      
000028e9  ltoa                                      
0000293d  atoi                                      
00002989  copy_in                                   
000029d5  GPIO_setAsPeripheralModuleFunctionInputPin
00002a1d  __aeabi_d2iz                              
00002a65  debug_init                                
00002aa5  __aeabi_f2d                               
00002b0d  __aeabi_i2d                               
00002b3d  GPIO_setAsOutputPin                       
00002b61  memccpy                                   
00002b7d  SPI_enableModule                          
00002b99  GPIO_setOutputLowOnPin                    
00002bb1  _args_main                                
00002bc9  strchr                                    
00002be1  CS_setExternalClockSourceFrequency        
00002bf5  GPIO_setOutputHighOnPin                   
00002c09  _register_unlock                          
00002c0f  _register_lock                            
00002c17  _nop                                      
00002c1d  copysign                                  
00002c1d  copysignl                                 
00002c31  strlen                                    
00002c45  SysCtl_disableNMISource                   
00002c55  SysCtl_enableNMISource                    
00002c65  __TI_decompress_none                      
00002c73  Reset_Handler                             
00002c7f  ADC14_IRQHandler                          
00002c7f  AES256_IRQHandler                         
00002c7f  BusFault_Handler                          
00002c7f  COMP_E0_IRQHandler                        
00002c7f  COMP_E1_IRQHandler                        
00002c7f  CS_IRQHandler                             
00002c7f  DMA_ERR_IRQHandler                        
00002c7f  DMA_INT0_IRQHandler                       
00002c7f  DMA_INT1_IRQHandler                       
00002c7f  DMA_INT2_IRQHandler                       
00002c7f  DMA_INT3_IRQHandler                       
00002c7f  DebugMon_Handler                          
00002c7f  Default_Handler                           
00002c7f  EUSCIA0_IRQHandler                        
00002c7f  EUSCIA1_IRQHandler                        
00002c7f  EUSCIA2_IRQHandler                        
00002c7f  EUSCIA3_IRQHandler                        
00002c7f  EUSCIB0_IRQHandler                        
00002c7f  EUSCIB1_IRQHandler                        
00002c7f  EUSCIB2_IRQHandler                        
00002c7f  EUSCIB3_IRQHandler                        
00002c7f  FLCTL_IRQHandler                          
00002c7f  FPU_IRQHandler                            
00002c7f  HardFault_Handler                         
00002c7f  MemManage_Handler                         
00002c7f  NMI_Handler                               
00002c7f  PCM_IRQHandler                            
00002c7f  PORT1_IRQHandler                          
00002c7f  PORT2_IRQHandler                          
00002c7f  PORT3_IRQHandler                          
00002c7f  PORT4_IRQHandler                          
00002c7f  PORT5_IRQHandler                          
00002c7f  PORT6_IRQHandler                          
00002c7f  PSS_IRQHandler                            
00002c7f  PendSV_Handler                            
00002c7f  RTC_C_IRQHandler                          
00002c7f  SVC_Handler                               
00002c7f  T32_INT1_IRQHandler                       
00002c7f  T32_INT2_IRQHandler                       
00002c7f  T32_INTC_IRQHandler                       
00002c7f  TA0_0_IRQHandler                          
00002c7f  TA0_N_IRQHandler                          
00002c7f  TA1_0_IRQHandler                          
00002c7f  TA1_N_IRQHandler                          
00002c7f  TA2_0_IRQHandler                          
00002c7f  TA2_N_IRQHandler                          
00002c7f  TA3_0_IRQHandler                          
00002c7f  TA3_N_IRQHandler                          
00002c7f  UsageFault_Handler                        
00002c7f  WDT_A_IRQHandler                          
00002c81  EUSCI_A_SPI_enable                        
00002c8d  EUSCI_B_SPI_enable                        
00002c99  SysCtl_getNMISourceStatus                 
00002ca5  __TI_zero_init                            
00002cb1  CS_startHFXT                              
00002cb7  _system_pre_init                          
00002cbc  _ctypes_                                  
00002dc0  uartConfig                                
00002e54  __TI_Handler_Table_Base                   
00002e60  __TI_Handler_Table_Limit                  
00002e68  __TI_CINIT_Base                           
00002e78  __TI_CINIT_Limit                          
20000000  _ftable                                   
20000120  __TI_cleanup_ptr                          
20000124  __TI_dtors_ptr                            
20000128  __TI_enable_exit_profile_output           
2000012c  _lock                                     
20000130  _unlock                                   
20000134  g_ticks                                   
20000138  g_ms_timeout                              
2000013c  errno                                     
20000140  main_func_sp                              
20000144  SystemCoreClock                           
2000fe00  __stack                                   
20010000  __STACK_END                               
4000480c  WDTCTL_SYM                                
ffffffff  __TI_pprof_out_hndl                       
ffffffff  __TI_prof_data_size                       
ffffffff  __TI_prof_data_start                      
ffffffff  __binit__                                 
ffffffff  __c_args__                                
ffffffff  binit                                     
UNDEFED   SHT$$INIT_ARRAY$$Base                     
UNDEFED   SHT$$INIT_ARRAY$$Limit                    

[173 symbols]
