<?xml version="1.0"?>
<link_info>
   <banner>TI ARM Linker PC v16.9.0.LTS</banner>
   <copyright>Copyright (c) 1996-2015 Texas Instruments Incorporated</copyright>
   <link_time>0x59f76b0d</link_time>
   <link_errors>0x0</link_errors>
   <output_file>Bluetooth_BLE_UART_Test.out</output_file>
   <entry_point>
      <name>_c_int00</name>
      <address>0x27d9</address>
   </entry_point>
   <input_file_list>
      <input_file id="fl-2">
         <path>.\</path>
         <kind>object</kind>
         <file>I2C0.obj</file>
         <name>I2C0.obj</name>
      </input_file>
      <input_file id="fl-3">
         <path>.\</path>
         <kind>object</kind>
         <file>MAX30102.obj</file>
         <name>MAX30102.obj</name>
      </input_file>
      <input_file id="fl-4">
         <path>.\</path>
         <kind>object</kind>
         <file>algorithm.obj</file>
         <name>algorithm.obj</name>
      </input_file>
      <input_file id="fl-5">
         <path>.\</path>
         <kind>object</kind>
         <file>clk.obj</file>
         <name>clk.obj</name>
      </input_file>
      <input_file id="fl-6">
         <path>.\</path>
         <kind>object</kind>
         <file>debug.obj</file>
         <name>debug.obj</name>
      </input_file>
      <input_file id="fl-7">
         <path>.\</path>
         <kind>object</kind>
         <file>main.obj</file>
         <name>main.obj</name>
      </input_file>
      <input_file id="fl-8">
         <path>.\</path>
         <kind>object</kind>
         <file>printfOverride.obj</file>
         <name>printfOverride.obj</name>
      </input_file>
      <input_file id="fl-9">
         <path>.\</path>
         <kind>object</kind>
         <file>startup_msp432p401r_ccs.obj</file>
         <name>startup_msp432p401r_ccs.obj</name>
      </input_file>
      <input_file id="fl-a">
         <path>.\</path>
         <kind>object</kind>
         <file>system_msp432p401r.obj</file>
         <name>system_msp432p401r.obj</name>
      </input_file>
      <input_file id="fl-b">
         <path>.\</path>
         <kind>object</kind>
         <file>systick.obj</file>
         <name>systick.obj</name>
      </input_file>
      <input_file id="fl-c">
         <path>.\</path>
         <kind>object</kind>
         <file>uart.obj</file>
         <name>uart.obj</name>
      </input_file>
      <input_file id="fl-c7">
         <path>C:\ti\ccsv7\tools\compiler\ti-cgt-arm_16.9.0.LTS\lib\</path>
         <kind>archive</kind>
         <file>rtsv7M4_T_le_v4SPD16_eabi.lib</file>
         <name>boot.obj</name>
      </input_file>
      <input_file id="fl-c8">
         <path>C:\ti\ccsv7\tools\compiler\ti-cgt-arm_16.9.0.LTS\lib\</path>
         <kind>archive</kind>
         <file>rtsv7M4_T_le_v4SPD16_eabi.lib</file>
         <name>copy_decompress_lzss.obj</name>
      </input_file>
      <input_file id="fl-c9">
         <path>C:\ti\ccsv7\tools\compiler\ti-cgt-arm_16.9.0.LTS\lib\</path>
         <kind>archive</kind>
         <file>rtsv7M4_T_le_v4SPD16_eabi.lib</file>
         <name>copy_decompress_none.obj</name>
      </input_file>
      <input_file id="fl-ca">
         <path>C:\ti\ccsv7\tools\compiler\ti-cgt-arm_16.9.0.LTS\lib\</path>
         <kind>archive</kind>
         <file>rtsv7M4_T_le_v4SPD16_eabi.lib</file>
         <name>copy_zero_init.obj</name>
      </input_file>
      <input_file id="fl-cb">
         <path>C:\ti\ccsv7\tools\compiler\ti-cgt-arm_16.9.0.LTS\lib\</path>
         <kind>archive</kind>
         <file>rtsv7M4_T_le_v4SPD16_eabi.lib</file>
         <name>exit.obj</name>
      </input_file>
      <input_file id="fl-cc">
         <path>C:\ti\ccsv7\tools\compiler\ti-cgt-arm_16.9.0.LTS\lib\</path>
         <kind>archive</kind>
         <file>rtsv7M4_T_le_v4SPD16_eabi.lib</file>
         <name>memcpy_t2.obj</name>
      </input_file>
      <input_file id="fl-cd">
         <path>C:\ti\ccsv7\tools\compiler\ti-cgt-arm_16.9.0.LTS\lib\</path>
         <kind>archive</kind>
         <file>rtsv7M4_T_le_v4SPD16_eabi.lib</file>
         <name>memset_t2.obj</name>
      </input_file>
      <input_file id="fl-ce">
         <path>C:\ti\ccsv7\tools\compiler\ti-cgt-arm_16.9.0.LTS\lib\</path>
         <kind>archive</kind>
         <file>rtsv7M4_T_le_v4SPD16_eabi.lib</file>
         <name>mpu_init.obj</name>
      </input_file>
      <input_file id="fl-cf">
         <path>C:\ti\ccsv7\tools\compiler\ti-cgt-arm_16.9.0.LTS\lib\</path>
         <kind>archive</kind>
         <file>rtsv7M4_T_le_v4SPD16_eabi.lib</file>
         <name>pre_init.obj</name>
      </input_file>
      <input_file id="fl-d0">
         <path>C:\ti\ccsv7\tools\compiler\ti-cgt-arm_16.9.0.LTS\lib\</path>
         <kind>archive</kind>
         <file>rtsv7M4_T_le_v4SPD16_eabi.lib</file>
         <name>printf.obj</name>
      </input_file>
      <input_file id="fl-d1">
         <path>C:\ti\ccsv7\tools\compiler\ti-cgt-arm_16.9.0.LTS\lib\</path>
         <kind>archive</kind>
         <file>rtsv7M4_T_le_v4SPD16_eabi.lib</file>
         <name>stkdepth_vars.obj</name>
      </input_file>
      <input_file id="fl-d2">
         <path>C:\ti\ccsv7\tools\compiler\ti-cgt-arm_16.9.0.LTS\lib\</path>
         <kind>archive</kind>
         <file>rtsv7M4_T_le_v4SPD16_eabi.lib</file>
         <name>strlen.obj</name>
      </input_file>
      <input_file id="fl-d3">
         <path>C:\ti\ccsv7\tools\compiler\ti-cgt-arm_16.9.0.LTS\lib\</path>
         <kind>archive</kind>
         <file>rtsv7M4_T_le_v4SPD16_eabi.lib</file>
         <name>strstr.obj</name>
      </input_file>
      <input_file id="fl-d4">
         <path>C:\ti\ccsv7\tools\compiler\ti-cgt-arm_16.9.0.LTS\lib\</path>
         <kind>archive</kind>
         <file>rtsv7M4_T_le_v4SPD16_eabi.lib</file>
         <name>_lock.obj</name>
      </input_file>
      <input_file id="fl-d5">
         <path>C:\ti\ccsv7\tools\compiler\ti-cgt-arm_16.9.0.LTS\lib\</path>
         <kind>archive</kind>
         <file>rtsv7M4_T_le_v4SPD16_eabi.lib</file>
         <name>_printfi.obj</name>
      </input_file>
      <input_file id="fl-d6">
         <path>C:\ti\ccsv7\tools\compiler\ti-cgt-arm_16.9.0.LTS\lib\</path>
         <kind>archive</kind>
         <file>rtsv7M4_T_le_v4SPD16_eabi.lib</file>
         <name>args_main.obj</name>
      </input_file>
      <input_file id="fl-d7">
         <path>C:\ti\ccsv7\tools\compiler\ti-cgt-arm_16.9.0.LTS\lib\</path>
         <kind>archive</kind>
         <file>rtsv7M4_T_le_v4SPD16_eabi.lib</file>
         <name>atoi.obj</name>
      </input_file>
      <input_file id="fl-d8">
         <path>C:\ti\ccsv7\tools\compiler\ti-cgt-arm_16.9.0.LTS\lib\</path>
         <kind>archive</kind>
         <file>rtsv7M4_T_le_v4SPD16_eabi.lib</file>
         <name>autoinit.obj</name>
      </input_file>
      <input_file id="fl-d9">
         <path>C:\ti\ccsv7\tools\compiler\ti-cgt-arm_16.9.0.LTS\lib\</path>
         <kind>archive</kind>
         <file>rtsv7M4_T_le_v4SPD16_eabi.lib</file>
         <name>cpy_tbl.obj</name>
      </input_file>
      <input_file id="fl-da">
         <path>C:\ti\ccsv7\tools\compiler\ti-cgt-arm_16.9.0.LTS\lib\</path>
         <kind>archive</kind>
         <file>rtsv7M4_T_le_v4SPD16_eabi.lib</file>
         <name>ctype.obj</name>
      </input_file>
      <input_file id="fl-db">
         <path>C:\ti\ccsv7\tools\compiler\ti-cgt-arm_16.9.0.LTS\lib\</path>
         <kind>archive</kind>
         <file>rtsv7M4_T_le_v4SPD16_eabi.lib</file>
         <name>defs.obj</name>
      </input_file>
      <input_file id="fl-dc">
         <path>C:\ti\ccsv7\tools\compiler\ti-cgt-arm_16.9.0.LTS\lib\</path>
         <kind>archive</kind>
         <file>rtsv7M4_T_le_v4SPD16_eabi.lib</file>
         <name>fd_add_t2.obj</name>
      </input_file>
      <input_file id="fl-dd">
         <path>C:\ti\ccsv7\tools\compiler\ti-cgt-arm_16.9.0.LTS\lib\</path>
         <kind>archive</kind>
         <file>rtsv7M4_T_le_v4SPD16_eabi.lib</file>
         <name>fd_cmp_t2.obj</name>
      </input_file>
      <input_file id="fl-de">
         <path>C:\ti\ccsv7\tools\compiler\ti-cgt-arm_16.9.0.LTS\lib\</path>
         <kind>archive</kind>
         <file>rtsv7M4_T_le_v4SPD16_eabi.lib</file>
         <name>fd_div_t2.obj</name>
      </input_file>
      <input_file id="fl-df">
         <path>C:\ti\ccsv7\tools\compiler\ti-cgt-arm_16.9.0.LTS\lib\</path>
         <kind>archive</kind>
         <file>rtsv7M4_T_le_v4SPD16_eabi.lib</file>
         <name>fd_mul_t2.obj</name>
      </input_file>
      <input_file id="fl-e0">
         <path>C:\ti\ccsv7\tools\compiler\ti-cgt-arm_16.9.0.LTS\lib\</path>
         <kind>archive</kind>
         <file>rtsv7M4_T_le_v4SPD16_eabi.lib</file>
         <name>fd_toi_t2.obj</name>
      </input_file>
      <input_file id="fl-e1">
         <path>C:\ti\ccsv7\tools\compiler\ti-cgt-arm_16.9.0.LTS\lib\</path>
         <kind>archive</kind>
         <file>rtsv7M4_T_le_v4SPD16_eabi.lib</file>
         <name>i_tofd_t2.obj</name>
      </input_file>
      <input_file id="fl-e2">
         <path>C:\ti\ccsv7\tools\compiler\ti-cgt-arm_16.9.0.LTS\lib\</path>
         <kind>archive</kind>
         <file>rtsv7M4_T_le_v4SPD16_eabi.lib</file>
         <name>ltoa.obj</name>
      </input_file>
      <input_file id="fl-e3">
         <path>C:\ti\ccsv7\tools\compiler\ti-cgt-arm_16.9.0.LTS\lib\</path>
         <kind>archive</kind>
         <file>rtsv7M4_T_le_v4SPD16_eabi.lib</file>
         <name>memccpy.obj</name>
      </input_file>
      <input_file id="fl-e4">
         <path>C:\ti\ccsv7\tools\compiler\ti-cgt-arm_16.9.0.LTS\lib\</path>
         <kind>archive</kind>
         <file>rtsv7M4_T_le_v4SPD16_eabi.lib</file>
         <name>s_frexp.obj</name>
      </input_file>
      <input_file id="fl-e5">
         <path>C:\ti\ccsv7\tools\compiler\ti-cgt-arm_16.9.0.LTS\lib\</path>
         <kind>archive</kind>
         <file>rtsv7M4_T_le_v4SPD16_eabi.lib</file>
         <name>s_scalbn.obj</name>
      </input_file>
      <input_file id="fl-e6">
         <path>C:\ti\ccsv7\tools\compiler\ti-cgt-arm_16.9.0.LTS\lib\</path>
         <kind>archive</kind>
         <file>rtsv7M4_T_le_v4SPD16_eabi.lib</file>
         <name>startup.obj</name>
      </input_file>
      <input_file id="fl-e7">
         <path>C:\ti\ccsv7\tools\compiler\ti-cgt-arm_16.9.0.LTS\lib\</path>
         <kind>archive</kind>
         <file>rtsv7M4_T_le_v4SPD16_eabi.lib</file>
         <name>strchr.obj</name>
      </input_file>
      <input_file id="fl-e8">
         <path>C:\ti\ccsv7\tools\compiler\ti-cgt-arm_16.9.0.LTS\lib\</path>
         <kind>archive</kind>
         <file>rtsv7M4_T_le_v4SPD16_eabi.lib</file>
         <name>ull_div_t2.obj</name>
      </input_file>
      <input_file id="fl-e9">
         <path>C:\ti\ccsv7\tools\compiler\ti-cgt-arm_16.9.0.LTS\lib\</path>
         <kind>archive</kind>
         <file>rtsv7M4_T_le_v4SPD16_eabi.lib</file>
         <name>errno.obj</name>
      </input_file>
      <input_file id="fl-ea">
         <path>C:\ti\ccsv7\tools\compiler\ti-cgt-arm_16.9.0.LTS\lib\</path>
         <kind>archive</kind>
         <file>rtsv7M4_T_le_v4SPD16_eabi.lib</file>
         <name>s_copysign.obj</name>
      </input_file>
      <input_file id="fl-eb">
         <path>C:\ti\msp\MSP432Ware_3_50_00_02\driverlib\driverlib\MSP432P4xx\ccs\</path>
         <kind>archive</kind>
         <file>msp432p4xx_driverlib.lib</file>
         <name>cs.o</name>
      </input_file>
      <input_file id="fl-ec">
         <path>C:\ti\msp\MSP432Ware_3_50_00_02\driverlib\driverlib\MSP432P4xx\ccs\</path>
         <kind>archive</kind>
         <file>msp432p4xx_driverlib.lib</file>
         <name>interrupt.o</name>
      </input_file>
      <input_file id="fl-ed">
         <path>C:\ti\msp\MSP432Ware_3_50_00_02\driverlib\driverlib\MSP432P4xx\ccs\</path>
         <kind>archive</kind>
         <file>msp432p4xx_driverlib.lib</file>
         <name>sysctl.o</name>
      </input_file>
      <input_file id="fl-ee">
         <path>C:\ti\msp\MSP432Ware_3_50_00_02\driverlib\driverlib\MSP432P4xx\ccs\</path>
         <kind>archive</kind>
         <file>msp432p4xx_driverlib.lib</file>
         <name>uart.o</name>
      </input_file>
      <input_file id="fl-ef">
         <path>C:\ti\msp\MSP432Ware_3_50_00_02\driverlib\driverlib\MSP432P4xx\ccs\</path>
         <kind>archive</kind>
         <file>msp432p4xx_driverlib.lib</file>
         <name>cpu.o</name>
      </input_file>
   </input_file_list>
   <object_component_list>
      <object_component id="oc-2c">
         <name>.intvecs:retain</name>
         <load_address>0x0</load_address>
         <run_address>0x0</run_address>
         <size>0xe4</size>
         <input_file_ref idref="fl-9"/>
      </object_component>
      <object_component id="oc-15c">
         <name>.text</name>
         <load_address>0xe4</load_address>
         <run_address>0xe4</run_address>
         <size>0x113a</size>
         <input_file_ref idref="fl-d5"/>
      </object_component>
      <object_component id="oc-53">
         <name>.text</name>
         <load_address>0x121e</load_address>
         <run_address>0x121e</run_address>
         <size>0x2</size>
         <input_file_ref idref="fl-ce"/>
      </object_component>
      <object_component id="oc-bd">
         <name>.text</name>
         <load_address>0x1220</load_address>
         <run_address>0x1220</run_address>
         <size>0x32c</size>
         <input_file_ref idref="fl-a"/>
      </object_component>
      <object_component id="oc-7b">
         <name>.text</name>
         <load_address>0x154c</load_address>
         <run_address>0x154c</run_address>
         <size>0x2f0</size>
         <input_file_ref idref="fl-7"/>
      </object_component>
      <object_component id="oc-81">
         <name>.text</name>
         <load_address>0x183c</load_address>
         <run_address>0x183c</run_address>
         <size>0x220</size>
         <input_file_ref idref="fl-c"/>
      </object_component>
      <object_component id="oc-1c7">
         <name>.text</name>
         <load_address>0x1a5c</load_address>
         <run_address>0x1a5c</run_address>
         <size>0x1f4</size>
         <input_file_ref idref="fl-e8"/>
      </object_component>
      <object_component id="oc-1f0">
         <name>.text</name>
         <load_address>0x1c50</load_address>
         <run_address>0x1c50</run_address>
         <size>0x1b6</size>
         <input_file_ref idref="fl-dc"/>
      </object_component>
      <object_component id="oc-1d6">
         <name>.text</name>
         <load_address>0x1e06</load_address>
         <run_address>0x1e06</run_address>
         <size>0x136</size>
         <input_file_ref idref="fl-de"/>
      </object_component>
      <object_component id="oc-1d1">
         <name>.text</name>
         <load_address>0x1f3c</load_address>
         <run_address>0x1f3c</run_address>
         <size>0xfc</size>
         <input_file_ref idref="fl-df"/>
      </object_component>
      <object_component id="oc-1fb">
         <name>.text</name>
         <load_address>0x2038</load_address>
         <run_address>0x2038</run_address>
         <size>0xfc</size>
         <input_file_ref idref="fl-e5"/>
      </object_component>
      <object_component id="oc-ca">
         <name>.text</name>
         <load_address>0x2134</load_address>
         <run_address>0x2134</run_address>
         <size>0xa8</size>
         <input_file_ref idref="fl-5"/>
      </object_component>
      <object_component id="oc-1b5">
         <name>.text:CS_startHFXTWithTimeout</name>
         <load_address>0x21dc</load_address>
         <run_address>0x21dc</run_address>
         <size>0x9c</size>
         <input_file_ref idref="fl-eb"/>
      </object_component>
      <object_component id="oc-3b">
         <name>.text</name>
         <load_address>0x2278</load_address>
         <run_address>0x2278</run_address>
         <size>0x9c</size>
         <input_file_ref idref="fl-cc"/>
      </object_component>
      <object_component id="oc-1cc">
         <name>.text:__aeabi_cdcmple</name>
         <load_address>0x2314</load_address>
         <run_address>0x2314</run_address>
         <size>0x86</size>
         <input_file_ref idref="fl-dd"/>
      </object_component>
      <object_component id="oc-1db">
         <name>.text:__aeabi_cdrcmple</name>
         <load_address>0x239a</load_address>
         <run_address>0x239a</run_address>
         <size>0x86</size>
         <input_file_ref idref="fl-dd"/>
      </object_component>
      <object_component id="oc-47">
         <name>.text</name>
         <load_address>0x2420</load_address>
         <run_address>0x2420</run_address>
         <size>0x7a</size>
         <input_file_ref idref="fl-cd"/>
      </object_component>
      <object_component id="oc-a8">
         <name>.text</name>
         <load_address>0x249a</load_address>
         <run_address>0x249a</run_address>
         <size>0x2</size>
         <input_file_ref idref="fl-e6"/>
      </object_component>
      <object_component id="oc-250">
         <name>.text:_CSGetHFXTFrequency</name>
         <load_address>0x249c</load_address>
         <run_address>0x249c</run_address>
         <size>0x70</size>
         <input_file_ref idref="fl-eb"/>
      </object_component>
      <object_component id="oc-5f">
         <name>.text</name>
         <load_address>0x250c</load_address>
         <run_address>0x250c</run_address>
         <size>0x70</size>
         <input_file_ref idref="fl-d8"/>
      </object_component>
      <object_component id="oc-d6">
         <name>.text</name>
         <load_address>0x257c</load_address>
         <run_address>0x257c</run_address>
         <size>0x70</size>
         <input_file_ref idref="fl-d0"/>
      </object_component>
      <object_component id="oc-14">
         <name>.text:decompress:lzss</name>
         <load_address>0x25ec</load_address>
         <run_address>0x25ec</run_address>
         <size>0x68</size>
         <input_file_ref idref="fl-c8"/>
      </object_component>
      <object_component id="oc-102">
         <name>.text:Interrupt_enableInterrupt</name>
         <load_address>0x2654</load_address>
         <run_address>0x2654</run_address>
         <size>0x64</size>
         <input_file_ref idref="fl-ec"/>
      </object_component>
      <object_component id="oc-156">
         <name>.text</name>
         <load_address>0x26b8</load_address>
         <run_address>0x26b8</run_address>
         <size>0x64</size>
         <input_file_ref idref="fl-8"/>
      </object_component>
      <object_component id="oc-1f5">
         <name>.text</name>
         <load_address>0x271c</load_address>
         <run_address>0x271c</run_address>
         <size>0x64</size>
         <input_file_ref idref="fl-e4"/>
      </object_component>
      <object_component id="oc-1e5">
         <name>.text</name>
         <load_address>0x2780</load_address>
         <run_address>0x2780</run_address>
         <size>0x56</size>
         <input_file_ref idref="fl-e2"/>
      </object_component>
      <object_component id="oc-26">
         <name>.text</name>
         <load_address>0x27d8</load_address>
         <run_address>0x27d8</run_address>
         <size>0x54</size>
         <input_file_ref idref="fl-c7"/>
      </object_component>
      <object_component id="oc-6b">
         <name>.text</name>
         <load_address>0x282c</load_address>
         <run_address>0x282c</run_address>
         <size>0x54</size>
         <input_file_ref idref="fl-cb"/>
      </object_component>
      <object_component id="oc-207">
         <name>.text</name>
         <load_address>0x2880</load_address>
         <run_address>0x2880</run_address>
         <size>0x4c</size>
         <input_file_ref idref="fl-d7"/>
      </object_component>
      <object_component id="oc-a2">
         <name>.text</name>
         <load_address>0x28cc</load_address>
         <run_address>0x28cc</run_address>
         <size>0x4c</size>
         <input_file_ref idref="fl-d9"/>
      </object_component>
      <object_component id="oc-1e0">
         <name>.text</name>
         <load_address>0x2918</load_address>
         <run_address>0x2918</run_address>
         <size>0x48</size>
         <input_file_ref idref="fl-e0"/>
      </object_component>
      <object_component id="oc-d0">
         <name>.text</name>
         <load_address>0x2960</load_address>
         <run_address>0x2960</run_address>
         <size>0x40</size>
         <input_file_ref idref="fl-6"/>
      </object_component>
      <object_component id="oc-c4">
         <name>.text</name>
         <load_address>0x29a0</load_address>
         <run_address>0x29a0</run_address>
         <size>0x34</size>
         <input_file_ref idref="fl-d3"/>
      </object_component>
      <object_component id="oc-1eb">
         <name>.text</name>
         <load_address>0x29d4</load_address>
         <run_address>0x29d4</run_address>
         <size>0x2e</size>
         <input_file_ref idref="fl-e1"/>
      </object_component>
      <object_component id="oc-ee">
         <name>.text:uartA0_tx</name>
         <load_address>0x2a04</load_address>
         <run_address>0x2a04</run_address>
         <size>0x24</size>
         <input_file_ref idref="fl-c"/>
      </object_component>
      <object_component id="oc-f5">
         <name>.text:uartA2_tx</name>
         <load_address>0x2a28</load_address>
         <run_address>0x2a28</run_address>
         <size>0x24</size>
         <input_file_ref idref="fl-c"/>
      </object_component>
      <object_component id="oc-20d">
         <name>.text</name>
         <load_address>0x2a4c</load_address>
         <run_address>0x2a4c</run_address>
         <size>0x1c</size>
         <input_file_ref idref="fl-e3"/>
      </object_component>
      <object_component id="oc-65">
         <name>.text</name>
         <load_address>0x2a68</load_address>
         <run_address>0x2a68</run_address>
         <size>0x18</size>
         <input_file_ref idref="fl-d6"/>
      </object_component>
      <object_component id="oc-fc">
         <name>.text:UART_enableInterrupt</name>
         <load_address>0x2a80</load_address>
         <run_address>0x2a80</run_address>
         <size>0x16</size>
         <input_file_ref idref="fl-ee"/>
      </object_component>
      <object_component id="oc-201">
         <name>.text</name>
         <load_address>0x2a96</load_address>
         <run_address>0x2a96</run_address>
         <size>0x16</size>
         <input_file_ref idref="fl-e7"/>
      </object_component>
      <object_component id="oc-145">
         <name>.text:CS_setExternalClockSourceFrequency</name>
         <load_address>0x2aac</load_address>
         <run_address>0x2aac</run_address>
         <size>0x14</size>
         <input_file_ref idref="fl-eb"/>
      </object_component>
      <object_component id="oc-133">
         <name>.text</name>
         <load_address>0x2ac0</load_address>
         <run_address>0x2ac0</run_address>
         <size>0x14</size>
         <input_file_ref idref="fl-d4"/>
      </object_component>
      <object_component id="oc-274">
         <name>.text</name>
         <load_address>0x2ad4</load_address>
         <run_address>0x2ad4</run_address>
         <size>0x14</size>
         <input_file_ref idref="fl-ea"/>
      </object_component>
      <object_component id="oc-1bf">
         <name>.text</name>
         <load_address>0x2ae8</load_address>
         <run_address>0x2ae8</run_address>
         <size>0x14</size>
         <input_file_ref idref="fl-d2"/>
      </object_component>
      <object_component id="oc-24a">
         <name>.text:SysCtl_disableNMISource</name>
         <load_address>0x2afc</load_address>
         <run_address>0x2afc</run_address>
         <size>0x10</size>
         <input_file_ref idref="fl-ed"/>
      </object_component>
      <object_component id="oc-256">
         <name>.text:SysCtl_enableNMISource</name>
         <load_address>0x2b0c</load_address>
         <run_address>0x2b0c</run_address>
         <size>0x10</size>
         <input_file_ref idref="fl-ed"/>
      </object_component>
      <object_component id="oc-1a">
         <name>.text:decompress:none</name>
         <load_address>0x2b1c</load_address>
         <run_address>0x2b1c</run_address>
         <size>0xe</size>
         <input_file_ref idref="fl-c9"/>
      </object_component>
      <object_component id="oc-75">
         <name>.text</name>
         <load_address>0x2b2a</load_address>
         <run_address>0x2b2a</run_address>
         <size>0xe</size>
         <input_file_ref idref="fl-9"/>
      </object_component>
      <object_component id="oc-244">
         <name>.text:SysCtl_getNMISourceStatus</name>
         <load_address>0x2b38</load_address>
         <run_address>0x2b38</run_address>
         <size>0xc</size>
         <input_file_ref idref="fl-ed"/>
      </object_component>
      <object_component id="oc-20">
         <name>.text:decompress:ZI</name>
         <load_address>0x2b44</load_address>
         <run_address>0x2b44</run_address>
         <size>0xc</size>
         <input_file_ref idref="fl-ca"/>
      </object_component>
      <object_component id="oc-14b">
         <name>.text:CS_startHFXT</name>
         <load_address>0x2b50</load_address>
         <run_address>0x2b50</run_address>
         <size>0x6</size>
         <input_file_ref idref="fl-eb"/>
      </object_component>
      <object_component id="oc-59">
         <name>.text</name>
         <load_address>0x2b56</load_address>
         <run_address>0x2b56</run_address>
         <size>0x4</size>
         <input_file_ref idref="fl-cf"/>
      </object_component>
      <object_component id="oc-281">
         <name>.const:.string:_ctypes_</name>
         <load_address>0x2b5c</load_address>
         <run_address>0x2b5c</run_address>
         <size>0x101</size>
         <input_file_ref idref="fl-da"/>
      </object_component>
      <object_component id="oc-18f">
         <name>.const</name>
         <load_address>0x2c60</load_address>
         <run_address>0x2c60</run_address>
         <size>0x40</size>
         <input_file_ref idref="fl-ec"/>
      </object_component>
      <object_component id="oc-df">
         <name>.const:$P$T0$1</name>
         <load_address>0x2ca0</load_address>
         <run_address>0x2ca0</run_address>
         <size>0x24</size>
         <input_file_ref idref="fl-7"/>
      </object_component>
      <object_component id="oc-e2">
         <name>.const:$P$T1$2</name>
         <load_address>0x2cc4</load_address>
         <run_address>0x2cc4</run_address>
         <size>0x24</size>
         <input_file_ref idref="fl-7"/>
      </object_component>
      <object_component id="oc-152">
         <name>.const:uartConfig</name>
         <load_address>0x2ce8</load_address>
         <run_address>0x2ce8</run_address>
         <size>0x24</size>
         <input_file_ref idref="fl-6"/>
      </object_component>
      <object_component id="oc-2de">
         <name>.cinit..data.load</name>
         <load_address>0x2d10</load_address>
         <run_address>0x2d10</run_address>
         <size>0x33</size>
      </object_component>
      <object_component id="oc-2dc">
         <name>__TI_handler_table</name>
         <load_address>0x2d44</load_address>
         <run_address>0x2d44</run_address>
         <size>0xc</size>
      </object_component>
      <object_component id="oc-2df">
         <name>.cinit..bss.load</name>
         <load_address>0x2d50</load_address>
         <run_address>0x2d50</run_address>
         <size>0x8</size>
      </object_component>
      <object_component id="oc-2dd">
         <name>__TI_cinit_table</name>
         <load_address>0x2d58</load_address>
         <run_address>0x2d58</run_address>
         <size>0x10</size>
      </object_component>
      <object_component id="oc-2b9">
         <name>.binit</name>
         <load_address>0x0</load_address>
         <run_address>0x0</run_address>
         <size>0x0</size>
      </object_component>
      <object_component id="oc-e5">
         <name>.data</name>
         <load_address>0x200000f0</load_address>
         <run_address>0x200000f0</run_address>
         <size>0xe</size>
         <input_file_ref idref="fl-7"/>
      </object_component>
      <object_component id="oc-13f">
         <name>.data</name>
         <load_address>0x2000011c</load_address>
         <run_address>0x2000011c</run_address>
         <size>0x4</size>
         <input_file_ref idref="fl-a"/>
      </object_component>
      <object_component id="oc-10e">
         <name>.data</name>
         <load_address>0x20000120</load_address>
         <run_address>0x20000120</run_address>
         <size>0x4</size>
         <input_file_ref idref="fl-c"/>
      </object_component>
      <object_component id="oc-b2">
         <name>.data:$O1$$</name>
         <load_address>0x20000100</load_address>
         <run_address>0x20000100</run_address>
         <size>0xc</size>
         <input_file_ref idref="fl-cb"/>
      </object_component>
      <object_component id="oc-71">
         <name>.data</name>
         <load_address>0x20000118</load_address>
         <run_address>0x20000118</run_address>
         <size>0x4</size>
         <input_file_ref idref="fl-d1"/>
      </object_component>
      <object_component id="oc-b5">
         <name>.data:$O1$$</name>
         <load_address>0x2000010c</load_address>
         <run_address>0x2000010c</run_address>
         <size>0x8</size>
         <input_file_ref idref="fl-d4"/>
      </object_component>
      <object_component id="oc-162">
         <name>.data:_ftable</name>
         <load_address>0x20000000</load_address>
         <run_address>0x20000000</run_address>
         <size>0xf0</size>
         <input_file_ref idref="fl-db"/>
      </object_component>
      <object_component id="oc-27a">
         <name>.data</name>
         <load_address>0x20000114</load_address>
         <run_address>0x20000114</run_address>
         <size>0x4</size>
         <input_file_ref idref="fl-e9"/>
      </object_component>
      <object_component id="oc-dc">
         <name>.common:g_rx_buff</name>
         <uninitialized>true</uninitialized>
         <run_address>0x20000124</run_address>
         <size>0x100</size>
      </object_component>
      <object_component id="oc-108">
         <name>.common:uartA0_rx_buff</name>
         <uninitialized>true</uninitialized>
         <run_address>0x2000022c</run_address>
         <size>0x4</size>
      </object_component>
      <object_component id="oc-10c">
         <name>.common:uartA2_rx_buff</name>
         <uninitialized>true</uninitialized>
         <run_address>0x20000230</run_address>
         <size>0x4</size>
      </object_component>
      <object_component id="oc-10b">
         <name>.common:uartA0_rx_buff_len</name>
         <uninitialized>true</uninitialized>
         <run_address>0x20000234</run_address>
         <size>0x2</size>
      </object_component>
      <object_component id="oc-10d">
         <name>.common:uartA2_rx_buff_len</name>
         <uninitialized>true</uninitialized>
         <run_address>0x20000236</run_address>
         <size>0x2</size>
      </object_component>
      <object_component id="oc-1b3">
         <name>.common:hfxtFreq</name>
         <uninitialized>true</uninitialized>
         <run_address>0x20000224</run_address>
         <size>0x4</size>
      </object_component>
      <object_component id="oc-1b0">
         <name>.common:lfxtFreq</name>
         <uninitialized>true</uninitialized>
         <run_address>0x20000228</run_address>
         <size>0x4</size>
      </object_component>
      <object_component id="oc-2f">
         <name>.stack</name>
         <uninitialized>true</uninitialized>
         <run_address>0x2000fe00</run_address>
         <size>0x0</size>
         <input_file_ref idref="fl-c7"/>
      </object_component>
      <object_component id="oc-2e0">
         <name>.stack</name>
         <uninitialized>true</uninitialized>
         <run_address>0x2000fe00</run_address>
         <size>0x0</size>
      </object_component>
      <object_component id="oc-231">
         <name>.debug_info</name>
         <load_address>0x0</load_address>
         <run_address>0x0</run_address>
         <size>0x3c2</size>
         <input_file_ref idref="fl-2"/>
      </object_component>
      <object_component id="oc-173">
         <name>.debug_info</name>
         <load_address>0x3c2</load_address>
         <run_address>0x3c2</run_address>
         <size>0x1055</size>
         <input_file_ref idref="fl-2"/>
      </object_component>
      <object_component id="oc-196">
         <name>.debug_info</name>
         <load_address>0x1417</load_address>
         <run_address>0x1417</run_address>
         <size>0x37cd</size>
         <input_file_ref idref="fl-2"/>
      </object_component>
      <object_component id="oc-36">
         <name>.debug_info</name>
         <load_address>0x4be4</load_address>
         <run_address>0x4be4</run_address>
         <size>0x84</size>
         <input_file_ref idref="fl-2"/>
      </object_component>
      <object_component id="oc-e9">
         <name>.debug_info</name>
         <load_address>0x4c68</load_address>
         <run_address>0x4c68</run_address>
         <size>0x18b</size>
         <input_file_ref idref="fl-2"/>
      </object_component>
      <object_component id="oc-295">
         <name>.debug_info</name>
         <load_address>0x4df3</load_address>
         <run_address>0x4df3</run_address>
         <size>0x87</size>
         <input_file_ref idref="fl-2"/>
      </object_component>
      <object_component id="oc-23f">
         <name>.debug_info</name>
         <load_address>0x4e7a</load_address>
         <run_address>0x4e7a</run_address>
         <size>0x1b5</size>
         <input_file_ref idref="fl-3"/>
      </object_component>
      <object_component id="oc-112">
         <name>.debug_info</name>
         <load_address>0x502f</load_address>
         <run_address>0x502f</run_address>
         <size>0x8b</size>
         <input_file_ref idref="fl-3"/>
      </object_component>
      <object_component id="oc-178">
         <name>.debug_info</name>
         <load_address>0x50ba</load_address>
         <run_address>0x50ba</run_address>
         <size>0xee</size>
         <input_file_ref idref="fl-3"/>
      </object_component>
      <object_component id="oc-22f">
         <name>.debug_info</name>
         <load_address>0x51a8</load_address>
         <run_address>0x51a8</run_address>
         <size>0x47e</size>
         <input_file_ref idref="fl-5"/>
      </object_component>
      <object_component id="oc-cb">
         <name>.debug_info</name>
         <load_address>0x5626</load_address>
         <run_address>0x5626</run_address>
         <size>0x1ed</size>
         <input_file_ref idref="fl-5"/>
      </object_component>
      <object_component id="oc-17d">
         <name>.debug_info</name>
         <load_address>0x5813</load_address>
         <run_address>0x5813</run_address>
         <size>0xc8</size>
         <input_file_ref idref="fl-5"/>
      </object_component>
      <object_component id="oc-167">
         <name>.debug_info</name>
         <load_address>0x58db</load_address>
         <run_address>0x58db</run_address>
         <size>0x4e</size>
         <input_file_ref idref="fl-5"/>
      </object_component>
      <object_component id="oc-1be">
         <name>.debug_info</name>
         <load_address>0x5929</load_address>
         <run_address>0x5929</run_address>
         <size>0x3a4</size>
         <input_file_ref idref="fl-6"/>
      </object_component>
      <object_component id="oc-153">
         <name>.debug_info</name>
         <load_address>0x5ccd</load_address>
         <run_address>0x5ccd</run_address>
         <size>0xed</size>
         <input_file_ref idref="fl-6"/>
      </object_component>
      <object_component id="oc-d2">
         <name>.debug_info</name>
         <load_address>0x5dba</load_address>
         <run_address>0x5dba</run_address>
         <size>0x12e</size>
         <input_file_ref idref="fl-6"/>
      </object_component>
      <object_component id="oc-dd">
         <name>.debug_info</name>
         <load_address>0x5ee8</load_address>
         <run_address>0x5ee8</run_address>
         <size>0x592</size>
         <input_file_ref idref="fl-7"/>
      </object_component>
      <object_component id="oc-e6">
         <name>.debug_info</name>
         <load_address>0x647a</load_address>
         <run_address>0x647a</run_address>
         <size>0x1d4</size>
         <input_file_ref idref="fl-7"/>
      </object_component>
      <object_component id="oc-e0">
         <name>.debug_info</name>
         <load_address>0x664e</load_address>
         <run_address>0x664e</run_address>
         <size>0xe5</size>
         <input_file_ref idref="fl-7"/>
      </object_component>
      <object_component id="oc-e3">
         <name>.debug_info</name>
         <load_address>0x6733</load_address>
         <run_address>0x6733</run_address>
         <size>0xe5</size>
         <input_file_ref idref="fl-7"/>
      </object_component>
      <object_component id="oc-7c">
         <name>.debug_info</name>
         <load_address>0x6818</load_address>
         <run_address>0x6818</run_address>
         <size>0x60d</size>
         <input_file_ref idref="fl-7"/>
      </object_component>
      <object_component id="oc-188">
         <name>.debug_info</name>
         <load_address>0x6e25</load_address>
         <run_address>0x6e25</run_address>
         <size>0x5a</size>
         <input_file_ref idref="fl-7"/>
      </object_component>
      <object_component id="oc-16e">
         <name>.debug_info</name>
         <load_address>0x6e7f</load_address>
         <run_address>0x6e7f</run_address>
         <size>0x37cd</size>
         <input_file_ref idref="fl-7"/>
      </object_component>
      <object_component id="oc-1c6">
         <name>.debug_info</name>
         <load_address>0xa64c</load_address>
         <run_address>0xa64c</run_address>
         <size>0x41a</size>
         <input_file_ref idref="fl-8"/>
      </object_component>
      <object_component id="oc-158">
         <name>.debug_info</name>
         <load_address>0xaa66</load_address>
         <run_address>0xaa66</run_address>
         <size>0x208</size>
         <input_file_ref idref="fl-8"/>
      </object_component>
      <object_component id="oc-89">
         <name>.debug_info</name>
         <load_address>0xac6e</load_address>
         <run_address>0xac6e</run_address>
         <size>0x133</size>
         <input_file_ref idref="fl-9"/>
      </object_component>
      <object_component id="oc-2d">
         <name>.debug_info</name>
         <load_address>0xada1</load_address>
         <run_address>0xada1</run_address>
         <size>0x10b</size>
         <input_file_ref idref="fl-9"/>
      </object_component>
      <object_component id="oc-76">
         <name>.debug_info</name>
         <load_address>0xaeac</load_address>
         <run_address>0xaeac</run_address>
         <size>0x1d2</size>
         <input_file_ref idref="fl-9"/>
      </object_component>
      <object_component id="oc-140">
         <name>.debug_info</name>
         <load_address>0xb07e</load_address>
         <run_address>0xb07e</run_address>
         <size>0x104</size>
         <input_file_ref idref="fl-a"/>
      </object_component>
      <object_component id="oc-be">
         <name>.debug_info</name>
         <load_address>0xb182</load_address>
         <run_address>0xb182</run_address>
         <size>0x276</size>
         <input_file_ref idref="fl-a"/>
      </object_component>
      <object_component id="oc-109">
         <name>.debug_info</name>
         <load_address>0xb3f8</load_address>
         <run_address>0xb3f8</run_address>
         <size>0x4fe</size>
         <input_file_ref idref="fl-c"/>
      </object_component>
      <object_component id="oc-10f">
         <name>.debug_info</name>
         <load_address>0xb8f6</load_address>
         <run_address>0xb8f6</run_address>
         <size>0x11d</size>
         <input_file_ref idref="fl-c"/>
      </object_component>
      <object_component id="oc-ef">
         <name>.debug_info</name>
         <load_address>0xba13</load_address>
         <run_address>0xba13</run_address>
         <size>0x12f</size>
         <input_file_ref idref="fl-c"/>
      </object_component>
      <object_component id="oc-f6">
         <name>.debug_info</name>
         <load_address>0xbb42</load_address>
         <run_address>0xbb42</run_address>
         <size>0x12f</size>
         <input_file_ref idref="fl-c"/>
      </object_component>
      <object_component id="oc-82">
         <name>.debug_info</name>
         <load_address>0xbc71</load_address>
         <run_address>0xbc71</run_address>
         <size>0x828</size>
         <input_file_ref idref="fl-c"/>
      </object_component>
      <object_component id="oc-27">
         <name>.debug_info</name>
         <load_address>0xc499</load_address>
         <run_address>0xc499</run_address>
         <size>0x160</size>
         <input_file_ref idref="fl-c7"/>
      </object_component>
      <object_component id="oc-8f">
         <name>.debug_info</name>
         <load_address>0xc5f9</load_address>
         <run_address>0xc5f9</run_address>
         <size>0xf9</size>
         <input_file_ref idref="fl-c8"/>
      </object_component>
      <object_component id="oc-15">
         <name>.debug_info</name>
         <load_address>0xc6f2</load_address>
         <run_address>0xc6f2</run_address>
         <size>0x245</size>
         <input_file_ref idref="fl-c8"/>
      </object_component>
      <object_component id="oc-31">
         <name>.debug_info</name>
         <load_address>0xc937</load_address>
         <run_address>0xc937</run_address>
         <size>0x60</size>
         <input_file_ref idref="fl-c8"/>
      </object_component>
      <object_component id="oc-8a">
         <name>.debug_info</name>
         <load_address>0xc997</load_address>
         <run_address>0xc997</run_address>
         <size>0x46</size>
         <input_file_ref idref="fl-c8"/>
      </object_component>
      <object_component id="oc-46">
         <name>.debug_info</name>
         <load_address>0xc9dd</load_address>
         <run_address>0xc9dd</run_address>
         <size>0x140</size>
         <input_file_ref idref="fl-c9"/>
      </object_component>
      <object_component id="oc-1b">
         <name>.debug_info</name>
         <load_address>0xcb1d</load_address>
         <run_address>0xcb1d</run_address>
         <size>0x1df</size>
         <input_file_ref idref="fl-c9"/>
      </object_component>
      <object_component id="oc-41">
         <name>.debug_info</name>
         <load_address>0xccfc</load_address>
         <run_address>0xccfc</run_address>
         <size>0x46</size>
         <input_file_ref idref="fl-c9"/>
      </object_component>
      <object_component id="oc-91">
         <name>.debug_info</name>
         <load_address>0xcd42</load_address>
         <run_address>0xcd42</run_address>
         <size>0x2c</size>
         <input_file_ref idref="fl-c9"/>
      </object_component>
      <object_component id="oc-52">
         <name>.debug_info</name>
         <load_address>0xcd6e</load_address>
         <run_address>0xcd6e</run_address>
         <size>0x12f</size>
         <input_file_ref idref="fl-ca"/>
      </object_component>
      <object_component id="oc-21">
         <name>.debug_info</name>
         <load_address>0xce9d</load_address>
         <run_address>0xce9d</run_address>
         <size>0x1aa</size>
         <input_file_ref idref="fl-ca"/>
      </object_component>
      <object_component id="oc-4d">
         <name>.debug_info</name>
         <load_address>0xd047</load_address>
         <run_address>0xd047</run_address>
         <size>0x46</size>
         <input_file_ref idref="fl-ca"/>
      </object_component>
      <object_component id="oc-99">
         <name>.debug_info</name>
         <load_address>0xd08d</load_address>
         <run_address>0xd08d</run_address>
         <size>0x2c</size>
         <input_file_ref idref="fl-ca"/>
      </object_component>
      <object_component id="oc-b9">
         <name>.debug_info</name>
         <load_address>0xd0b9</load_address>
         <run_address>0xd0b9</run_address>
         <size>0x234</size>
         <input_file_ref idref="fl-cb"/>
      </object_component>
      <object_component id="oc-b3">
         <name>.debug_info</name>
         <load_address>0xd2ed</load_address>
         <run_address>0xd2ed</run_address>
         <size>0x185</size>
         <input_file_ref idref="fl-cb"/>
      </object_component>
      <object_component id="oc-6e">
         <name>.debug_info</name>
         <load_address>0xd472</load_address>
         <run_address>0xd472</run_address>
         <size>0x214</size>
         <input_file_ref idref="fl-cb"/>
      </object_component>
      <object_component id="oc-3d">
         <name>.debug_info</name>
         <load_address>0xd686</load_address>
         <run_address>0xd686</run_address>
         <size>0x111</size>
         <input_file_ref idref="fl-cc"/>
      </object_component>
      <object_component id="oc-48">
         <name>.debug_info</name>
         <load_address>0xd797</load_address>
         <run_address>0xd797</run_address>
         <size>0x13f</size>
         <input_file_ref idref="fl-cd"/>
      </object_component>
      <object_component id="oc-56">
         <name>.debug_info</name>
         <load_address>0xd8d6</load_address>
         <run_address>0xd8d6</run_address>
         <size>0x138</size>
         <input_file_ref idref="fl-ce"/>
      </object_component>
      <object_component id="oc-5a">
         <name>.debug_info</name>
         <load_address>0xda0e</load_address>
         <run_address>0xda0e</run_address>
         <size>0x148</size>
         <input_file_ref idref="fl-cf"/>
      </object_component>
      <object_component id="oc-166">
         <name>.debug_info</name>
         <load_address>0xdb56</load_address>
         <run_address>0xdb56</run_address>
         <size>0x22c</size>
         <input_file_ref idref="fl-d0"/>
      </object_component>
      <object_component id="oc-d9">
         <name>.debug_info</name>
         <load_address>0xdd82</load_address>
         <run_address>0xdd82</run_address>
         <size>0x284</size>
         <input_file_ref idref="fl-d0"/>
      </object_component>
      <object_component id="oc-22a">
         <name>.debug_info</name>
         <load_address>0xe006</load_address>
         <run_address>0xe006</run_address>
         <size>0xae</size>
         <input_file_ref idref="fl-d0"/>
      </object_component>
      <object_component id="oc-72">
         <name>.debug_info</name>
         <load_address>0xe0b4</load_address>
         <run_address>0xe0b4</run_address>
         <size>0x109</size>
         <input_file_ref idref="fl-d1"/>
      </object_component>
      <object_component id="oc-260">
         <name>.debug_info</name>
         <load_address>0xe1bd</load_address>
         <run_address>0xe1bd</run_address>
         <size>0xea</size>
         <input_file_ref idref="fl-d2"/>
      </object_component>
      <object_component id="oc-1c1">
         <name>.debug_info</name>
         <load_address>0xe2a7</load_address>
         <run_address>0xe2a7</run_address>
         <size>0x22a</size>
         <input_file_ref idref="fl-d2"/>
      </object_component>
      <object_component id="oc-144">
         <name>.debug_info</name>
         <load_address>0xe4d1</load_address>
         <run_address>0xe4d1</run_address>
         <size>0xf0</size>
         <input_file_ref idref="fl-d3"/>
      </object_component>
      <object_component id="oc-c8">
         <name>.debug_info</name>
         <load_address>0xe5c1</load_address>
         <run_address>0xe5c1</run_address>
         <size>0x1c6</size>
         <input_file_ref idref="fl-d3"/>
      </object_component>
      <object_component id="oc-13b">
         <name>.debug_info</name>
         <load_address>0xe787</load_address>
         <run_address>0xe787</run_address>
         <size>0x124</size>
         <input_file_ref idref="fl-d4"/>
      </object_component>
      <object_component id="oc-b6">
         <name>.debug_info</name>
         <load_address>0xe8ab</load_address>
         <run_address>0xe8ab</run_address>
         <size>0x113</size>
         <input_file_ref idref="fl-d4"/>
      </object_component>
      <object_component id="oc-134">
         <name>.debug_info</name>
         <load_address>0xe9be</load_address>
         <run_address>0xe9be</run_address>
         <size>0x21f</size>
         <input_file_ref idref="fl-d4"/>
      </object_component>
      <object_component id="oc-214">
         <name>.debug_info</name>
         <load_address>0xebdd</load_address>
         <run_address>0xebdd</run_address>
         <size>0x385</size>
         <input_file_ref idref="fl-d5"/>
      </object_component>
      <object_component id="oc-15e">
         <name>.debug_info</name>
         <load_address>0xef62</load_address>
         <run_address>0xef62</run_address>
         <size>0x1543</size>
         <input_file_ref idref="fl-d5"/>
      </object_component>
      <object_component id="oc-215">
         <name>.debug_info</name>
         <load_address>0x104a5</load_address>
         <run_address>0x104a5</run_address>
         <size>0x86</size>
         <input_file_ref idref="fl-d5"/>
      </object_component>
      <object_component id="oc-21f">
         <name>.debug_info</name>
         <load_address>0x1052b</load_address>
         <run_address>0x1052b</run_address>
         <size>0x2c</size>
         <input_file_ref idref="fl-d5"/>
      </object_component>
      <object_component id="oc-28a">
         <name>.debug_info</name>
         <load_address>0x10557</load_address>
         <run_address>0x10557</run_address>
         <size>0x46</size>
         <input_file_ref idref="fl-d5"/>
      </object_component>
      <object_component id="oc-21a">
         <name>.debug_info</name>
         <load_address>0x1059d</load_address>
         <run_address>0x1059d</run_address>
         <size>0x39</size>
         <input_file_ref idref="fl-d5"/>
      </object_component>
      <object_component id="oc-b1">
         <name>.debug_info</name>
         <load_address>0x105d6</load_address>
         <run_address>0x105d6</run_address>
         <size>0x166</size>
         <input_file_ref idref="fl-d6"/>
      </object_component>
      <object_component id="oc-69">
         <name>.debug_info</name>
         <load_address>0x1073c</load_address>
         <run_address>0x1073c</run_address>
         <size>0x167</size>
         <input_file_ref idref="fl-d6"/>
      </object_component>
      <object_component id="oc-12c">
         <name>.debug_info</name>
         <load_address>0x108a3</load_address>
         <run_address>0x108a3</run_address>
         <size>0x5e</size>
         <input_file_ref idref="fl-d6"/>
      </object_component>
      <object_component id="oc-285">
         <name>.debug_info</name>
         <load_address>0x10901</load_address>
         <run_address>0x10901</run_address>
         <size>0x114</size>
         <input_file_ref idref="fl-d7"/>
      </object_component>
      <object_component id="oc-20b">
         <name>.debug_info</name>
         <load_address>0x10a15</load_address>
         <run_address>0x10a15</run_address>
         <size>0x171</size>
         <input_file_ref idref="fl-d7"/>
      </object_component>
      <object_component id="oc-af">
         <name>.debug_info</name>
         <load_address>0x10b86</load_address>
         <run_address>0x10b86</run_address>
         <size>0x2e9</size>
         <input_file_ref idref="fl-d8"/>
      </object_component>
      <object_component id="oc-63">
         <name>.debug_info</name>
         <load_address>0x10e6f</load_address>
         <run_address>0x10e6f</run_address>
         <size>0x190</size>
         <input_file_ref idref="fl-d8"/>
      </object_component>
      <object_component id="oc-120">
         <name>.debug_info</name>
         <load_address>0x10fff</load_address>
         <run_address>0x10fff</run_address>
         <size>0x39</size>
         <input_file_ref idref="fl-d8"/>
      </object_component>
      <object_component id="oc-1a4">
         <name>.debug_info</name>
         <load_address>0x11038</load_address>
         <run_address>0x11038</run_address>
         <size>0x39</size>
         <input_file_ref idref="fl-d8"/>
      </object_component>
      <object_component id="oc-125">
         <name>.debug_info</name>
         <load_address>0x11071</load_address>
         <run_address>0x11071</run_address>
         <size>0xcd</size>
         <input_file_ref idref="fl-d8"/>
      </object_component>
      <object_component id="oc-11c">
         <name>.debug_info</name>
         <load_address>0x1113e</load_address>
         <run_address>0x1113e</run_address>
         <size>0x1e0</size>
         <input_file_ref idref="fl-d9"/>
      </object_component>
      <object_component id="oc-a5">
         <name>.debug_info</name>
         <load_address>0x1131e</load_address>
         <run_address>0x1131e</run_address>
         <size>0x183</size>
         <input_file_ref idref="fl-d9"/>
      </object_component>
      <object_component id="oc-19f">
         <name>.debug_info</name>
         <load_address>0x114a1</load_address>
         <run_address>0x114a1</run_address>
         <size>0x2c</size>
         <input_file_ref idref="fl-d9"/>
      </object_component>
      <object_component id="oc-2ae">
         <name>.debug_info</name>
         <load_address>0x114cd</load_address>
         <run_address>0x114cd</run_address>
         <size>0xee</size>
         <input_file_ref idref="fl-da"/>
      </object_component>
      <object_component id="oc-282">
         <name>.debug_info</name>
         <load_address>0x115bb</load_address>
         <run_address>0x115bb</run_address>
         <size>0xfa</size>
         <input_file_ref idref="fl-da"/>
      </object_component>
      <object_component id="oc-226">
         <name>.debug_info</name>
         <load_address>0x116b5</load_address>
         <run_address>0x116b5</run_address>
         <size>0x139</size>
         <input_file_ref idref="fl-db"/>
      </object_component>
      <object_component id="oc-163">
         <name>.debug_info</name>
         <load_address>0x117ee</load_address>
         <run_address>0x117ee</run_address>
         <size>0xf7</size>
         <input_file_ref idref="fl-db"/>
      </object_component>
      <object_component id="oc-1f2">
         <name>.debug_info</name>
         <load_address>0x118e5</load_address>
         <run_address>0x118e5</run_address>
         <size>0x144</size>
         <input_file_ref idref="fl-dc"/>
      </object_component>
      <object_component id="oc-1ce">
         <name>.debug_info</name>
         <load_address>0x11a29</load_address>
         <run_address>0x11a29</run_address>
         <size>0x120</size>
         <input_file_ref idref="fl-dd"/>
      </object_component>
      <object_component id="oc-1dd">
         <name>.debug_info</name>
         <load_address>0x11b49</load_address>
         <run_address>0x11b49</run_address>
         <size>0x122</size>
         <input_file_ref idref="fl-dd"/>
      </object_component>
      <object_component id="oc-1d7">
         <name>.debug_info</name>
         <load_address>0x11c6b</load_address>
         <run_address>0x11c6b</run_address>
         <size>0x132</size>
         <input_file_ref idref="fl-de"/>
      </object_component>
      <object_component id="oc-1d2">
         <name>.debug_info</name>
         <load_address>0x11d9d</load_address>
         <run_address>0x11d9d</run_address>
         <size>0x132</size>
         <input_file_ref idref="fl-df"/>
      </object_component>
      <object_component id="oc-1e1">
         <name>.debug_info</name>
         <load_address>0x11ecf</load_address>
         <run_address>0x11ecf</run_address>
         <size>0x126</size>
         <input_file_ref idref="fl-e0"/>
      </object_component>
      <object_component id="oc-1ee">
         <name>.debug_info</name>
         <load_address>0x11ff5</load_address>
         <run_address>0x11ff5</run_address>
         <size>0x124</size>
         <input_file_ref idref="fl-e1"/>
      </object_component>
      <object_component id="oc-26a">
         <name>.debug_info</name>
         <load_address>0x12119</load_address>
         <run_address>0x12119</run_address>
         <size>0x14c</size>
         <input_file_ref idref="fl-e2"/>
      </object_component>
      <object_component id="oc-1e8">
         <name>.debug_info</name>
         <load_address>0x12265</load_address>
         <run_address>0x12265</run_address>
         <size>0x1c2</size>
         <input_file_ref idref="fl-e2"/>
      </object_component>
      <object_component id="oc-287">
         <name>.debug_info</name>
         <load_address>0x12427</load_address>
         <run_address>0x12427</run_address>
         <size>0xf1</size>
         <input_file_ref idref="fl-e3"/>
      </object_component>
      <object_component id="oc-20e">
         <name>.debug_info</name>
         <load_address>0x12518</load_address>
         <run_address>0x12518</run_address>
         <size>0x1ab</size>
         <input_file_ref idref="fl-e3"/>
      </object_component>
      <object_component id="oc-26e">
         <name>.debug_info</name>
         <load_address>0x126c3</load_address>
         <run_address>0x126c3</run_address>
         <size>0x13f</size>
         <input_file_ref idref="fl-e4"/>
      </object_component>
      <object_component id="oc-1f9">
         <name>.debug_info</name>
         <load_address>0x12802</load_address>
         <run_address>0x12802</run_address>
         <size>0x18a</size>
         <input_file_ref idref="fl-e4"/>
      </object_component>
      <object_component id="oc-26f">
         <name>.debug_info</name>
         <load_address>0x1298c</load_address>
         <run_address>0x1298c</run_address>
         <size>0x2c</size>
         <input_file_ref idref="fl-e4"/>
      </object_component>
      <object_component id="oc-27e">
         <name>.debug_info</name>
         <load_address>0x129b8</load_address>
         <run_address>0x129b8</run_address>
         <size>0x17c</size>
         <input_file_ref idref="fl-e5"/>
      </object_component>
      <object_component id="oc-1fd">
         <name>.debug_info</name>
         <load_address>0x12b34</load_address>
         <run_address>0x12b34</run_address>
         <size>0x1d5</size>
         <input_file_ref idref="fl-e5"/>
      </object_component>
      <object_component id="oc-a9">
         <name>.debug_info</name>
         <load_address>0x12d09</load_address>
         <run_address>0x12d09</run_address>
         <size>0x145</size>
         <input_file_ref idref="fl-e6"/>
      </object_component>
      <object_component id="oc-280">
         <name>.debug_info</name>
         <load_address>0x12e4e</load_address>
         <run_address>0x12e4e</run_address>
         <size>0xf5</size>
         <input_file_ref idref="fl-e7"/>
      </object_component>
      <object_component id="oc-205">
         <name>.debug_info</name>
         <load_address>0x12f43</load_address>
         <run_address>0x12f43</run_address>
         <size>0x244</size>
         <input_file_ref idref="fl-e7"/>
      </object_component>
      <object_component id="oc-1c8">
         <name>.debug_info</name>
         <load_address>0x13187</load_address>
         <run_address>0x13187</run_address>
         <size>0x17d</size>
         <input_file_ref idref="fl-e8"/>
      </object_component>
      <object_component id="oc-27b">
         <name>.debug_info</name>
         <load_address>0x13304</load_address>
         <run_address>0x13304</run_address>
         <size>0xf3</size>
         <input_file_ref idref="fl-e9"/>
      </object_component>
      <object_component id="oc-276">
         <name>.debug_info</name>
         <load_address>0x133f7</load_address>
         <run_address>0x133f7</run_address>
         <size>0x156</size>
         <input_file_ref idref="fl-ea"/>
      </object_component>
      <object_component id="oc-1b1">
         <name>.debug_info</name>
         <load_address>0x1354d</load_address>
         <run_address>0x1354d</run_address>
         <size>0x5ef</size>
         <input_file_ref idref="fl-eb"/>
      </object_component>
      <object_component id="oc-251">
         <name>.debug_info</name>
         <load_address>0x13b3c</load_address>
         <run_address>0x13b3c</run_address>
         <size>0xfc</size>
         <input_file_ref idref="fl-eb"/>
      </object_component>
      <object_component id="oc-1b6">
         <name>.debug_info</name>
         <load_address>0x13c38</load_address>
         <run_address>0x13c38</run_address>
         <size>0x23c</size>
         <input_file_ref idref="fl-eb"/>
      </object_component>
      <object_component id="oc-14c">
         <name>.debug_info</name>
         <load_address>0x13e74</load_address>
         <run_address>0x13e74</run_address>
         <size>0x122</size>
         <input_file_ref idref="fl-eb"/>
      </object_component>
      <object_component id="oc-146">
         <name>.debug_info</name>
         <load_address>0x13f96</load_address>
         <run_address>0x13f96</run_address>
         <size>0x1dd</size>
         <input_file_ref idref="fl-eb"/>
      </object_component>
      <object_component id="oc-234">
         <name>.debug_info</name>
         <load_address>0x14173</load_address>
         <run_address>0x14173</run_address>
         <size>0x103e</size>
         <input_file_ref idref="fl-eb"/>
      </object_component>
      <object_component id="oc-193">
         <name>.debug_info</name>
         <load_address>0x151b1</load_address>
         <run_address>0x151b1</run_address>
         <size>0x432</size>
         <input_file_ref idref="fl-ec"/>
      </object_component>
      <object_component id="oc-190">
         <name>.debug_info</name>
         <load_address>0x155e3</load_address>
         <run_address>0x155e3</run_address>
         <size>0x173</size>
         <input_file_ref idref="fl-ec"/>
      </object_component>
      <object_component id="oc-103">
         <name>.debug_info</name>
         <load_address>0x15756</load_address>
         <run_address>0x15756</run_address>
         <size>0x16b</size>
         <input_file_ref idref="fl-ec"/>
      </object_component>
      <object_component id="oc-29c">
         <name>.debug_info</name>
         <load_address>0x158c1</load_address>
         <run_address>0x158c1</run_address>
         <size>0x379</size>
         <input_file_ref idref="fl-ed"/>
      </object_component>
      <object_component id="oc-247">
         <name>.debug_info</name>
         <load_address>0x15c3a</load_address>
         <run_address>0x15c3a</run_address>
         <size>0x10f</size>
         <input_file_ref idref="fl-ed"/>
      </object_component>
      <object_component id="oc-258">
         <name>.debug_info</name>
         <load_address>0x15d49</load_address>
         <run_address>0x15d49</run_address>
         <size>0x12b</size>
         <input_file_ref idref="fl-ed"/>
      </object_component>
      <object_component id="oc-24c">
         <name>.debug_info</name>
         <load_address>0x15e74</load_address>
         <run_address>0x15e74</run_address>
         <size>0x12d</size>
         <input_file_ref idref="fl-ed"/>
      </object_component>
      <object_component id="oc-18e">
         <name>.debug_info</name>
         <load_address>0x15fa1</load_address>
         <run_address>0x15fa1</run_address>
         <size>0x498</size>
         <input_file_ref idref="fl-ee"/>
      </object_component>
      <object_component id="oc-fd">
         <name>.debug_info</name>
         <load_address>0x16439</load_address>
         <run_address>0x16439</run_address>
         <size>0x168</size>
         <input_file_ref idref="fl-ee"/>
      </object_component>
      <object_component id="oc-2e1">
         <name>.debug_info</name>
         <load_address>0x165a1</load_address>
         <run_address>0x165a1</run_address>
         <size>0xba</size>
      </object_component>
      <object_component id="oc-294">
         <name>.debug_line</name>
         <load_address>0x0</load_address>
         <run_address>0x0</run_address>
         <size>0x20</size>
         <input_file_ref idref="fl-2"/>
      </object_component>
      <object_component id="oc-176">
         <name>.debug_line</name>
         <load_address>0x20</load_address>
         <run_address>0x20</run_address>
         <size>0x55</size>
         <input_file_ref idref="fl-2"/>
      </object_component>
      <object_component id="oc-199">
         <name>.debug_line</name>
         <load_address>0x75</load_address>
         <run_address>0x75</run_address>
         <size>0x52</size>
         <input_file_ref idref="fl-2"/>
      </object_component>
      <object_component id="oc-39">
         <name>.debug_line</name>
         <load_address>0xc7</load_address>
         <run_address>0xc7</run_address>
         <size>0x20</size>
         <input_file_ref idref="fl-2"/>
      </object_component>
      <object_component id="oc-ec">
         <name>.debug_line</name>
         <load_address>0xe7</load_address>
         <run_address>0xe7</run_address>
         <size>0x65</size>
         <input_file_ref idref="fl-2"/>
      </object_component>
      <object_component id="oc-298">
         <name>.debug_line</name>
         <load_address>0x14c</load_address>
         <run_address>0x14c</run_address>
         <size>0x2d</size>
         <input_file_ref idref="fl-2"/>
      </object_component>
      <object_component id="oc-242">
         <name>.debug_line</name>
         <load_address>0x179</load_address>
         <run_address>0x179</run_address>
         <size>0x6b</size>
         <input_file_ref idref="fl-3"/>
      </object_component>
      <object_component id="oc-115">
         <name>.debug_line</name>
         <load_address>0x1e4</load_address>
         <run_address>0x1e4</run_address>
         <size>0x20</size>
         <input_file_ref idref="fl-3"/>
      </object_component>
      <object_component id="oc-17b">
         <name>.debug_line</name>
         <load_address>0x204</load_address>
         <run_address>0x204</run_address>
         <size>0x69</size>
         <input_file_ref idref="fl-3"/>
      </object_component>
      <object_component id="oc-292">
         <name>.debug_line</name>
         <load_address>0x26d</load_address>
         <run_address>0x26d</run_address>
         <size>0x73</size>
         <input_file_ref idref="fl-5"/>
      </object_component>
      <object_component id="oc-ce">
         <name>.debug_line</name>
         <load_address>0x2e0</load_address>
         <run_address>0x2e0</run_address>
         <size>0x64</size>
         <input_file_ref idref="fl-5"/>
      </object_component>
      <object_component id="oc-180">
         <name>.debug_line</name>
         <load_address>0x344</load_address>
         <run_address>0x344</run_address>
         <size>0x64</size>
         <input_file_ref idref="fl-5"/>
      </object_component>
      <object_component id="oc-16a">
         <name>.debug_line</name>
         <load_address>0x3a8</load_address>
         <run_address>0x3a8</run_address>
         <size>0x65</size>
         <input_file_ref idref="fl-5"/>
      </object_component>
      <object_component id="oc-25e">
         <name>.debug_line</name>
         <load_address>0x40d</load_address>
         <run_address>0x40d</run_address>
         <size>0x20</size>
         <input_file_ref idref="fl-6"/>
      </object_component>
      <object_component id="oc-1bd">
         <name>.debug_line</name>
         <load_address>0x42d</load_address>
         <run_address>0x42d</run_address>
         <size>0x2e</size>
         <input_file_ref idref="fl-6"/>
      </object_component>
      <object_component id="oc-d5">
         <name>.debug_line</name>
         <load_address>0x45b</load_address>
         <run_address>0x45b</run_address>
         <size>0x45</size>
         <input_file_ref idref="fl-6"/>
      </object_component>
      <object_component id="oc-16d">
         <name>.debug_line</name>
         <load_address>0x4a0</load_address>
         <run_address>0x4a0</run_address>
         <size>0xdd</size>
         <input_file_ref idref="fl-7"/>
      </object_component>
      <object_component id="oc-187">
         <name>.debug_line</name>
         <load_address>0x57d</load_address>
         <run_address>0x57d</run_address>
         <size>0x2d</size>
         <input_file_ref idref="fl-7"/>
      </object_component>
      <object_component id="oc-183">
         <name>.debug_line</name>
         <load_address>0x5aa</load_address>
         <run_address>0x5aa</run_address>
         <size>0x2d</size>
         <input_file_ref idref="fl-7"/>
      </object_component>
      <object_component id="oc-185">
         <name>.debug_line</name>
         <load_address>0x5d7</load_address>
         <run_address>0x5d7</run_address>
         <size>0x2d</size>
         <input_file_ref idref="fl-7"/>
      </object_component>
      <object_component id="oc-7f">
         <name>.debug_line</name>
         <load_address>0x604</load_address>
         <run_address>0x604</run_address>
         <size>0x190</size>
         <input_file_ref idref="fl-7"/>
      </object_component>
      <object_component id="oc-18b">
         <name>.debug_line</name>
         <load_address>0x794</load_address>
         <run_address>0x794</run_address>
         <size>0x2d</size>
         <input_file_ref idref="fl-7"/>
      </object_component>
      <object_component id="oc-171">
         <name>.debug_line</name>
         <load_address>0x7c1</load_address>
         <run_address>0x7c1</run_address>
         <size>0x52</size>
         <input_file_ref idref="fl-7"/>
      </object_component>
      <object_component id="oc-262">
         <name>.debug_line</name>
         <load_address>0x813</load_address>
         <run_address>0x813</run_address>
         <size>0x65</size>
         <input_file_ref idref="fl-8"/>
      </object_component>
      <object_component id="oc-157">
         <name>.debug_line</name>
         <load_address>0x878</load_address>
         <run_address>0x878</run_address>
         <size>0x83</size>
         <input_file_ref idref="fl-8"/>
      </object_component>
      <object_component id="oc-118">
         <name>.debug_line</name>
         <load_address>0x8fb</load_address>
         <run_address>0x8fb</run_address>
         <size>0x40</size>
         <input_file_ref idref="fl-9"/>
      </object_component>
      <object_component id="oc-88">
         <name>.debug_line</name>
         <load_address>0x93b</load_address>
         <run_address>0x93b</run_address>
         <size>0x40</size>
         <input_file_ref idref="fl-9"/>
      </object_component>
      <object_component id="oc-79">
         <name>.debug_line</name>
         <load_address>0x97b</load_address>
         <run_address>0x97b</run_address>
         <size>0x71</size>
         <input_file_ref idref="fl-9"/>
      </object_component>
      <object_component id="oc-1ad">
         <name>.debug_line</name>
         <load_address>0x9ec</load_address>
         <run_address>0x9ec</run_address>
         <size>0x3b</size>
         <input_file_ref idref="fl-a"/>
      </object_component>
      <object_component id="oc-c1">
         <name>.debug_line</name>
         <load_address>0xa27</load_address>
         <run_address>0xa27</run_address>
         <size>0x146</size>
         <input_file_ref idref="fl-a"/>
      </object_component>
      <object_component id="oc-195">
         <name>.debug_line</name>
         <load_address>0xb6d</load_address>
         <run_address>0xb6d</run_address>
         <size>0xc4</size>
         <input_file_ref idref="fl-c"/>
      </object_component>
      <object_component id="oc-19c">
         <name>.debug_line</name>
         <load_address>0xc31</load_address>
         <run_address>0xc31</run_address>
         <size>0x2d</size>
         <input_file_ref idref="fl-c"/>
      </object_component>
      <object_component id="oc-f2">
         <name>.debug_line</name>
         <load_address>0xc5e</load_address>
         <run_address>0xc5e</run_address>
         <size>0x48</size>
         <input_file_ref idref="fl-c"/>
      </object_component>
      <object_component id="oc-f9">
         <name>.debug_line</name>
         <load_address>0xca6</load_address>
         <run_address>0xca6</run_address>
         <size>0x48</size>
         <input_file_ref idref="fl-c"/>
      </object_component>
      <object_component id="oc-86">
         <name>.debug_line</name>
         <load_address>0xcee</load_address>
         <run_address>0xcee</run_address>
         <size>0x1af</size>
         <input_file_ref idref="fl-c"/>
      </object_component>
      <object_component id="oc-2a">
         <name>.debug_line</name>
         <load_address>0xe9d</load_address>
         <run_address>0xe9d</run_address>
         <size>0x53</size>
         <input_file_ref idref="fl-c7"/>
      </object_component>
      <object_component id="oc-11a">
         <name>.debug_line</name>
         <load_address>0xef0</load_address>
         <run_address>0xef0</run_address>
         <size>0x20</size>
         <input_file_ref idref="fl-c8"/>
      </object_component>
      <object_component id="oc-18">
         <name>.debug_line</name>
         <load_address>0xf10</load_address>
         <run_address>0xf10</run_address>
         <size>0xa9</size>
         <input_file_ref idref="fl-c8"/>
      </object_component>
      <object_component id="oc-34">
         <name>.debug_line</name>
         <load_address>0xfb9</load_address>
         <run_address>0xfb9</run_address>
         <size>0x3a</size>
         <input_file_ref idref="fl-c8"/>
      </object_component>
      <object_component id="oc-8d">
         <name>.debug_line</name>
         <load_address>0xff3</load_address>
         <run_address>0xff3</run_address>
         <size>0x8a</size>
         <input_file_ref idref="fl-c8"/>
      </object_component>
      <object_component id="oc-97">
         <name>.debug_line</name>
         <load_address>0x107d</load_address>
         <run_address>0x107d</run_address>
         <size>0x8a</size>
         <input_file_ref idref="fl-c9"/>
      </object_component>
      <object_component id="oc-1e">
         <name>.debug_line</name>
         <load_address>0x1107</load_address>
         <run_address>0x1107</run_address>
         <size>0x55</size>
         <input_file_ref idref="fl-c9"/>
      </object_component>
      <object_component id="oc-44">
         <name>.debug_line</name>
         <load_address>0x115c</load_address>
         <run_address>0x115c</run_address>
         <size>0x3a</size>
         <input_file_ref idref="fl-c9"/>
      </object_component>
      <object_component id="oc-94">
         <name>.debug_line</name>
         <load_address>0x1196</load_address>
         <run_address>0x1196</run_address>
         <size>0x8a</size>
         <input_file_ref idref="fl-c9"/>
      </object_component>
      <object_component id="oc-9f">
         <name>.debug_line</name>
         <load_address>0x1220</load_address>
         <run_address>0x1220</run_address>
         <size>0x8a</size>
         <input_file_ref idref="fl-ca"/>
      </object_component>
      <object_component id="oc-24">
         <name>.debug_line</name>
         <load_address>0x12aa</load_address>
         <run_address>0x12aa</run_address>
         <size>0x4f</size>
         <input_file_ref idref="fl-ca"/>
      </object_component>
      <object_component id="oc-50">
         <name>.debug_line</name>
         <load_address>0x12f9</load_address>
         <run_address>0x12f9</run_address>
         <size>0x34</size>
         <input_file_ref idref="fl-ca"/>
      </object_component>
      <object_component id="oc-9c">
         <name>.debug_line</name>
         <load_address>0x132d</load_address>
         <run_address>0x132d</run_address>
         <size>0x8a</size>
         <input_file_ref idref="fl-ca"/>
      </object_component>
      <object_component id="oc-13e">
         <name>.debug_line</name>
         <load_address>0x13b7</load_address>
         <run_address>0x13b7</run_address>
         <size>0xf2</size>
         <input_file_ref idref="fl-cb"/>
      </object_component>
      <object_component id="oc-132">
         <name>.debug_line</name>
         <load_address>0x14a9</load_address>
         <run_address>0x14a9</run_address>
         <size>0x2a</size>
         <input_file_ref idref="fl-cb"/>
      </object_component>
      <object_component id="oc-6d">
         <name>.debug_line</name>
         <load_address>0x14d3</load_address>
         <run_address>0x14d3</run_address>
         <size>0x86</size>
         <input_file_ref idref="fl-cb"/>
      </object_component>
      <object_component id="oc-3c">
         <name>.debug_line</name>
         <load_address>0x1559</load_address>
         <run_address>0x1559</run_address>
         <size>0x88</size>
         <input_file_ref idref="fl-cc"/>
      </object_component>
      <object_component id="oc-4b">
         <name>.debug_line</name>
         <load_address>0x15e1</load_address>
         <run_address>0x15e1</run_address>
         <size>0x79</size>
         <input_file_ref idref="fl-cd"/>
      </object_component>
      <object_component id="oc-58">
         <name>.debug_line</name>
         <load_address>0x165a</load_address>
         <run_address>0x165a</run_address>
         <size>0x3d</size>
         <input_file_ref idref="fl-ce"/>
      </object_component>
      <object_component id="oc-5d">
         <name>.debug_line</name>
         <load_address>0x1697</load_address>
         <run_address>0x1697</run_address>
         <size>0x40</size>
         <input_file_ref idref="fl-cf"/>
      </object_component>
      <object_component id="oc-229">
         <name>.debug_line</name>
         <load_address>0x16d7</load_address>
         <run_address>0x16d7</run_address>
         <size>0xfe</size>
         <input_file_ref idref="fl-d0"/>
      </object_component>
      <object_component id="oc-d7">
         <name>.debug_line</name>
         <load_address>0x17d5</load_address>
         <run_address>0x17d5</run_address>
         <size>0x8d</size>
         <input_file_ref idref="fl-d0"/>
      </object_component>
      <object_component id="oc-22d">
         <name>.debug_line</name>
         <load_address>0x1862</load_address>
         <run_address>0x1862</run_address>
         <size>0x89</size>
         <input_file_ref idref="fl-d0"/>
      </object_component>
      <object_component id="oc-bc">
         <name>.debug_line</name>
         <load_address>0x18eb</load_address>
         <run_address>0x18eb</run_address>
         <size>0x33</size>
         <input_file_ref idref="fl-d1"/>
      </object_component>
      <object_component id="oc-2a0">
         <name>.debug_line</name>
         <load_address>0x191e</load_address>
         <run_address>0x191e</run_address>
         <size>0x20</size>
         <input_file_ref idref="fl-d2"/>
      </object_component>
      <object_component id="oc-1c3">
         <name>.debug_line</name>
         <load_address>0x193e</load_address>
         <run_address>0x193e</run_address>
         <size>0xaa</size>
         <input_file_ref idref="fl-d2"/>
      </object_component>
      <object_component id="oc-1af">
         <name>.debug_line</name>
         <load_address>0x19e8</load_address>
         <run_address>0x19e8</run_address>
         <size>0x20</size>
         <input_file_ref idref="fl-d3"/>
      </object_component>
      <object_component id="oc-c6">
         <name>.debug_line</name>
         <load_address>0x1a08</load_address>
         <run_address>0x1a08</run_address>
         <size>0x5a</size>
         <input_file_ref idref="fl-d3"/>
      </object_component>
      <object_component id="oc-1ab">
         <name>.debug_line</name>
[...]
         <value>0x20000234</value>
      </symbol>
      <symbol id="sm-1c7">
         <name>uartA2_rx_buff_len</name>
         <value>0x20000236</value>
      </symbol>
      <symbol id="sm-1c8">
         <name>uartA0_tx</name>
         <value>0x2a05</value>
         <object_component_ref idref="oc-ee"/>
      </symbol>
      <symbol id="sm-1c9">
         <name>uartA0_read_rx_buff</name>
         <value>0x1961</value>
         <object_component_ref idref="oc-81"/>
      </symbol>
      <symbol id="sm-1ca">
         <name>uartA2_read_rx_buff</name>
         <value>0x1983</value>
         <object_component_ref idref="oc-81"/>
      </symbol>
      <symbol id="sm-1cb">
         <name>uartA2_rx_ptr</name>
         <value>0x20000122</value>
         <object_component_ref idref="oc-10e"/>
      </symbol>
      <symbol id="sm-1cc">
         <name>uartA2_init</name>
         <value>0x190f</value>
         <object_component_ref idref="oc-81"/>
      </symbol>
      <symbol id="sm-1cd">
         <name>uartA0_init</name>
         <value>0x18bd</value>
         <object_component_ref idref="oc-81"/>
      </symbol>
      <symbol id="sm-1ce">
         <name>uartA0_tx_str</name>
         <value>0x183d</value>
         <object_component_ref idref="oc-81"/>
      </symbol>
      <symbol id="sm-1cf">
         <name>return_UARTA2_rx_ptr</name>
         <value>0x1a11</value>
         <object_component_ref idref="oc-81"/>
      </symbol>
      <symbol id="sm-1d0">
         <name>set_UARTA2_rx_ptr</name>
         <value>0x1a17</value>
         <object_component_ref idref="oc-81"/>
      </symbol>
      <symbol id="sm-1d1">
         <name>EUSCIA2_IRQHandler</name>
         <value>0x19db</value>
         <object_component_ref idref="oc-81"/>
      </symbol>
      <symbol id="sm-1d2">
         <name>uartA2_tx_bytes</name>
         <value>0x189b</value>
         <object_component_ref idref="oc-81"/>
      </symbol>
      <symbol id="sm-1d3">
         <name>uartA0_tx_bytes</name>
         <value>0x1879</value>
         <object_component_ref idref="oc-81"/>
      </symbol>
      <symbol id="sm-1d4">
         <name>uartA2_tx</name>
         <value>0x2a29</value>
         <object_component_ref idref="oc-f5"/>
      </symbol>
      <symbol id="sm-1d5">
         <name>uartA0_rx_ptr</name>
         <value>0x20000120</value>
         <object_component_ref idref="oc-10e"/>
      </symbol>
      <symbol id="sm-1d6">
         <name>EUSCIA0_IRQHandler</name>
         <value>0x19a5</value>
         <object_component_ref idref="oc-81"/>
      </symbol>
      <symbol id="sm-1d7">
         <name>uartA2_tx_str</name>
         <value>0x185b</value>
         <object_component_ref idref="oc-81"/>
      </symbol>
      <symbol id="sm-1e8">
         <name>_c_int00</name>
         <value>0x27d9</value>
         <object_component_ref idref="oc-26"/>
      </symbol>
      <symbol id="sm-1e9">
         <name>__stack</name>
         <value>0x2000fe00</value>
         <object_component_ref idref="oc-2f"/>
      </symbol>
      <symbol id="sm-207">
         <name>__TI_decompress_lzss</name>
         <value>0x25ed</value>
         <object_component_ref idref="oc-14"/>
      </symbol>
      <symbol id="sm-21e">
         <name>__TI_decompress_none</name>
         <value>0x2b1d</value>
         <object_component_ref idref="oc-1a"/>
      </symbol>
      <symbol id="sm-235">
         <name>__TI_zero_init</name>
         <value>0x2b45</value>
         <object_component_ref idref="oc-20"/>
      </symbol>
      <symbol id="sm-256">
         <name>C$$EXIT</name>
         <value>0x282d</value>
         <object_component_ref idref="oc-6b"/>
      </symbol>
      <symbol id="sm-257">
         <name>abort</name>
         <value>0x2831</value>
         <object_component_ref idref="oc-6b"/>
      </symbol>
      <symbol id="sm-258">
         <name>exit</name>
         <value>0x2839</value>
         <object_component_ref idref="oc-6b"/>
      </symbol>
      <symbol id="sm-259">
         <name>__TI_dtors_ptr</name>
         <value>0x20000104</value>
         <object_component_ref idref="oc-b2"/>
      </symbol>
      <symbol id="sm-25a">
         <name>__TI_cleanup_ptr</name>
         <value>0x20000100</value>
         <object_component_ref idref="oc-b2"/>
      </symbol>
      <symbol id="sm-25b">
         <name>__TI_enable_exit_profile_output</name>
         <value>0x20000108</value>
         <object_component_ref idref="oc-b2"/>
      </symbol>
      <symbol id="sm-276">
         <name>memcpy</name>
         <value>0x2279</value>
         <object_component_ref idref="oc-3b"/>
      </symbol>
      <symbol id="sm-277">
         <name>__aeabi_memcpy</name>
         <value>0x2279</value>
         <object_component_ref idref="oc-3b"/>
      </symbol>
      <symbol id="sm-278">
         <name>__aeabi_memcpy8</name>
         <value>0x2279</value>
         <object_component_ref idref="oc-3b"/>
      </symbol>
      <symbol id="sm-279">
         <name>__aeabi_memcpy4</name>
         <value>0x2279</value>
         <object_component_ref idref="oc-3b"/>
      </symbol>
      <symbol id="sm-288">
         <name>__aeabi_memset</name>
         <value>0x2423</value>
         <object_component_ref idref="oc-47"/>
      </symbol>
      <symbol id="sm-289">
         <name>memset</name>
         <value>0x2429</value>
         <object_component_ref idref="oc-47"/>
      </symbol>
      <symbol id="sm-28a">
         <name>__aeabi_memset8</name>
         <value>0x2423</value>
         <object_component_ref idref="oc-47"/>
      </symbol>
      <symbol id="sm-28b">
         <name>__aeabi_memset4</name>
         <value>0x2423</value>
         <object_component_ref idref="oc-47"/>
      </symbol>
      <symbol id="sm-28c">
         <name>__aeabi_memclr8</name>
         <value>0x2421</value>
         <object_component_ref idref="oc-47"/>
      </symbol>
      <symbol id="sm-28d">
         <name>__aeabi_memclr4</name>
         <value>0x2421</value>
         <object_component_ref idref="oc-47"/>
      </symbol>
      <symbol id="sm-28e">
         <name>__aeabi_memclr</name>
         <value>0x2421</value>
         <object_component_ref idref="oc-47"/>
      </symbol>
      <symbol id="sm-298">
         <name>__mpu_init</name>
         <value>0x121f</value>
         <object_component_ref idref="oc-53"/>
      </symbol>
      <symbol id="sm-2a2">
         <name>_system_pre_init</name>
         <value>0x2b57</value>
         <object_component_ref idref="oc-59"/>
      </symbol>
      <symbol id="sm-2c0">
         <name>printf</name>
         <value>0x2585</value>
         <object_component_ref idref="oc-d6"/>
      </symbol>
      <symbol id="sm-2c8">
         <name>main_func_sp</name>
         <value>0x20000118</value>
         <object_component_ref idref="oc-71"/>
      </symbol>
      <symbol id="sm-2d6">
         <name>strlen</name>
         <value>0x2ae9</value>
         <object_component_ref idref="oc-1bf"/>
      </symbol>
      <symbol id="sm-2e9">
         <name>strstr</name>
         <value>0x29a1</value>
         <object_component_ref idref="oc-c4"/>
      </symbol>
      <symbol id="sm-302">
         <name>_nop</name>
         <value>0x2acf</value>
         <object_component_ref idref="oc-133"/>
      </symbol>
      <symbol id="sm-303">
         <name>_lock</name>
         <value>0x2000010c</value>
         <object_component_ref idref="oc-b5"/>
      </symbol>
      <symbol id="sm-304">
         <name>_unlock</name>
         <value>0x20000110</value>
         <object_component_ref idref="oc-b5"/>
      </symbol>
      <symbol id="sm-305">
         <name>_register_lock</name>
         <value>0x2ac7</value>
         <object_component_ref idref="oc-133"/>
      </symbol>
      <symbol id="sm-306">
         <name>_register_unlock</name>
         <value>0x2ac1</value>
         <object_component_ref idref="oc-133"/>
      </symbol>
      <symbol id="sm-40c">
         <name>__TI_printfi</name>
         <value>0x925</value>
         <object_component_ref idref="oc-15c"/>
      </symbol>
      <symbol id="sm-420">
         <name>_args_main</name>
         <value>0x2a69</value>
         <object_component_ref idref="oc-65"/>
      </symbol>
      <symbol id="sm-436">
         <name>atoi</name>
         <value>0x2881</value>
         <object_component_ref idref="oc-207"/>
      </symbol>
      <symbol id="sm-460">
         <name>__TI_auto_init</name>
         <value>0x250d</value>
         <object_component_ref idref="oc-5f"/>
      </symbol>
      <symbol id="sm-47a">
         <name>copy_in</name>
         <value>0x28cd</value>
         <object_component_ref idref="oc-a2"/>
      </symbol>
      <symbol id="sm-485">
         <name>_ctypes_</name>
         <value>0x2b5c</value>
         <object_component_ref idref="oc-281"/>
      </symbol>
      <symbol id="sm-491">
         <name>_ftable</name>
         <value>0x20000000</value>
         <object_component_ref idref="oc-162"/>
      </symbol>
      <symbol id="sm-4a8">
         <name>__aeabi_dsub</name>
         <value>0x1c51</value>
         <object_component_ref idref="oc-1f0"/>
      </symbol>
      <symbol id="sm-4a9">
         <name>__aeabi_dadd</name>
         <value>0x1c5b</value>
         <object_component_ref idref="oc-1f0"/>
      </symbol>
      <symbol id="sm-4cb">
         <name>__aeabi_cdcmpeq</name>
         <value>0x2315</value>
         <object_component_ref idref="oc-1cc"/>
      </symbol>
      <symbol id="sm-4cc">
         <name>__aeabi_cdcmple</name>
         <value>0x2315</value>
         <object_component_ref idref="oc-1cc"/>
      </symbol>
      <symbol id="sm-4cd">
         <name>__aeabi_cdrcmple</name>
         <value>0x239b</value>
         <object_component_ref idref="oc-1db"/>
      </symbol>
      <symbol id="sm-4e1">
         <name>__aeabi_ddiv</name>
         <value>0x1e07</value>
         <object_component_ref idref="oc-1d6"/>
      </symbol>
      <symbol id="sm-4ec">
         <name>__aeabi_dmul</name>
         <value>0x1f3d</value>
         <object_component_ref idref="oc-1d1"/>
      </symbol>
      <symbol id="sm-4f6">
         <name>__aeabi_d2iz</name>
         <value>0x2919</value>
         <object_component_ref idref="oc-1e0"/>
      </symbol>
      <symbol id="sm-500">
         <name>__aeabi_i2d</name>
         <value>0x29d5</value>
         <object_component_ref idref="oc-1eb"/>
      </symbol>
      <symbol id="sm-50f">
         <name>ltoa</name>
         <value>0x2781</value>
         <object_component_ref idref="oc-1e5"/>
      </symbol>
      <symbol id="sm-51f">
         <name>memccpy</name>
         <value>0x2a4d</value>
         <object_component_ref idref="oc-20d"/>
      </symbol>
      <symbol id="sm-53a">
         <name>frexpl</name>
         <value>0x271d</value>
         <object_component_ref idref="oc-1f5"/>
      </symbol>
      <symbol id="sm-53b">
         <name>frexp</name>
         <value>0x271d</value>
         <object_component_ref idref="oc-1f5"/>
      </symbol>
      <symbol id="sm-558">
         <name>scalbn</name>
         <value>0x2039</value>
         <object_component_ref idref="oc-1fb"/>
      </symbol>
      <symbol id="sm-559">
         <name>scalbnl</name>
         <value>0x2039</value>
         <object_component_ref idref="oc-1fb"/>
      </symbol>
      <symbol id="sm-55a">
         <name>ldexpl</name>
         <value>0x2039</value>
         <object_component_ref idref="oc-1fb"/>
      </symbol>
      <symbol id="sm-55b">
         <name>ldexp</name>
         <value>0x2039</value>
         <object_component_ref idref="oc-1fb"/>
      </symbol>
      <symbol id="sm-565">
         <name>_system_post_cinit</name>
         <value>0x249b</value>
         <object_component_ref idref="oc-a8"/>
      </symbol>
      <symbol id="sm-575">
         <name>strchr</name>
         <value>0x2a97</value>
         <object_component_ref idref="oc-201"/>
      </symbol>
      <symbol id="sm-591">
         <name>__aeabi_uldivmod</name>
         <value>0x1a5d</value>
         <object_component_ref idref="oc-1c7"/>
      </symbol>
      <symbol id="sm-599">
         <name>errno</name>
         <value>0x20000114</value>
         <object_component_ref idref="oc-27a"/>
      </symbol>
      <symbol id="sm-5a3">
         <name>copysign</name>
         <value>0x2ad5</value>
         <object_component_ref idref="oc-274"/>
      </symbol>
      <symbol id="sm-5a4">
         <name>copysignl</name>
         <value>0x2ad5</value>
         <object_component_ref idref="oc-274"/>
      </symbol>
      <symbol id="sm-5e9">
         <name>CS_startHFXT</name>
         <value>0x2b51</value>
         <object_component_ref idref="oc-14b"/>
      </symbol>
      <symbol id="sm-5ea">
         <name>CS_setExternalClockSourceFrequency</name>
         <value>0x2aad</value>
         <object_component_ref idref="oc-145"/>
      </symbol>
      <symbol id="sm-5eb">
         <name>CS_startHFXTWithTimeout</name>
         <value>0x21dd</value>
         <object_component_ref idref="oc-1b5"/>
      </symbol>
      <symbol id="sm-612">
         <name>Interrupt_enableInterrupt</name>
         <value>0x2655</value>
         <object_component_ref idref="oc-102"/>
      </symbol>
      <symbol id="sm-635">
         <name>SysCtl_getNMISourceStatus</name>
         <value>0x2b39</value>
         <object_component_ref idref="oc-244"/>
      </symbol>
      <symbol id="sm-636">
         <name>SysCtl_enableNMISource</name>
         <value>0x2b0d</value>
         <object_component_ref idref="oc-256"/>
      </symbol>
      <symbol id="sm-637">
         <name>SysCtl_disableNMISource</name>
         <value>0x2afd</value>
         <object_component_ref idref="oc-24a"/>
      </symbol>
      <symbol id="sm-644">
         <name>UART_enableInterrupt</name>
         <value>0x2a81</value>
         <object_component_ref idref="oc-fc"/>
      </symbol>
      <symbol id="sm-646">
         <name>__TI_static_base__</name>
         <value>0x0</value>
      </symbol>
      <symbol id="sm-649">
         <name>SHT$$INIT_ARRAY$$Limit</name>
         <value>0x0</value>
      </symbol>
      <symbol id="sm-64a">
         <name>SHT$$INIT_ARRAY$$Base</name>
         <value>0x0</value>
      </symbol>
      <symbol id="sm-64b">
         <name>NMI_Handler</name>
         <value>0x2b37</value>
      </symbol>
      <symbol id="sm-64c">
         <name>HardFault_Handler</name>
         <value>0x2b37</value>
      </symbol>
      <symbol id="sm-64d">
         <name>MemManage_Handler</name>
         <value>0x2b37</value>
      </symbol>
      <symbol id="sm-64e">
         <name>BusFault_Handler</name>
         <value>0x2b37</value>
      </symbol>
      <symbol id="sm-64f">
         <name>UsageFault_Handler</name>
         <value>0x2b37</value>
      </symbol>
      <symbol id="sm-650">
         <name>SVC_Handler</name>
         <value>0x2b37</value>
      </symbol>
      <symbol id="sm-651">
         <name>DebugMon_Handler</name>
         <value>0x2b37</value>
      </symbol>
      <symbol id="sm-652">
         <name>PendSV_Handler</name>
         <value>0x2b37</value>
      </symbol>
      <symbol id="sm-653">
         <name>SysTick_Handler</name>
         <value>0x15fb</value>
      </symbol>
      <symbol id="sm-654">
         <name>PSS_IRQHandler</name>
         <value>0x2b37</value>
      </symbol>
      <symbol id="sm-655">
         <name>CS_IRQHandler</name>
         <value>0x2b37</value>
      </symbol>
      <symbol id="sm-656">
         <name>PCM_IRQHandler</name>
         <value>0x2b37</value>
      </symbol>
      <symbol id="sm-657">
         <name>WDT_A_IRQHandler</name>
         <value>0x2b37</value>
      </symbol>
      <symbol id="sm-658">
         <name>FPU_IRQHandler</name>
         <value>0x2b37</value>
      </symbol>
      <symbol id="sm-659">
         <name>FLCTL_IRQHandler</name>
         <value>0x2b37</value>
      </symbol>
      <symbol id="sm-65a">
         <name>COMP_E0_IRQHandler</name>
         <value>0x2b37</value>
      </symbol>
      <symbol id="sm-65b">
         <name>COMP_E1_IRQHandler</name>
         <value>0x2b37</value>
      </symbol>
      <symbol id="sm-65c">
         <name>TA0_0_IRQHandler</name>
         <value>0x2b37</value>
      </symbol>
      <symbol id="sm-65d">
         <name>TA0_N_IRQHandler</name>
         <value>0x2b37</value>
      </symbol>
      <symbol id="sm-65e">
         <name>TA1_0_IRQHandler</name>
         <value>0x2b37</value>
      </symbol>
      <symbol id="sm-65f">
         <name>TA1_N_IRQHandler</name>
         <value>0x2b37</value>
      </symbol>
      <symbol id="sm-660">
         <name>TA2_0_IRQHandler</name>
         <value>0x2b37</value>
      </symbol>
      <symbol id="sm-661">
         <name>TA2_N_IRQHandler</name>
         <value>0x2b37</value>
      </symbol>
      <symbol id="sm-662">
         <name>TA3_0_IRQHandler</name>
         <value>0x2b37</value>
      </symbol>
      <symbol id="sm-663">
         <name>TA3_N_IRQHandler</name>
         <value>0x2b37</value>
      </symbol>
      <symbol id="sm-664">
         <name>EUSCIA0_IRQHandler</name>
         <value>0x19a5</value>
      </symbol>
      <symbol id="sm-665">
         <name>EUSCIA1_IRQHandler</name>
         <value>0x2b37</value>
      </symbol>
      <symbol id="sm-666">
         <name>EUSCIA2_IRQHandler</name>
         <value>0x19db</value>
      </symbol>
      <symbol id="sm-667">
         <name>EUSCIA3_IRQHandler</name>
         <value>0x2b37</value>
      </symbol>
      <symbol id="sm-668">
         <name>EUSCIB0_IRQHandler</name>
         <value>0x2b37</value>
      </symbol>
      <symbol id="sm-669">
         <name>EUSCIB1_IRQHandler</name>
         <value>0x2b37</value>
      </symbol>
      <symbol id="sm-66a">
         <name>EUSCIB2_IRQHandler</name>
         <value>0x2b37</value>
      </symbol>
      <symbol id="sm-66b">
         <name>EUSCIB3_IRQHandler</name>
         <value>0x2b37</value>
      </symbol>
      <symbol id="sm-66c">
         <name>ADC14_IRQHandler</name>
         <value>0x2b37</value>
      </symbol>
      <symbol id="sm-66d">
         <name>T32_INT1_IRQHandler</name>
         <value>0x2b37</value>
      </symbol>
      <symbol id="sm-66e">
         <name>T32_INT2_IRQHandler</name>
         <value>0x2b37</value>
      </symbol>
      <symbol id="sm-66f">
         <name>T32_INTC_IRQHandler</name>
         <value>0x2b37</value>
      </symbol>
      <symbol id="sm-670">
         <name>AES256_IRQHandler</name>
         <value>0x2b37</value>
      </symbol>
      <symbol id="sm-671">
         <name>RTC_C_IRQHandler</name>
         <value>0x2b37</value>
      </symbol>
      <symbol id="sm-672">
         <name>DMA_ERR_IRQHandler</name>
         <value>0x2b37</value>
      </symbol>
      <symbol id="sm-673">
         <name>DMA_INT3_IRQHandler</name>
         <value>0x2b37</value>
      </symbol>
      <symbol id="sm-674">
         <name>DMA_INT2_IRQHandler</name>
         <value>0x2b37</value>
      </symbol>
      <symbol id="sm-675">
         <name>DMA_INT1_IRQHandler</name>
         <value>0x2b37</value>
      </symbol>
      <symbol id="sm-676">
         <name>DMA_INT0_IRQHandler</name>
         <value>0x2b37</value>
      </symbol>
      <symbol id="sm-677">
         <name>PORT1_IRQHandler</name>
         <value>0x2b37</value>
      </symbol>
      <symbol id="sm-678">
         <name>PORT2_IRQHandler</name>
         <value>0x2b37</value>
      </symbol>
      <symbol id="sm-679">
         <name>PORT3_IRQHandler</name>
         <value>0x2b37</value>
      </symbol>
      <symbol id="sm-67a">
         <name>PORT4_IRQHandler</name>
         <value>0x2b37</value>
      </symbol>
      <symbol id="sm-67b">
         <name>PORT5_IRQHandler</name>
         <value>0x2b37</value>
      </symbol>
      <symbol id="sm-67c">
         <name>PORT6_IRQHandler</name>
         <value>0x2b37</value>
      </symbol>
   </symbol_table>
   <title>Link successful</title>
</link_info>
