******************************************************************************
                  TI ARM Linker PC v16.9.0                     
******************************************************************************
>> Linked Mon Oct 30 14:10:21 2017

OUTPUT FILE NAME:   <Bluetooth_BLE_UART_Test.out>
ENTRY POINT SYMBOL: "_c_int00"  address: 000027d9


MEMORY CONFIGURATION

         name            origin    length      used     unused   attr    fill
----------------------  --------  ---------  --------  --------  ----  --------
  MAIN                  00000000   00040000  00002d62  0003d29e  R  X
  INFO                  00200000   00004000  00000000  00004000  R  X
  SRAM_CODE             01000000   00010000  00000438  0000fbc8  RW X
  SRAM_DATA             20000000   00010000  00000438  0000fbc8  RW  


SEGMENT ALLOCATION MAP

run origin  load origin   length   init length attrs members
----------  ----------- ---------- ----------- ----- -------
00000000    00000000    00002d68   00002d68    r-x
  00000000    00000000    000000e4   000000e4    r-- .intvecs
  000000e4    000000e4    00002a76   00002a76    r-x .text
  00002b5c    00002b5c    000001b0   000001b0    r-- .const
  00002d10    00002d10    00000058   00000058    r-- .cinit
20000000    20000000    00000238   00000000    rw-
  20000000    20000000    00000124   00000000    rw- .data
  20000124    20000124    00000114   00000000    rw- .bss
2000fe00    2000fe00    00000200   00000000    rw-
  2000fe00    2000fe00    00000200   00000000    rw- .stack


SECTION ALLOCATION MAP

 output                                  attributes/
section   page    origin      length       input sections
--------  ----  ----------  ----------   ----------------
.intvecs   0    00000000    000000e4     
                  00000000    000000e4     startup_msp432p401r_ccs.obj (.intvecs:retain)

.binit     0    00000000    00000000     

.text      0    000000e4    00002a76     
                  000000e4    0000113a     rtsv7M4_T_le_v4SPD16_eabi.lib : _printfi.obj (.text)
                  0000121e    00000002                                   : mpu_init.obj (.text)
                  00001220    0000032c     system_msp432p401r.obj (.text)
                  0000154c    000002f0     main.obj (.text)
                  0000183c    00000220     uart.obj (.text)
                  00001a5c    000001f4     rtsv7M4_T_le_v4SPD16_eabi.lib : ull_div_t2.obj (.text)
                  00001c50    000001b6                                   : fd_add_t2.obj (.text)
                  00001e06    00000136                                   : fd_div_t2.obj (.text)
                  00001f3c    000000fc                                   : fd_mul_t2.obj (.text)
                  00002038    000000fc                                   : s_scalbn.obj (.text)
                  00002134    000000a8     clk.obj (.text)
                  000021dc    0000009c     msp432p4xx_driverlib.lib : cs.o (.text:CS_startHFXTWithTimeout)
                  00002278    0000009c     rtsv7M4_T_le_v4SPD16_eabi.lib : memcpy_t2.obj (.text)
                  00002314    00000086                                   : fd_cmp_t2.obj (.text:__aeabi_cdcmple)
                  0000239a    00000086                                   : fd_cmp_t2.obj (.text:__aeabi_cdrcmple)
                  00002420    0000007a                                   : memset_t2.obj (.text)
                  0000249a    00000002                                   : startup.obj (.text)
                  0000249c    00000070     msp432p4xx_driverlib.lib : cs.o (.text:_CSGetHFXTFrequency)
                  0000250c    00000070     rtsv7M4_T_le_v4SPD16_eabi.lib : autoinit.obj (.text)
                  0000257c    00000070                                   : printf.obj (.text)
                  000025ec    00000068                                   : copy_decompress_lzss.obj (.text:decompress:lzss)
                  00002654    00000064     msp432p4xx_driverlib.lib : interrupt.o (.text:Interrupt_enableInterrupt)
                  000026b8    00000064     printfOverride.obj (.text)
                  0000271c    00000064     rtsv7M4_T_le_v4SPD16_eabi.lib : s_frexp.obj (.text)
                  00002780    00000056                                   : ltoa.obj (.text)
                  000027d6    00000002     --HOLE-- [fill = 0]
                  000027d8    00000054                                   : boot.obj (.text)
                  0000282c    00000054                                   : exit.obj (.text)
                  00002880    0000004c                                   : atoi.obj (.text)
                  000028cc    0000004c                                   : cpy_tbl.obj (.text)
                  00002918    00000048                                   : fd_toi_t2.obj (.text)
                  00002960    00000040     debug.obj (.text)
                  000029a0    00000034     rtsv7M4_T_le_v4SPD16_eabi.lib : strstr.obj (.text)
                  000029d4    0000002e                                   : i_tofd_t2.obj (.text)
                  00002a02    00000002     --HOLE-- [fill = 0]
                  00002a04    00000024     uart.obj (.text:uartA0_tx)
                  00002a28    00000024     uart.obj (.text:uartA2_tx)
                  00002a4c    0000001c     rtsv7M4_T_le_v4SPD16_eabi.lib : memccpy.obj (.text)
                  00002a68    00000018                                   : args_main.obj (.text)
                  00002a80    00000016     msp432p4xx_driverlib.lib : uart.o (.text:UART_enableInterrupt)
                  00002a96    00000016     rtsv7M4_T_le_v4SPD16_eabi.lib : strchr.obj (.text)
                  00002aac    00000014     msp432p4xx_driverlib.lib : cs.o (.text:CS_setExternalClockSourceFrequency)
                  00002ac0    00000014     rtsv7M4_T_le_v4SPD16_eabi.lib : _lock.obj (.text)
                  00002ad4    00000014                                   : s_copysign.obj (.text)
                  00002ae8    00000014                                   : strlen.obj (.text)
                  00002afc    00000010     msp432p4xx_driverlib.lib : sysctl.o (.text:SysCtl_disableNMISource)
                  00002b0c    00000010                              : sysctl.o (.text:SysCtl_enableNMISource)
                  00002b1c    0000000e     rtsv7M4_T_le_v4SPD16_eabi.lib : copy_decompress_none.obj (.text:decompress:none)
                  00002b2a    0000000e     startup_msp432p401r_ccs.obj (.text)
                  00002b38    0000000c     msp432p4xx_driverlib.lib : sysctl.o (.text:SysCtl_getNMISourceStatus)
                  00002b44    0000000c     rtsv7M4_T_le_v4SPD16_eabi.lib : copy_zero_init.obj (.text:decompress:ZI)
                  00002b50    00000006     msp432p4xx_driverlib.lib : cs.o (.text:CS_startHFXT)
                  00002b56    00000004     rtsv7M4_T_le_v4SPD16_eabi.lib : pre_init.obj (.text)

.const     0    00002b5c    000001b0     
                  00002b5c    00000101     rtsv7M4_T_le_v4SPD16_eabi.lib : ctype.obj (.const:.string:_ctypes_)
                  00002c5d    00000003     --HOLE-- [fill = 0]
                  00002c60    00000040     msp432p4xx_driverlib.lib : interrupt.o (.const)
                  00002ca0    00000024     main.obj (.const:$P$T0$1)
                  00002cc4    00000024     main.obj (.const:$P$T1$2)
                  00002ce8    00000024     debug.obj (.const:uartConfig)

.cinit     0    00002d10    00000058     
                  00002d10    00000033     (.cinit..data.load) [load image, compression = lzss]
                  00002d43    00000001     --HOLE-- [fill = 0]
                  00002d44    0000000c     (__TI_handler_table)
                  00002d50    00000008     (.cinit..bss.load) [load image, compression = zero_init]
                  00002d58    00000010     (__TI_cinit_table)

.init_array 
*          0    00000000    00000000     UNINITIALIZED

.data      0    20000000    00000124     UNINITIALIZED
                  20000000    000000f0     rtsv7M4_T_le_v4SPD16_eabi.lib : defs.obj (.data:_ftable)
                  200000f0    0000000e     main.obj (.data)
                  200000fe    00000002     --HOLE--
                  20000100    0000000c     rtsv7M4_T_le_v4SPD16_eabi.lib : exit.obj (.data:$O1$$)
                  2000010c    00000008                                   : _lock.obj (.data:$O1$$)
                  20000114    00000004                                   : errno.obj (.data)
                  20000118    00000004                                   : stkdepth_vars.obj (.data)
                  2000011c    00000004     system_msp432p401r.obj (.data)
                  20000120    00000004     uart.obj (.data)

.bss       0    20000124    00000114     UNINITIALIZED
                  20000124    00000100     (.common:g_rx_buff)
                  20000224    00000004     (.common:hfxtFreq)
                  20000228    00000004     (.common:lfxtFreq)
                  2000022c    00000004     (.common:uartA0_rx_buff)
                  20000230    00000004     (.common:uartA2_rx_buff)
                  20000234    00000002     (.common:uartA0_rx_buff_len)
                  20000236    00000002     (.common:uartA2_rx_buff_len)

.stack     0    2000fe00    00000200     UNINITIALIZED
                  2000fe00    00000200     --HOLE--

MODULE SUMMARY

       Module                        code    ro data   rw data
       ------                        ----    -------   -------
    .\
       main.obj                      752     72        540    
       system_msp432p401r.obj        812     0         8      
       uart.obj                      616     0         32     
       startup_msp432p401r_ccs.obj   14      228       0      
       clk.obj                       168     0         0      
       debug.obj                     64      36        0      
       printfOverride.obj            100     0         0      
    +--+-----------------------------+-------+---------+---------+
       Total:                        2526    336       580    
                                                              
    C:/ti/msp/MSP432Ware_3_50_00_02/driverlib/driverlib/MSP432P4xx/ccs/msp432p4xx_driverlib.lib
       cs.o                          294     0         16     
       interrupt.o                   100     64        0      
       sysctl.o                      44      0         0      
       uart.o                        22      0         0      
    +--+-----------------------------+-------+---------+---------+
       Total:                        460     64        16     
                                                              
    C:\ti\ccsv7\tools\compiler\ti-cgt-arm_16.9.0.LTS\lib\rtsv7M4_T_le_v4SPD16_eabi.lib
       _printfi.obj                  4410    0         0      
       ull_div_t2.obj                500     0         0      
       defs.obj                      0       0         480    
       fd_add_t2.obj                 438     0         0      
       fd_div_t2.obj                 310     0         0      
       fd_cmp_t2.obj                 268     0         0      
       ctype.obj                     0       257       0      
       fd_mul_t2.obj                 252     0         0      
       s_scalbn.obj                  252     0         0      
       memcpy_t2.obj                 156     0         0      
       memset_t2.obj                 122     0         0      
       autoinit.obj                  112     0         0      
       printf.obj                    112     0         0      
       exit.obj                      84      0         24     
       copy_decompress_lzss.obj      104     0         0      
       s_frexp.obj                   100     0         0      
       ltoa.obj                      86      0         0      
       boot.obj                      84      0         0      
       atoi.obj                      76      0         0      
       cpy_tbl.obj                   76      0         0      
       fd_toi_t2.obj                 72      0         0      
       strstr.obj                    52      0         0      
       i_tofd_t2.obj                 46      0         0      
       _lock.obj                     20      0         16     
       memccpy.obj                   28      0         0      
       args_main.obj                 24      0         0      
       strchr.obj                    22      0         0      
       s_copysign.obj                20      0         0      
       strlen.obj                    20      0         0      
       copy_decompress_none.obj      14      0         0      
       copy_zero_init.obj            12      0         0      
       errno.obj                     0       0         8      
       stkdepth_vars.obj             0       0         8      
       pre_init.obj                  4       0         0      
       mpu_init.obj                  2       0         0      
       startup.obj                   2       0         0      
    +--+-----------------------------+-------+---------+---------+
       Total:                        7880    257       536    
                                                              
       Stack:                        0       0         1024   
       Linker Generated:             0       87        0      
    +--+-----------------------------+-------+---------+---------+
       Grand Total:                  10866   744       2156   


LINKER GENERATED COPY TABLES

__TI_cinit_table @ 00002d58 records: 2, size/record: 8, table size: 16
	.data: load addr=00002d10, load size=00000033 bytes, run addr=20000000, run size=00000124 bytes, compression=lzss
	.bss: load addr=00002d50, load size=00000008 bytes, run addr=20000124, run size=00000114 bytes, compression=zero_init


LINKER GENERATED HANDLER TABLE

__TI_handler_table @ 00002d44 records: 3, size/record: 4, table size: 12
	index: 0, handler: __TI_decompress_lzss
	index: 1, handler: __TI_decompress_none
	index: 2, handler: __TI_zero_init


GLOBAL SYMBOLS: SORTED ALPHABETICALLY BY Name 

address   name                              
-------   ----                              
00002b37  ADC14_IRQHandler                  
00002b37  AES256_IRQHandler                 
00002b37  BusFault_Handler                  
0000282d  C$$EXIT                           
00002b37  COMP_E0_IRQHandler                
00002b37  COMP_E1_IRQHandler                
00002b37  CS_IRQHandler                     
00002aad  CS_setExternalClockSourceFrequency
00002b51  CS_startHFXT                      
000021dd  CS_startHFXTWithTimeout           
00002b37  DMA_ERR_IRQHandler                
00002b37  DMA_INT0_IRQHandler               
00002b37  DMA_INT1_IRQHandler               
00002b37  DMA_INT2_IRQHandler               
00002b37  DMA_INT3_IRQHandler               
00002b37  DebugMon_Handler                  
00002b37  Default_Handler                   
000019a5  EUSCIA0_IRQHandler                
000019a5  EUSCIA0_IRQHandler                
00002b37  EUSCIA1_IRQHandler                
000019db  EUSCIA2_IRQHandler                
000019db  EUSCIA2_IRQHandler                
00002b37  EUSCIA3_IRQHandler                
00002b37  EUSCIB0_IRQHandler                
00002b37  EUSCIB1_IRQHandler                
00002b37  EUSCIB2_IRQHandler                
00002b37  EUSCIB3_IRQHandler                
00002b37  FLCTL_IRQHandler                  
00002b37  FPU_IRQHandler                    
00002b37  HardFault_Handler                 
00002655  Interrupt_enableInterrupt         
00002b37  MemManage_Handler                 
00002b37  NMI_Handler                       
00002b37  PCM_IRQHandler                    
00002b37  PORT1_IRQHandler                  
00002b37  PORT2_IRQHandler                  
00002b37  PORT3_IRQHandler                  
00002b37  PORT4_IRQHandler                  
00002b37  PORT5_IRQHandler                  
00002b37  PORT6_IRQHandler                  
00002b37  PSS_IRQHandler                    
00002b37  PendSV_Handler                    
00002b37  RTC_C_IRQHandler                  
00002b2b  Reset_Handler                     
UNDEFED   SHT$$INIT_ARRAY$$Base             
UNDEFED   SHT$$INIT_ARRAY$$Limit            
00002b37  SVC_Handler                       
00002afd  SysCtl_disableNMISource           
00002b0d  SysCtl_enableNMISource            
00002b39  SysCtl_getNMISourceStatus         
000015fb  SysTick_Handler                   
000015fb  SysTick_Handler                   
2000011c  SystemCoreClock                   
00001221  SystemCoreClockUpdate             
00001495  SystemInit                        
000015b1  Systick_init                      
00002b37  T32_INT1_IRQHandler               
00002b37  T32_INT2_IRQHandler               
00002b37  T32_INTC_IRQHandler               
00002b37  TA0_0_IRQHandler                  
00002b37  TA0_N_IRQHandler                  
00002b37  TA1_0_IRQHandler                  
00002b37  TA1_N_IRQHandler                  
00002b37  TA2_0_IRQHandler                  
00002b37  TA2_N_IRQHandler                  
00002b37  TA3_0_IRQHandler                  
00002b37  TA3_N_IRQHandler                  
00002a81  UART_enableInterrupt              
00002b37  UsageFault_Handler                
4000480c  WDTCTL_SYM                        
00002b37  WDT_A_IRQHandler                  
20010000  __STACK_END                       
00000200  __STACK_SIZE                      
00002d58  __TI_CINIT_Base                   
00002d68  __TI_CINIT_Limit                  
00002d44  __TI_Handler_Table_Base           
00002d50  __TI_Handler_Table_Limit          
0000250d  __TI_auto_init                    
20000100  __TI_cleanup_ptr                  
000025ed  __TI_decompress_lzss              
00002b1d  __TI_decompress_none              
20000104  __TI_dtors_ptr                    
20000108  __TI_enable_exit_profile_output   
ffffffff  __TI_pprof_out_hndl               
00000925  __TI_printfi                      
ffffffff  __TI_prof_data_size               
ffffffff  __TI_prof_data_start              
00000000  __TI_static_base__                
00002b45  __TI_zero_init                    
00002315  __aeabi_cdcmpeq                   
00002315  __aeabi_cdcmple                   
0000239b  __aeabi_cdrcmple                  
00002919  __aeabi_d2iz                      
00001c5b  __aeabi_dadd                      
00001e07  __aeabi_ddiv                      
00001f3d  __aeabi_dmul                      
00001c51  __aeabi_dsub                      
000029d5  __aeabi_i2d                       
00002421  __aeabi_memclr                    
00002421  __aeabi_memclr4                   
00002421  __aeabi_memclr8                   
00002279  __aeabi_memcpy                    
00002279  __aeabi_memcpy4                   
00002279  __aeabi_memcpy8                   
00002423  __aeabi_memset                    
00002423  __aeabi_memset4                   
00002423  __aeabi_memset8                   
00001a5d  __aeabi_uldivmod                  
ffffffff  __binit__                         
ffffffff  __c_args__                        
0000121f  __mpu_init                        
2000fe00  __stack                           
00002a69  _args_main                        
000027d9  _c_int00                          
00002b5c  _ctypes_                          
20000000  _ftable                           
2000010c  _lock                             
00002acf  _nop                              
00002ac7  _register_lock                    
00002ac1  _register_unlock                  
0000249b  _system_post_cinit                
00002b57  _system_pre_init                  
20000110  _unlock                           
00002831  abort                             
00002881  atoi                              
ffffffff  binit                             
00001563  ble_pins_init                     
00001661  ble_send_data                     
00001647  check_response                    
0000219f  clk_init                          
000028cd  copy_in                           
00002ad5  copysign                          
00002ad5  copysignl                         
00002961  debug_init                        
0000158b  dummy_uart_init                   
20000114  errno                             
00002839  exit                              
000026b9  fputc                             
000026d7  fputs                             
0000271d  frexp                             
0000271d  frexpl                            
200000fc  g_ble_connect_state               
200000fd  g_ble_state                       
200000f4  g_check_connection_count          
200000f8  g_data_send_interval_count        
200000f0  g_ms_timeout                      
20000124  g_rx_buff                         
00000000  interruptVectors                  
00002039  ldexp                             
00002039  ldexpl                            
00002781  ltoa                              
0000167b  main                              
20000118  main_func_sp                      
00002a4d  memccpy                           
00002279  memcpy                            
00002429  memset                            
00002585  printf                            
0000154d  reset_rx_buffer                   
00001a11  return_UARTA2_rx_ptr              
00002039  scalbn                            
00002039  scalbnl                           
00001a17  set_UARTA2_rx_ptr                 
00002a97  strchr                            
00002ae9  strlen                            
000029a1  strstr                            
000015cd  systick_delay_ms                  
000018bd  uartA0_init                       
00001961  uartA0_read_rx_buff               
2000022c  uartA0_rx_buff                    
20000234  uartA0_rx_buff_len                
20000120  uartA0_rx_ptr                     
00002a05  uartA0_tx                         
00001879  uartA0_tx_bytes                   
0000183d  uartA0_tx_str                     
0000190f  uartA2_init                       
00001983  uartA2_read_rx_buff               
20000230  uartA2_rx_buff                    
20000236  uartA2_rx_buff_len                
20000122  uartA2_rx_ptr                     
00002a29  uartA2_tx                         
0000189b  uartA2_tx_bytes                   
0000185b  uartA2_tx_str                     
00002ce8  uartConfig                        


GLOBAL SYMBOLS: SORTED BY Symbol Address 

address   name                              
-------   ----                              
00000000  __TI_static_base__                
00000000  interruptVectors                  
00000200  __STACK_SIZE                      
00000925  __TI_printfi                      
0000121f  __mpu_init                        
00001221  SystemCoreClockUpdate             
00001495  SystemInit                        
0000154d  reset_rx_buffer                   
00001563  ble_pins_init                     
0000158b  dummy_uart_init                   
000015b1  Systick_init                      
000015cd  systick_delay_ms                  
000015fb  SysTick_Handler                   
000015fb  SysTick_Handler                   
00001647  check_response                    
00001661  ble_send_data                     
0000167b  main                              
0000183d  uartA0_tx_str                     
0000185b  uartA2_tx_str                     
00001879  uartA0_tx_bytes                   
0000189b  uartA2_tx_bytes                   
000018bd  uartA0_init                       
0000190f  uartA2_init                       
00001961  uartA0_read_rx_buff               
00001983  uartA2_read_rx_buff               
000019a5  EUSCIA0_IRQHandler                
000019a5  EUSCIA0_IRQHandler                
000019db  EUSCIA2_IRQHandler                
000019db  EUSCIA2_IRQHandler                
00001a11  return_UARTA2_rx_ptr              
00001a17  set_UARTA2_rx_ptr                 
00001a5d  __aeabi_uldivmod                  
00001c51  __aeabi_dsub                      
00001c5b  __aeabi_dadd                      
00001e07  __aeabi_ddiv                      
00001f3d  __aeabi_dmul                      
00002039  ldexp                             
00002039  ldexpl                            
00002039  scalbn                            
00002039  scalbnl                           
0000219f  clk_init                          
000021dd  CS_startHFXTWithTimeout           
00002279  __aeabi_memcpy                    
00002279  __aeabi_memcpy4                   
00002279  __aeabi_memcpy8                   
00002279  memcpy                            
00002315  __aeabi_cdcmpeq                   
00002315  __aeabi_cdcmple                   
0000239b  __aeabi_cdrcmple                  
00002421  __aeabi_memclr                    
00002421  __aeabi_memclr4                   
00002421  __aeabi_memclr8                   
00002423  __aeabi_memset                    
00002423  __aeabi_memset4                   
00002423  __aeabi_memset8                   
00002429  memset                            
0000249b  _system_post_cinit                
0000250d  __TI_auto_init                    
00002585  printf                            
000025ed  __TI_decompress_lzss              
00002655  Interrupt_enableInterrupt         
000026b9  fputc                             
000026d7  fputs                             
0000271d  frexp                             
0000271d  frexpl                            
00002781  ltoa                              
000027d9  _c_int00                          
0000282d  C$$EXIT                           
00002831  abort                             
00002839  exit                              
00002881  atoi                              
000028cd  copy_in                           
00002919  __aeabi_d2iz                      
00002961  debug_init                        
000029a1  strstr                            
000029d5  __aeabi_i2d                       
00002a05  uartA0_tx                         
00002a29  uartA2_tx                         
00002a4d  memccpy                           
00002a69  _args_main                        
00002a81  UART_enableInterrupt              
00002a97  strchr                            
00002aad  CS_setExternalClockSourceFrequency
00002ac1  _register_unlock                  
00002ac7  _register_lock                    
00002acf  _nop                              
00002ad5  copysign                          
00002ad5  copysignl                         
00002ae9  strlen                            
00002afd  SysCtl_disableNMISource           
00002b0d  SysCtl_enableNMISource            
00002b1d  __TI_decompress_none              
00002b2b  Reset_Handler                     
00002b37  ADC14_IRQHandler                  
00002b37  AES256_IRQHandler                 
00002b37  BusFault_Handler                  
00002b37  COMP_E0_IRQHandler                
00002b37  COMP_E1_IRQHandler                
00002b37  CS_IRQHandler                     
00002b37  DMA_ERR_IRQHandler                
00002b37  DMA_INT0_IRQHandler               
00002b37  DMA_INT1_IRQHandler               
00002b37  DMA_INT2_IRQHandler               
00002b37  DMA_INT3_IRQHandler               
00002b37  DebugMon_Handler                  
00002b37  Default_Handler                   
00002b37  EUSCIA1_IRQHandler                
00002b37  EUSCIA3_IRQHandler                
00002b37  EUSCIB0_IRQHandler                
00002b37  EUSCIB1_IRQHandler                
00002b37  EUSCIB2_IRQHandler                
00002b37  EUSCIB3_IRQHandler                
00002b37  FLCTL_IRQHandler                  
00002b37  FPU_IRQHandler                    
00002b37  HardFault_Handler                 
00002b37  MemManage_Handler                 
00002b37  NMI_Handler                       
00002b37  PCM_IRQHandler                    
00002b37  PORT1_IRQHandler                  
00002b37  PORT2_IRQHandler                  
00002b37  PORT3_IRQHandler                  
00002b37  PORT4_IRQHandler                  
00002b37  PORT5_IRQHandler                  
00002b37  PORT6_IRQHandler                  
00002b37  PSS_IRQHandler                    
00002b37  PendSV_Handler                    
00002b37  RTC_C_IRQHandler                  
00002b37  SVC_Handler                       
00002b37  T32_INT1_IRQHandler               
00002b37  T32_INT2_IRQHandler               
00002b37  T32_INTC_IRQHandler               
00002b37  TA0_0_IRQHandler                  
00002b37  TA0_N_IRQHandler                  
00002b37  TA1_0_IRQHandler                  
00002b37  TA1_N_IRQHandler                  
00002b37  TA2_0_IRQHandler                  
00002b37  TA2_N_IRQHandler                  
00002b37  TA3_0_IRQHandler                  
00002b37  TA3_N_IRQHandler                  
00002b37  UsageFault_Handler                
00002b37  WDT_A_IRQHandler                  
00002b39  SysCtl_getNMISourceStatus         
00002b45  __TI_zero_init                    
00002b51  CS_startHFXT                      
00002b57  _system_pre_init                  
00002b5c  _ctypes_                          
00002ce8  uartConfig                        
00002d44  __TI_Handler_Table_Base           
00002d50  __TI_Handler_Table_Limit          
00002d58  __TI_CINIT_Base                   
00002d68  __TI_CINIT_Limit                  
20000000  _ftable                           
200000f0  g_ms_timeout                      
200000f4  g_check_connection_count          
200000f8  g_data_send_interval_count        
200000fc  g_ble_connect_state               
200000fd  g_ble_state                       
20000100  __TI_cleanup_ptr                  
20000104  __TI_dtors_ptr                    
20000108  __TI_enable_exit_profile_output   
2000010c  _lock                             
20000110  _unlock                           
20000114  errno                             
20000118  main_func_sp                      
2000011c  SystemCoreClock                   
20000120  uartA0_rx_ptr                     
20000122  uartA2_rx_ptr                     
20000124  g_rx_buff                         
2000022c  uartA0_rx_buff                    
20000230  uartA2_rx_buff                    
20000234  uartA0_rx_buff_len                
20000236  uartA2_rx_buff_len                
2000fe00  __stack                           
20010000  __STACK_END                       
4000480c  WDTCTL_SYM                        
ffffffff  __TI_pprof_out_hndl               
ffffffff  __TI_prof_data_size               
ffffffff  __TI_prof_data_start              
ffffffff  __binit__                         
ffffffff  __c_args__                        
ffffffff  binit                             
UNDEFED   SHT$$INIT_ARRAY$$Base             
UNDEFED   SHT$$INIT_ARRAY$$Limit            

[183 symbols]
