******************************************************************************
                  TI ARM Linker PC v16.9.0                     
******************************************************************************
>> Linked Thu Nov 02 17:56:14 2017

OUTPUT FILE NAME:   <FinalProject.out>
ENTRY POINT SYMBOL: "_c_int00"  address: 00006a35


MEMORY CONFIGURATION

         name            origin    length      used     unused   attr    fill
----------------------  --------  ---------  --------  --------  ----  --------
  MAIN                  00000000   00040000  000072fa  00038d06  R  X
  INFO                  00200000   00004000  00000000  00004000  R  X
  SRAM_CODE             01000000   00010000  00003656  0000c9aa  RW X
  SRAM_DATA             20000000   00010000  00003656  0000c9aa  RW  


SEGMENT ALLOCATION MAP

run origin  load origin   length   init length attrs members
----------  ----------- ---------- ----------- ----- -------
00000000    00000000    00007300   00007300    r-x
  00000000    00000000    000000e4   000000e4    r-- .intvecs
  000000e4    000000e4    00006e76   00006e76    r-x .text
  00006f5c    00006f5c    00000300   00000300    r-- .const
  00007260    00007260    000000a0   000000a0    r-- .cinit
20000000    20000000    00003458   00000000    rw-
  20000000    20000000    00002936   00000000    rw- .bss
  20002938    20002938    00000b20   00000000    rw- .data
2000fe00    2000fe00    00000200   00000000    rw-
  2000fe00    2000fe00    00000200   00000000    rw- .stack


SECTION ALLOCATION MAP

 output                                  attributes/
section   page    origin      length       input sections
--------  ----  ----------  ----------   ----------------
.intvecs   0    00000000    000000e4     
                  00000000    000000e4     startup_msp432p401r_ccs.obj (.intvecs:retain)

.binit     0    00000000    00000000     

.text      0    000000e4    00006e76     
                  000000e4    0000164c     bme280.obj (.text)
                  00001730    0000113a     rtsv7M4_T_le_v4SPD16_eabi.lib : _printfi.obj (.text)
                  0000286a    00000002                                   : mpu_init.obj (.text)
                  0000286c    00000bb0     main.obj (.text)
                  0000341c    000009c2     algorithm.obj (.text)
                  00003dde    00000002     rtsv7M4_T_le_v4SPD16_eabi.lib : startup.obj (.text)
                  00003de0    0000068c     RRAlgorithm.obj (.text)
                  0000446c    00000670     bme280_sensor.obj (.text)
                  00004adc    00000460     I2C0.obj (.text)
                  00004f3c    0000032c     system_msp432p401r.obj (.text)
                  00005268    00000234     lis3dh.obj (.text)
                  0000549c    00000220     uart.obj (.text)
                  000056bc    000001f4     rtsv7M4_T_le_v4SPD16_eabi.lib : ull_div_t2.obj (.text)
                  000058b0    000001c2     MAX30102.obj (.text)
                  00005a72    000001b6     rtsv7M4_T_le_v4SPD16_eabi.lib : fd_add_t2.obj (.text)
                  00005c28    00000168     msp432_spi.obj (.text)
                  00005d90    00000136     rtsv7M4_T_le_v4SPD16_eabi.lib : fd_div_t2.obj (.text)
                  00005ec6    000000fc                                   : fd_mul_t2.obj (.text)
                  00005fc2    00000002     --HOLE-- [fill = 0]
                  00005fc4    000000fc                                   : s_scalbn.obj (.text)
                  000060c0    000000b8     adc.obj (.text)
                  00006178    000000a8     clk.obj (.text)
                  00006220    0000009c     msp432p4xx_driverlib.lib : cs.o (.text:CS_startHFXTWithTimeout)
                  000062bc    0000009c     rtsv7M4_T_le_v4SPD16_eabi.lib : memcpy_t2.obj (.text)
                  00006358    00000088     msp432p4xx_driverlib.lib : spi.o (.text:SPI_initMaster)
                  000063e0    00000086     rtsv7M4_T_le_v4SPD16_eabi.lib : fd_cmp_t2.obj (.text:__aeabi_cdcmple)
                  00006466    00000086                                   : fd_cmp_t2.obj (.text:__aeabi_cdrcmple)
                  000064ec    0000007a                                   : memset_t2.obj (.text)
                  00006566    00000002     --HOLE-- [fill = 0]
                  00006568    00000070     msp432p4xx_driverlib.lib : cs.o (.text:_CSGetHFXTFrequency)
                  000065d8    00000070     rtsv7M4_T_le_v4SPD16_eabi.lib : autoinit.obj (.text)
                  00006648    00000070                                   : printf.obj (.text)
                  000066b8    0000006e                                   : fd_tos_t2.obj (.text)
                  00006726    00000068                                   : copy_decompress_lzss.obj (.text:decompress:lzss)
                  0000678e    00000002     --HOLE-- [fill = 0]
                  00006790    00000064     I2C1.obj (.text)
                  000067f4    00000064     msp432p4xx_driverlib.lib : interrupt.o (.text:Interrupt_enableInterrupt)
                  00006858    00000064     printfOverride.obj (.text)
                  000068bc    00000064     rtsv7M4_T_le_v4SPD16_eabi.lib : s_frexp.obj (.text)
                  00006920    00000060                                   : sprintf.obj (.text)
                  00006980    0000005c     systick.obj (.text)
                  000069dc    00000056     rtsv7M4_T_le_v4SPD16_eabi.lib : ltoa.obj (.text)
                  00006a32    00000002     --HOLE-- [fill = 0]
                  00006a34    00000054                                   : boot.obj (.text)
                  00006a88    00000054                                   : exit.obj (.text)
                  00006adc    0000004c                                   : atoi.obj (.text)
                  00006b28    0000004c                                   : cpy_tbl.obj (.text)
                  00006b74    00000048     msp432p4xx_driverlib.lib : gpio.o (.text:GPIO_setAsPeripheralModuleFunctionInputPin)
                  00006bbc    00000048     rtsv7M4_T_le_v4SPD16_eabi.lib : fd_toi_t2.obj (.text)
                  00006c04    00000040     debug.obj (.text)
                  00006c44    00000038     rtsv7M4_T_le_v4SPD16_eabi.lib : fs_tod_t2.obj (.text)
                  00006c7c    00000034                                   : strstr.obj (.text)
                  00006cb0    00000030     msp432p4xx_driverlib.lib : gpio.o (.text:GPIO_setAsInputPinWithPullUpResistor)
                  00006ce0    00000030                              : spi.o (.text:is_A_Module)
                  00006d10    0000002e     rtsv7M4_T_le_v4SPD16_eabi.lib : i_tofd_t2.obj (.text)
                  00006d3e    00000002     --HOLE-- [fill = 0]
                  00006d40    00000024     msp432p4xx_driverlib.lib : gpio.o (.text:GPIO_setAsOutputPin)
                  00006d64    00000024     uart.obj (.text:uartA0_tx)
                  00006d88    00000024     uart.obj (.text:uartA2_tx)
                  00006dac    00000020     msp432p4xx_driverlib.lib : gpio.o (.text:GPIO_interruptEdgeSelect)
                  00006dcc    00000020     rtsv7M4_T_le_v4SPD16_eabi.lib : u_tofd_t2.obj (.text)
                  00006dec    0000001c                                   : memccpy.obj (.text)
                  00006e08    0000001a     msp432p4xx_driverlib.lib : spi.o (.text:SPI_enableModule)
                  00006e22    00000002     --HOLE-- [fill = 0]
                  00006e24    00000018                              : gpio.o (.text:GPIO_setOutputLowOnPin)
                  00006e3c    00000018     rtsv7M4_T_le_v4SPD16_eabi.lib : args_main.obj (.text)
                  00006e54    00000016     msp432p4xx_driverlib.lib : uart.o (.text:UART_enableInterrupt)
                  00006e6a    00000016     rtsv7M4_T_le_v4SPD16_eabi.lib : strchr.obj (.text)
                  00006e80    00000014     msp432p4xx_driverlib.lib : cs.o (.text:CS_setExternalClockSourceFrequency)
                  00006e94    00000014                              : gpio.o (.text:GPIO_setOutputHighOnPin)
                  00006ea8    00000014     rtsv7M4_T_le_v4SPD16_eabi.lib : _lock.obj (.text)
                  00006ebc    00000014                                   : s_copysign.obj (.text)
                  00006ed0    00000014                                   : strlen.obj (.text)
                  00006ee4    00000010     msp432p4xx_driverlib.lib : sysctl.o (.text:SysCtl_disableNMISource)
                  00006ef4    00000010                              : sysctl.o (.text:SysCtl_enableNMISource)
                  00006f04    0000000e     rtsv7M4_T_le_v4SPD16_eabi.lib : copy_decompress_none.obj (.text:decompress:none)
                  00006f12    0000000e     startup_msp432p401r_ccs.obj (.text)
                  00006f20    0000000c     msp432p4xx_driverlib.lib : spi.o (.text:EUSCI_A_SPI_enable)
                  00006f2c    0000000c                              : spi.o (.text:EUSCI_B_SPI_enable)
                  00006f38    0000000c                              : sysctl.o (.text:SysCtl_getNMISourceStatus)
                  00006f44    0000000c     rtsv7M4_T_le_v4SPD16_eabi.lib : copy_zero_init.obj (.text:decompress:ZI)
                  00006f50    00000006     msp432p4xx_driverlib.lib : cs.o (.text:CS_startHFXT)
                  00006f56    00000004     rtsv7M4_T_le_v4SPD16_eabi.lib : pre_init.obj (.text)

.const     0    00006f5c    00000300     
                  00006f5c    00000101     rtsv7M4_T_le_v4SPD16_eabi.lib : ctype.obj (.const:.string:_ctypes_)
                  0000705d    000000b8     algorithm.obj (.const:.string:uch_spo2_table)
                  00007115    00000003     --HOLE-- [fill = 0]
                  00007118    00000040     msp432p4xx_driverlib.lib : interrupt.o (.const)
                  00007158    0000003e     algorithm.obj (.const:auw_hamm)
                  00007196    0000003e     RRAlgorithm.obj (.const:rr_auw_hamm)
                  000071d4    00000024     main.obj (.const:$P$T0$1)
                  000071f8    00000024     main.obj (.const:$P$T1$2)
                  0000721c    00000024     debug.obj (.const:uartConfig)
                  00007240    0000001c     msp432_spi.obj (.const:$P$T0$1)

.cinit     0    00007260    000000a0     
                  00007260    00000076     (.cinit..data.load) [load image, compression = lzss]
                  000072d6    00000002     --HOLE-- [fill = 0]
                  000072d8    0000000c     (__TI_handler_table)
                  000072e4    00000004     --HOLE-- [fill = 0]
                  000072e8    00000008     (.cinit..bss.load) [load image, compression = zero_init]
                  000072f0    00000010     (__TI_cinit_table)

.init_array 
*          0    00000000    00000000     UNINITIALIZED

.bss       0    20000000    00002936     UNINITIALIZED
                  20000000    000007d0     algorithm.obj (.bss:an_x)
                  200007d0    000007d0     algorithm.obj (.bss:an_y)
                  20000fa0    000007d0     (.common:g_aun_ir_buffer)
                  20001770    000007d0     (.common:g_aun_red_buffer)
                  20001f40    000007c0     algorithm.obj (.bss:an_dx)
                  20002700    00000100     (.common:g_rx_buff)
                  20002800    000000c8     main.obj (.bss:data$3)
                  200028c8    0000003c     (.common:bme280)
                  20002904    00000010     (.common:regData)
                  20002914    00000004     (.common:hfxtFreq)
                  20002918    00000004     (.common:lfxtFreq)
                  2000291c    00000004     (.common:n_heart_rate)
                  20002920    00000004     (.common:n_sp02)
                  20002924    00000004     (.common:p_bme280)
                  20002928    00000004     (.common:uartA0_rx_buff)
                  2000292c    00000004     (.common:uartA2_rx_buff)
                  20002930    00000002     (.common:uartA0_rx_buff_len)
                  20002932    00000002     (.common:uartA2_rx_buff_len)
                  20002934    00000001     (.common:ch_hr_valid)
                  20002935    00000001     (.common:ch_spo2_valid)

.data      0    20002938    00000b20     UNINITIALIZED
                  20002938    000004b0     main.obj (.data:g_rr_buff)
                  20002de8    000004b0     main.obj (.data:g_rr_temp_buff)
                  20003298    000000f0     rtsv7M4_T_le_v4SPD16_eabi.lib : defs.obj (.data:_ftable)
                  20003388    00000049     main.obj (.data)
                  200033d1    00000003     --HOLE--
                  200033d4    00000030     msp432p4xx_driverlib.lib : gpio.o (.data:GPIO_PORT_TO_BASE)
                  20003404    00000020     main.obj (.data:g_sensor_data)
                  20003424    00000010     main.obj (.data:_g_bme280_data)
                  20003434    0000000c     rtsv7M4_T_le_v4SPD16_eabi.lib : exit.obj (.data:$O1$$)
                  20003440    00000008                                   : _lock.obj (.data:$O1$$)
                  20003448    00000004                                   : errno.obj (.data)
                  2000344c    00000004                                   : stkdepth_vars.obj (.data)
                  20003450    00000004     system_msp432p401r.obj (.data)
                  20003454    00000004     uart.obj (.data)

.stack     0    2000fe00    00000200     UNINITIALIZED
                  2000fe00    00000200     --HOLE--

MODULE SUMMARY

       Module                        code    ro data   rw data
       ------                        ----    -------   -------
    .\
       main.obj                      2992    72        13974  
       algorithm.obj                 2498    246       11968  
       bme280.obj                    5708    0         0      
       bme280_sensor.obj             1648    0         160    
       RRAlgorithm.obj               1676    62        0      
       I2C0.obj                      1120    0         0      
       system_msp432p401r.obj        812     0         8      
       uart.obj                      616     0         32     
       lis3dh.obj                    564     0         0      
       MAX30102.obj                  450     0         0      
       msp432_spi.obj                360     28        0      
       startup_msp432p401r_ccs.obj   14      228       0      
       adc.obj                       184     0         0      
       clk.obj                       168     0         0      
       I2C1.obj                      100     0         0      
       debug.obj                     64      36        0      
       printfOverride.obj            100     0         0      
       systick.obj                   92      0         0      
    +--+-----------------------------+-------+---------+---------+
       Total:                        19166   672       26142  
                                                              
    C:/ti/msp/MSP432Ware_3_50_00_02/driverlib/driverlib/MSP432P4xx/ccs/msp432p4xx_driverlib.lib
       gpio.o                        232     0         96     
       cs.o                          294     0         16     
       spi.o                         234     0         0      
       interrupt.o                   100     64        0      
       sysctl.o                      44      0         0      
       uart.o                        22      0         0      
    +--+-----------------------------+-------+---------+---------+
       Total:                        926     64        112    
                                                              
    C:\ti\ccsv7\tools\compiler\ti-cgt-arm_16.9.0.LTS\lib\rtsv7M4_T_le_v4SPD16_eabi.lib
       _printfi.obj                  4410    0         0      
       ull_div_t2.obj                500     0         0      
       defs.obj                      0       0         480    
       fd_add_t2.obj                 438     0         0      
       fd_div_t2.obj                 310     0         0      
       fd_cmp_t2.obj                 268     0         0      
       ctype.obj                     0       257       0      
       fd_mul_t2.obj                 252     0         0      
       s_scalbn.obj                  252     0         0      
       memcpy_t2.obj                 156     0         0      
       memset_t2.obj                 122     0         0      
       autoinit.obj                  112     0         0      
       printf.obj                    112     0         0      
       fd_tos_t2.obj                 110     0         0      
       exit.obj                      84      0         24     
       copy_decompress_lzss.obj      104     0         0      
       s_frexp.obj                   100     0         0      
       sprintf.obj                   96      0         0      
       ltoa.obj                      86      0         0      
       boot.obj                      84      0         0      
       atoi.obj                      76      0         0      
       cpy_tbl.obj                   76      0         0      
       fd_toi_t2.obj                 72      0         0      
       fs_tod_t2.obj                 56      0         0      
       strstr.obj                    52      0         0      
       i_tofd_t2.obj                 46      0         0      
       _lock.obj                     20      0         16     
       u_tofd_t2.obj                 32      0         0      
       memccpy.obj                   28      0         0      
       args_main.obj                 24      0         0      
       strchr.obj                    22      0         0      
       s_copysign.obj                20      0         0      
       strlen.obj                    20      0         0      
       copy_decompress_none.obj      14      0         0      
       copy_zero_init.obj            12      0         0      
       errno.obj                     0       0         8      
       stkdepth_vars.obj             0       0         8      
       pre_init.obj                  4       0         0      
       mpu_init.obj                  2       0         0      
       startup.obj                   2       0         0      
    +--+-----------------------------+-------+---------+---------+
       Total:                        8174    257       536    
                                                              
       Stack:                        0       0         1024   
       Linker Generated:             0       154       0      
    +--+-----------------------------+-------+---------+---------+
       Grand Total:                  28266   1147      27814  


LINKER GENERATED COPY TABLES

__TI_cinit_table @ 000072f0 records: 2, size/record: 8, table size: 16
	.data: load addr=00007260, load size=00000076 bytes, run addr=20002938, run size=00000b20 bytes, compression=lzss
	.bss: load addr=000072e8, load size=00000008 bytes, run addr=20000000, run size=00002936 bytes, compression=zero_init


LINKER GENERATED HANDLER TABLE

__TI_handler_table @ 000072d8 records: 3, size/record: 4, table size: 12
	index: 0, handler: __TI_decompress_lzss
	index: 1, handler: __TI_decompress_none
	index: 2, handler: __TI_zero_init


GLOBAL SYMBOLS: SORTED ALPHABETICALLY BY Name 

address   name                                                  
-------   ----                                                  
000031f1  ADC14_IRQHandler                                      
000031f1  ADC14_IRQHandler                                      
00006f1f  AES256_IRQHandler                                     
00004689  BME280_I2C_bus_read                                   
000044a5  BME280_I2C_bus_write                                  
00006f1f  BusFault_Handler                                      
00006a89  C$$EXIT                                               
00006f1f  COMP_E0_IRQHandler                                    
00006f1f  COMP_E1_IRQHandler                                    
00006f1f  CS_IRQHandler                                         
00006e81  CS_setExternalClockSourceFrequency                    
00006f51  CS_startHFXT                                          
00006221  CS_startHFXTWithTimeout                               
00006f1f  DMA_ERR_IRQHandler                                    
00006f1f  DMA_INT0_IRQHandler                                   
00006f1f  DMA_INT1_IRQHandler                                   
00006f1f  DMA_INT2_IRQHandler                                   
00006f1f  DMA_INT3_IRQHandler                                   
00006f1f  DebugMon_Handler                                      
00006f1f  Default_Handler                                       
00005605  EUSCIA0_IRQHandler                                    
00005605  EUSCIA0_IRQHandler                                    
00006f1f  EUSCIA1_IRQHandler                                    
0000563b  EUSCIA2_IRQHandler                                    
0000563b  EUSCIA2_IRQHandler                                    
00006f1f  EUSCIA3_IRQHandler                                    
00006f1f  EUSCIB0_IRQHandler                                    
00006f1f  EUSCIB1_IRQHandler                                    
00006f1f  EUSCIB2_IRQHandler                                    
00006f1f  EUSCIB3_IRQHandler                                    
00006f21  EUSCI_A_SPI_enable                                    
00006f2d  EUSCI_B_SPI_enable                                    
00006f1f  FLCTL_IRQHandler                                      
00006f1f  FPU_IRQHandler                                        
00006dad  GPIO_interruptEdgeSelect                              
00006cb1  GPIO_setAsInputPinWithPullUpResistor                  
00006d41  GPIO_setAsOutputPin                                   
00006b75  GPIO_setAsPeripheralModuleFunctionInputPin            
00006e95  GPIO_setOutputHighOnPin                               
00006e25  GPIO_setOutputLowOnPin                                
00006f1f  HardFault_Handler                                     
00006791  I2C1_Init                                             
00004add  I2C_Init                                              
00004b23  I2C_bus_read                                          
00004d39  I2C_bus_write                                         
000048a3  I2C_routine                                           
000067f5  Interrupt_enableInterrupt                             
00006f1f  MemManage_Handler                                     
00006f1f  NMI_Handler                                           
00006f1f  PCM_IRQHandler                                        
00006f1f  PORT1_IRQHandler                                      
00006f1f  PORT2_IRQHandler                                      
00006f1f  PORT3_IRQHandler                                      
000032b5  PORT4_IRQHandler                                      
000032b5  PORT4_IRQHandler                                      
00006f1f  PORT5_IRQHandler                                      
00006f1f  PORT6_IRQHandler                                      
00006f1f  PSS_IRQHandler                                        
00006f1f  PendSV_Handler                                        
00006f1f  RTC_C_IRQHandler                                      
00006f13  Reset_Handler                                         
UNDEFED   SHT$$INIT_ARRAY$$Base                                 
UNDEFED   SHT$$INIT_ARRAY$$Limit                                
00006e09  SPI_enableModule                                      
00006359  SPI_initMaster                                        
00006f1f  SVC_Handler                                           
00006ee5  SysCtl_disableNMISource                               
00006ef5  SysCtl_enableNMISource                                
00006f39  SysCtl_getNMISourceStatus                             
00002a61  SysTick_Handler                                       
00002a61  SysTick_Handler                                       
20003450  SystemCoreClock                                       
00004f3d  SystemCoreClockUpdate                                 
000051b1  SystemInit                                            
00006f1f  T32_INT1_IRQHandler                                   
00006f1f  T32_INT2_IRQHandler                                   
00006f1f  T32_INTC_IRQHandler                                   
00006f1f  TA0_0_IRQHandler                                      
00006f1f  TA0_N_IRQHandler                                      
00006f1f  TA1_0_IRQHandler                                      
00006f1f  TA1_N_IRQHandler                                      
00006f1f  TA2_0_IRQHandler                                      
00006f1f  TA2_N_IRQHandler                                      
00006f1f  TA3_0_IRQHandler                                      
00006f1f  TA3_N_IRQHandler                                      
00006e55  UART_enableInterrupt                                  
00006f1f  UsageFault_Handler                                    
4000480c  WDTCTL_SYM                                            
00006f1f  WDT_A_IRQHandler                                      
20010000  __STACK_END                                           
00000200  __STACK_SIZE                                          
000072f0  __TI_CINIT_Base                                       
00007300  __TI_CINIT_Limit                                      
000072d8  __TI_Handler_Table_Base                               
000072e4  __TI_Handler_Table_Limit                              
000065d9  __TI_auto_init                                        
20003434  __TI_cleanup_ptr                                      
00006727  __TI_decompress_lzss                                  
00006f05  __TI_decompress_none                                  
20003438  __TI_dtors_ptr                                        
2000343c  __TI_enable_exit_profile_output                       
ffffffff  __TI_pprof_out_hndl                                   
00001f71  __TI_printfi                                          
ffffffff  __TI_prof_data_size                                   
ffffffff  __TI_prof_data_start                                  
00000000  __TI_static_base__                                    
00006f45  __TI_zero_init                                        
000063e1  __aeabi_cdcmpeq                                       
000063e1  __aeabi_cdcmple                                       
00006467  __aeabi_cdrcmple                                      
000066b9  __aeabi_d2f                                           
00006bbd  __aeabi_d2iz                                          
00005a7d  __aeabi_dadd                                          
00005d91  __aeabi_ddiv                                          
00005ec7  __aeabi_dmul                                          
00005a73  __aeabi_dsub                                          
00006c45  __aeabi_f2d                                           
00006d11  __aeabi_i2d                                           
000064ed  __aeabi_memclr                                        
000064ed  __aeabi_memclr4                                       
000064ed  __aeabi_memclr8                                       
000062bd  __aeabi_memcpy                                        
000062bd  __aeabi_memcpy4                                       
000062bd  __aeabi_memcpy8                                       
000064ef  __aeabi_memset                                        
000064ef  __aeabi_memset4                                       
000064ef  __aeabi_memset8                                       
00006dcd  __aeabi_ui2d                                          
000056bd  __aeabi_uldivmod                                      
ffffffff  __binit__                                             
ffffffff  __c_args__                                            
0000286b  __mpu_init                                            
2000fe00  __stack                                               
00006e3d  _args_main                                            
00006a35  _c_int00                                              
00006f5c  _ctypes_                                              
20003298  _ftable                                               
20003424  _g_bme280_data                                        
20003440  _lock                                                 
00006eb7  _nop                                                  
00006eaf  _register_lock                                        
00006ea9  _register_unlock                                      
00003ddf  _system_post_cinit                                    
00006f57  _system_pre_init                                      
20003444  _unlock                                               
00006a8d  abort                                                 
000060c1  adc_init                                              
0000615b  adc_start_sample                                      
0000446d  altitude_compensated_pressure_inchHg                  
00006add  atoi                                                  
00007158  auw_hamm                                              
ffffffff  binit                                                 
00002a11  ble_check_connection                                  
0000294b  ble_send_data                                         
200028c8  bme280                                                
00000471  bme280_compensate_humidity_int32                      
0000052d  bme280_compensate_humidity_int32_sixteen_bit_output   
000002e9  bme280_compensate_pressure_int32                      
000001e7  bme280_compensate_temperature_int32                   
0000025f  bme280_compensate_temperature_int32_sixteen_bit_output
000016a7  bme280_compute_wait_time                              
00000647  bme280_get_calib_param                                
000010fb  bme280_get_filter                                     
00001465  bme280_get_forced_uncomp_pressure_temperature_humidity
00000b5f  bme280_get_oversamp_humidity                          
000009ab  bme280_get_oversamp_pressure                          
000007e9  bme280_get_oversamp_temperature                       
00000d4d  bme280_get_power_mode                                 
00000f4d  bme280_get_spi3                                       
000012b1  bme280_get_standby_durn                               
000000e5  bme280_init                                           
000005e7  bme280_read_pressure_temperature_humidity             
00001661  bme280_read_register                                  
0000041b  bme280_read_uncomp_humidity                           
00000289  bme280_read_uncomp_pressure                           
00000555  bme280_read_uncomp_pressure_temperature_humidity      
00000187  bme280_read_uncomp_temperature                        
000048c5  bme280_sensor_init                                    
00001151  bme280_set_filter                                     
00000bb9  bme280_set_oversamp_humidity                          
00000a07  bme280_set_oversamp_pressure                          
00000845  bme280_set_oversamp_temperature                       
00000da1  bme280_set_power_mode                                 
00000f0d  bme280_set_soft_rst                                   
00000f9b  bme280_set_spi3                                       
00001301  bme280_set_standby_durn                               
0000161b  bme280_write_register                                 
00002c61  calculate_hr_avg                                      
20002934  ch_hr_valid                                           
20002935  ch_spo2_valid                                         
000061e3  clk_init                                              
00006b29  copy_in                                               
00006ebd  copysign                                              
00006ebd  copysignl                                             
00006c05  debug_init                                            
20003448  errno                                                 
00006a95  exit                                                  
00006859  fputc                                                 
00006877  fputs                                                 
000068bd  frexp                                                 
000068bd  frexpl                                                
200033a8  gIrRedCount                                           
20003394  g_adcSamplingPeriod                                   
20003391  g_adc_state                                           
20000fa0  g_aun_ir_buffer                                       
20001770  g_aun_red_buffer                                      
200033b8  g_ble_connect_state                                   
200033b9  g_ble_state                                           
20003390  g_bme280_flag                                         
2000338c  g_bme280_get_data_count                               
200033b0  g_check_connection_count                              
200033a0  g_curADCResult                                        
200033b4  g_data_send_interval_count                            
200033a7  g_hr_spo2_state                                       
200033a6  g_lis3dh_flag                                         
200033a4  g_lis3dh_interval                                     
200033ac  g_ms_timeout                                          
20002938  g_rr_buff                                             
2000339c  g_rr_cal_signal                                       
2000339a  g_rr_sample_count                                     
20003398  g_rr_state                                            
20002de8  g_rr_temp_buff                                        
20002700  g_rx_buff                                             
20003404  g_sensor_data                                         
20003388  g_ticks                                               
0000498b  get_bme280_values                                     
00000000  interruptVectors                                      
00005fc5  ldexp                                                 
00005fc5  ldexpl                                                
00005325  lis3dh_getRange                                       
000052d1  lis3dh_init                                           
000053dd  lis3dh_readNormalizedData                             
00005343  lis3dh_readRawData                                    
000052ef  lis3dh_setRange                                       
000069dd  ltoa                                                  
00002ded  main                                                  
2000344c  main_func_sp                                          
00003b1b  maxim_find_peaks                                      
0000341d  maxim_heart_rate_and_oxygen_saturation                
000058f5  maxim_max30102_init                                   
00005995  maxim_max30102_read_fifo                              
000058d5  maxim_max30102_read_reg                               
00005a5f  maxim_max30102_reset                                  
000058b1  maxim_max30102_write_reg                              
00003b5f  maxim_peaks_above_min_height                          
00003c31  maxim_remove_close_peaks                              
00003ceb  maxim_sort_ascend                                     
00003d61  maxim_sort_indices_descend                            
00002b39  maxrefdes117_init                                     
00006ded  memccpy                                               
000062bd  memcpy                                                
000064f5  memset                                                
2000291c  n_heart_rate                                          
20002920  n_sp02                                                
20002924  p_bme280                                              
00006651  printf                                                
00005269  r_reg                                                 
20002904  regData                                               
00005671  return_UARTA2_rx_ptr                                  
00007196  rr_auw_hamm                                           
00003efd  rr_diff_btw_4pt_MA                                    
00003e37  rr_diff_from_mean                                     
00003de1  rr_find_mean                                          
00003e77  rr_four_pt_MA                                         
00003fb3  rr_hamming_window                                     
00004093  rr_maxim_find_peaks                                   
000040d7  rr_maxim_peaks_above_min_height                       
00004197  rr_maxim_remove_close_peaks                           
00004255  rr_maxim_sort_ascend                                  
000042c3  rr_maxim_sort_indices_descend                         
00004389  rr_myPeakCounter                                      
00004341  rr_peak_locations                                     
000043f9  rr_scaled_hamming_window                              
0000402d  rr_threshold_calc                                     
00003f53  rr_two_pt_MA                                          
00005fc5  scalbn                                                
00005fc5  scalbnl                                               
00005677  set_UARTA2_rx_ptr                                     
00005c29  spi_init                                              
00005c69  spi_transfer                                          
00005ccb  spi_transfer16                                        
00006921  sprintf                                               
00006e6b  strchr                                                
00006ed1  strlen                                                
00006c7d  strstr                                                
0000699d  systick_delay_ms                                      
00006981  systick_init                                          
0000551d  uartA0_init                                           
000055c1  uartA0_read_rx_buff                                   
20002928  uartA0_rx_buff                                        
20002930  uartA0_rx_buff_len                                    
20003454  uartA0_rx_ptr                                         
00006d65  uartA0_tx                                             
000054d9  uartA0_tx_bytes                                       
0000549d  uartA0_tx_str                                         
0000556f  uartA2_init                                           
000055e3  uartA2_read_rx_buff                                   
2000292c  uartA2_rx_buff                                        
20002932  uartA2_rx_buff_len                                    
20003456  uartA2_rx_ptr                                         
00006d89  uartA2_tx                                             
000054fb  uartA2_tx_bytes                                       
000054bb  uartA2_tx_str                                         
0000721c  uartConfig                                            
0000705d  uch_spo2_table                                        
000052a1  w_reg                                                 


GLOBAL SYMBOLS: SORTED BY Symbol Address 

address   name                                                  
-------   ----                                                  
00000000  __TI_static_base__                                    
00000000  interruptVectors                                      
000000e5  bme280_init                                           
00000187  bme280_read_uncomp_temperature                        
000001e7  bme280_compensate_temperature_int32                   
00000200  __STACK_SIZE                                          
0000025f  bme280_compensate_temperature_int32_sixteen_bit_output
00000289  bme280_read_uncomp_pressure                           
000002e9  bme280_compensate_pressure_int32                      
0000041b  bme280_read_uncomp_humidity                           
00000471  bme280_compensate_humidity_int32                      
0000052d  bme280_compensate_humidity_int32_sixteen_bit_output   
00000555  bme280_read_uncomp_pressure_temperature_humidity      
000005e7  bme280_read_pressure_temperature_humidity             
00000647  bme280_get_calib_param                                
000007e9  bme280_get_oversamp_temperature                       
00000845  bme280_set_oversamp_temperature                       
000009ab  bme280_get_oversamp_pressure                          
00000a07  bme280_set_oversamp_pressure                          
00000b5f  bme280_get_oversamp_humidity                          
00000bb9  bme280_set_oversamp_humidity                          
00000d4d  bme280_get_power_mode                                 
00000da1  bme280_set_power_mode                                 
00000f0d  bme280_set_soft_rst                                   
00000f4d  bme280_get_spi3                                       
00000f9b  bme280_set_spi3                                       
000010fb  bme280_get_filter                                     
00001151  bme280_set_filter                                     
000012b1  bme280_get_standby_durn                               
00001301  bme280_set_standby_durn                               
00001465  bme280_get_forced_uncomp_pressure_temperature_humidity
0000161b  bme280_write_register                                 
00001661  bme280_read_register                                  
000016a7  bme280_compute_wait_time                              
00001f71  __TI_printfi                                          
0000286b  __mpu_init                                            
0000294b  ble_send_data                                         
00002a11  ble_check_connection                                  
00002a61  SysTick_Handler                                       
00002a61  SysTick_Handler                                       
00002b39  maxrefdes117_init                                     
00002c61  calculate_hr_avg                                      
00002ded  main                                                  
000031f1  ADC14_IRQHandler                                      
000031f1  ADC14_IRQHandler                                      
000032b5  PORT4_IRQHandler                                      
000032b5  PORT4_IRQHandler                                      
0000341d  maxim_heart_rate_and_oxygen_saturation                
00003b1b  maxim_find_peaks                                      
00003b5f  maxim_peaks_above_min_height                          
00003c31  maxim_remove_close_peaks                              
00003ceb  maxim_sort_ascend                                     
00003d61  maxim_sort_indices_descend                            
00003ddf  _system_post_cinit                                    
00003de1  rr_find_mean                                          
00003e37  rr_diff_from_mean                                     
00003e77  rr_four_pt_MA                                         
00003efd  rr_diff_btw_4pt_MA                                    
00003f53  rr_two_pt_MA                                          
00003fb3  rr_hamming_window                                     
0000402d  rr_threshold_calc                                     
00004093  rr_maxim_find_peaks                                   
000040d7  rr_maxim_peaks_above_min_height                       
00004197  rr_maxim_remove_close_peaks                           
00004255  rr_maxim_sort_ascend                                  
000042c3  rr_maxim_sort_indices_descend                         
00004341  rr_peak_locations                                     
00004389  rr_myPeakCounter                                      
000043f9  rr_scaled_hamming_window                              
0000446d  altitude_compensated_pressure_inchHg                  
000044a5  BME280_I2C_bus_write                                  
00004689  BME280_I2C_bus_read                                   
000048a3  I2C_routine                                           
000048c5  bme280_sensor_init                                    
0000498b  get_bme280_values                                     
00004add  I2C_Init                                              
00004b23  I2C_bus_read                                          
00004d39  I2C_bus_write                                         
00004f3d  SystemCoreClockUpdate                                 
000051b1  SystemInit                                            
00005269  r_reg                                                 
000052a1  w_reg                                                 
000052d1  lis3dh_init                                           
000052ef  lis3dh_setRange                                       
00005325  lis3dh_getRange                                       
00005343  lis3dh_readRawData                                    
000053dd  lis3dh_readNormalizedData                             
0000549d  uartA0_tx_str                                         
000054bb  uartA2_tx_str                                         
000054d9  uartA0_tx_bytes                                       
000054fb  uartA2_tx_bytes                                       
0000551d  uartA0_init                                           
0000556f  uartA2_init                                           
000055c1  uartA0_read_rx_buff                                   
000055e3  uartA2_read_rx_buff                                   
00005605  EUSCIA0_IRQHandler                                    
00005605  EUSCIA0_IRQHandler                                    
0000563b  EUSCIA2_IRQHandler                                    
0000563b  EUSCIA2_IRQHandler                                    
00005671  return_UARTA2_rx_ptr                                  
00005677  set_UARTA2_rx_ptr                                     
000056bd  __aeabi_uldivmod                                      
000058b1  maxim_max30102_write_reg                              
000058d5  maxim_max30102_read_reg                               
000058f5  maxim_max30102_init                                   
00005995  maxim_max30102_read_fifo                              
00005a5f  maxim_max30102_reset                                  
00005a73  __aeabi_dsub                                          
00005a7d  __aeabi_dadd                                          
00005c29  spi_init                                              
00005c69  spi_transfer                                          
00005ccb  spi_transfer16                                        
00005d91  __aeabi_ddiv                                          
00005ec7  __aeabi_dmul                                          
00005fc5  ldexp                                                 
00005fc5  ldexpl                                                
00005fc5  scalbn                                                
00005fc5  scalbnl                                               
000060c1  adc_init                                              
0000615b  adc_start_sample                                      
000061e3  clk_init                                              
00006221  CS_startHFXTWithTimeout                               
000062bd  __aeabi_memcpy                                        
000062bd  __aeabi_memcpy4                                       
000062bd  __aeabi_memcpy8                                       
000062bd  memcpy                                                
00006359  SPI_initMaster                                        
000063e1  __aeabi_cdcmpeq                                       
000063e1  __aeabi_cdcmple                                       
00006467  __aeabi_cdrcmple                                      
000064ed  __aeabi_memclr                                        
000064ed  __aeabi_memclr4                                       
000064ed  __aeabi_memclr8                                       
000064ef  __aeabi_memset                                        
000064ef  __aeabi_memset4                                       
000064ef  __aeabi_memset8                                       
000064f5  memset                                                
000065d9  __TI_auto_init                                        
00006651  printf                                                
000066b9  __aeabi_d2f                                           
00006727  __TI_decompress_lzss                                  
00006791  I2C1_Init                                             
000067f5  Interrupt_enableInterrupt                             
00006859  fputc                                                 
00006877  fputs                                                 
000068bd  frexp                                                 
000068bd  frexpl                                                
00006921  sprintf                                               
00006981  systick_init                                          
0000699d  systick_delay_ms                                      
000069dd  ltoa                                                  
00006a35  _c_int00                                              
00006a89  C$$EXIT                                               
00006a8d  abort                                                 
00006a95  exit                                                  
00006add  atoi                                                  
00006b29  copy_in                                               
00006b75  GPIO_setAsPeripheralModuleFunctionInputPin            
00006bbd  __aeabi_d2iz                                          
00006c05  debug_init                                            
00006c45  __aeabi_f2d                                           
00006c7d  strstr                                                
00006cb1  GPIO_setAsInputPinWithPullUpResistor                  
00006d11  __aeabi_i2d                                           
00006d41  GPIO_setAsOutputPin                                   
00006d65  uartA0_tx                                             
00006d89  uartA2_tx                                             
00006dad  GPIO_interruptEdgeSelect                              
00006dcd  __aeabi_ui2d                                          
00006ded  memccpy                                               
00006e09  SPI_enableModule                                      
00006e25  GPIO_setOutputLowOnPin                                
00006e3d  _args_main                                            
00006e55  UART_enableInterrupt                                  
00006e6b  strchr                                                
00006e81  CS_setExternalClockSourceFrequency                    
00006e95  GPIO_setOutputHighOnPin                               
00006ea9  _register_unlock                                      
00006eaf  _register_lock                                        
00006eb7  _nop                                                  
00006ebd  copysign                                              
00006ebd  copysignl                                             
00006ed1  strlen                                                
00006ee5  SysCtl_disableNMISource                               
00006ef5  SysCtl_enableNMISource                                
00006f05  __TI_decompress_none                                  
00006f13  Reset_Handler                                         
00006f1f  AES256_IRQHandler                                     
00006f1f  BusFault_Handler                                      
00006f1f  COMP_E0_IRQHandler                                    
00006f1f  COMP_E1_IRQHandler                                    
00006f1f  CS_IRQHandler                                         
00006f1f  DMA_ERR_IRQHandler                                    
00006f1f  DMA_INT0_IRQHandler                                   
00006f1f  DMA_INT1_IRQHandler                                   
00006f1f  DMA_INT2_IRQHandler                                   
00006f1f  DMA_INT3_IRQHandler                                   
00006f1f  DebugMon_Handler                                      
00006f1f  Default_Handler                                       
00006f1f  EUSCIA1_IRQHandler                                    
00006f1f  EUSCIA3_IRQHandler                                    
00006f1f  EUSCIB0_IRQHandler                                    
00006f1f  EUSCIB1_IRQHandler                                    
00006f1f  EUSCIB2_IRQHandler                                    
00006f1f  EUSCIB3_IRQHandler                                    
00006f1f  FLCTL_IRQHandler                                      
00006f1f  FPU_IRQHandler                                        
00006f1f  HardFault_Handler                                     
00006f1f  MemManage_Handler                                     
00006f1f  NMI_Handler                                           
00006f1f  PCM_IRQHandler                                        
00006f1f  PORT1_IRQHandler                                      
00006f1f  PORT2_IRQHandler                                      
00006f1f  PORT3_IRQHandler                                      
00006f1f  PORT5_IRQHandler                                      
00006f1f  PORT6_IRQHandler                                      
00006f1f  PSS_IRQHandler                                        
00006f1f  PendSV_Handler                                        
00006f1f  RTC_C_IRQHandler                                      
00006f1f  SVC_Handler                                           
00006f1f  T32_INT1_IRQHandler                                   
00006f1f  T32_INT2_IRQHandler                                   
00006f1f  T32_INTC_IRQHandler                                   
00006f1f  TA0_0_IRQHandler                                      
00006f1f  TA0_N_IRQHandler                                      
00006f1f  TA1_0_IRQHandler                                      
00006f1f  TA1_N_IRQHandler                                      
00006f1f  TA2_0_IRQHandler                                      
00006f1f  TA2_N_IRQHandler                                      
00006f1f  TA3_0_IRQHandler                                      
00006f1f  TA3_N_IRQHandler                                      
00006f1f  UsageFault_Handler                                    
00006f1f  WDT_A_IRQHandler                                      
00006f21  EUSCI_A_SPI_enable                                    
00006f2d  EUSCI_B_SPI_enable                                    
00006f39  SysCtl_getNMISourceStatus                             
00006f45  __TI_zero_init                                        
00006f51  CS_startHFXT                                          
00006f57  _system_pre_init                                      
00006f5c  _ctypes_                                              
0000705d  uch_spo2_table                                        
00007158  auw_hamm                                              
00007196  rr_auw_hamm                                           
0000721c  uartConfig                                            
000072d8  __TI_Handler_Table_Base                               
000072e4  __TI_Handler_Table_Limit                              
000072f0  __TI_CINIT_Base                                       
00007300  __TI_CINIT_Limit                                      
20000fa0  g_aun_ir_buffer                                       
20001770  g_aun_red_buffer                                      
20002700  g_rx_buff                                             
200028c8  bme280                                                
20002904  regData                                               
2000291c  n_heart_rate                                          
20002920  n_sp02                                                
20002924  p_bme280                                              
20002928  uartA0_rx_buff                                        
2000292c  uartA2_rx_buff                                        
20002930  uartA0_rx_buff_len                                    
20002932  uartA2_rx_buff_len                                    
20002934  ch_hr_valid                                           
20002935  ch_spo2_valid                                         
20002938  g_rr_buff                                             
20002de8  g_rr_temp_buff                                        
20003298  _ftable                                               
20003388  g_ticks                                               
2000338c  g_bme280_get_data_count                               
20003390  g_bme280_flag                                         
20003391  g_adc_state                                           
20003394  g_adcSamplingPeriod                                   
20003398  g_rr_state                                            
2000339a  g_rr_sample_count                                     
2000339c  g_rr_cal_signal                                       
200033a0  g_curADCResult                                        
200033a4  g_lis3dh_interval                                     
200033a6  g_lis3dh_flag                                         
200033a7  g_hr_spo2_state                                       
200033a8  gIrRedCount                                           
200033ac  g_ms_timeout                                          
200033b0  g_check_connection_count                              
200033b4  g_data_send_interval_count                            
200033b8  g_ble_connect_state                                   
200033b9  g_ble_state                                           
20003404  g_sensor_data                                         
20003424  _g_bme280_data                                        
20003434  __TI_cleanup_ptr                                      
20003438  __TI_dtors_ptr                                        
2000343c  __TI_enable_exit_profile_output                       
20003440  _lock                                                 
20003444  _unlock                                               
20003448  errno                                                 
2000344c  main_func_sp                                          
20003450  SystemCoreClock                                       
20003454  uartA0_rx_ptr                                         
20003456  uartA2_rx_ptr                                         
2000fe00  __stack                                               
20010000  __STACK_END                                           
4000480c  WDTCTL_SYM                                            
ffffffff  __TI_pprof_out_hndl                                   
ffffffff  __TI_prof_data_size                                   
ffffffff  __TI_prof_data_start                                  
ffffffff  __binit__                                             
ffffffff  __c_args__                                            
ffffffff  binit                                                 
UNDEFED   SHT$$INIT_ARRAY$$Base                                 
UNDEFED   SHT$$INIT_ARRAY$$Limit                                

[306 symbols]
