<?xml version="1.0"?>
<link_info>
   <banner>TI ARM Linker PC v16.9.0.LTS</banner>
   <copyright>Copyright (c) 1996-2015 Texas Instruments Incorporated</copyright>
   <link_time>0x5a1b4232</link_time>
   <link_errors>0x0</link_errors>
   <output_file>FinalProject_copy2.out</output_file>
   <entry_point>
      <name>_c_int00</name>
      <address>0x70e9</address>
   </entry_point>
   <input_file_list>
      <input_file id="fl-2">
         <path>.\</path>
         <kind>object</kind>
         <file>I2C0.obj</file>
         <name>I2C0.obj</name>
      </input_file>
      <input_file id="fl-3">
         <path>.\</path>
         <kind>object</kind>
         <file>I2C1.obj</file>
         <name>I2C1.obj</name>
      </input_file>
      <input_file id="fl-4">
         <path>.\</path>
         <kind>object</kind>
         <file>MAX30102.obj</file>
         <name>MAX30102.obj</name>
      </input_file>
      <input_file id="fl-5">
         <path>.\</path>
         <kind>object</kind>
         <file>RRAlgorithm.obj</file>
         <name>RRAlgorithm.obj</name>
      </input_file>
      <input_file id="fl-6">
         <path>.\</path>
         <kind>object</kind>
         <file>adc.obj</file>
         <name>adc.obj</name>
      </input_file>
      <input_file id="fl-7">
         <path>.\</path>
         <kind>object</kind>
         <file>adxl345.obj</file>
         <name>adxl345.obj</name>
      </input_file>
      <input_file id="fl-8">
         <path>.\</path>
         <kind>object</kind>
         <file>algorithm.obj</file>
         <name>algorithm.obj</name>
      </input_file>
      <input_file id="fl-9">
         <path>.\</path>
         <kind>object</kind>
         <file>bme280.obj</file>
         <name>bme280.obj</name>
      </input_file>
      <input_file id="fl-a">
         <path>.\</path>
         <kind>object</kind>
         <file>bme280_sensor.obj</file>
         <name>bme280_sensor.obj</name>
      </input_file>
      <input_file id="fl-b">
         <path>.\</path>
         <kind>object</kind>
         <file>clk.obj</file>
         <name>clk.obj</name>
      </input_file>
      <input_file id="fl-c">
         <path>.\</path>
         <kind>object</kind>
         <file>debug.obj</file>
         <name>debug.obj</name>
      </input_file>
      <input_file id="fl-d">
         <path>.\</path>
         <kind>object</kind>
         <file>main.obj</file>
         <name>main.obj</name>
      </input_file>
      <input_file id="fl-e">
         <path>.\</path>
         <kind>object</kind>
         <file>msp432_spi.obj</file>
         <name>msp432_spi.obj</name>
      </input_file>
      <input_file id="fl-f">
         <path>.\</path>
         <kind>object</kind>
         <file>printfOverride.obj</file>
         <name>printfOverride.obj</name>
      </input_file>
      <input_file id="fl-10">
         <path>.\</path>
         <kind>object</kind>
         <file>startup_msp432p401r_ccs.obj</file>
         <name>startup_msp432p401r_ccs.obj</name>
      </input_file>
      <input_file id="fl-11">
         <path>.\</path>
         <kind>object</kind>
         <file>system_msp432p401r.obj</file>
         <name>system_msp432p401r.obj</name>
      </input_file>
      <input_file id="fl-12">
         <path>.\</path>
         <kind>object</kind>
         <file>systick.obj</file>
         <name>systick.obj</name>
      </input_file>
      <input_file id="fl-13">
         <path>.\</path>
         <kind>object</kind>
         <file>uart.obj</file>
         <name>uart.obj</name>
      </input_file>
      <input_file id="fl-ce">
         <path>C:\ti\ccsv7\tools\compiler\ti-cgt-arm_16.9.0.LTS\lib\</path>
         <kind>archive</kind>
         <file>rtsv7M4_T_le_v4SPD16_eabi.lib</file>
         <name>boot.obj</name>
      </input_file>
      <input_file id="fl-cf">
         <path>C:\ti\ccsv7\tools\compiler\ti-cgt-arm_16.9.0.LTS\lib\</path>
         <kind>archive</kind>
         <file>rtsv7M4_T_le_v4SPD16_eabi.lib</file>
         <name>copy_decompress_lzss.obj</name>
      </input_file>
      <input_file id="fl-d0">
         <path>C:\ti\ccsv7\tools\compiler\ti-cgt-arm_16.9.0.LTS\lib\</path>
         <kind>archive</kind>
         <file>rtsv7M4_T_le_v4SPD16_eabi.lib</file>
         <name>copy_decompress_none.obj</name>
      </input_file>
      <input_file id="fl-d1">
         <path>C:\ti\ccsv7\tools\compiler\ti-cgt-arm_16.9.0.LTS\lib\</path>
         <kind>archive</kind>
         <file>rtsv7M4_T_le_v4SPD16_eabi.lib</file>
         <name>copy_zero_init.obj</name>
      </input_file>
      <input_file id="fl-d2">
         <path>C:\ti\ccsv7\tools\compiler\ti-cgt-arm_16.9.0.LTS\lib\</path>
         <kind>archive</kind>
         <file>rtsv7M4_T_le_v4SPD16_eabi.lib</file>
         <name>exit.obj</name>
      </input_file>
      <input_file id="fl-d3">
         <path>C:\ti\ccsv7\tools\compiler\ti-cgt-arm_16.9.0.LTS\lib\</path>
         <kind>archive</kind>
         <file>rtsv7M4_T_le_v4SPD16_eabi.lib</file>
         <name>fd_add_t2.obj</name>
      </input_file>
      <input_file id="fl-d4">
         <path>C:\ti\ccsv7\tools\compiler\ti-cgt-arm_16.9.0.LTS\lib\</path>
         <kind>archive</kind>
         <file>rtsv7M4_T_le_v4SPD16_eabi.lib</file>
         <name>fd_cmp_t2.obj</name>
      </input_file>
      <input_file id="fl-d5">
         <path>C:\ti\ccsv7\tools\compiler\ti-cgt-arm_16.9.0.LTS\lib\</path>
         <kind>archive</kind>
         <file>rtsv7M4_T_le_v4SPD16_eabi.lib</file>
         <name>fd_div_t2.obj</name>
      </input_file>
      <input_file id="fl-d6">
         <path>C:\ti\ccsv7\tools\compiler\ti-cgt-arm_16.9.0.LTS\lib\</path>
         <kind>archive</kind>
         <file>rtsv7M4_T_le_v4SPD16_eabi.lib</file>
         <name>fd_mul_t2.obj</name>
      </input_file>
      <input_file id="fl-d7">
         <path>C:\ti\ccsv7\tools\compiler\ti-cgt-arm_16.9.0.LTS\lib\</path>
         <kind>archive</kind>
         <file>rtsv7M4_T_le_v4SPD16_eabi.lib</file>
         <name>fd_tos_t2.obj</name>
      </input_file>
      <input_file id="fl-d8">
         <path>C:\ti\ccsv7\tools\compiler\ti-cgt-arm_16.9.0.LTS\lib\</path>
         <kind>archive</kind>
         <file>rtsv7M4_T_le_v4SPD16_eabi.lib</file>
         <name>fd_tou_t2.obj</name>
      </input_file>
      <input_file id="fl-d9">
         <path>C:\ti\ccsv7\tools\compiler\ti-cgt-arm_16.9.0.LTS\lib\</path>
         <kind>archive</kind>
         <file>rtsv7M4_T_le_v4SPD16_eabi.lib</file>
         <name>fs_tod_t2.obj</name>
      </input_file>
      <input_file id="fl-da">
         <path>C:\ti\ccsv7\tools\compiler\ti-cgt-arm_16.9.0.LTS\lib\</path>
         <kind>archive</kind>
         <file>rtsv7M4_T_le_v4SPD16_eabi.lib</file>
         <name>i_tofd_t2.obj</name>
      </input_file>
      <input_file id="fl-db">
         <path>C:\ti\ccsv7\tools\compiler\ti-cgt-arm_16.9.0.LTS\lib\</path>
         <kind>archive</kind>
         <file>rtsv7M4_T_le_v4SPD16_eabi.lib</file>
         <name>memcpy_t2.obj</name>
      </input_file>
      <input_file id="fl-dc">
         <path>C:\ti\ccsv7\tools\compiler\ti-cgt-arm_16.9.0.LTS\lib\</path>
         <kind>archive</kind>
         <file>rtsv7M4_T_le_v4SPD16_eabi.lib</file>
         <name>memset_t2.obj</name>
      </input_file>
      <input_file id="fl-dd">
         <path>C:\ti\ccsv7\tools\compiler\ti-cgt-arm_16.9.0.LTS\lib\</path>
         <kind>archive</kind>
         <file>rtsv7M4_T_le_v4SPD16_eabi.lib</file>
         <name>mpu_init.obj</name>
      </input_file>
      <input_file id="fl-de">
         <path>C:\ti\ccsv7\tools\compiler\ti-cgt-arm_16.9.0.LTS\lib\</path>
         <kind>archive</kind>
         <file>rtsv7M4_T_le_v4SPD16_eabi.lib</file>
         <name>pre_init.obj</name>
      </input_file>
      <input_file id="fl-df">
         <path>C:\ti\ccsv7\tools\compiler\ti-cgt-arm_16.9.0.LTS\lib\</path>
         <kind>archive</kind>
         <file>rtsv7M4_T_le_v4SPD16_eabi.lib</file>
         <name>printf.obj</name>
      </input_file>
      <input_file id="fl-e0">
         <path>C:\ti\ccsv7\tools\compiler\ti-cgt-arm_16.9.0.LTS\lib\</path>
         <kind>archive</kind>
         <file>rtsv7M4_T_le_v4SPD16_eabi.lib</file>
         <name>sprintf.obj</name>
      </input_file>
      <input_file id="fl-e1">
         <path>C:\ti\ccsv7\tools\compiler\ti-cgt-arm_16.9.0.LTS\lib\</path>
         <kind>archive</kind>
         <file>rtsv7M4_T_le_v4SPD16_eabi.lib</file>
         <name>stkdepth_vars.obj</name>
      </input_file>
      <input_file id="fl-e2">
         <path>C:\ti\ccsv7\tools\compiler\ti-cgt-arm_16.9.0.LTS\lib\</path>
         <kind>archive</kind>
         <file>rtsv7M4_T_le_v4SPD16_eabi.lib</file>
         <name>strcpy.obj</name>
      </input_file>
      <input_file id="fl-e3">
         <path>C:\ti\ccsv7\tools\compiler\ti-cgt-arm_16.9.0.LTS\lib\</path>
         <kind>archive</kind>
         <file>rtsv7M4_T_le_v4SPD16_eabi.lib</file>
         <name>strlen.obj</name>
      </input_file>
      <input_file id="fl-e4">
         <path>C:\ti\ccsv7\tools\compiler\ti-cgt-arm_16.9.0.LTS\lib\</path>
         <kind>archive</kind>
         <file>rtsv7M4_T_le_v4SPD16_eabi.lib</file>
         <name>strstr.obj</name>
      </input_file>
      <input_file id="fl-e5">
         <path>C:\ti\ccsv7\tools\compiler\ti-cgt-arm_16.9.0.LTS\lib\</path>
         <kind>archive</kind>
         <file>rtsv7M4_T_le_v4SPD16_eabi.lib</file>
         <name>u_tofd_t2.obj</name>
      </input_file>
      <input_file id="fl-e6">
         <path>C:\ti\ccsv7\tools\compiler\ti-cgt-arm_16.9.0.LTS\lib\</path>
         <kind>archive</kind>
         <file>rtsv7M4_T_le_v4SPD16_eabi.lib</file>
         <name>_lock.obj</name>
      </input_file>
      <input_file id="fl-e7">
         <path>C:\ti\ccsv7\tools\compiler\ti-cgt-arm_16.9.0.LTS\lib\</path>
         <kind>archive</kind>
         <file>rtsv7M4_T_le_v4SPD16_eabi.lib</file>
         <name>_printfi.obj</name>
      </input_file>
      <input_file id="fl-e8">
         <path>C:\ti\ccsv7\tools\compiler\ti-cgt-arm_16.9.0.LTS\lib\</path>
         <kind>archive</kind>
         <file>rtsv7M4_T_le_v4SPD16_eabi.lib</file>
         <name>args_main.obj</name>
      </input_file>
      <input_file id="fl-e9">
         <path>C:\ti\ccsv7\tools\compiler\ti-cgt-arm_16.9.0.LTS\lib\</path>
         <kind>archive</kind>
         <file>rtsv7M4_T_le_v4SPD16_eabi.lib</file>
         <name>atoi.obj</name>
      </input_file>
      <input_file id="fl-ea">
         <path>C:\ti\ccsv7\tools\compiler\ti-cgt-arm_16.9.0.LTS\lib\</path>
         <kind>archive</kind>
         <file>rtsv7M4_T_le_v4SPD16_eabi.lib</file>
         <name>autoinit.obj</name>
      </input_file>
      <input_file id="fl-eb">
         <path>C:\ti\ccsv7\tools\compiler\ti-cgt-arm_16.9.0.LTS\lib\</path>
         <kind>archive</kind>
         <file>rtsv7M4_T_le_v4SPD16_eabi.lib</file>
         <name>cpy_tbl.obj</name>
      </input_file>
      <input_file id="fl-ec">
         <path>C:\ti\ccsv7\tools\compiler\ti-cgt-arm_16.9.0.LTS\lib\</path>
         <kind>archive</kind>
         <file>rtsv7M4_T_le_v4SPD16_eabi.lib</file>
         <name>ctype.obj</name>
      </input_file>
      <input_file id="fl-ed">
         <path>C:\ti\ccsv7\tools\compiler\ti-cgt-arm_16.9.0.LTS\lib\</path>
         <kind>archive</kind>
         <file>rtsv7M4_T_le_v4SPD16_eabi.lib</file>
         <name>defs.obj</name>
      </input_file>
      <input_file id="fl-ee">
         <path>C:\ti\ccsv7\tools\compiler\ti-cgt-arm_16.9.0.LTS\lib\</path>
         <kind>archive</kind>
         <file>rtsv7M4_T_le_v4SPD16_eabi.lib</file>
         <name>fd_toi_t2.obj</name>
      </input_file>
      <input_file id="fl-ef">
         <path>C:\ti\ccsv7\tools\compiler\ti-cgt-arm_16.9.0.LTS\lib\</path>
         <kind>archive</kind>
         <file>rtsv7M4_T_le_v4SPD16_eabi.lib</file>
         <name>ltoa.obj</name>
      </input_file>
      <input_file id="fl-f0">
         <path>C:\ti\ccsv7\tools\compiler\ti-cgt-arm_16.9.0.LTS\lib\</path>
         <kind>archive</kind>
         <file>rtsv7M4_T_le_v4SPD16_eabi.lib</file>
         <name>memccpy.obj</name>
      </input_file>
      <input_file id="fl-f1">
         <path>C:\ti\ccsv7\tools\compiler\ti-cgt-arm_16.9.0.LTS\lib\</path>
         <kind>archive</kind>
         <file>rtsv7M4_T_le_v4SPD16_eabi.lib</file>
         <name>s_frexp.obj</name>
      </input_file>
      <input_file id="fl-f2">
         <path>C:\ti\ccsv7\tools\compiler\ti-cgt-arm_16.9.0.LTS\lib\</path>
         <kind>archive</kind>
         <file>rtsv7M4_T_le_v4SPD16_eabi.lib</file>
         <name>s_scalbn.obj</name>
      </input_file>
      <input_file id="fl-f3">
         <path>C:\ti\ccsv7\tools\compiler\ti-cgt-arm_16.9.0.LTS\lib\</path>
         <kind>archive</kind>
         <file>rtsv7M4_T_le_v4SPD16_eabi.lib</file>
         <name>startup.obj</name>
      </input_file>
      <input_file id="fl-f4">
         <path>C:\ti\ccsv7\tools\compiler\ti-cgt-arm_16.9.0.LTS\lib\</path>
         <kind>archive</kind>
         <file>rtsv7M4_T_le_v4SPD16_eabi.lib</file>
         <name>strchr.obj</name>
      </input_file>
      <input_file id="fl-f5">
         <path>C:\ti\ccsv7\tools\compiler\ti-cgt-arm_16.9.0.LTS\lib\</path>
         <kind>archive</kind>
         <file>rtsv7M4_T_le_v4SPD16_eabi.lib</file>
         <name>ull_div_t2.obj</name>
      </input_file>
      <input_file id="fl-f6">
         <path>C:\ti\ccsv7\tools\compiler\ti-cgt-arm_16.9.0.LTS\lib\</path>
         <kind>archive</kind>
         <file>rtsv7M4_T_le_v4SPD16_eabi.lib</file>
         <name>errno.obj</name>
      </input_file>
      <input_file id="fl-f7">
         <path>C:\ti\ccsv7\tools\compiler\ti-cgt-arm_16.9.0.LTS\lib\</path>
         <kind>archive</kind>
         <file>rtsv7M4_T_le_v4SPD16_eabi.lib</file>
         <name>s_copysign.obj</name>
      </input_file>
      <input_file id="fl-f8">
         <path>C:\ti\msp\MSP432Ware_3_50_00_02\driverlib\driverlib\MSP432P4xx\ccs\</path>
         <kind>archive</kind>
         <file>msp432p4xx_driverlib.lib</file>
         <name>cs.o</name>
      </input_file>
      <input_file id="fl-f9">
         <path>C:\ti\msp\MSP432Ware_3_50_00_02\driverlib\driverlib\MSP432P4xx\ccs\</path>
         <kind>archive</kind>
         <file>msp432p4xx_driverlib.lib</file>
         <name>gpio.o</name>
      </input_file>
      <input_file id="fl-fa">
         <path>C:\ti\msp\MSP432Ware_3_50_00_02\driverlib\driverlib\MSP432P4xx\ccs\</path>
         <kind>archive</kind>
         <file>msp432p4xx_driverlib.lib</file>
         <name>interrupt.o</name>
      </input_file>
      <input_file id="fl-fb">
         <path>C:\ti\msp\MSP432Ware_3_50_00_02\driverlib\driverlib\MSP432P4xx\ccs\</path>
         <kind>archive</kind>
         <file>msp432p4xx_driverlib.lib</file>
         <name>spi.o</name>
      </input_file>
      <input_file id="fl-fc">
         <path>C:\ti\msp\MSP432Ware_3_50_00_02\driverlib\driverlib\MSP432P4xx\ccs\</path>
         <kind>archive</kind>
         <file>msp432p4xx_driverlib.lib</file>
         <name>sysctl.o</name>
      </input_file>
      <input_file id="fl-fd">
         <path>C:\ti\msp\MSP432Ware_3_50_00_02\driverlib\driverlib\MSP432P4xx\ccs\</path>
         <kind>archive</kind>
         <file>msp432p4xx_driverlib.lib</file>
         <name>uart.o</name>
      </input_file>
      <input_file id="fl-fe">
         <path>C:\ti\msp\MSP432Ware_3_50_00_02\driverlib\driverlib\MSP432P4xx\ccs\</path>
         <kind>archive</kind>
         <file>msp432p4xx_driverlib.lib</file>
         <name>cpu.o</name>
      </input_file>
   </input_file_list>
   <object_component_list>
      <object_component id="oc-2c">
         <name>.intvecs:retain</name>
         <load_address>0x0</load_address>
         <run_address>0x0</run_address>
         <size>0xe4</size>
         <input_file_ref idref="fl-10"/>
      </object_component>
      <object_component id="oc-299">
         <name>.text</name>
         <load_address>0xe4</load_address>
         <run_address>0xe4</run_address>
         <size>0x164c</size>
         <input_file_ref idref="fl-9"/>
      </object_component>
      <object_component id="oc-202">
         <name>.text</name>
         <load_address>0x1730</load_address>
         <run_address>0x1730</run_address>
         <size>0x113a</size>
         <input_file_ref idref="fl-e7"/>
      </object_component>
      <object_component id="oc-53">
         <name>.text</name>
         <load_address>0x286a</load_address>
         <run_address>0x286a</run_address>
         <size>0x2</size>
         <input_file_ref idref="fl-dd"/>
      </object_component>
      <object_component id="oc-7b">
         <name>.text</name>
         <load_address>0x286c</load_address>
         <run_address>0x286c</run_address>
         <size>0xcac</size>
         <input_file_ref idref="fl-d"/>
      </object_component>
      <object_component id="oc-ca">
         <name>.text</name>
         <load_address>0x3518</load_address>
         <run_address>0x3518</run_address>
         <size>0xc6c</size>
         <input_file_ref idref="fl-5"/>
      </object_component>
      <object_component id="oc-14b">
         <name>.text</name>
         <load_address>0x4184</load_address>
         <run_address>0x4184</run_address>
         <size>0x9c2</size>
         <input_file_ref idref="fl-8"/>
      </object_component>
      <object_component id="oc-a8">
         <name>.text</name>
         <load_address>0x4b46</load_address>
         <run_address>0x4b46</run_address>
         <size>0x2</size>
         <input_file_ref idref="fl-f3"/>
      </object_component>
      <object_component id="oc-145">
         <name>.text</name>
         <load_address>0x4b48</load_address>
         <run_address>0x4b48</run_address>
         <size>0x670</size>
         <input_file_ref idref="fl-a"/>
      </object_component>
      <object_component id="oc-105">
         <name>.text</name>
         <load_address>0x51b8</load_address>
         <run_address>0x51b8</run_address>
         <size>0x460</size>
         <input_file_ref idref="fl-2"/>
      </object_component>
      <object_component id="oc-bd">
         <name>.text</name>
         <load_address>0x5618</load_address>
         <run_address>0x5618</run_address>
         <size>0x32c</size>
         <input_file_ref idref="fl-11"/>
      </object_component>
      <object_component id="oc-81">
         <name>.text</name>
         <load_address>0x5944</load_address>
         <run_address>0x5944</run_address>
         <size>0x220</size>
         <input_file_ref idref="fl-13"/>
      </object_component>
      <object_component id="oc-11e">
         <name>.text</name>
         <load_address>0x5b64</load_address>
         <run_address>0x5b64</run_address>
         <size>0x20c</size>
         <input_file_ref idref="fl-7"/>
      </object_component>
      <object_component id="oc-300">
         <name>.text</name>
         <load_address>0x5d70</load_address>
         <run_address>0x5d70</run_address>
         <size>0x1f4</size>
         <input_file_ref idref="fl-f5"/>
      </object_component>
      <object_component id="oc-111">
         <name>.text</name>
         <load_address>0x5f64</load_address>
         <run_address>0x5f64</run_address>
         <size>0x1c2</size>
         <input_file_ref idref="fl-4"/>
      </object_component>
      <object_component id="oc-156">
         <name>.text</name>
         <load_address>0x6126</load_address>
         <run_address>0x6126</run_address>
         <size>0x1b6</size>
         <input_file_ref idref="fl-d3"/>
      </object_component>
      <object_component id="oc-118">
         <name>.text</name>
         <load_address>0x62dc</load_address>
         <run_address>0x62dc</run_address>
         <size>0x168</size>
         <input_file_ref idref="fl-e"/>
      </object_component>
      <object_component id="oc-1d3">
         <name>.text</name>
         <load_address>0x6444</load_address>
         <run_address>0x6444</run_address>
         <size>0x136</size>
         <input_file_ref idref="fl-d5"/>
      </object_component>
      <object_component id="oc-151">
         <name>.text</name>
         <load_address>0x657a</load_address>
         <run_address>0x657a</run_address>
         <size>0xfc</size>
         <input_file_ref idref="fl-d6"/>
      </object_component>
      <object_component id="oc-31c">
         <name>.text</name>
         <load_address>0x6678</load_address>
         <run_address>0x6678</run_address>
         <size>0xfc</size>
         <input_file_ref idref="fl-f2"/>
      </object_component>
      <object_component id="oc-13f">
         <name>.text</name>
         <load_address>0x6774</load_address>
         <run_address>0x6774</run_address>
         <size>0xb8</size>
         <input_file_ref idref="fl-6"/>
      </object_component>
      <object_component id="oc-133">
         <name>.text</name>
         <load_address>0x682c</load_address>
         <run_address>0x682c</run_address>
         <size>0xa8</size>
         <input_file_ref idref="fl-b"/>
      </object_component>
      <object_component id="oc-38e">
         <name>.text:CS_startHFXTWithTimeout</name>
         <load_address>0x68d4</load_address>
         <run_address>0x68d4</run_address>
         <size>0x9c</size>
         <input_file_ref idref="fl-f8"/>
      </object_component>
      <object_component id="oc-3b">
         <name>.text</name>
         <load_address>0x6970</load_address>
         <run_address>0x6970</run_address>
         <size>0x9c</size>
         <input_file_ref idref="fl-db"/>
      </object_component>
      <object_component id="oc-25f">
         <name>.text:SPI_initMaster</name>
         <load_address>0x6a0c</load_address>
         <run_address>0x6a0c</run_address>
         <size>0x88</size>
         <input_file_ref idref="fl-fb"/>
      </object_component>
      <object_component id="oc-1dd">
         <name>.text:__aeabi_cdcmple</name>
         <load_address>0x6a94</load_address>
         <run_address>0x6a94</run_address>
         <size>0x86</size>
         <input_file_ref idref="fl-d4"/>
      </object_component>
      <object_component id="oc-1d8">
         <name>.text:__aeabi_cdrcmple</name>
         <load_address>0x6b1a</load_address>
         <run_address>0x6b1a</run_address>
         <size>0x86</size>
         <input_file_ref idref="fl-d4"/>
      </object_component>
      <object_component id="oc-47">
         <name>.text</name>
         <load_address>0x6ba0</load_address>
         <run_address>0x6ba0</run_address>
         <size>0x7a</size>
         <input_file_ref idref="fl-dc"/>
      </object_component>
      <object_component id="oc-3fd">
         <name>.text:_CSGetHFXTFrequency</name>
         <load_address>0x6c1c</load_address>
         <run_address>0x6c1c</run_address>
         <size>0x70</size>
         <input_file_ref idref="fl-f8"/>
      </object_component>
      <object_component id="oc-5f">
         <name>.text</name>
         <load_address>0x6c8c</load_address>
         <run_address>0x6c8c</run_address>
         <size>0x70</size>
         <input_file_ref idref="fl-ea"/>
      </object_component>
      <object_component id="oc-10b">
         <name>.text</name>
         <load_address>0x6cfc</load_address>
         <run_address>0x6cfc</run_address>
         <size>0x70</size>
         <input_file_ref idref="fl-df"/>
      </object_component>
      <object_component id="oc-15b">
         <name>.text</name>
         <load_address>0x6d6c</load_address>
         <run_address>0x6d6c</run_address>
         <size>0x6e</size>
         <input_file_ref idref="fl-d7"/>
      </object_component>
      <object_component id="oc-14">
         <name>.text:decompress:lzss</name>
         <load_address>0x6dda</load_address>
         <run_address>0x6dda</run_address>
         <size>0x68</size>
         <input_file_ref idref="fl-cf"/>
      </object_component>
      <object_component id="oc-293">
         <name>.text</name>
         <load_address>0x6e44</load_address>
         <run_address>0x6e44</run_address>
         <size>0x64</size>
         <input_file_ref idref="fl-3"/>
      </object_component>
      <object_component id="oc-195">
         <name>.text:Interrupt_enableInterrupt</name>
         <load_address>0x6ea8</load_address>
         <run_address>0x6ea8</run_address>
         <size>0x64</size>
         <input_file_ref idref="fl-fa"/>
      </object_component>
      <object_component id="oc-24c">
         <name>.text</name>
         <load_address>0x6f0c</load_address>
         <run_address>0x6f0c</run_address>
         <size>0x64</size>
         <input_file_ref idref="fl-f"/>
      </object_component>
      <object_component id="oc-316">
         <name>.text</name>
         <load_address>0x6f70</load_address>
         <run_address>0x6f70</run_address>
         <size>0x64</size>
         <input_file_ref idref="fl-f1"/>
      </object_component>
      <object_component id="oc-db">
         <name>.text</name>
         <load_address>0x6fd4</load_address>
         <run_address>0x6fd4</run_address>
         <size>0x60</size>
         <input_file_ref idref="fl-e0"/>
      </object_component>
      <object_component id="oc-e1">
         <name>.text</name>
         <load_address>0x7034</load_address>
         <run_address>0x7034</run_address>
         <size>0x5c</size>
         <input_file_ref idref="fl-12"/>
      </object_component>
      <object_component id="oc-310">
         <name>.text</name>
         <load_address>0x7090</load_address>
         <run_address>0x7090</run_address>
         <size>0x56</size>
         <input_file_ref idref="fl-ef"/>
      </object_component>
      <object_component id="oc-26">
         <name>.text</name>
         <load_address>0x70e8</load_address>
         <run_address>0x70e8</run_address>
         <size>0x54</size>
         <input_file_ref idref="fl-ce"/>
      </object_component>
      <object_component id="oc-6b">
         <name>.text</name>
         <load_address>0x713c</load_address>
         <run_address>0x713c</run_address>
         <size>0x54</size>
         <input_file_ref idref="fl-d2"/>
      </object_component>
      <object_component id="oc-328">
         <name>.text</name>
         <load_address>0x7190</load_address>
         <run_address>0x7190</run_address>
         <size>0x4c</size>
         <input_file_ref idref="fl-e9"/>
      </object_component>
      <object_component id="oc-a2">
         <name>.text</name>
         <load_address>0x71dc</load_address>
         <run_address>0x71dc</run_address>
         <size>0x4c</size>
         <input_file_ref idref="fl-eb"/>
      </object_component>
      <object_component id="oc-259">
         <name>.text:GPIO_setAsPeripheralModuleFunctionInputPin</name>
         <load_address>0x7228</load_address>
         <run_address>0x7228</run_address>
         <size>0x48</size>
         <input_file_ref idref="fl-f9"/>
      </object_component>
      <object_component id="oc-30b">
         <name>.text</name>
         <load_address>0x7270</load_address>
         <run_address>0x7270</run_address>
         <size>0x48</size>
         <input_file_ref idref="fl-ee"/>
      </object_component>
      <object_component id="oc-171">
         <name>.text</name>
         <load_address>0x72b8</load_address>
         <run_address>0x72b8</run_address>
         <size>0x44</size>
         <input_file_ref idref="fl-d8"/>
      </object_component>
      <object_component id="oc-139">
         <name>.text</name>
         <load_address>0x72fc</load_address>
         <run_address>0x72fc</run_address>
         <size>0x40</size>
         <input_file_ref idref="fl-c"/>
      </object_component>
      <object_component id="oc-d6">
         <name>.text</name>
         <load_address>0x733c</load_address>
         <run_address>0x733c</run_address>
         <size>0x38</size>
         <input_file_ref idref="fl-d9"/>
      </object_component>
      <object_component id="oc-d0">
         <name>.text</name>
         <load_address>0x7374</load_address>
         <run_address>0x7374</run_address>
         <size>0x34</size>
         <input_file_ref idref="fl-e4"/>
      </object_component>
      <object_component id="oc-f9">
         <name>.text:GPIO_setAsInputPinWithPullUpResistor</name>
         <load_address>0x73a8</load_address>
         <run_address>0x73a8</run_address>
         <size>0x30</size>
         <input_file_ref idref="fl-f9"/>
      </object_component>
      <object_component id="oc-362">
         <name>.text:is_A_Module</name>
         <load_address>0x73d8</load_address>
         <run_address>0x73d8</run_address>
         <size>0x30</size>
         <input_file_ref idref="fl-fb"/>
      </object_component>
      <object_component id="oc-276">
         <name>.text</name>
         <load_address>0x7408</load_address>
         <run_address>0x7408</run_address>
         <size>0x2e</size>
         <input_file_ref idref="fl-da"/>
      </object_component>
      <object_component id="oc-12a">
         <name>.text:GPIO_setAsOutputPin</name>
         <load_address>0x7438</load_address>
         <run_address>0x7438</run_address>
         <size>0x24</size>
         <input_file_ref idref="fl-f9"/>
      </object_component>
      <object_component id="oc-181">
         <name>.text:uartA0_tx</name>
         <load_address>0x745c</load_address>
         <run_address>0x745c</run_address>
         <size>0x24</size>
         <input_file_ref idref="fl-13"/>
      </object_component>
      <object_component id="oc-188">
         <name>.text:uartA2_tx</name>
         <load_address>0x7480</load_address>
         <run_address>0x7480</run_address>
         <size>0x24</size>
         <input_file_ref idref="fl-13"/>
      </object_component>
      <object_component id="oc-ff">
         <name>.text:GPIO_interruptEdgeSelect</name>
         <load_address>0x74a4</load_address>
         <run_address>0x74a4</run_address>
         <size>0x20</size>
         <input_file_ref idref="fl-f9"/>
      </object_component>
      <object_component id="oc-16c">
         <name>.text</name>
         <load_address>0x74c4</load_address>
         <run_address>0x74c4</run_address>
         <size>0x20</size>
         <input_file_ref idref="fl-e5"/>
      </object_component>
      <object_component id="oc-32e">
         <name>.text</name>
         <load_address>0x74e4</load_address>
         <run_address>0x74e4</run_address>
         <size>0x1c</size>
         <input_file_ref idref="fl-f0"/>
      </object_component>
      <object_component id="oc-265">
         <name>.text:SPI_enableModule</name>
         <load_address>0x7500</load_address>
         <run_address>0x7500</run_address>
         <size>0x1a</size>
         <input_file_ref idref="fl-fb"/>
      </object_component>
      <object_component id="oc-124">
         <name>.text:GPIO_setOutputLowOnPin</name>
         <load_address>0x751c</load_address>
         <run_address>0x751c</run_address>
         <size>0x18</size>
         <input_file_ref idref="fl-f9"/>
      </object_component>
      <object_component id="oc-65">
         <name>.text</name>
         <load_address>0x7534</load_address>
         <run_address>0x7534</run_address>
         <size>0x18</size>
         <input_file_ref idref="fl-e8"/>
      </object_component>
      <object_component id="oc-18f">
         <name>.text:UART_enableInterrupt</name>
         <load_address>0x754c</load_address>
         <run_address>0x754c</run_address>
         <size>0x16</size>
         <input_file_ref idref="fl-fd"/>
      </object_component>
      <object_component id="oc-322">
         <name>.text</name>
         <load_address>0x7562</load_address>
         <run_address>0x7562</run_address>
         <size>0x16</size>
         <input_file_ref idref="fl-f4"/>
      </object_component>
      <object_component id="oc-281">
         <name>.text:CS_setExternalClockSourceFrequency</name>
         <load_address>0x7578</load_address>
         <run_address>0x7578</run_address>
         <size>0x14</size>
         <input_file_ref idref="fl-f8"/>
      </object_component>
      <object_component id="oc-270">
         <name>.text:GPIO_setOutputHighOnPin</name>
         <load_address>0x758c</load_address>
         <run_address>0x758c</run_address>
         <size>0x14</size>
         <input_file_ref idref="fl-f9"/>
      </object_component>
      <object_component id="oc-1c1">
         <name>.text</name>
         <load_address>0x75a0</load_address>
         <run_address>0x75a0</run_address>
         <size>0x14</size>
         <input_file_ref idref="fl-e6"/>
      </object_component>
      <object_component id="oc-3c6">
         <name>.text</name>
         <load_address>0x75b4</load_address>
         <run_address>0x75b4</run_address>
         <size>0x14</size>
         <input_file_ref idref="fl-f7"/>
      </object_component>
      <object_component id="oc-c4">
         <name>.text</name>
         <load_address>0x75c8</load_address>
         <run_address>0x75c8</run_address>
         <size>0x14</size>
         <input_file_ref idref="fl-e2"/>
      </object_component>
      <object_component id="oc-305">
         <name>.text</name>
         <load_address>0x75dc</load_address>
         <run_address>0x75dc</run_address>
         <size>0x14</size>
         <input_file_ref idref="fl-e3"/>
      </object_component>
      <object_component id="oc-3f7">
         <name>.text:SysCtl_disableNMISource</name>
         <load_address>0x75f0</load_address>
         <run_address>0x75f0</run_address>
         <size>0x10</size>
         <input_file_ref idref="fl-fc"/>
      </object_component>
      <object_component id="oc-403">
         <name>.text:SysCtl_enableNMISource</name>
         <load_address>0x7600</load_address>
         <run_address>0x7600</run_address>
         <size>0x10</size>
         <input_file_ref idref="fl-fc"/>
      </object_component>
      <object_component id="oc-1a">
         <name>.text:decompress:none</name>
         <load_address>0x7610</load_address>
         <run_address>0x7610</run_address>
         <size>0xe</size>
         <input_file_ref idref="fl-d0"/>
      </object_component>
      <object_component id="oc-75">
         <name>.text</name>
         <load_address>0x761e</load_address>
         <run_address>0x761e</run_address>
         <size>0xe</size>
         <input_file_ref idref="fl-10"/>
      </object_component>
      <object_component id="oc-370">
         <name>.text:EUSCI_A_SPI_enable</name>
         <load_address>0x762c</load_address>
         <run_address>0x762c</run_address>
         <size>0xc</size>
         <input_file_ref idref="fl-fb"/>
      </object_component>
      <object_component id="oc-36a">
         <name>.text:EUSCI_B_SPI_enable</name>
         <load_address>0x7638</load_address>
         <run_address>0x7638</run_address>
         <size>0xc</size>
         <input_file_ref idref="fl-fb"/>
      </object_component>
      <object_component id="oc-3f1">
         <name>.text:SysCtl_getNMISourceStatus</name>
         <load_address>0x7644</load_address>
         <run_address>0x7644</run_address>
         <size>0xc</size>
         <input_file_ref idref="fl-fc"/>
      </object_component>
      <object_component id="oc-20">
         <name>.text:decompress:ZI</name>
         <load_address>0x7650</load_address>
         <run_address>0x7650</run_address>
         <size>0xc</size>
         <input_file_ref idref="fl-d1"/>
      </object_component>
      <object_component id="oc-287">
         <name>.text:CS_startHFXT</name>
         <load_address>0x765c</load_address>
         <run_address>0x765c</run_address>
         <size>0x6</size>
         <input_file_ref idref="fl-f8"/>
      </object_component>
      <object_component id="oc-59">
         <name>.text</name>
         <load_address>0x7662</load_address>
         <run_address>0x7662</run_address>
         <size>0x4</size>
         <input_file_ref idref="fl-de"/>
      </object_component>
      <object_component id="oc-3d3">
         <name>.const:.string:_ctypes_</name>
         <load_address>0x7668</load_address>
         <run_address>0x7668</run_address>
         <size>0x101</size>
         <input_file_ref idref="fl-ec"/>
      </object_component>
      <object_component id="oc-2b6">
         <name>.const:.string:uch_spo2_table</name>
         <load_address>0x7769</load_address>
         <run_address>0x7769</run_address>
         <size>0xb8</size>
         <input_file_ref idref="fl-8"/>
      </object_component>
      <object_component id="oc-2c6">
         <name>.const</name>
         <load_address>0x7824</load_address>
         <run_address>0x7824</run_address>
         <size>0x40</size>
         <input_file_ref idref="fl-fa"/>
      </object_component>
      <object_component id="oc-2b0">
         <name>.const:auw_hamm</name>
         <load_address>0x7864</load_address>
         <run_address>0x7864</run_address>
         <size>0x3e</size>
         <input_file_ref idref="fl-8"/>
      </object_component>
      <object_component id="oc-1e5">
         <name>.const:$P$T0$1</name>
         <load_address>0x78a8</load_address>
         <run_address>0x78a8</run_address>
         <size>0x38</size>
         <input_file_ref idref="fl-5"/>
      </object_component>
      <object_component id="oc-1e8">
         <name>.const:$P$T1$2</name>
         <load_address>0x78e0</load_address>
         <run_address>0x78e0</run_address>
         <size>0x38</size>
         <input_file_ref idref="fl-5"/>
      </object_component>
      <object_component id="oc-1eb">
         <name>.const:$P$T2$3</name>
         <load_address>0x7918</load_address>
         <run_address>0x7918</run_address>
         <size>0x38</size>
         <input_file_ref idref="fl-5"/>
      </object_component>
      <object_component id="oc-1ee">
         <name>.const:$P$T3$4</name>
         <load_address>0x7950</load_address>
         <run_address>0x7950</run_address>
         <size>0x38</size>
         <input_file_ref idref="fl-5"/>
      </object_component>
      <object_component id="oc-1f1">
         <name>.const:$P$T4$5</name>
         <load_address>0x7988</load_address>
         <run_address>0x7988</run_address>
         <size>0x38</size>
         <input_file_ref idref="fl-5"/>
      </object_component>
      <object_component id="oc-1f4">
         <name>.const:$P$T5$6</name>
         <load_address>0x79c0</load_address>
         <run_address>0x79c0</run_address>
         <size>0x38</size>
         <input_file_ref idref="fl-5"/>
      </object_component>
      <object_component id="oc-1f7">
         <name>.const:$P$T6$7</name>
         <load_address>0x79f8</load_address>
         <run_address>0x79f8</run_address>
         <size>0x38</size>
         <input_file_ref idref="fl-5"/>
      </object_component>
      <object_component id="oc-1fa">
         <name>.const:$P$T7$8</name>
         <load_address>0x7a30</load_address>
         <run_address>0x7a30</run_address>
         <size>0x38</size>
         <input_file_ref idref="fl-5"/>
      </object_component>
      <object_component id="oc-f3">
         <name>.const:$P$T0$1</name>
         <load_address>0x7a68</load_address>
         <run_address>0x7a68</run_address>
         <size>0x24</size>
         <input_file_ref idref="fl-d"/>
      </object_component>
      <object_component id="oc-f6">
         <name>.const:$P$T1$2</name>
         <load_address>0x7a8c</load_address>
         <run_address>0x7a8c</run_address>
         <size>0x24</size>
         <input_file_ref idref="fl-d"/>
      </object_component>
      <object_component id="oc-28e">
         <name>.const:uartConfig</name>
         <load_address>0x7ab0</load_address>
         <run_address>0x7ab0</run_address>
         <size>0x24</size>
         <input_file_ref idref="fl-c"/>
      </object_component>
      <object_component id="oc-26b">
         <name>.const:$P$T0$1</name>
         <load_address>0x7ad4</load_address>
         <run_address>0x7ad4</run_address>
         <size>0x1c</size>
         <input_file_ref idref="fl-e"/>
      </object_component>
      <object_component id="oc-452">
         <name>.cinit..data.load</name>
         <load_address>0x7af0</load_address>
         <run_address>0x7af0</run_address>
         <size>0x7a</size>
      </object_component>
      <object_component id="oc-450">
         <name>__TI_handler_table</name>
         <load_address>0x7b6c</load_address>
         <run_address>0x7b6c</run_address>
         <size>0xc</size>
      </object_component>
      <object_component id="oc-453">
         <name>.cinit..bss.load</name>
         <load_address>0x7b78</load_address>
         <run_address>0x7b78</run_address>
         <size>0x8</size>
      </object_component>
      <object_component id="oc-451">
         <name>__TI_cinit_table</name>
         <load_address>0x7b80</load_address>
         <run_address>0x7b80</run_address>
         <size>0x10</size>
      </object_component>
      <object_component id="oc-42d">
         <name>.binit</name>
         <load_address>0x0</load_address>
         <run_address>0x0</run_address>
         <size>0x0</size>
      </object_component>
      <object_component id="oc-1e2">
         <name>.data</name>
         <load_address>0x20003a0c</load_address>
         <run_address>0x20003a0c</run_address>
         <size>0x1</size>
         <input_file_ref idref="fl-5"/>
      </object_component>
      <object_component id="oc-130">
         <name>.data</name>
         <load_address>0x20003930</load_address>
         <run_address>0x20003930</run_address>
         <size>0x4c</size>
         <input_file_ref idref="fl-d"/>
      </object_component>
      <object_component id="oc-e7">
         <name>.data:g_sensor_data</name>
         <load_address>0x200039ac</load_address>
         <run_address>0x200039ac</run_address>
         <size>0x2c</size>
         <input_file_ref idref="fl-d"/>
      </object_component>
      <object_component id="oc-169">
         <name>.data:_g_bme280_data</name>
         <load_address>0x200039d8</load_address>
         <run_address>0x200039d8</run_address>
         <size>0x10</size>
         <input_file_ref idref="fl-d"/>
      </object_component>
      <object_component id="oc-160">
         <name>.data:g_rr_buff</name>
         <load_address>0x20000000</load_address>
         <run_address>0x20000000</run_address>
         <size>0x12c0</size>
         <input_file_ref idref="fl-d"/>
      </object_component>
      <object_component id="oc-ea">
         <name>.data:g_rr_temp_buff</name>
         <load_address>0x20002580</load_address>
         <run_address>0x20002580</run_address>
         <size>0x12c0</size>
         <input_file_ref idref="fl-d"/>
      </object_component>
      <object_component id="oc-ed">
         <name>.data:g_rr_filter_values</name>
         <load_address>0x200012c0</load_address>
         <run_address>0x200012c0</run_address>
         <size>0x12c0</size>
         <input_file_ref idref="fl-d"/>
      </object_component>
      <object_component id="oc-1cd">
         <name>.data</name>
         <load_address>0x20003a04</load_address>
         <run_address>0x20003a04</run_address>
         <size>0x4</size>
         <input_file_ref idref="fl-11"/>
      </object_component>
      <object_component id="oc-1a1">
         <name>.data</name>
         <load_address>0x20003a08</load_address>
         <run_address>0x20003a08</run_address>
         <size>0x4</size>
         <input_file_ref idref="fl-13"/>
      </object_component>
      <object_component id="oc-b2">
         <name>.data:$O1$$</name>
         <load_address>0x200039e8</load_address>
         <run_address>0x200039e8</run_address>
         <size>0xc</size>
         <input_file_ref idref="fl-d2"/>
      </object_component>
      <object_component id="oc-71">
         <name>.data</name>
         <load_address>0x20003a00</load_address>
         <run_address>0x20003a00</run_address>
         <size>0x4</size>
         <input_file_ref idref="fl-e1"/>
      </object_component>
      <object_component id="oc-b5">
         <name>.data:$O1$$</name>
         <load_address>0x200039f4</load_address>
         <run_address>0x200039f4</run_address>
         <size>0x8</size>
         <input_file_ref idref="fl-e6"/>
      </object_component>
      <object_component id="oc-252">
         <name>.data:_ftable</name>
         <load_address>0x20003840</load_address>
         <run_address>0x20003840</run_address>
         <size>0xf0</size>
         <input_file_ref idref="fl-ed"/>
      </object_component>
      <object_component id="oc-3cc">
         <name>.data</name>
         <load_address>0x200039fc</load_address>
         <run_address>0x200039fc</run_address>
         <size>0x4</size>
         <input_file_ref idref="fl-f6"/>
      </object_component>
      <object_component id="oc-244">
         <name>.data:GPIO_PORT_TO_BASE</name>
         <load_address>0x2000397c</load_address>
         <run_address>0x2000397c</run_address>
         <size>0x30</size>
         <input_file_ref idref="fl-f9"/>
      </object_component>
      <object_component id="oc-2ad">
         <name>.bss:an_dx</name>
         <uninitialized>true</uninitialized>
         <run_address>0x20005950</run_address>
         <size>0x7c0</size>
         <input_file_ref idref="fl-8"/>
      </object_component>
      <object_component id="oc-2aa">
         <name>.bss:an_x</name>
         <uninitialized>true</uninitialized>
         <run_address>0x20003a10</run_address>
         <size>0x7d0</size>
         <input_file_ref idref="fl-8"/>
      </object_component>
      <object_component id="oc-2b3">
         <name>.bss:an_y</name>
         <uninitialized>true</uninitialized>
         <run_address>0x200041e0</run_address>
         <size>0x7d0</size>
         <input_file_ref idref="fl-8"/>
      </object_component>
      <object_component id="oc-117">
         <name>.bss:data$3</name>
         <uninitialized>true</uninitialized>
         <run_address>0x20006210</run_address>
         <size>0xc8</size>
         <input_file_ref idref="fl-d"/>
      </object_component>
      <object_component id="oc-2a3">
         <name>.common:regData</name>
         <uninitialized>true</uninitialized>
         <run_address>0x20006314</run_address>
         <size>0x10</size>
      </object_component>
      <object_component id="oc-29f">
         <name>.common:bme280</name>
         <uninitialized>true</uninitialized>
         <run_address>0x200062d8</run_address>
         <size>0x3c</size>
      </object_component>
      <object_component id="oc-2a2">
         <name>.common:p_bme280</name>
         <uninitialized>true</uninitialized>
         <run_address>0x20006334</run_address>
         <size>0x4</size>
      </object_component>
      <object_component id="oc-166">
         <name>.common:g_aun_ir_buffer</name>
         <uninitialized>true</uninitialized>
         <run_address>0x200049b0</run_address>
         <size>0x7d0</size>
      </object_component>
      <object_component id="oc-167">
         <name>.common:g_aun_red_buffer</name>
         <uninitialized>true</uninitialized>
         <run_address>0x20005180</run_address>
         <size>0x7d0</size>
      </object_component>
      <object_component id="oc-168">
         <name>.common:n_sp02</name>
         <uninitialized>true</uninitialized>
         <run_address>0x20006330</run_address>
         <size>0x4</size>
      </object_component>
      <object_component id="oc-163">
         <name>.common:ch_spo2_valid</name>
         <uninitialized>true</uninitialized>
         <run_address>0x20006345</run_address>
         <size>0x1</size>
      </object_component>
      <object_component id="oc-164">
         <name>.common:n_heart_rate</name>
         <uninitialized>true</uninitialized>
         <run_address>0x2000632c</run_address>
         <size>0x4</size>
      </object_component>
      <object_component id="oc-165">
         <name>.common:ch_hr_valid</name>
         <uninitialized>true</uninitialized>
         <run_address>0x20006344</run_address>
         <size>0x1</size>
      </object_component>
      <object_component id="oc-f0">
         <name>.common:g_rx_buff</name>
         <uninitialized>true</uninitialized>
         <run_address>0x20006110</run_address>
         <size>0x100</size>
      </object_component>
      <object_component id="oc-19b">
         <name>.common:uartA0_rx_buff</name>
         <uninitialized>true</uninitialized>
         <run_address>0x20006338</run_address>
         <size>0x4</size>
      </object_component>
      <object_component id="oc-19f">
         <name>.common:uartA2_rx_buff</name>
         <uninitialized>true</uninitialized>
         <run_address>0x2000633c</run_address>
         <size>0x4</size>
      </object_component>
      <object_component id="oc-19e">
         <name>.common:uartA0_rx_buff_len</name>
         <uninitialized>true</uninitialized>
         <run_address>0x20006340</run_address>
         <size>0x2</size>
      </object_component>
      <object_component id="oc-1a0">
         <name>.common:uartA2_rx_buff_len</name>
         <uninitialized>true</uninitialized>
         <run_address>0x20006342</run_address>
         <size>0x2</size>
      </object_component>
      <object_component id="oc-38c">
         <name>.common:hfxtFreq</name>
         <uninitialized>true</uninitialized>
         <run_address>0x20006324</run_address>
         <size>0x4</size>
      </object_component>
      <object_component id="oc-389">
         <name>.common:lfxtFreq</name>
         <uninitialized>true</uninitialized>
         <run_address>0x20006328</run_address>
         <size>0x4</size>
      </object_component>
      <object_component id="oc-2f">
         <name>.stack</name>
         <uninitialized>true</uninitialized>
         <run_address>0x2000fe00</run_address>
         <size>0x0</size>
         <input_file_ref idref="fl-ce"/>
      </object_component>
      <object_component id="oc-454">
         <name>.stack</name>
         <uninitialized>true</uninitialized>
         <run_address>0x2000fe00</run_address>
         <size>0x0</size>
      </object_component>
      <object_component id="oc-24b">
         <name>.debug_info</name>
         <load_address>0x0</load_address>
         <run_address>0x0</run_address>
         <size>0x3d7</size>
         <input_file_ref idref="fl-2"/>
      </object_component>
      <object_component id="oc-106">
         <name>.debug_info</name>
         <load_address>0x3d7</load_address>
         <run_address>0x3d7</run_address>
         <size>0x4f2</size>
         <input_file_ref idref="fl-2"/>
      </object_component>
      <object_component id="oc-227">
         <name>.debug_info</name>
         <load_address>0x8c9</load_address>
         <run_address>0x8c9</run_address>
         <size>0x1055</size>
         <input_file_ref idref="fl-2"/>
      </object_component>
      <object_component id="oc-2cd">
         <name>.debug_info</name>
         <load_address>0x191e</load_address>
         <run_address>0x191e</run_address>
         <size>0x37cd</size>
         <input_file_ref idref="fl-2"/>
      </object_component>
      <object_component id="oc-36">
         <name>.debug_info</name>
         <load_address>0x50eb</load_address>
         <run_address>0x50eb</run_address>
         <size>0x84</size>
         <input_file_ref idref="fl-2"/>
      </object_component>
      <object_component id="oc-17c">
         <name>.debug_info</name>
         <load_address>0x516f</load_address>
         <run_address>0x516f</run_address>
         <size>0x18b</size>
         <input_file_ref idref="fl-2"/>
      </object_component>
      <object_component id="oc-22c">
         <name>.debug_info</name>
         <load_address>0x52fa</load_address>
         <run_address>0x52fa</run_address>
         <size>0x87</size>
         <input_file_ref idref="fl-2"/>
      </object_component>
      <object_component id="oc-297">
         <name>.debug_info</name>
         <load_address>0x5381</load_address>
         <run_address>0x5381</run_address>
         <size>0x10f</size>
         <input_file_ref idref="fl-3"/>
      </object_component>
      <object_component id="oc-258">
         <name>.debug_info</name>
         <load_address>0x5490</load_address>
         <run_address>0x5490</run_address>
         <size>0x439</size>
         <input_file_ref idref="fl-4"/>
      </object_component>
      <object_component id="oc-112">
         <name>.debug_info</name>
         <load_address>0x58c9</load_address>
         <run_address>0x58c9</run_address>
         <size>0x66d</size>
         <input_file_ref idref="fl-4"/>
      </object_component>
      <object_component id="oc-3ec">
         <name>.debug_info</name>
         <load_address>0x5f36</load_address>
         <run_address>0x5f36</run_address>
         <size>0x1b5</size>
         <input_file_ref idref="fl-4"/>
      </object_component>
      <object_component id="oc-177">
         <name>.debug_info</name>
         <load_address>0x60eb</load_address>
         <run_address>0x60eb</run_address>
         <size>0x8b</size>
         <input_file_ref idref="fl-4"/>
      </object_component>
      <object_component id="oc-380">
         <name>.debug_info</name>
         <load_address>0x6176</load_address>
         <run_address>0x6176</run_address>
         <size>0x131</size>
         <input_file_ref idref="fl-4"/>
      </object_component>
      <object_component id="oc-231">
         <name>.debug_info</name>
         <load_address>0x62a7</load_address>
         <run_address>0x62a7</run_address>
         <size>0xee</size>
         <input_file_ref idref="fl-4"/>
      </object_component>
      <object_component id="oc-1fe">
         <name>.debug_info</name>
         <load_address>0x6395</load_address>
         <run_address>0x6395</run_address>
         <size>0x107</size>
         <input_file_ref idref="fl-5"/>
      </object_component>
      <object_component id="oc-1e3">
         <name>.debug_info</name>
         <load_address>0x649c</load_address>
         <run_address>0x649c</run_address>
         <size>0xea</size>
         <input_file_ref idref="fl-5"/>
      </object_component>
      <object_component id="oc-1e6">
         <name>.debug_info</name>
         <load_address>0x6586</load_address>
         <run_address>0x6586</run_address>
         <size>0xe7</size>
         <input_file_ref idref="fl-5"/>
      </object_component>
      <object_component id="oc-1e9">
         <name>.debug_info</name>
         <load_address>0x666d</load_address>
         <run_address>0x666d</run_address>
         <size>0xe7</size>
         <input_file_ref idref="fl-5"/>
      </object_component>
      <object_component id="oc-1ec">
         <name>.debug_info</name>
         <load_address>0x6754</load_address>
         <run_address>0x6754</run_address>
         <size>0xe7</size>
         <input_file_ref idref="fl-5"/>
      </object_component>
      <object_component id="oc-1ef">
         <name>.debug_info</name>
         <load_address>0x683b</load_address>
         <run_address>0x683b</run_address>
         <size>0xe7</size>
         <input_file_ref idref="fl-5"/>
      </object_component>
      <object_component id="oc-1f2">
         <name>.debug_info</name>
         <load_address>0x6922</load_address>
         <run_address>0x6922</run_address>
         <size>0xe7</size>
         <input_file_ref idref="fl-5"/>
      </object_component>
      <object_component id="oc-1f5">
         <name>.debug_info</name>
         <load_address>0x6a09</load_address>
         <run_address>0x6a09</run_address>
         <size>0xe7</size>
         <input_file_ref idref="fl-5"/>
      </object_component>
      <object_component id="oc-1f8">
         <name>.debug_info</name>
         <load_address>0x6af0</load_address>
         <run_address>0x6af0</run_address>
         <size>0xe7</size>
         <input_file_ref idref="fl-5"/>
      </object_component>
      <object_component id="oc-1fb">
         <name>.debug_info</name>
         <load_address>0x6bd7</load_address>
         <run_address>0x6bd7</run_address>
         <size>0xe7</size>
         <input_file_ref idref="fl-5"/>
      </object_component>
      <object_component id="oc-cb">
         <name>.debug_info</name>
         <load_address>0x6cbe</load_address>
         <run_address>0x6cbe</run_address>
         <size>0x11e7</size>
         <input_file_ref idref="fl-5"/>
      </object_component>
      <object_component id="oc-21d">
         <name>.debug_info</name>
         <load_address>0x7ea5</load_address>
         <run_address>0x7ea5</run_address>
         <size>0x48</size>
         <input_file_ref idref="fl-5"/>
      </object_component>
      <object_component id="oc-23b">
         <name>.debug_info</name>
         <load_address>0x7eed</load_address>
         <run_address>0x7eed</run_address>
         <size>0xc8</size>
         <input_file_ref idref="fl-5"/>
      </object_component>
      <object_component id="oc-20a">
         <name>.debug_info</name>
         <load_address>0x7fb5</load_address>
         <run_address>0x7fb5</run_address>
         <size>0x4e</size>
         <input_file_ref idref="fl-5"/>
      </object_component>
      <object_component id="oc-142">
         <name>.debug_info</name>
         <load_address>0x8003</load_address>
         <run_address>0x8003</run_address>
         <size>0x1b6</size>
         <input_file_ref idref="fl-6"/>
      </object_component>
      <object_component id="oc-99">
         <name>.debug_info</name>
         <load_address>0x81b9</load_address>
         <run_address>0x81b9</run_address>
         <size>0x2c</size>
         <input_file_ref idref="fl-6"/>
      </object_component>
      <object_component id="oc-27c">
         <name>.debug_info</name>
         <load_address>0x81e5</load_address>
         <run_address>0x81e5</run_address>
         <size>0x464</size>
         <input_file_ref idref="fl-7"/>
      </object_component>
      <object_component id="oc-11f">
         <name>.debug_info</name>
         <load_address>0x8649</load_address>
         <run_address>0x8649</run_address>
         <size>0x7d5</size>
         <input_file_ref idref="fl-7"/>
      </object_component>
      <object_component id="oc-236">
         <name>.debug_info</name>
         <load_address>0x8e1e</load_address>
         <run_address>0x8e1e</run_address>
         <size>0x101</size>
         <input_file_ref idref="fl-7"/>
      </object_component>
      <object_component id="oc-2ba">
         <name>.debug_info</name>
         <load_address>0x8f1f</load_address>
         <run_address>0x8f1f</run_address>
         <size>0x412</size>
         <input_file_ref idref="fl-8"/>
      </object_component>
      <object_component id="oc-2b1">
         <name>.debug_info</name>
         <load_address>0x9331</load_address>
         <run_address>0x9331</run_address>
         <size>0xe8</size>
         <input_file_ref idref="fl-8"/>
      </object_component>
      <object_component id="oc-2b7">
         <name>.debug_info</name>
         <load_address>0x9419</load_address>
         <run_address>0x9419</run_address>
         <size>0xf4</size>
         <input_file_ref idref="fl-8"/>
      </object_component>
      <object_component id="oc-2ae">
         <name>.debug_info</name>
         <load_address>0x950d</load_address>
         <run_address>0x950d</run_address>
         <size>0xe1</size>
         <input_file_ref idref="fl-8"/>
      </object_component>
      <object_component id="oc-2ab">
         <name>.debug_info</name>
         <load_address>0x95ee</load_address>
         <run_address>0x95ee</run_address>
         <size>0xdf</size>
         <input_file_ref idref="fl-8"/>
      </object_component>
      <object_component id="oc-2b4">
         <name>.debug_info</name>
         <load_address>0x96cd</load_address>
         <run_address>0x96cd</run_address>
         <size>0xdf</size>
         <input_file_ref idref="fl-8"/>
      </object_component>
      <object_component id="oc-14d">
         <name>.debug_info</name>
         <load_address>0x97ac</load_address>
         <run_address>0x97ac</run_address>
         <size>0xd4a</size>
         <input_file_ref idref="fl-8"/>
      </object_component>
      <object_component id="oc-39f">
         <name>.debug_info</name>
         <load_address>0xa4f6</load_address>
         <run_address>0xa4f6</run_address>
         <size>0x182</size>
         <input_file_ref idref="fl-9"/>
      </object_component>
      <object_component id="oc-29b">
         <name>.debug_info</name>
         <load_address>0xa678</load_address>
         <run_address>0xa678</run_address>
         <size>0x3157</size>
         <input_file_ref idref="fl-9"/>
      </object_component>
      <object_component id="oc-39a">
         <name>.debug_info</name>
         <load_address>0xd7cf</load_address>
         <run_address>0xd7cf</run_address>
         <size>0x330</size>
         <input_file_ref idref="fl-9"/>
      </object_component>
      <object_component id="oc-2a0">
         <name>.debug_info</name>
         <load_address>0xdaff</load_address>
         <run_address>0xdaff</run_address>
         <size>0x9ee</size>
         <input_file_ref idref="fl-a"/>
      </object_component>
      <object_component id="oc-146">
         <name>.debug_info</name>
         <load_address>0xe4ed</load_address>
         <run_address>0xe4ed</run_address>
         <size>0xe3b</size>
         <input_file_ref idref="fl-a"/>
      </object_component>
      <object_component id="oc-2a5">
         <name>.debug_info</name>
         <load_address>0xf328</load_address>
         <run_address>0xf328</run_address>
         <size>0x87</size>
         <input_file_ref idref="fl-a"/>
      </object_component>
      <object_component id="oc-3a2">
         <name>.debug_info</name>
         <load_address>0xf3af</load_address>
         <run_address>0xf3af</run_address>
         <size>0x2c8</size>
         <input_file_ref idref="fl-a"/>
      </object_component>
      <object_component id="oc-136">
         <name>.debug_info</name>
         <load_address>0xf677</load_address>
         <run_address>0xf677</run_address>
         <size>0x1e8</size>
         <input_file_ref idref="fl-b"/>
      </object_component>
      <object_component id="oc-397">
         <name>.debug_info</name>
         <load_address>0xf85f</load_address>
         <run_address>0xf85f</run_address>
         <size>0x39f</size>
         <input_file_ref idref="fl-c"/>
      </object_component>
      <object_component id="oc-28f">
         <name>.debug_info</name>
         <load_address>0xfbfe</load_address>
         <run_address>0xfbfe</run_address>
         <size>0xe8</size>
         <input_file_ref idref="fl-c"/>
      </object_component>
      <object_component id="oc-13a">
         <name>.debug_info</name>
         <load_address>0xfce6</load_address>
         <run_address>0xfce6</run_address>
         <size>0x129</size>
         <input_file_ref idref="fl-c"/>
      </object_component>
      <object_component id="oc-f1">
         <name>.debug_info</name>
         <load_address>0xfe0f</load_address>
         <run_address>0xfe0f</run_address>
         <size>0xded</size>
         <input_file_ref idref="fl-d"/>
      </object_component>
      <object_component id="oc-131">
         <name>.debug_info</name>
         <load_address>0x10bfc</load_address>
         <run_address>0x10bfc</run_address>
         <size>0x422</size>
         <input_file_ref idref="fl-d"/>
      </object_component>
      <object_component id="oc-e8">
         <name>.debug_info</name>
         <load_address>0x1101e</load_address>
         <run_address>0x1101e</run_address>
         <size>0xed</size>
         <input_file_ref idref="fl-d"/>
      </object_component>
      <object_component id="oc-16a">
         <name>.debug_info</name>
         <load_address>0x1110b</load_address>
         <run_address>0x1110b</run_address>
         <size>0xef</size>
         <input_file_ref idref="fl-d"/>
      </object_component>
      <object_component id="oc-161">
         <name>.debug_info</name>
         <load_address>0x111fa</load_address>
         <run_address>0x111fa</run_address>
         <size>0xe5</size>
         <input_file_ref idref="fl-d"/>
      </object_component>
      <object_component id="oc-eb">
         <name>.debug_info</name>
         <load_address>0x112df</load_address>
         <run_address>0x112df</run_address>
         <size>0xef</size>
         <input_file_ref idref="fl-d"/>
      </object_component>
      <object_component id="oc-ee">
         <name>.debug_info</name>
         <load_address>0x113ce</load_address>
         <run_address>0x113ce</run_address>
         <size>0xf7</size>
         <input_file_ref idref="fl-d"/>
      </object_component>
      <object_component id="oc-f4">
         <name>.debug_info</name>
         <load_address>0x114c5</load_address>
         <run_address>0x114c5</run_address>
         <size>0xe0</size>
         <input_file_ref idref="fl-d"/>
      </object_component>
      <object_component id="oc-f7">
         <name>.debug_info</name>
         <load_address>0x115a5</load_address>
         <run_address>0x115a5</run_address>
         <size>0xe0</size>
         <input_file_ref idref="fl-d"/>
      </object_component>
      <object_component id="oc-7c">
         <name>.debug_info</name>
         <load_address>0x11685</load_address>
         <run_address>0x11685</run_address>
         <size>0x115c</size>
         <input_file_ref idref="fl-d"/>
      </object_component>
      <object_component id="oc-212">
         <name>.debug_info</name>
         <load_address>0x127e1</load_address>
         <run_address>0x127e1</run_address>
         <size>0x18c</size>
         <input_file_ref idref="fl-d"/>
      </object_component>
      <object_component id="oc-222">
         <name>.debug_info</name>
         <load_address>0x1296d</load_address>
         <run_address>0x1296d</run_address>
         <size>0x37cd</size>
         <input_file_ref idref="fl-d"/>
      </object_component>
      <object_component id="oc-26f">
         <name>.debug_info</name>
         <load_address>0x1613a</load_address>
         <run_address>0x1613a</run_address>
         <size>0x526</size>
         <input_file_ref idref="fl-e"/>
      </object_component>
      <object_component id="oc-26c">
         <name>.debug_info</name>
         <load_address>0x16660</load_address>
         <run_address>0x16660</run_address>
         <size>0xe6</size>
         <input_file_ref idref="fl-e"/>
      </object_component>
      <object_component id="oc-119">
         <name>.debug_info</name>
         <load_address>0x16746</load_address>
         <run_address>0x16746</run_address>
         <size>0x37e</size>
         <input_file_ref idref="fl-e"/>
      </object_component>
      <object_component id="oc-37b">
         <name>.debug_info</name>
         <load_address>0x16ac4</load_address>
         <run_address>0x16ac4</run_address>
         <size>0x37cd</size>
         <input_file_ref idref="fl-e"/>
      </object_component>
      <object_component id="oc-353">
         <name>.debug_info</name>
         <load_address>0x1a291</load_address>
         <run_address>0x1a291</run_address>
         <size>0x415</size>
         <input_file_ref idref="fl-f"/>
      </object_component>
      <object_component id="oc-24e">
         <name>.debug_info</name>
         <load_address>0x1a6a6</load_address>
         <run_address>0x1a6a6</run_address>
         <size>0x203</size>
         <input_file_ref idref="fl-f"/>
      </object_component>
      <object_component id="oc-89">
         <name>.debug_info</name>
         <load_address>0x1a8a9</load_address>
         <run_address>0x1a8a9</run_address>
         <size>0x12e</size>
         <input_file_ref idref="fl-10"/>
      </object_component>
      <object_component id="oc-2d">
         <name>.debug_info</name>
         <load_address>0x1a9d7</load_address>
         <run_address>0x1a9d7</run_address>
         <size>0x106</size>
         <input_file_ref idref="fl-10"/>
      </object_component>
      <object_component id="oc-78">
         <name>.debug_info</name>
         <load_address>0x1aadd</load_address>
         <run_address>0x1aadd</run_address>
         <size>0x1cd</size>
         <input_file_ref idref="fl-10"/>
      </object_component>
      <object_component id="oc-1ce">
         <name>.debug_info</name>
         <load_address>0x1acaa</load_address>
         <run_address>0x1acaa</run_address>
         <size>0xff</size>
         <input_file_ref idref="fl-11"/>
      </object_component>
      <object_component id="oc-be">
         <name>.debug_info</name>
         <load_address>0x1ada9</load_address>
         <run_address>0x1ada9</run_address>
         <size>0x271</size>
         <input_file_ref idref="fl-11"/>
      </object_component>
      <object_component id="oc-e2">
         <name>.debug_info</name>
         <load_address>0x1b01a</load_address>
         <run_address>0x1b01a</run_address>
         <size>0x192</size>
         <input_file_ref idref="fl-12"/>
      </object_component>
      <object_component id="oc-19c">
         <name>.debug_info</name>
         <load_address>0x1b1ac</load_address>
         <run_address>0x1b1ac</run_address>
         <size>0x4f9</size>
         <input_file_ref idref="fl-13"/>
      </object_component>
      <object_component id="oc-1a2">
         <name>.debug_info</name>
         <load_address>0x1b6a5</load_address>
         <run_address>0x1b6a5</run_address>
         <size>0x118</size>
         <input_file_ref idref="fl-13"/>
      </object_component>
      <object_component id="oc-182">
         <name>.debug_info</name>
         <load_address>0x1b7bd</load_address>
         <run_address>0x1b7bd</run_address>
         <size>0x12a</size>
         <input_file_ref idref="fl-13"/>
      </object_component>
      <object_component id="oc-189">
         <name>.debug_info</name>
         <load_address>0x1b8e7</load_address>
         <run_address>0x1b8e7</run_address>
         <size>0x12a</size>
         <input_file_ref idref="fl-13"/>
      </object_component>
      <object_component id="oc-83">
         <name>.debug_info</name>
         <load_address>0x1ba11</load_address>
         <run_address>0x1ba11</run_address>
         <size>0x823</size>
         <input_file_ref idref="fl-13"/>
      </object_component>
      <object_component id="oc-29">
         <name>.debug_info</name>
         <load_address>0x1c234</load_address>
         <run_address>0x1c234</run_address>
         <size>0x160</size>
         <input_file_ref idref="fl-ce"/>
      </object_component>
      <object_component id="oc-8f">
         <name>.debug_info</name>
         <load_address>0x1c394</load_address>
         <run_address>0x1c394</run_address>
         <size>0xf9</size>
         <input_file_ref idref="fl-cf"/>
      </object_component>
      <object_component id="oc-15">
         <name>.debug_info</name>
         <load_address>0x1c48d</load_address>
         <run_address>0x1c48d</run_address>
         <size>0x245</size>
         <input_file_ref idref="fl-cf"/>
      </object_component>
      <object_component id="oc-31">
         <name>.debug_info</name>
         <load_address>0x1c6d2</load_address>
         <run_address>0x1c6d2</run_address>
         <size>0x60</size>
         <input_file_ref idref="fl-cf"/>
      </object_component>
      <object_component id="oc-8a">
         <name>.debug_info</name>
         <load_address>0x1c732</load_address>
         <run_address>0x1c732</run_address>
         <size>0x46</size>
         <input_file_ref idref="fl-cf"/>
      </object_component>
      <object_component id="oc-46">
         <name>.debug_info</name>
         <load_address>0x1c778</load_address>
         <run_address>0x1c778</run_address>
         <size>0x140</size>
         <input_file_ref idref="fl-d0"/>
      </object_component>
      <object_component id="oc-1c">
         <name>.debug_info</name>
         <load_address>0x1c8b8</load_address>
         <run_address>0x1c8b8</run_address>
         <size>0x1df</size>
         <input_file_ref idref="fl-d0"/>
      </object_component>
      <object_component id="oc-41">
         <name>.debug_info</name>
         <load_address>0x1ca97</load_address>
         <run_address>0x1ca97</run_address>
         <size>0x46</size>
         <input_file_ref idref="fl-d0"/>
      </object_component>
      <object_component id="oc-91">
         <name>.debug_info</name>
         <load_address>0x1cadd</load_address>
         <run_address>0x1cadd</run_address>
         <size>0x2c</size>
         <input_file_ref idref="fl-d0"/>
      </object_component>
      <object_component id="oc-52">
         <name>.debug_info</name>
         <load_address>0x1cb09</load_address>
         <run_address>0x1cb09</run_address>
         <size>0x12f</size>
         <input_file_ref idref="fl-d1"/>
      </object_component>
      <object_component id="oc-23">
         <name>.debug_info</name>
         <load_address>0x1cc38</load_address>
         <run_address>0x1cc38</run_address>
         <size>0x1aa</size>
         <input_file_ref idref="fl-d1"/>
      </object_component>
      <object_component id="oc-4d">
         <name>.debug_info</name>
         <load_address>0x1cde2</load_address>
         <run_address>0x1cde2</run_address>
         <size>0x46</size>
         <input_file_ref idref="fl-d1"/>
      </object_component>
      <object_component id="oc-b9">
         <name>.debug_info</name>
         <load_address>0x1ce28</load_address>
         <run_address>0x1ce28</run_address>
         <size>0x234</size>
         <input_file_ref idref="fl-d2"/>
      </object_component>
      <object_component id="oc-b3">
         <name>.debug_info</name>
         <load_address>0x1d05c</load_address>
         <run_address>0x1d05c</run_address>
         <size>0x185</size>
         <input_file_ref idref="fl-d2"/>
      </object_component>
      <object_component id="oc-6c">
         <name>.debug_info</name>
         <load_address>0x1d1e1</load_address>
         <run_address>0x1d1e1</run_address>
         <size>0x214</size>
         <input_file_ref idref="fl-d2"/>
      </object_component>
      <object_component id="oc-157">
         <name>.debug_info</name>
         <load_address>0x1d3f5</load_address>
         <run_address>0x1d3f5</run_address>
         <size>0x144</size>
         <input_file_ref idref="fl-d3"/>
      </object_component>
      <object_component id="oc-1e0">
         <name>.debug_info</name>
         <load_address>0x1d539</load_address>
         <run_address>0x1d539</run_address>
         <size>0x120</size>
         <input_file_ref idref="fl-d4"/>
      </object_component>
      <object_component id="oc-1da">
         <name>.debug_info</name>
         <load_address>0x1d659</load_address>
         <run_address>0x1d659</run_address>
         <size>0x122</size>
         <input_file_ref idref="fl-d4"/>
      </object_component>
      <object_component id="oc-1d4">
         <name>.debug_info</name>
         <load_address>0x1d77b</load_address>
         <run_address>0x1d77b</run_address>
         <size>0x132</size>
         <input_file_ref idref="fl-d5"/>
      </object_component>
      <object_component id="oc-153">
         <name>.debug_info</name>
         <load_address>0x1d8ad</load_address>
         <run_address>0x1d8ad</run_address>
         <size>0x132</size>
         <input_file_ref idref="fl-d6"/>
      </object_component>
      <object_component id="oc-15d">
         <name>.debug_info</name>
         <load_address>0x1d9df</load_address>
         <run_address>0x1d9df</run_address>
         <size>0x136</size>
         <input_file_ref idref="fl-d7"/>
      </object_component>
      <object_component id="oc-172">
         <name>.debug_info</name>
         <load_address>0x1db15</load_address>
         <run_address>0x1db15</run_address>
         <size>0x131</size>
         <input_file_ref idref="fl-d8"/>
      </object_component>
      <object_component id="oc-d9">
         <name>.debug_info</name>
         <load_address>0x1dc46</load_address>
         <run_address>0x1dc46</run_address>
         <size>0x124</size>
         <input_file_ref idref="fl-d9"/>
      </object_component>
      <object_component id="oc-277">
         <name>.debug_info</name>
         <load_address>0x1dd6a</load_address>
         <run_address>0x1dd6a</run_address>
         <size>0x124</size>
         <input_file_ref idref="fl-da"/>
      </object_component>
      <object_component id="oc-3d">
         <name>.debug_info</name>
         <load_address>0x1de8e</load_address>
         <run_address>0x1de8e</run_address>
         <size>0x111</size>
         <input_file_ref idref="fl-db"/>
      </object_component>
      <object_component id="oc-48">
         <name>.debug_info</name>
         <load_address>0x1df9f</load_address>
         <run_address>0x1df9f</run_address>
         <size>0x13f</size>
         <input_file_ref idref="fl-dc"/>
      </object_component>
      <object_component id="oc-54">
         <name>.debug_info</name>
         <load_address>0x1e0de</load_address>
         <run_address>0x1e0de</run_address>
         <size>0x138</size>
         <input_file_ref idref="fl-dd"/>
      </object_component>
      <object_component id="oc-5a">
         <name>.debug_info</name>
         <load_address>0x1e216</load_address>
         <run_address>0x1e216</run_address>
         <size>0x148</size>
         <input_file_ref idref="fl-de"/>
      </object_component>
      <object_component id="oc-256">
         <name>.debug_info</name>
         <load_address>0x1e35e</load_address>
         <run_address>0x1e35e</run_address>
         <size>0x22c</size>
         <input_file_ref idref="fl-df"/>
      </object_component>
      <object_component id="oc-10d">
         <name>.debug_info</name>
         <load_address>0x1e58a</load_address>
         <run_address>0x1e58a</run_address>
         <size>0x284</size>
         <input_file_ref idref="fl-df"/>
      </object_component>
      <object_component id="oc-35a">
         <name>.debug_info</name>
         <load_address>0x1e80e</load_address>
         <run_address>0x1e80e</run_address>
         <size>0xae</size>
         <input_file_ref idref="fl-df"/>
      </object_component>
      <object_component id="oc-209">
         <name>.debug_info</name>
         <load_address>0x1e8bc</load_address>
         <run_address>0x1e8bc</run_address>
         <size>0x1bb</size>
         <input_file_ref idref="fl-e0"/>
      </object_component>
      <object_component id="oc-dc">
         <name>.debug_info</name>
         <load_address>0x1ea77</load_address>
         <run_address>0x1ea77</run_address>
         <size>0x2e4</size>
         <input_file_ref idref="fl-e0"/>
      </object_component>
      <object_component id="oc-340">
         <name>.debug_info</name>
         <load_address>0x1ed5b</load_address>
         <run_address>0x1ed5b</run_address>
         <size>0x2c</size>
         <input_file_ref idref="fl-e0"/>
      </object_component>
      <object_component id="oc-72">
         <name>.debug_info</name>
         <load_address>0x1ed87</load_address>
         <run_address>0x1ed87</run_address>
         <size>0x109</size>
         <input_file_ref idref="fl-e1"/>
      </object_component>
      <object_component id="oc-1d2">
         <name>.debug_info</name>
         <load_address>0x1ee90</load_address>
         <run_address>0x1ee90</run_address>
         <size>0xf0</size>
         <input_file_ref idref="fl-e2"/>
      </object_component>
      <object_component id="oc-c5">
         <name>.debug_info</name>
         <load_address>0x1ef80</load_address>
         <run_address>0x1ef80</run_address>
         <size>0x231</size>
         <input_file_ref idref="fl-e2"/>
      </object_component>
      <object_component id="oc-3bb">
         <name>.debug_info</name>
         <load_address>0x1f1b1</load_address>
         <run_address>0x1f1b1</run_address>
         <size>0xea</size>
         <input_file_ref idref="fl-e3"/>
      </object_component>
      <object_component id="oc-306">
         <name>.debug_info</name>
[...]
         <name>uartA2_tx_str</name>
         <value>0x5963</value>
         <object_component_ref idref="oc-81"/>
      </symbol>
      <symbol id="sm-64e">
         <name>_c_int00</name>
         <value>0x70e9</value>
         <object_component_ref idref="oc-26"/>
      </symbol>
      <symbol id="sm-64f">
         <name>__stack</name>
         <value>0x2000fe00</value>
         <object_component_ref idref="oc-2f"/>
      </symbol>
      <symbol id="sm-66d">
         <name>__TI_decompress_lzss</name>
         <value>0x6ddb</value>
         <object_component_ref idref="oc-14"/>
      </symbol>
      <symbol id="sm-684">
         <name>__TI_decompress_none</name>
         <value>0x7611</value>
         <object_component_ref idref="oc-1a"/>
      </symbol>
      <symbol id="sm-696">
         <name>__TI_zero_init</name>
         <value>0x7651</value>
         <object_component_ref idref="oc-20"/>
      </symbol>
      <symbol id="sm-6b7">
         <name>C$$EXIT</name>
         <value>0x713d</value>
         <object_component_ref idref="oc-6b"/>
      </symbol>
      <symbol id="sm-6b8">
         <name>abort</name>
         <value>0x7141</value>
         <object_component_ref idref="oc-6b"/>
      </symbol>
      <symbol id="sm-6b9">
         <name>exit</name>
         <value>0x7149</value>
         <object_component_ref idref="oc-6b"/>
      </symbol>
      <symbol id="sm-6ba">
         <name>__TI_dtors_ptr</name>
         <value>0x200039ec</value>
         <object_component_ref idref="oc-b2"/>
      </symbol>
      <symbol id="sm-6bb">
         <name>__TI_cleanup_ptr</name>
         <value>0x200039e8</value>
         <object_component_ref idref="oc-b2"/>
      </symbol>
      <symbol id="sm-6bc">
         <name>__TI_enable_exit_profile_output</name>
         <value>0x200039f0</value>
         <object_component_ref idref="oc-b2"/>
      </symbol>
      <symbol id="sm-6d3">
         <name>__aeabi_dsub</name>
         <value>0x6127</value>
         <object_component_ref idref="oc-156"/>
      </symbol>
      <symbol id="sm-6d4">
         <name>__aeabi_dadd</name>
         <value>0x6131</value>
         <object_component_ref idref="oc-156"/>
      </symbol>
      <symbol id="sm-6f6">
         <name>__aeabi_cdcmpeq</name>
         <value>0x6a95</value>
         <object_component_ref idref="oc-1dd"/>
      </symbol>
      <symbol id="sm-6f7">
         <name>__aeabi_cdcmple</name>
         <value>0x6a95</value>
         <object_component_ref idref="oc-1dd"/>
      </symbol>
      <symbol id="sm-6f8">
         <name>__aeabi_cdrcmple</name>
         <value>0x6b1b</value>
         <object_component_ref idref="oc-1d8"/>
      </symbol>
      <symbol id="sm-70c">
         <name>__aeabi_ddiv</name>
         <value>0x6445</value>
         <object_component_ref idref="oc-1d3"/>
      </symbol>
      <symbol id="sm-717">
         <name>__aeabi_dmul</name>
         <value>0x657b</value>
         <object_component_ref idref="oc-151"/>
      </symbol>
      <symbol id="sm-723">
         <name>__aeabi_d2f</name>
         <value>0x6d6d</value>
         <object_component_ref idref="oc-15b"/>
      </symbol>
      <symbol id="sm-72d">
         <name>__aeabi_d2uiz</name>
         <value>0x72b9</value>
         <object_component_ref idref="oc-171"/>
      </symbol>
      <symbol id="sm-738">
         <name>__aeabi_f2d</name>
         <value>0x733d</value>
         <object_component_ref idref="oc-d6"/>
      </symbol>
      <symbol id="sm-742">
         <name>__aeabi_i2d</name>
         <value>0x7409</value>
         <object_component_ref idref="oc-276"/>
      </symbol>
      <symbol id="sm-75d">
         <name>memcpy</name>
         <value>0x6971</value>
         <object_component_ref idref="oc-3b"/>
      </symbol>
      <symbol id="sm-75e">
         <name>__aeabi_memcpy</name>
         <value>0x6971</value>
         <object_component_ref idref="oc-3b"/>
      </symbol>
      <symbol id="sm-75f">
         <name>__aeabi_memcpy8</name>
         <value>0x6971</value>
         <object_component_ref idref="oc-3b"/>
      </symbol>
      <symbol id="sm-760">
         <name>__aeabi_memcpy4</name>
         <value>0x6971</value>
         <object_component_ref idref="oc-3b"/>
      </symbol>
      <symbol id="sm-76f">
         <name>__aeabi_memset</name>
         <value>0x6ba3</value>
         <object_component_ref idref="oc-47"/>
      </symbol>
      <symbol id="sm-770">
         <name>memset</name>
         <value>0x6ba9</value>
         <object_component_ref idref="oc-47"/>
      </symbol>
      <symbol id="sm-771">
         <name>__aeabi_memset8</name>
         <value>0x6ba3</value>
         <object_component_ref idref="oc-47"/>
      </symbol>
      <symbol id="sm-772">
         <name>__aeabi_memset4</name>
         <value>0x6ba3</value>
         <object_component_ref idref="oc-47"/>
      </symbol>
      <symbol id="sm-773">
         <name>__aeabi_memclr8</name>
         <value>0x6ba1</value>
         <object_component_ref idref="oc-47"/>
      </symbol>
      <symbol id="sm-774">
         <name>__aeabi_memclr4</name>
         <value>0x6ba1</value>
         <object_component_ref idref="oc-47"/>
      </symbol>
      <symbol id="sm-775">
         <name>__aeabi_memclr</name>
         <value>0x6ba1</value>
         <object_component_ref idref="oc-47"/>
      </symbol>
      <symbol id="sm-77f">
         <name>__mpu_init</name>
         <value>0x286b</value>
         <object_component_ref idref="oc-53"/>
      </symbol>
      <symbol id="sm-789">
         <name>_system_pre_init</name>
         <value>0x7663</value>
         <object_component_ref idref="oc-59"/>
      </symbol>
      <symbol id="sm-7a7">
         <name>printf</name>
         <value>0x6d05</value>
         <object_component_ref idref="oc-10b"/>
      </symbol>
      <symbol id="sm-7c0">
         <name>sprintf</name>
         <value>0x6fd5</value>
         <object_component_ref idref="oc-db"/>
      </symbol>
      <symbol id="sm-7c8">
         <name>main_func_sp</name>
         <value>0x20003a00</value>
         <object_component_ref idref="oc-71"/>
      </symbol>
      <symbol id="sm-7d6">
         <name>strcpy</name>
         <value>0x75c9</value>
         <object_component_ref idref="oc-c4"/>
      </symbol>
      <symbol id="sm-7e4">
         <name>strlen</name>
         <value>0x75dd</value>
         <object_component_ref idref="oc-305"/>
      </symbol>
      <symbol id="sm-7f7">
         <name>strstr</name>
         <value>0x7375</value>
         <object_component_ref idref="oc-d0"/>
      </symbol>
      <symbol id="sm-801">
         <name>__aeabi_ui2d</name>
         <value>0x74c5</value>
         <object_component_ref idref="oc-16c"/>
      </symbol>
      <symbol id="sm-81a">
         <name>_nop</name>
         <value>0x75af</value>
         <object_component_ref idref="oc-1c1"/>
      </symbol>
      <symbol id="sm-81b">
         <name>_lock</name>
         <value>0x200039f4</value>
         <object_component_ref idref="oc-b5"/>
      </symbol>
      <symbol id="sm-81c">
         <name>_unlock</name>
         <value>0x200039f8</value>
         <object_component_ref idref="oc-b5"/>
      </symbol>
      <symbol id="sm-81d">
         <name>_register_lock</name>
         <value>0x75a7</value>
         <object_component_ref idref="oc-1c1"/>
      </symbol>
      <symbol id="sm-81e">
         <name>_register_unlock</name>
         <value>0x75a1</value>
         <object_component_ref idref="oc-1c1"/>
      </symbol>
      <symbol id="sm-91f">
         <name>__TI_printfi</name>
         <value>0x1f71</value>
         <object_component_ref idref="oc-202"/>
      </symbol>
      <symbol id="sm-933">
         <name>_args_main</name>
         <value>0x7535</value>
         <object_component_ref idref="oc-65"/>
      </symbol>
      <symbol id="sm-949">
         <name>atoi</name>
         <value>0x7191</value>
         <object_component_ref idref="oc-328"/>
      </symbol>
      <symbol id="sm-973">
         <name>__TI_auto_init</name>
         <value>0x6c8d</value>
         <object_component_ref idref="oc-5f"/>
      </symbol>
      <symbol id="sm-98d">
         <name>copy_in</name>
         <value>0x71dd</value>
         <object_component_ref idref="oc-a2"/>
      </symbol>
      <symbol id="sm-998">
         <name>_ctypes_</name>
         <value>0x7668</value>
         <object_component_ref idref="oc-3d3"/>
      </symbol>
      <symbol id="sm-9a4">
         <name>_ftable</name>
         <value>0x20003840</value>
         <object_component_ref idref="oc-252"/>
      </symbol>
      <symbol id="sm-9ae">
         <name>__aeabi_d2iz</name>
         <value>0x7271</value>
         <object_component_ref idref="oc-30b"/>
      </symbol>
      <symbol id="sm-9bd">
         <name>ltoa</name>
         <value>0x7091</value>
         <object_component_ref idref="oc-310"/>
      </symbol>
      <symbol id="sm-9cd">
         <name>memccpy</name>
         <value>0x74e5</value>
         <object_component_ref idref="oc-32e"/>
      </symbol>
      <symbol id="sm-9e8">
         <name>frexpl</name>
         <value>0x6f71</value>
         <object_component_ref idref="oc-316"/>
      </symbol>
      <symbol id="sm-9e9">
         <name>frexp</name>
         <value>0x6f71</value>
         <object_component_ref idref="oc-316"/>
      </symbol>
      <symbol id="sm-a06">
         <name>scalbn</name>
         <value>0x6679</value>
         <object_component_ref idref="oc-31c"/>
      </symbol>
      <symbol id="sm-a07">
         <name>scalbnl</name>
         <value>0x6679</value>
         <object_component_ref idref="oc-31c"/>
      </symbol>
      <symbol id="sm-a08">
         <name>ldexpl</name>
         <value>0x6679</value>
         <object_component_ref idref="oc-31c"/>
      </symbol>
      <symbol id="sm-a09">
         <name>ldexp</name>
         <value>0x6679</value>
         <object_component_ref idref="oc-31c"/>
      </symbol>
      <symbol id="sm-a13">
         <name>_system_post_cinit</name>
         <value>0x4b47</value>
         <object_component_ref idref="oc-a8"/>
      </symbol>
      <symbol id="sm-a23">
         <name>strchr</name>
         <value>0x7563</value>
         <object_component_ref idref="oc-322"/>
      </symbol>
      <symbol id="sm-a3f">
         <name>__aeabi_uldivmod</name>
         <value>0x5d71</value>
         <object_component_ref idref="oc-300"/>
      </symbol>
      <symbol id="sm-a47">
         <name>errno</name>
         <value>0x200039fc</value>
         <object_component_ref idref="oc-3cc"/>
      </symbol>
      <symbol id="sm-a51">
         <name>copysign</name>
         <value>0x75b5</value>
         <object_component_ref idref="oc-3c6"/>
      </symbol>
      <symbol id="sm-a52">
         <name>copysignl</name>
         <value>0x75b5</value>
         <object_component_ref idref="oc-3c6"/>
      </symbol>
      <symbol id="sm-a97">
         <name>CS_startHFXT</name>
         <value>0x765d</value>
         <object_component_ref idref="oc-287"/>
      </symbol>
      <symbol id="sm-a98">
         <name>CS_setExternalClockSourceFrequency</name>
         <value>0x7579</value>
         <object_component_ref idref="oc-281"/>
      </symbol>
      <symbol id="sm-a99">
         <name>CS_startHFXTWithTimeout</name>
         <value>0x68d5</value>
         <object_component_ref idref="oc-38e"/>
      </symbol>
      <symbol id="sm-ae8">
         <name>GPIO_setOutputHighOnPin</name>
         <value>0x758d</value>
         <object_component_ref idref="oc-270"/>
      </symbol>
      <symbol id="sm-ae9">
         <name>GPIO_setAsInputPinWithPullUpResistor</name>
         <value>0x73a9</value>
         <object_component_ref idref="oc-f9"/>
      </symbol>
      <symbol id="sm-aea">
         <name>GPIO_setAsOutputPin</name>
         <value>0x7439</value>
         <object_component_ref idref="oc-12a"/>
      </symbol>
      <symbol id="sm-aeb">
         <name>GPIO_interruptEdgeSelect</name>
         <value>0x74a5</value>
         <object_component_ref idref="oc-ff"/>
      </symbol>
      <symbol id="sm-aec">
         <name>GPIO_setOutputLowOnPin</name>
         <value>0x751d</value>
         <object_component_ref idref="oc-124"/>
      </symbol>
      <symbol id="sm-aed">
         <name>GPIO_setAsPeripheralModuleFunctionInputPin</name>
         <value>0x7229</value>
         <object_component_ref idref="oc-259"/>
      </symbol>
      <symbol id="sm-b14">
         <name>Interrupt_enableInterrupt</name>
         <value>0x6ea9</value>
         <object_component_ref idref="oc-195"/>
      </symbol>
      <symbol id="sm-b4b">
         <name>EUSCI_B_SPI_enable</name>
         <value>0x7639</value>
         <object_component_ref idref="oc-36a"/>
      </symbol>
      <symbol id="sm-b4c">
         <name>SPI_enableModule</name>
         <value>0x7501</value>
         <object_component_ref idref="oc-265"/>
      </symbol>
      <symbol id="sm-b4d">
         <name>EUSCI_A_SPI_enable</name>
         <value>0x762d</value>
         <object_component_ref idref="oc-370"/>
      </symbol>
      <symbol id="sm-b4e">
         <name>SPI_initMaster</name>
         <value>0x6a0d</value>
         <object_component_ref idref="oc-25f"/>
      </symbol>
      <symbol id="sm-b71">
         <name>SysCtl_getNMISourceStatus</name>
         <value>0x7645</value>
         <object_component_ref idref="oc-3f1"/>
      </symbol>
      <symbol id="sm-b72">
         <name>SysCtl_enableNMISource</name>
         <value>0x7601</value>
         <object_component_ref idref="oc-403"/>
      </symbol>
      <symbol id="sm-b73">
         <name>SysCtl_disableNMISource</name>
         <value>0x75f1</value>
         <object_component_ref idref="oc-3f7"/>
      </symbol>
      <symbol id="sm-b80">
         <name>UART_enableInterrupt</name>
         <value>0x754d</value>
         <object_component_ref idref="oc-18f"/>
      </symbol>
      <symbol id="sm-b82">
         <name>__TI_static_base__</name>
         <value>0x0</value>
      </symbol>
      <symbol id="sm-b85">
         <name>SHT$$INIT_ARRAY$$Limit</name>
         <value>0x0</value>
      </symbol>
      <symbol id="sm-b86">
         <name>SHT$$INIT_ARRAY$$Base</name>
         <value>0x0</value>
      </symbol>
      <symbol id="sm-b87">
         <name>NMI_Handler</name>
         <value>0x762b</value>
      </symbol>
      <symbol id="sm-b88">
         <name>HardFault_Handler</name>
         <value>0x762b</value>
      </symbol>
      <symbol id="sm-b89">
         <name>MemManage_Handler</name>
         <value>0x762b</value>
      </symbol>
      <symbol id="sm-b8a">
         <name>BusFault_Handler</name>
         <value>0x762b</value>
      </symbol>
      <symbol id="sm-b8b">
         <name>UsageFault_Handler</name>
         <value>0x762b</value>
      </symbol>
      <symbol id="sm-b8c">
         <name>SVC_Handler</name>
         <value>0x762b</value>
      </symbol>
      <symbol id="sm-b8d">
         <name>DebugMon_Handler</name>
         <value>0x762b</value>
      </symbol>
      <symbol id="sm-b8e">
         <name>PendSV_Handler</name>
         <value>0x762b</value>
      </symbol>
      <symbol id="sm-b8f">
         <name>SysTick_Handler</name>
         <value>0x2b61</value>
      </symbol>
      <symbol id="sm-b90">
         <name>PSS_IRQHandler</name>
         <value>0x762b</value>
      </symbol>
      <symbol id="sm-b91">
         <name>CS_IRQHandler</name>
         <value>0x762b</value>
      </symbol>
      <symbol id="sm-b92">
         <name>PCM_IRQHandler</name>
         <value>0x762b</value>
      </symbol>
      <symbol id="sm-b93">
         <name>WDT_A_IRQHandler</name>
         <value>0x762b</value>
      </symbol>
      <symbol id="sm-b94">
         <name>FPU_IRQHandler</name>
         <value>0x762b</value>
      </symbol>
      <symbol id="sm-b95">
         <name>FLCTL_IRQHandler</name>
         <value>0x762b</value>
      </symbol>
      <symbol id="sm-b96">
         <name>COMP_E0_IRQHandler</name>
         <value>0x762b</value>
      </symbol>
      <symbol id="sm-b97">
         <name>COMP_E1_IRQHandler</name>
         <value>0x762b</value>
      </symbol>
      <symbol id="sm-b98">
         <name>TA0_0_IRQHandler</name>
         <value>0x762b</value>
      </symbol>
      <symbol id="sm-b99">
         <name>TA0_N_IRQHandler</name>
         <value>0x762b</value>
      </symbol>
      <symbol id="sm-b9a">
         <name>TA1_0_IRQHandler</name>
         <value>0x762b</value>
      </symbol>
      <symbol id="sm-b9b">
         <name>TA1_N_IRQHandler</name>
         <value>0x762b</value>
      </symbol>
      <symbol id="sm-b9c">
         <name>TA2_0_IRQHandler</name>
         <value>0x762b</value>
      </symbol>
      <symbol id="sm-b9d">
         <name>TA2_N_IRQHandler</name>
         <value>0x762b</value>
      </symbol>
      <symbol id="sm-b9e">
         <name>TA3_0_IRQHandler</name>
         <value>0x762b</value>
      </symbol>
      <symbol id="sm-b9f">
         <name>TA3_N_IRQHandler</name>
         <value>0x762b</value>
      </symbol>
      <symbol id="sm-ba0">
         <name>EUSCIA0_IRQHandler</name>
         <value>0x5aad</value>
      </symbol>
      <symbol id="sm-ba1">
         <name>EUSCIA1_IRQHandler</name>
         <value>0x762b</value>
      </symbol>
      <symbol id="sm-ba2">
         <name>EUSCIA2_IRQHandler</name>
         <value>0x5ae3</value>
      </symbol>
      <symbol id="sm-ba3">
         <name>EUSCIA3_IRQHandler</name>
         <value>0x762b</value>
      </symbol>
      <symbol id="sm-ba4">
         <name>EUSCIB0_IRQHandler</name>
         <value>0x762b</value>
      </symbol>
      <symbol id="sm-ba5">
         <name>EUSCIB1_IRQHandler</name>
         <value>0x762b</value>
      </symbol>
      <symbol id="sm-ba6">
         <name>EUSCIB2_IRQHandler</name>
         <value>0x762b</value>
      </symbol>
      <symbol id="sm-ba7">
         <name>EUSCIB3_IRQHandler</name>
         <value>0x762b</value>
      </symbol>
      <symbol id="sm-ba8">
         <name>ADC14_IRQHandler</name>
         <value>0x32e1</value>
      </symbol>
      <symbol id="sm-ba9">
         <name>T32_INT1_IRQHandler</name>
         <value>0x762b</value>
      </symbol>
      <symbol id="sm-baa">
         <name>T32_INT2_IRQHandler</name>
         <value>0x762b</value>
      </symbol>
      <symbol id="sm-bab">
         <name>T32_INTC_IRQHandler</name>
         <value>0x762b</value>
      </symbol>
      <symbol id="sm-bac">
         <name>AES256_IRQHandler</name>
         <value>0x762b</value>
      </symbol>
      <symbol id="sm-bad">
         <name>RTC_C_IRQHandler</name>
         <value>0x762b</value>
      </symbol>
      <symbol id="sm-bae">
         <name>DMA_ERR_IRQHandler</name>
         <value>0x762b</value>
      </symbol>
      <symbol id="sm-baf">
         <name>DMA_INT3_IRQHandler</name>
         <value>0x762b</value>
      </symbol>
      <symbol id="sm-bb0">
         <name>DMA_INT2_IRQHandler</name>
         <value>0x762b</value>
      </symbol>
      <symbol id="sm-bb1">
         <name>DMA_INT1_IRQHandler</name>
         <value>0x762b</value>
      </symbol>
      <symbol id="sm-bb2">
         <name>DMA_INT0_IRQHandler</name>
         <value>0x762b</value>
      </symbol>
      <symbol id="sm-bb3">
         <name>PORT1_IRQHandler</name>
         <value>0x762b</value>
      </symbol>
      <symbol id="sm-bb4">
         <name>PORT2_IRQHandler</name>
         <value>0x762b</value>
      </symbol>
      <symbol id="sm-bb5">
         <name>PORT3_IRQHandler</name>
         <value>0x762b</value>
      </symbol>
      <symbol id="sm-bb6">
         <name>PORT4_IRQHandler</name>
         <value>0x33a5</value>
      </symbol>
      <symbol id="sm-bb7">
         <name>PORT5_IRQHandler</name>
         <value>0x762b</value>
      </symbol>
      <symbol id="sm-bb8">
         <name>PORT6_IRQHandler</name>
         <value>0x762b</value>
      </symbol>
   </symbol_table>
   <title>Link successful</title>
</link_info>
