******************************************************************************
                  TI ARM Linker PC v16.9.0                     
******************************************************************************
>> Linked Mon Oct 30 15:21:27 2017

OUTPUT FILE NAME:   <FinalProject.out>
ENTRY POINT SYMBOL: "_c_int00"  address: 000031c1


MEMORY CONFIGURATION

         name            origin    length      used     unused   attr    fill
----------------------  --------  ---------  --------  --------  ----  --------
  MAIN                  00000000   00040000  000037f6  0003c80a  R  X
  INFO                  00200000   00004000  00000000  00004000  R  X
  SRAM_CODE             01000000   00010000  00000e18  0000f1e8  RW X
  SRAM_DATA             20000000   00010000  00000e18  0000f1e8  RW  


SEGMENT ALLOCATION MAP

run origin  load origin   length   init length attrs members
----------  ----------- ---------- ----------- ----- -------
00000000    00000000    000037f8   000037f8    r-x
  00000000    00000000    000000e4   000000e4    r-- .intvecs
  000000e4    000000e4    0000349a   0000349a    r-x .text
  00003580    00003580    000001f0   000001f0    r-- .const
  00003770    00003770    00000088   00000088    r-- .cinit
20000000    20000000    00000c18   00000000    rw-
  20000000    20000000    00000acc   00000000    rw- .data
  20000acc    20000acc    0000014c   00000000    rw- .bss
2000fe00    2000fe00    00000200   00000000    rw-
  2000fe00    2000fe00    00000200   00000000    rw- .stack


SECTION ALLOCATION MAP

 output                                  attributes/
section   page    origin      length       input sections
--------  ----  ----------  ----------   ----------------
.intvecs   0    00000000    000000e4     
                  00000000    000000e4     startup_msp432p401r_ccs.obj (.intvecs:retain)

.binit     0    00000000    00000000     

.text      0    000000e4    0000349a     
                  000000e4    0000113a     rtsv7M4_T_le_v4SPD16_eabi.lib : _printfi.obj (.text)
                  0000121e    00000002                                   : mpu_init.obj (.text)
                  00001220    00000688     RRAlgorithm.obj (.text)
                  000018a8    000004dc     main.obj (.text)
                  00001d84    0000032c     system_msp432p401r.obj (.text)
                  000020b0    00000220     uart.obj (.text)
                  000022d0    000001f4     rtsv7M4_T_le_v4SPD16_eabi.lib : ull_div_t2.obj (.text)
                  000024c4    000001b6                                   : fd_add_t2.obj (.text)
                  0000267a    00000136                                   : fd_div_t2.obj (.text)
                  000027b0    000000fc                                   : fd_mul_t2.obj (.text)
                  000028ac    000000fc                                   : s_scalbn.obj (.text)
                  000029a8    000000b8     adc.obj (.text)
                  00002a60    000000a8     clk.obj (.text)
                  00002b08    0000009c     msp432p4xx_driverlib.lib : cs.o (.text:CS_startHFXTWithTimeout)
                  00002ba4    0000009c     rtsv7M4_T_le_v4SPD16_eabi.lib : memcpy_t2.obj (.text)
                  00002c40    00000086                                   : fd_cmp_t2.obj (.text:__aeabi_cdcmple)
                  00002cc6    00000086                                   : fd_cmp_t2.obj (.text:__aeabi_cdrcmple)
                  00002d4c    0000007a                                   : memset_t2.obj (.text)
                  00002dc6    00000002                                   : startup.obj (.text)
                  00002dc8    00000070     msp432p4xx_driverlib.lib : cs.o (.text:_CSGetHFXTFrequency)
                  00002e38    00000070     rtsv7M4_T_le_v4SPD16_eabi.lib : autoinit.obj (.text)
                  00002ea8    00000070                                   : printf.obj (.text)
                  00002f18    00000068                                   : copy_decompress_lzss.obj (.text:decompress:lzss)
                  00002f80    00000064     msp432p4xx_driverlib.lib : interrupt.o (.text:Interrupt_enableInterrupt)
                  00002fe4    00000064     printfOverride.obj (.text)
                  00003048    00000064     rtsv7M4_T_le_v4SPD16_eabi.lib : s_frexp.obj (.text)
                  000030ac    00000060                                   : sprintf.obj (.text)
                  0000310c    0000005c     systick.obj (.text)
                  00003168    00000056     rtsv7M4_T_le_v4SPD16_eabi.lib : ltoa.obj (.text)
                  000031be    00000002     --HOLE-- [fill = 0]
                  000031c0    00000054                                   : boot.obj (.text)
                  00003214    00000054                                   : exit.obj (.text)
                  00003268    0000004c                                   : atoi.obj (.text)
                  000032b4    0000004c                                   : cpy_tbl.obj (.text)
                  00003300    00000048                                   : fd_toi_t2.obj (.text)
                  00003348    00000040     debug.obj (.text)
                  00003388    00000034     rtsv7M4_T_le_v4SPD16_eabi.lib : strstr.obj (.text)
                  000033bc    0000002e                                   : i_tofd_t2.obj (.text)
                  000033ea    00000002     --HOLE-- [fill = 0]
                  000033ec    00000024     msp432p4xx_driverlib.lib : gpio.o (.text:GPIO_setAsOutputPin)
                  00003410    00000024     uart.obj (.text:uartA0_tx)
                  00003434    00000024     uart.obj (.text:uartA2_tx)
                  00003458    0000001c     rtsv7M4_T_le_v4SPD16_eabi.lib : memccpy.obj (.text)
                  00003474    00000018     msp432p4xx_driverlib.lib : gpio.o (.text:GPIO_setOutputLowOnPin)
                  0000348c    00000018     rtsv7M4_T_le_v4SPD16_eabi.lib : args_main.obj (.text)
                  000034a4    00000016     msp432p4xx_driverlib.lib : uart.o (.text:UART_enableInterrupt)
                  000034ba    00000016     rtsv7M4_T_le_v4SPD16_eabi.lib : strchr.obj (.text)
                  000034d0    00000014     msp432p4xx_driverlib.lib : cs.o (.text:CS_setExternalClockSourceFrequency)
                  000034e4    00000014     rtsv7M4_T_le_v4SPD16_eabi.lib : _lock.obj (.text)
                  000034f8    00000014                                   : s_copysign.obj (.text)
                  0000350c    00000014                                   : strlen.obj (.text)
                  00003520    00000010     msp432p4xx_driverlib.lib : sysctl.o (.text:SysCtl_disableNMISource)
                  00003530    00000010                              : sysctl.o (.text:SysCtl_enableNMISource)
                  00003540    0000000e     rtsv7M4_T_le_v4SPD16_eabi.lib : copy_decompress_none.obj (.text:decompress:none)
                  0000354e    0000000e     startup_msp432p401r_ccs.obj (.text)
                  0000355c    0000000c     msp432p4xx_driverlib.lib : sysctl.o (.text:SysCtl_getNMISourceStatus)
                  00003568    0000000c     rtsv7M4_T_le_v4SPD16_eabi.lib : copy_zero_init.obj (.text:decompress:ZI)
                  00003574    00000006     msp432p4xx_driverlib.lib : cs.o (.text:CS_startHFXT)
                  0000357a    00000004     rtsv7M4_T_le_v4SPD16_eabi.lib : pre_init.obj (.text)

.const     0    00003580    000001f0     
                  00003580    00000101     rtsv7M4_T_le_v4SPD16_eabi.lib : ctype.obj (.const:.string:_ctypes_)
                  00003681    00000003     --HOLE-- [fill = 0]
                  00003684    00000040     msp432p4xx_driverlib.lib : interrupt.o (.const)
                  000036c4    0000003e     RRAlgorithm.obj (.const:auw_hamm)
                  00003702    00000002     --HOLE-- [fill = 0]
                  00003704    00000024     main.obj (.const:$P$T0$1)
                  00003728    00000024     main.obj (.const:$P$T1$2)
                  0000374c    00000024     debug.obj (.const:uartConfig)

.cinit     0    00003770    00000088     
                  00003770    00000063     (.cinit..data.load) [load image, compression = lzss]
                  000037d3    00000001     --HOLE-- [fill = 0]
                  000037d4    0000000c     (__TI_handler_table)
                  000037e0    00000008     (.cinit..bss.load) [load image, compression = zero_init]
                  000037e8    00000010     (__TI_cinit_table)

.init_array 
*          0    00000000    00000000     UNINITIALIZED

.data      0    20000000    00000acc     UNINITIALIZED
                  20000000    000004b0     main.obj (.data:g_rr_buff)
                  200004b0    000004b0     main.obj (.data:g_rr_temp_buff)
                  20000960    000000f0     rtsv7M4_T_le_v4SPD16_eabi.lib : defs.obj (.data:_ftable)
                  20000a50    00000030     msp432p4xx_driverlib.lib : gpio.o (.data:GPIO_PORT_TO_BASE)
                  20000a80    00000028     main.obj (.data)
                  20000aa8    0000000c     rtsv7M4_T_le_v4SPD16_eabi.lib : exit.obj (.data:$O1$$)
                  20000ab4    00000008                                   : _lock.obj (.data:$O1$$)
                  20000abc    00000004                                   : errno.obj (.data)
                  20000ac0    00000004                                   : stkdepth_vars.obj (.data)
                  20000ac4    00000004     system_msp432p401r.obj (.data)
                  20000ac8    00000004     uart.obj (.data)

.bss       0    20000acc    0000014c     UNINITIALIZED
                  20000acc    00000100     (.common:g_rx_buff)
                  20000bcc    00000034     main.obj (.bss:data$3)
                  20000c00    00000004     (.common:g_sensor_data)
                  20000c04    00000004     (.common:hfxtFreq)
                  20000c08    00000004     (.common:lfxtFreq)
                  20000c0c    00000004     (.common:uartA0_rx_buff)
                  20000c10    00000004     (.common:uartA2_rx_buff)
                  20000c14    00000002     (.common:uartA0_rx_buff_len)
                  20000c16    00000002     (.common:uartA2_rx_buff_len)

.stack     0    2000fe00    00000200     UNINITIALIZED
                  2000fe00    00000200     --HOLE--

MODULE SUMMARY

       Module                        code    ro data   rw data
       ------                        ----    -------   -------
    .\
       main.obj                      1244    72        5504   
       RRAlgorithm.obj               1672    62        0      
       system_msp432p401r.obj        812     0         8      
       uart.obj                      616     0         32     
       startup_msp432p401r_ccs.obj   14      228       0      
       adc.obj                       184     0         0      
       clk.obj                       168     0         0      
       debug.obj                     64      36        0      
       printfOverride.obj            100     0         0      
       systick.obj                   92      0         0      
    +--+-----------------------------+-------+---------+---------+
       Total:                        4966    398       5544   
                                                              
    C:/ti/msp/MSP432Ware_3_50_00_02/driverlib/driverlib/MSP432P4xx/ccs/msp432p4xx_driverlib.lib
       cs.o                          294     0         16     
       interrupt.o                   100     64        0      
       gpio.o                        60      0         96     
       sysctl.o                      44      0         0      
       uart.o                        22      0         0      
    +--+-----------------------------+-------+---------+---------+
       Total:                        520     64        112    
                                                              
    C:\ti\ccsv7\tools\compiler\ti-cgt-arm_16.9.0.LTS\lib\rtsv7M4_T_le_v4SPD16_eabi.lib
       _printfi.obj                  4410    0         0      
       ull_div_t2.obj                500     0         0      
       defs.obj                      0       0         480    
       fd_add_t2.obj                 438     0         0      
       fd_div_t2.obj                 310     0         0      
       fd_cmp_t2.obj                 268     0         0      
       ctype.obj                     0       257       0      
       fd_mul_t2.obj                 252     0         0      
       s_scalbn.obj                  252     0         0      
       memcpy_t2.obj                 156     0         0      
       memset_t2.obj                 122     0         0      
       autoinit.obj                  112     0         0      
       printf.obj                    112     0         0      
       exit.obj                      84      0         24     
       copy_decompress_lzss.obj      104     0         0      
       s_frexp.obj                   100     0         0      
       sprintf.obj                   96      0         0      
       ltoa.obj                      86      0         0      
       boot.obj                      84      0         0      
       atoi.obj                      76      0         0      
       cpy_tbl.obj                   76      0         0      
       fd_toi_t2.obj                 72      0         0      
       strstr.obj                    52      0         0      
       i_tofd_t2.obj                 46      0         0      
       _lock.obj                     20      0         16     
       memccpy.obj                   28      0         0      
       args_main.obj                 24      0         0      
       strchr.obj                    22      0         0      
       s_copysign.obj                20      0         0      
       strlen.obj                    20      0         0      
       copy_decompress_none.obj      14      0         0      
       copy_zero_init.obj            12      0         0      
       errno.obj                     0       0         8      
       stkdepth_vars.obj             0       0         8      
       pre_init.obj                  4       0         0      
       mpu_init.obj                  2       0         0      
       startup.obj                   2       0         0      
    +--+-----------------------------+-------+---------+---------+
       Total:                        7976    257       536    
                                                              
       Stack:                        0       0         1024   
       Linker Generated:             0       135       0      
    +--+-----------------------------+-------+---------+---------+
       Grand Total:                  13462   854       7216   


LINKER GENERATED COPY TABLES

__TI_cinit_table @ 000037e8 records: 2, size/record: 8, table size: 16
	.data: load addr=00003770, load size=00000063 bytes, run addr=20000000, run size=00000acc bytes, compression=lzss
	.bss: load addr=000037e0, load size=00000008 bytes, run addr=20000acc, run size=0000014c bytes, compression=zero_init


LINKER GENERATED HANDLER TABLE

__TI_handler_table @ 000037d4 records: 3, size/record: 4, table size: 12
	index: 0, handler: __TI_decompress_lzss
	index: 1, handler: __TI_decompress_none
	index: 2, handler: __TI_zero_init


GLOBAL SYMBOLS: SORTED ALPHABETICALLY BY Name 

address   name                              
-------   ----                              
00001bc5  ADC14_IRQHandler                  
00001bc5  ADC14_IRQHandler                  
0000355b  AES256_IRQHandler                 
0000355b  BusFault_Handler                  
00003215  C$$EXIT                           
0000355b  COMP_E0_IRQHandler                
0000355b  COMP_E1_IRQHandler                
0000355b  CS_IRQHandler                     
000034d1  CS_setExternalClockSourceFrequency
00003575  CS_startHFXT                      
00002b09  CS_startHFXTWithTimeout           
0000355b  DMA_ERR_IRQHandler                
0000355b  DMA_INT0_IRQHandler               
0000355b  DMA_INT1_IRQHandler               
0000355b  DMA_INT2_IRQHandler               
0000355b  DMA_INT3_IRQHandler               
0000355b  DebugMon_Handler                  
0000355b  Default_Handler                   
00002219  EUSCIA0_IRQHandler                
00002219  EUSCIA0_IRQHandler                
0000355b  EUSCIA1_IRQHandler                
0000224f  EUSCIA2_IRQHandler                
0000224f  EUSCIA2_IRQHandler                
0000355b  EUSCIA3_IRQHandler                
0000355b  EUSCIB0_IRQHandler                
0000355b  EUSCIB1_IRQHandler                
0000355b  EUSCIB2_IRQHandler                
0000355b  EUSCIB3_IRQHandler                
0000355b  FLCTL_IRQHandler                  
0000355b  FPU_IRQHandler                    
000033ed  GPIO_setAsOutputPin               
00003475  GPIO_setOutputLowOnPin            
0000355b  HardFault_Handler                 
00002f81  Interrupt_enableInterrupt         
0000355b  MemManage_Handler                 
0000355b  NMI_Handler                       
0000355b  PCM_IRQHandler                    
0000355b  PORT1_IRQHandler                  
0000355b  PORT2_IRQHandler                  
0000355b  PORT3_IRQHandler                  
0000355b  PORT4_IRQHandler                  
0000355b  PORT5_IRQHandler                  
0000355b  PORT6_IRQHandler                  
0000355b  PSS_IRQHandler                    
0000355b  PendSV_Handler                    
0000355b  RTC_C_IRQHandler                  
0000354f  Reset_Handler                     
UNDEFED   SHT$$INIT_ARRAY$$Base             
UNDEFED   SHT$$INIT_ARRAY$$Limit            
0000355b  SVC_Handler                       
00003521  SysCtl_disableNMISource           
00003531  SysCtl_enableNMISource            
0000355d  SysCtl_getNMISourceStatus         
000019bd  SysTick_Handler                   
000019bd  SysTick_Handler                   
20000ac4  SystemCoreClock                   
00001d85  SystemCoreClockUpdate             
00001ff9  SystemInit                        
0000355b  T32_INT1_IRQHandler               
0000355b  T32_INT2_IRQHandler               
0000355b  T32_INTC_IRQHandler               
0000355b  TA0_0_IRQHandler                  
0000355b  TA0_N_IRQHandler                  
0000355b  TA1_0_IRQHandler                  
0000355b  TA1_N_IRQHandler                  
0000355b  TA2_0_IRQHandler                  
0000355b  TA2_N_IRQHandler                  
0000355b  TA3_0_IRQHandler                  
0000355b  TA3_N_IRQHandler                  
000034a5  UART_enableInterrupt              
0000355b  UsageFault_Handler                
4000480c  WDTCTL_SYM                        
0000355b  WDT_A_IRQHandler                  
20010000  __STACK_END                       
00000200  __STACK_SIZE                      
000037e8  __TI_CINIT_Base                   
000037f8  __TI_CINIT_Limit                  
000037d4  __TI_Handler_Table_Base           
000037e0  __TI_Handler_Table_Limit          
00002e39  __TI_auto_init                    
20000aa8  __TI_cleanup_ptr                  
00002f19  __TI_decompress_lzss              
00003541  __TI_decompress_none              
20000aac  __TI_dtors_ptr                    
20000ab0  __TI_enable_exit_profile_output   
ffffffff  __TI_pprof_out_hndl               
00000925  __TI_printfi                      
ffffffff  __TI_prof_data_size               
ffffffff  __TI_prof_data_start              
00000000  __TI_static_base__                
00003569  __TI_zero_init                    
00002c41  __aeabi_cdcmpeq                   
00002c41  __aeabi_cdcmple                   
00002cc7  __aeabi_cdrcmple                  
00003301  __aeabi_d2iz                      
000024cf  __aeabi_dadd                      
0000267b  __aeabi_ddiv                      
000027b1  __aeabi_dmul                      
000024c5  __aeabi_dsub                      
000033bd  __aeabi_i2d                       
00002d4d  __aeabi_memclr                    
00002d4d  __aeabi_memclr4                   
00002d4d  __aeabi_memclr8                   
00002ba5  __aeabi_memcpy                    
00002ba5  __aeabi_memcpy4                   
00002ba5  __aeabi_memcpy8                   
00002d4f  __aeabi_memset                    
00002d4f  __aeabi_memset4                   
00002d4f  __aeabi_memset8                   
000022d1  __aeabi_uldivmod                  
ffffffff  __binit__                         
ffffffff  __c_args__                        
0000121f  __mpu_init                        
2000fe00  __stack                           
0000348d  _args_main                        
000031c1  _c_int00                          
00003580  _ctypes_                          
20000960  _ftable                           
20000ab4  _lock                             
000034f3  _nop                              
000034eb  _register_lock                    
000034e5  _register_unlock                  
00002dc7  _system_post_cinit                
0000357b  _system_pre_init                  
20000ab8  _unlock                           
00003219  abort                             
000029a9  adc_init                          
00002a43  adc_start_sample                  
00003269  atoi                              
000036c4  auw_hamm                          
ffffffff  binit                             
00001929  ble_pins_init                     
00001991  ble_send_data                     
00001977  check_response                    
00002acb  clk_init                          
000032b5  copy_in                           
000034f9  copysign                          
000034f9  copysignl                         
00003349  debug_init                        
0000133d  diff_btw_4pt_MA                   
00001277  diff_from_mean                    
00001951  dummy_uart_init                   
20000abc  errno                             
00003221  exit                              
000012b7  four_pt_MA                        
00002fe5  fputc                             
00003003  fputs                             
00003049  frexp                             
00003049  frexpl                            
20000a84  g_adcSamplingPeriod               
20000a80  g_adc_state                       
20000aa0  g_ble_connect_state               
20000aa1  g_ble_state                       
20000a98  g_check_connection_count          
20000a90  g_curADCResult                    
20000a9c  g_data_send_interval_count        
20000a94  g_ms_timeout                      
20000000  g_rr_buff                         
20000a8c  g_rr_cal_signal                   
20000a8a  g_rr_sample_count                 
20000a88  g_rr_state                        
200004b0  g_rr_temp_buff                    
20000acc  g_rx_buff                         
20000c00  g_sensor_data                     
000013f3  hamming_window                    
00000000  interruptVectors                  
000028ad  ldexp                             
000028ad  ldexpl                            
00003169  ltoa                              
00001a75  main                              
20000ac0  main_func_sp                      
000014cf  maxim_find_peaks                  
00001513  maxim_peaks_above_min_height      
000015d3  maxim_remove_close_peaks          
00001691  maxim_sort_ascend                 
000016ff  maxim_sort_indices_descend        
00003459  memccpy                           
00002ba5  memcpy                            
00002d55  memset                            
000017c5  myPeakCounter                     
0000177d  peak_locations                    
00002eb1  printf                            
00001913  reset_rx_buffer                   
00002285  return_UARTA2_rx_ptr              
00001221  rr_find_mean                      
000028ad  scalbn                            
000028ad  scalbnl                           
00001835  scaled_hamming_window             
0000228b  set_UARTA2_rx_ptr                 
000030ad  sprintf                           
000034bb  strchr                            
0000350d  strlen                            
00003389  strstr                            
00003129  systick_delay_ms                  
0000310d  systick_init                      
0000146d  threshold_calc                    
00001393  two_pt_MA                         
00002131  uartA0_init                       
000021d5  uartA0_read_rx_buff               
20000c0c  uartA0_rx_buff                    
20000c14  uartA0_rx_buff_len                
20000ac8  uartA0_rx_ptr                     
00003411  uartA0_tx                         
000020ed  uartA0_tx_bytes                   
000020b1  uartA0_tx_str                     
00002183  uartA2_init                       
000021f7  uartA2_read_rx_buff               
20000c10  uartA2_rx_buff                    
20000c16  uartA2_rx_buff_len                
20000aca  uartA2_rx_ptr                     
00003435  uartA2_tx                         
0000210f  uartA2_tx_bytes                   
000020cf  uartA2_tx_str                     
0000374c  uartConfig                        


GLOBAL SYMBOLS: SORTED BY Symbol Address 

address   name                              
-------   ----                              
00000000  __TI_static_base__                
00000000  interruptVectors                  
00000200  __STACK_SIZE                      
00000925  __TI_printfi                      
0000121f  __mpu_init                        
00001221  rr_find_mean                      
00001277  diff_from_mean                    
000012b7  four_pt_MA                        
0000133d  diff_btw_4pt_MA                   
00001393  two_pt_MA                         
000013f3  hamming_window                    
0000146d  threshold_calc                    
000014cf  maxim_find_peaks                  
00001513  maxim_peaks_above_min_height      
000015d3  maxim_remove_close_peaks          
00001691  maxim_sort_ascend                 
000016ff  maxim_sort_indices_descend        
0000177d  peak_locations                    
000017c5  myPeakCounter                     
00001835  scaled_hamming_window             
00001913  reset_rx_buffer                   
00001929  ble_pins_init                     
00001951  dummy_uart_init                   
00001977  check_response                    
00001991  ble_send_data                     
000019bd  SysTick_Handler                   
000019bd  SysTick_Handler                   
00001a75  main                              
00001bc5  ADC14_IRQHandler                  
00001bc5  ADC14_IRQHandler                  
00001d85  SystemCoreClockUpdate             
00001ff9  SystemInit                        
000020b1  uartA0_tx_str                     
000020cf  uartA2_tx_str                     
000020ed  uartA0_tx_bytes                   
0000210f  uartA2_tx_bytes                   
00002131  uartA0_init                       
00002183  uartA2_init                       
000021d5  uartA0_read_rx_buff               
000021f7  uartA2_read_rx_buff               
00002219  EUSCIA0_IRQHandler                
00002219  EUSCIA0_IRQHandler                
0000224f  EUSCIA2_IRQHandler                
0000224f  EUSCIA2_IRQHandler                
00002285  return_UARTA2_rx_ptr              
0000228b  set_UARTA2_rx_ptr                 
000022d1  __aeabi_uldivmod                  
000024c5  __aeabi_dsub                      
000024cf  __aeabi_dadd                      
0000267b  __aeabi_ddiv                      
000027b1  __aeabi_dmul                      
000028ad  ldexp                             
000028ad  ldexpl                            
000028ad  scalbn                            
000028ad  scalbnl                           
000029a9  adc_init                          
00002a43  adc_start_sample                  
00002acb  clk_init                          
00002b09  CS_startHFXTWithTimeout           
00002ba5  __aeabi_memcpy                    
00002ba5  __aeabi_memcpy4                   
00002ba5  __aeabi_memcpy8                   
00002ba5  memcpy                            
00002c41  __aeabi_cdcmpeq                   
00002c41  __aeabi_cdcmple                   
00002cc7  __aeabi_cdrcmple                  
00002d4d  __aeabi_memclr                    
00002d4d  __aeabi_memclr4                   
00002d4d  __aeabi_memclr8                   
00002d4f  __aeabi_memset                    
00002d4f  __aeabi_memset4                   
00002d4f  __aeabi_memset8                   
00002d55  memset                            
00002dc7  _system_post_cinit                
00002e39  __TI_auto_init                    
00002eb1  printf                            
00002f19  __TI_decompress_lzss              
00002f81  Interrupt_enableInterrupt         
00002fe5  fputc                             
00003003  fputs                             
00003049  frexp                             
00003049  frexpl                            
000030ad  sprintf                           
0000310d  systick_init                      
00003129  systick_delay_ms                  
00003169  ltoa                              
000031c1  _c_int00                          
00003215  C$$EXIT                           
00003219  abort                             
00003221  exit                              
00003269  atoi                              
000032b5  copy_in                           
00003301  __aeabi_d2iz                      
00003349  debug_init                        
00003389  strstr                            
000033bd  __aeabi_i2d                       
000033ed  GPIO_setAsOutputPin               
00003411  uartA0_tx                         
00003435  uartA2_tx                         
00003459  memccpy                           
00003475  GPIO_setOutputLowOnPin            
0000348d  _args_main                        
000034a5  UART_enableInterrupt              
000034bb  strchr                            
000034d1  CS_setExternalClockSourceFrequency
000034e5  _register_unlock                  
000034eb  _register_lock                    
000034f3  _nop                              
000034f9  copysign                          
000034f9  copysignl                         
0000350d  strlen                            
00003521  SysCtl_disableNMISource           
00003531  SysCtl_enableNMISource            
00003541  __TI_decompress_none              
0000354f  Reset_Handler                     
0000355b  AES256_IRQHandler                 
0000355b  BusFault_Handler                  
0000355b  COMP_E0_IRQHandler                
0000355b  COMP_E1_IRQHandler                
0000355b  CS_IRQHandler                     
0000355b  DMA_ERR_IRQHandler                
0000355b  DMA_INT0_IRQHandler               
0000355b  DMA_INT1_IRQHandler               
0000355b  DMA_INT2_IRQHandler               
0000355b  DMA_INT3_IRQHandler               
0000355b  DebugMon_Handler                  
0000355b  Default_Handler                   
0000355b  EUSCIA1_IRQHandler                
0000355b  EUSCIA3_IRQHandler                
0000355b  EUSCIB0_IRQHandler                
0000355b  EUSCIB1_IRQHandler                
0000355b  EUSCIB2_IRQHandler                
0000355b  EUSCIB3_IRQHandler                
0000355b  FLCTL_IRQHandler                  
0000355b  FPU_IRQHandler                    
0000355b  HardFault_Handler                 
0000355b  MemManage_Handler                 
0000355b  NMI_Handler                       
0000355b  PCM_IRQHandler                    
0000355b  PORT1_IRQHandler                  
0000355b  PORT2_IRQHandler                  
0000355b  PORT3_IRQHandler                  
0000355b  PORT4_IRQHandler                  
0000355b  PORT5_IRQHandler                  
0000355b  PORT6_IRQHandler                  
0000355b  PSS_IRQHandler                    
0000355b  PendSV_Handler                    
0000355b  RTC_C_IRQHandler                  
0000355b  SVC_Handler                       
0000355b  T32_INT1_IRQHandler               
0000355b  T32_INT2_IRQHandler               
0000355b  T32_INTC_IRQHandler               
0000355b  TA0_0_IRQHandler                  
0000355b  TA0_N_IRQHandler                  
0000355b  TA1_0_IRQHandler                  
0000355b  TA1_N_IRQHandler                  
0000355b  TA2_0_IRQHandler                  
0000355b  TA2_N_IRQHandler                  
0000355b  TA3_0_IRQHandler                  
0000355b  TA3_N_IRQHandler                  
0000355b  UsageFault_Handler                
0000355b  WDT_A_IRQHandler                  
0000355d  SysCtl_getNMISourceStatus         
00003569  __TI_zero_init                    
00003575  CS_startHFXT                      
0000357b  _system_pre_init                  
00003580  _ctypes_                          
000036c4  auw_hamm                          
0000374c  uartConfig                        
000037d4  __TI_Handler_Table_Base           
000037e0  __TI_Handler_Table_Limit          
000037e8  __TI_CINIT_Base                   
000037f8  __TI_CINIT_Limit                  
20000000  g_rr_buff                         
200004b0  g_rr_temp_buff                    
20000960  _ftable                           
20000a80  g_adc_state                       
20000a84  g_adcSamplingPeriod               
20000a88  g_rr_state                        
20000a8a  g_rr_sample_count                 
20000a8c  g_rr_cal_signal                   
20000a90  g_curADCResult                    
20000a94  g_ms_timeout                      
20000a98  g_check_connection_count          
20000a9c  g_data_send_interval_count        
20000aa0  g_ble_connect_state               
20000aa1  g_ble_state                       
20000aa8  __TI_cleanup_ptr                  
20000aac  __TI_dtors_ptr                    
20000ab0  __TI_enable_exit_profile_output   
20000ab4  _lock                             
20000ab8  _unlock                           
20000abc  errno                             
20000ac0  main_func_sp                      
20000ac4  SystemCoreClock                   
20000ac8  uartA0_rx_ptr                     
20000aca  uartA2_rx_ptr                     
20000acc  g_rx_buff                         
20000c00  g_sensor_data                     
20000c0c  uartA0_rx_buff                    
20000c10  uartA2_rx_buff                    
20000c14  uartA0_rx_buff_len                
20000c16  uartA2_rx_buff_len                
2000fe00  __stack                           
20010000  __STACK_END                       
4000480c  WDTCTL_SYM                        
ffffffff  __TI_pprof_out_hndl               
ffffffff  __TI_prof_data_size               
ffffffff  __TI_prof_data_start              
ffffffff  __binit__                         
ffffffff  __c_args__                        
ffffffff  binit                             
UNDEFED   SHT$$INIT_ARRAY$$Base             
UNDEFED   SHT$$INIT_ARRAY$$Limit            

[214 symbols]
