******************************************************************************
                  TI ARM Linker PC v16.9.0                     
******************************************************************************
>> Linked Sun Nov 26 17:37:38 2017

OUTPUT FILE NAME:   <FinalProject_copy2.out>
ENTRY POINT SYMBOL: "_c_int00"  address: 000070e9


MEMORY CONFIGURATION

         name            origin    length      used     unused   attr    fill
----------------------  --------  ---------  --------  --------  ----  --------
  MAIN                  00000000   00040000  00007b8e  00038472  R  X
  INFO                  00200000   00004000  00000000  00004000  R  X
  SRAM_CODE             01000000   00010000  00006543  00009abd  RW X
  SRAM_DATA             20000000   00010000  00006543  00009abd  RW  


SEGMENT ALLOCATION MAP

run origin  load origin   length   init length attrs members
----------  ----------- ---------- ----------- ----- -------
00000000    00000000    00007b90   00007b90    r-x
  00000000    00000000    000000e4   000000e4    r-- .intvecs
  000000e4    000000e4    00007582   00007582    r-x .text
  00007668    00007668    00000488   00000488    r-- .const
  00007af0    00007af0    000000a0   000000a0    r-- .cinit
20000000    20000000    00006346   00000000    rw-
  20000000    20000000    00003a0d   00000000    rw- .data
  20003a10    20003a10    00002936   00000000    rw- .bss
2000fe00    2000fe00    00000200   00000000    rw-
  2000fe00    2000fe00    00000200   00000000    rw- .stack


SECTION ALLOCATION MAP

 output                                  attributes/
section   page    origin      length       input sections
--------  ----  ----------  ----------   ----------------
.intvecs   0    00000000    000000e4     
                  00000000    000000e4     startup_msp432p401r_ccs.obj (.intvecs:retain)

.binit     0    00000000    00000000     

.text      0    000000e4    00007582     
                  000000e4    0000164c     bme280.obj (.text)
                  00001730    0000113a     rtsv7M4_T_le_v4SPD16_eabi.lib : _printfi.obj (.text)
                  0000286a    00000002                                   : mpu_init.obj (.text)
                  0000286c    00000cac     main.obj (.text)
                  00003518    00000c6c     RRAlgorithm.obj (.text)
                  00004184    000009c2     algorithm.obj (.text)
                  00004b46    00000002     rtsv7M4_T_le_v4SPD16_eabi.lib : startup.obj (.text)
                  00004b48    00000670     bme280_sensor.obj (.text)
                  000051b8    00000460     I2C0.obj (.text)
                  00005618    0000032c     system_msp432p401r.obj (.text)
                  00005944    00000220     uart.obj (.text)
                  00005b64    0000020c     adxl345.obj (.text)
                  00005d70    000001f4     rtsv7M4_T_le_v4SPD16_eabi.lib : ull_div_t2.obj (.text)
                  00005f64    000001c2     MAX30102.obj (.text)
                  00006126    000001b6     rtsv7M4_T_le_v4SPD16_eabi.lib : fd_add_t2.obj (.text)
                  000062dc    00000168     msp432_spi.obj (.text)
                  00006444    00000136     rtsv7M4_T_le_v4SPD16_eabi.lib : fd_div_t2.obj (.text)
                  0000657a    000000fc                                   : fd_mul_t2.obj (.text)
                  00006676    00000002     --HOLE-- [fill = 0]
                  00006678    000000fc                                   : s_scalbn.obj (.text)
                  00006774    000000b8     adc.obj (.text)
                  0000682c    000000a8     clk.obj (.text)
                  000068d4    0000009c     msp432p4xx_driverlib.lib : cs.o (.text:CS_startHFXTWithTimeout)
                  00006970    0000009c     rtsv7M4_T_le_v4SPD16_eabi.lib : memcpy_t2.obj (.text)
                  00006a0c    00000088     msp432p4xx_driverlib.lib : spi.o (.text:SPI_initMaster)
                  00006a94    00000086     rtsv7M4_T_le_v4SPD16_eabi.lib : fd_cmp_t2.obj (.text:__aeabi_cdcmple)
                  00006b1a    00000086                                   : fd_cmp_t2.obj (.text:__aeabi_cdrcmple)
                  00006ba0    0000007a                                   : memset_t2.obj (.text)
                  00006c1a    00000002     --HOLE-- [fill = 0]
                  00006c1c    00000070     msp432p4xx_driverlib.lib : cs.o (.text:_CSGetHFXTFrequency)
                  00006c8c    00000070     rtsv7M4_T_le_v4SPD16_eabi.lib : autoinit.obj (.text)
                  00006cfc    00000070                                   : printf.obj (.text)
                  00006d6c    0000006e                                   : fd_tos_t2.obj (.text)
                  00006dda    00000068                                   : copy_decompress_lzss.obj (.text:decompress:lzss)
                  00006e42    00000002     --HOLE-- [fill = 0]
                  00006e44    00000064     I2C1.obj (.text)
                  00006ea8    00000064     msp432p4xx_driverlib.lib : interrupt.o (.text:Interrupt_enableInterrupt)
                  00006f0c    00000064     printfOverride.obj (.text)
                  00006f70    00000064     rtsv7M4_T_le_v4SPD16_eabi.lib : s_frexp.obj (.text)
                  00006fd4    00000060                                   : sprintf.obj (.text)
                  00007034    0000005c     systick.obj (.text)
                  00007090    00000056     rtsv7M4_T_le_v4SPD16_eabi.lib : ltoa.obj (.text)
                  000070e6    00000002     --HOLE-- [fill = 0]
                  000070e8    00000054                                   : boot.obj (.text)
                  0000713c    00000054                                   : exit.obj (.text)
                  00007190    0000004c                                   : atoi.obj (.text)
                  000071dc    0000004c                                   : cpy_tbl.obj (.text)
                  00007228    00000048     msp432p4xx_driverlib.lib : gpio.o (.text:GPIO_setAsPeripheralModuleFunctionInputPin)
                  00007270    00000048     rtsv7M4_T_le_v4SPD16_eabi.lib : fd_toi_t2.obj (.text)
                  000072b8    00000044                                   : fd_tou_t2.obj (.text)
                  000072fc    00000040     debug.obj (.text)
                  0000733c    00000038     rtsv7M4_T_le_v4SPD16_eabi.lib : fs_tod_t2.obj (.text)
                  00007374    00000034                                   : strstr.obj (.text)
                  000073a8    00000030     msp432p4xx_driverlib.lib : gpio.o (.text:GPIO_setAsInputPinWithPullUpResistor)
                  000073d8    00000030                              : spi.o (.text:is_A_Module)
                  00007408    0000002e     rtsv7M4_T_le_v4SPD16_eabi.lib : i_tofd_t2.obj (.text)
                  00007436    00000002     --HOLE-- [fill = 0]
                  00007438    00000024     msp432p4xx_driverlib.lib : gpio.o (.text:GPIO_setAsOutputPin)
                  0000745c    00000024     uart.obj (.text:uartA0_tx)
                  00007480    00000024     uart.obj (.text:uartA2_tx)
                  000074a4    00000020     msp432p4xx_driverlib.lib : gpio.o (.text:GPIO_interruptEdgeSelect)
                  000074c4    00000020     rtsv7M4_T_le_v4SPD16_eabi.lib : u_tofd_t2.obj (.text)
                  000074e4    0000001c                                   : memccpy.obj (.text)
                  00007500    0000001a     msp432p4xx_driverlib.lib : spi.o (.text:SPI_enableModule)
                  0000751a    00000002     --HOLE-- [fill = 0]
                  0000751c    00000018                              : gpio.o (.text:GPIO_setOutputLowOnPin)
                  00007534    00000018     rtsv7M4_T_le_v4SPD16_eabi.lib : args_main.obj (.text)
                  0000754c    00000016     msp432p4xx_driverlib.lib : uart.o (.text:UART_enableInterrupt)
                  00007562    00000016     rtsv7M4_T_le_v4SPD16_eabi.lib : strchr.obj (.text)
                  00007578    00000014     msp432p4xx_driverlib.lib : cs.o (.text:CS_setExternalClockSourceFrequency)
                  0000758c    00000014                              : gpio.o (.text:GPIO_setOutputHighOnPin)
                  000075a0    00000014     rtsv7M4_T_le_v4SPD16_eabi.lib : _lock.obj (.text)
                  000075b4    00000014                                   : s_copysign.obj (.text)
                  000075c8    00000014                                   : strcpy.obj (.text)
                  000075dc    00000014                                   : strlen.obj (.text)
                  000075f0    00000010     msp432p4xx_driverlib.lib : sysctl.o (.text:SysCtl_disableNMISource)
                  00007600    00000010                              : sysctl.o (.text:SysCtl_enableNMISource)
                  00007610    0000000e     rtsv7M4_T_le_v4SPD16_eabi.lib : copy_decompress_none.obj (.text:decompress:none)
                  0000761e    0000000e     startup_msp432p401r_ccs.obj (.text)
                  0000762c    0000000c     msp432p4xx_driverlib.lib : spi.o (.text:EUSCI_A_SPI_enable)
                  00007638    0000000c                              : spi.o (.text:EUSCI_B_SPI_enable)
                  00007644    0000000c                              : sysctl.o (.text:SysCtl_getNMISourceStatus)
                  00007650    0000000c     rtsv7M4_T_le_v4SPD16_eabi.lib : copy_zero_init.obj (.text:decompress:ZI)
                  0000765c    00000006     msp432p4xx_driverlib.lib : cs.o (.text:CS_startHFXT)
                  00007662    00000004     rtsv7M4_T_le_v4SPD16_eabi.lib : pre_init.obj (.text)

.const     0    00007668    00000488     
                  00007668    00000101     rtsv7M4_T_le_v4SPD16_eabi.lib : ctype.obj (.const:.string:_ctypes_)
                  00007769    000000b8     algorithm.obj (.const:.string:uch_spo2_table)
                  00007821    00000003     --HOLE-- [fill = 0]
                  00007824    00000040     msp432p4xx_driverlib.lib : interrupt.o (.const)
                  00007864    0000003e     algorithm.obj (.const:auw_hamm)
                  000078a2    00000006     --HOLE-- [fill = 0]
                  000078a8    00000038     RRAlgorithm.obj (.const:$P$T0$1)
                  000078e0    00000038     RRAlgorithm.obj (.const:$P$T1$2)
                  00007918    00000038     RRAlgorithm.obj (.const:$P$T2$3)
                  00007950    00000038     RRAlgorithm.obj (.const:$P$T3$4)
                  00007988    00000038     RRAlgorithm.obj (.const:$P$T4$5)
                  000079c0    00000038     RRAlgorithm.obj (.const:$P$T5$6)
                  000079f8    00000038     RRAlgorithm.obj (.const:$P$T6$7)
                  00007a30    00000038     RRAlgorithm.obj (.const:$P$T7$8)
                  00007a68    00000024     main.obj (.const:$P$T0$1)
                  00007a8c    00000024     main.obj (.const:$P$T1$2)
                  00007ab0    00000024     debug.obj (.const:uartConfig)
                  00007ad4    0000001c     msp432_spi.obj (.const:$P$T0$1)

.cinit     0    00007af0    000000a0     
                  00007af0    0000007a     (.cinit..data.load) [load image, compression = lzss]
                  00007b6a    00000002     --HOLE-- [fill = 0]
                  00007b6c    0000000c     (__TI_handler_table)
                  00007b78    00000008     (.cinit..bss.load) [load image, compression = zero_init]
                  00007b80    00000010     (__TI_cinit_table)

.init_array 
*          0    00000000    00000000     UNINITIALIZED

.data      0    20000000    00003a0d     UNINITIALIZED
                  20000000    000012c0     main.obj (.data:g_rr_buff)
                  200012c0    000012c0     main.obj (.data:g_rr_filter_values)
                  20002580    000012c0     main.obj (.data:g_rr_temp_buff)
                  20003840    000000f0     rtsv7M4_T_le_v4SPD16_eabi.lib : defs.obj (.data:_ftable)
                  20003930    0000004c     main.obj (.data)
                  2000397c    00000030     msp432p4xx_driverlib.lib : gpio.o (.data:GPIO_PORT_TO_BASE)
                  200039ac    0000002c     main.obj (.data:g_sensor_data)
                  200039d8    00000010     main.obj (.data:_g_bme280_data)
                  200039e8    0000000c     rtsv7M4_T_le_v4SPD16_eabi.lib : exit.obj (.data:$O1$$)
                  200039f4    00000008                                   : _lock.obj (.data:$O1$$)
                  200039fc    00000004                                   : errno.obj (.data)
                  20003a00    00000004                                   : stkdepth_vars.obj (.data)
                  20003a04    00000004     system_msp432p401r.obj (.data)
                  20003a08    00000004     uart.obj (.data)
                  20003a0c    00000001     RRAlgorithm.obj (.data)

.bss       0    20003a10    00002936     UNINITIALIZED
                  20003a10    000007d0     algorithm.obj (.bss:an_x)
                  200041e0    000007d0     algorithm.obj (.bss:an_y)
                  200049b0    000007d0     (.common:g_aun_ir_buffer)
                  20005180    000007d0     (.common:g_aun_red_buffer)
                  20005950    000007c0     algorithm.obj (.bss:an_dx)
                  20006110    00000100     (.common:g_rx_buff)
                  20006210    000000c8     main.obj (.bss:data$3)
                  200062d8    0000003c     (.common:bme280)
                  20006314    00000010     (.common:regData)
                  20006324    00000004     (.common:hfxtFreq)
                  20006328    00000004     (.common:lfxtFreq)
                  2000632c    00000004     (.common:n_heart_rate)
                  20006330    00000004     (.common:n_sp02)
                  20006334    00000004     (.common:p_bme280)
                  20006338    00000004     (.common:uartA0_rx_buff)
                  2000633c    00000004     (.common:uartA2_rx_buff)
                  20006340    00000002     (.common:uartA0_rx_buff_len)
                  20006342    00000002     (.common:uartA2_rx_buff_len)
                  20006344    00000001     (.common:ch_hr_valid)
                  20006345    00000001     (.common:ch_spo2_valid)

.stack     0    2000fe00    00000200     UNINITIALIZED
                  2000fe00    00000200     --HOLE--

MODULE SUMMARY

       Module                        code    ro data   rw data
       ------                        ----    -------   -------
    .\
       main.obj                      3244    72        38004  
       algorithm.obj                 2498    246       11968  
       bme280.obj                    5708    0         0      
       RRAlgorithm.obj               3180    448       2      
       bme280_sensor.obj             1648    0         160    
       I2C0.obj                      1120    0         0      
       system_msp432p401r.obj        812     0         8      
       uart.obj                      616     0         32     
       adxl345.obj                   524     0         0      
       MAX30102.obj                  450     0         0      
       msp432_spi.obj                360     28        0      
       startup_msp432p401r_ccs.obj   14      228       0      
       adc.obj                       184     0         0      
       clk.obj                       168     0         0      
       I2C1.obj                      100     0         0      
       debug.obj                     64      36        0      
       printfOverride.obj            100     0         0      
       systick.obj                   92      0         0      
    +--+-----------------------------+-------+---------+---------+
       Total:                        20882   1058      50174  
                                                              
    C:/ti/msp/MSP432Ware_3_50_00_02/driverlib/driverlib/MSP432P4xx/ccs/msp432p4xx_driverlib.lib
       gpio.o                        232     0         96     
       cs.o                          294     0         16     
       spi.o                         234     0         0      
       interrupt.o                   100     64        0      
       sysctl.o                      44      0         0      
       uart.o                        22      0         0      
    +--+-----------------------------+-------+---------+---------+
       Total:                        926     64        112    
                                                              
    C:\ti\ccsv7\tools\compiler\ti-cgt-arm_16.9.0.LTS\lib\rtsv7M4_T_le_v4SPD16_eabi.lib
       _printfi.obj                  4410    0         0      
       ull_div_t2.obj                500     0         0      
       defs.obj                      0       0         480    
       fd_add_t2.obj                 438     0         0      
       fd_div_t2.obj                 310     0         0      
       fd_cmp_t2.obj                 268     0         0      
       ctype.obj                     0       257       0      
       fd_mul_t2.obj                 252     0         0      
       s_scalbn.obj                  252     0         0      
       memcpy_t2.obj                 156     0         0      
       memset_t2.obj                 122     0         0      
       autoinit.obj                  112     0         0      
       printf.obj                    112     0         0      
       fd_tos_t2.obj                 110     0         0      
       exit.obj                      84      0         24     
       copy_decompress_lzss.obj      104     0         0      
       s_frexp.obj                   100     0         0      
       sprintf.obj                   96      0         0      
       ltoa.obj                      86      0         0      
       boot.obj                      84      0         0      
       atoi.obj                      76      0         0      
       cpy_tbl.obj                   76      0         0      
       fd_toi_t2.obj                 72      0         0      
       fd_tou_t2.obj                 68      0         0      
       fs_tod_t2.obj                 56      0         0      
       strstr.obj                    52      0         0      
       i_tofd_t2.obj                 46      0         0      
       _lock.obj                     20      0         16     
       u_tofd_t2.obj                 32      0         0      
       memccpy.obj                   28      0         0      
       args_main.obj                 24      0         0      
       strchr.obj                    22      0         0      
       s_copysign.obj                20      0         0      
       strcpy.obj                    20      0         0      
       strlen.obj                    20      0         0      
       copy_decompress_none.obj      14      0         0      
       copy_zero_init.obj            12      0         0      
       errno.obj                     0       0         8      
       stkdepth_vars.obj             0       0         8      
       pre_init.obj                  4       0         0      
       mpu_init.obj                  2       0         0      
       startup.obj                   2       0         0      
    +--+-----------------------------+-------+---------+---------+
       Total:                        8262    257       536    
                                                              
       Stack:                        0       0         1024   
       Linker Generated:             0       158       0      
    +--+-----------------------------+-------+---------+---------+
       Grand Total:                  30070   1537      51846  


LINKER GENERATED COPY TABLES

__TI_cinit_table @ 00007b80 records: 2, size/record: 8, table size: 16
	.data: load addr=00007af0, load size=0000007a bytes, run addr=20000000, run size=00003a0d bytes, compression=lzss
	.bss: load addr=00007b78, load size=00000008 bytes, run addr=20003a10, run size=00002936 bytes, compression=zero_init


LINKER GENERATED HANDLER TABLE

__TI_handler_table @ 00007b6c records: 3, size/record: 4, table size: 12
	index: 0, handler: __TI_decompress_lzss
	index: 1, handler: __TI_decompress_none
	index: 2, handler: __TI_zero_init


GLOBAL SYMBOLS: SORTED ALPHABETICALLY BY Name 

address   name                                                  
-------   ----                                                  
000032e1  ADC14_IRQHandler                                      
000032e1  ADC14_IRQHandler                                      
00005d53  ADXL345_getDataRate                                   
00005d33  ADXL345_getRange                                      
00005bcd  ADXL345_powerOn                                       
00005be9  ADXL345_readAccel                                     
00005c6b  ADXL345_readNormalizedAccel                           
00005d41  ADXL345_setDataRate                                   
00005cf1  ADXL345_setRange                                      
0000762b  AES256_IRQHandler                                     
00004d65  BME280_I2C_bus_read                                   
00004b81  BME280_I2C_bus_write                                  
0000762b  BusFault_Handler                                      
00003795  ButterworthLowpassFilter0040SixthOrder                
00003c75  ButterworthLowpassFilter0050SixthOrder                
00003ee9  ButterworthLowpassFilter0080SixthOrder                
000039ed  ButterworthLowpassFilter0100SixthOrder                
0000713d  C$$EXIT                                               
0000762b  COMP_E0_IRQHandler                                    
0000762b  COMP_E1_IRQHandler                                    
0000762b  CS_IRQHandler                                         
00007579  CS_setExternalClockSourceFrequency                    
0000765d  CS_startHFXT                                          
000068d5  CS_startHFXTWithTimeout                               
0000762b  DMA_ERR_IRQHandler                                    
0000762b  DMA_INT0_IRQHandler                                   
0000762b  DMA_INT1_IRQHandler                                   
0000762b  DMA_INT2_IRQHandler                                   
0000762b  DMA_INT3_IRQHandler                                   
0000762b  DebugMon_Handler                                      
0000762b  Default_Handler                                       
00005aad  EUSCIA0_IRQHandler                                    
00005aad  EUSCIA0_IRQHandler                                    
0000762b  EUSCIA1_IRQHandler                                    
00005ae3  EUSCIA2_IRQHandler                                    
00005ae3  EUSCIA2_IRQHandler                                    
0000762b  EUSCIA3_IRQHandler                                    
0000762b  EUSCIB0_IRQHandler                                    
0000762b  EUSCIB1_IRQHandler                                    
0000762b  EUSCIB2_IRQHandler                                    
0000762b  EUSCIB3_IRQHandler                                    
0000762d  EUSCI_A_SPI_enable                                    
00007639  EUSCI_B_SPI_enable                                    
0000762b  FLCTL_IRQHandler                                      
0000762b  FPU_IRQHandler                                        
000074a5  GPIO_interruptEdgeSelect                              
000073a9  GPIO_setAsInputPinWithPullUpResistor                  
00007439  GPIO_setAsOutputPin                                   
00007229  GPIO_setAsPeripheralModuleFunctionInputPin            
0000758d  GPIO_setOutputHighOnPin                               
0000751d  GPIO_setOutputLowOnPin                                
0000762b  HardFault_Handler                                     
00006e45  I2C1_Init                                             
000051b9  I2C_Init                                              
000051ff  I2C_bus_read                                          
00005415  I2C_bus_write                                         
00004f7f  I2C_routine                                           
00006ea9  Interrupt_enableInterrupt                             
20003a0c  MIN_DIST                                              
0000762b  MemManage_Handler                                     
0000762b  NMI_Handler                                           
0000762b  PCM_IRQHandler                                        
0000762b  PORT1_IRQHandler                                      
0000762b  PORT2_IRQHandler                                      
0000762b  PORT3_IRQHandler                                      
000033a5  PORT4_IRQHandler                                      
000033a5  PORT4_IRQHandler                                      
0000762b  PORT5_IRQHandler                                      
0000762b  PORT6_IRQHandler                                      
0000762b  PSS_IRQHandler                                        
0000762b  PendSV_Handler                                        
0000762b  RTC_C_IRQHandler                                      
0000761f  Reset_Handler                                         
UNDEFED   SHT$$INIT_ARRAY$$Base                                 
UNDEFED   SHT$$INIT_ARRAY$$Limit                                
00007501  SPI_enableModule                                      
00006a0d  SPI_initMaster                                        
0000762b  SVC_Handler                                           
000075f1  SysCtl_disableNMISource                               
00007601  SysCtl_enableNMISource                                
00007645  SysCtl_getNMISourceStatus                             
00002b61  SysTick_Handler                                       
00002b61  SysTick_Handler                                       
20003a04  SystemCoreClock                                       
00005619  SystemCoreClockUpdate                                 
0000588d  SystemInit                                            
0000762b  T32_INT1_IRQHandler                                   
0000762b  T32_INT2_IRQHandler                                   
0000762b  T32_INTC_IRQHandler                                   
0000762b  TA0_0_IRQHandler                                      
0000762b  TA0_N_IRQHandler                                      
0000762b  TA1_0_IRQHandler                                      
0000762b  TA1_N_IRQHandler                                      
0000762b  TA2_0_IRQHandler                                      
0000762b  TA2_N_IRQHandler                                      
0000762b  TA3_0_IRQHandler                                      
0000762b  TA3_N_IRQHandler                                      
0000754d  UART_enableInterrupt                                  
0000762b  UsageFault_Handler                                    
4000480c  WDTCTL_SYM                                            
0000762b  WDT_A_IRQHandler                                      
20010000  __STACK_END                                           
00000200  __STACK_SIZE                                          
00007b80  __TI_CINIT_Base                                       
00007b90  __TI_CINIT_Limit                                      
00007b6c  __TI_Handler_Table_Base                               
00007b78  __TI_Handler_Table_Limit                              
00006c8d  __TI_auto_init                                        
200039e8  __TI_cleanup_ptr                                      
00006ddb  __TI_decompress_lzss                                  
00007611  __TI_decompress_none                                  
200039ec  __TI_dtors_ptr                                        
200039f0  __TI_enable_exit_profile_output                       
ffffffff  __TI_pprof_out_hndl                                   
00001f71  __TI_printfi                                          
ffffffff  __TI_prof_data_size                                   
ffffffff  __TI_prof_data_start                                  
00000000  __TI_static_base__                                    
00007651  __TI_zero_init                                        
00006a95  __aeabi_cdcmpeq                                       
00006a95  __aeabi_cdcmple                                       
00006b1b  __aeabi_cdrcmple                                      
00006d6d  __aeabi_d2f                                           
00007271  __aeabi_d2iz                                          
000072b9  __aeabi_d2uiz                                         
00006131  __aeabi_dadd                                          
00006445  __aeabi_ddiv                                          
0000657b  __aeabi_dmul                                          
00006127  __aeabi_dsub                                          
0000733d  __aeabi_f2d                                           
00007409  __aeabi_i2d                                           
00006ba1  __aeabi_memclr                                        
00006ba1  __aeabi_memclr4                                       
00006ba1  __aeabi_memclr8                                       
00006971  __aeabi_memcpy                                        
00006971  __aeabi_memcpy4                                       
00006971  __aeabi_memcpy8                                       
00006ba3  __aeabi_memset                                        
00006ba3  __aeabi_memset4                                       
00006ba3  __aeabi_memset8                                       
000074c5  __aeabi_ui2d                                          
00005d71  __aeabi_uldivmod                                      
ffffffff  __binit__                                             
ffffffff  __c_args__                                            
0000286b  __mpu_init                                            
2000fe00  __stack                                               
00007535  _args_main                                            
000070e9  _c_int00                                              
00007668  _ctypes_                                              
20003840  _ftable                                               
200039d8  _g_bme280_data                                        
200039f4  _lock                                                 
000075af  _nop                                                  
000075a7  _register_lock                                        
000075a1  _register_unlock                                      
00004b47  _system_post_cinit                                    
00007663  _system_pre_init                                      
200039f8  _unlock                                               
00007141  abort                                                 
00006775  adc_init                                              
0000680f  adc_start_sample                                      
00004b49  altitude_compensated_pressure_inchHg                  
00007191  atoi                                                  
00007864  auw_hamm                                              
ffffffff  binit                                                 
00002af1  ble_check_connection                                  
00002a6f  ble_send_data                                         
200062d8  bme280                                                
00000471  bme280_compensate_humidity_int32                      
0000052d  bme280_compensate_humidity_int32_sixteen_bit_output   
000002e9  bme280_compensate_pressure_int32                      
000001e7  bme280_compensate_temperature_int32                   
0000025f  bme280_compensate_temperature_int32_sixteen_bit_output
000016a7  bme280_compute_wait_time                              
00000647  bme280_get_calib_param                                
000010fb  bme280_get_filter                                     
00001465  bme280_get_forced_uncomp_pressure_temperature_humidity
00000b5f  bme280_get_oversamp_humidity                          
000009ab  bme280_get_oversamp_pressure                          
000007e9  bme280_get_oversamp_temperature                       
00000d4d  bme280_get_power_mode                                 
00000f4d  bme280_get_spi3                                       
000012b1  bme280_get_standby_durn                               
000000e5  bme280_init                                           
000005e7  bme280_read_pressure_temperature_humidity             
00001661  bme280_read_register                                  
0000041b  bme280_read_uncomp_humidity                           
00000289  bme280_read_uncomp_pressure                           
00000555  bme280_read_uncomp_pressure_temperature_humidity      
00000187  bme280_read_uncomp_temperature                        
00004fa1  bme280_sensor_init                                    
00001151  bme280_set_filter                                     
00000bb9  bme280_set_oversamp_humidity                          
00000a07  bme280_set_oversamp_pressure                          
00000845  bme280_set_oversamp_temperature                       
00000da1  bme280_set_power_mode                                 
00000f0d  bme280_set_soft_rst                                   
00000f9b  bme280_set_spi3                                       
00001301  bme280_set_standby_durn                               
0000161b  bme280_write_register                                 
00002979  calculate_RR                                          
00002d47  calculate_hr_avg                                      
20006344  ch_hr_valid                                           
20006345  ch_spo2_valid                                         
00006897  clk_init                                              
000071dd  copy_in                                               
000075b5  copysign                                              
000075b5  copysignl                                             
000072fd  debug_init                                            
00003587  diff_from_mean                                        
200039fc  errno                                                 
00007149  exit                                                  
000035d9  four_pt_MA                                            
00006f0d  fputc                                                 
00006f2b  fputs                                                 
00006f71  frexp                                                 
00006f71  frexpl                                                
20003950  gIrRedCount                                           
2000393c  g_adcSamplingPeriod                                   
20003939  g_adc_state                                           
2000394e  g_adxl345_flag                                        
2000394c  g_adxl345_interval                                    
200049b0  g_aun_ir_buffer                                       
20005180  g_aun_red_buffer                                      
20003960  g_ble_connect_state                                   
20003961  g_ble_state                                           
20003938  g_bme280_flag                                         
20003934  g_bme280_get_data_count                               
20003958  g_check_connection_count                              
20003948  g_curADCResult                                        
2000395c  g_data_send_interval_count                            
2000394f  g_hr_spo2_state                                       
20003954  g_ms_timeout                                          
20000000  g_rr_buff                                             
20003944  g_rr_cal_signal                                       
200012c0  g_rr_filter_values                                    
20003942  g_rr_sample_count                                     
20003940  g_rr_state                                            
20002580  g_rr_temp_buff                                        
20006110  g_rx_buff                                             
200039ac  g_sensor_data                                         
20003930  g_ticks                                               
00005067  get_bme280_values                                     
00000000  interruptVectors                                      
00006679  ldexp                                                 
00006679  ldexpl                                                
00007091  ltoa                                                  
00002ea9  main                                                  
20003a00  main_func_sp                                          
00004883  maxim_find_peaks                                      
00004185  maxim_heart_rate_and_oxygen_saturation                
00005fa9  maxim_max30102_init                                   
00006049  maxim_max30102_read_fifo                              
00005f89  maxim_max30102_read_reg                               
00006113  maxim_max30102_reset                                  
00005f65  maxim_max30102_write_reg                              
000048c7  maxim_peaks_above_min_height                          
00004999  maxim_remove_close_peaks                              
00004a53  maxim_sort_ascend                                     
00004ac9  maxim_sort_indices_descend                            
00002c49  maxrefdes117_init                                     
000074e5  memccpy                                               
00006971  memcpy                                                
00006ba9  memset                                                
000036db  myPeakCounter                                         
2000632c  n_heart_rate                                          
20006330  n_sp02                                                
20006334  p_bme280                                              
00006d05  printf                                                
00005b65  r_reg                                                 
20006314  regData                                               
00005b19  return_UARTA2_rx_ptr                                  
00003519  rr_find_mean                                          
00006679  scalbn                                                
00006679  scalbnl                                               
00005b1f  set_UARTA2_rx_ptr                                     
000062dd  spi_init                                              
0000631d  spi_transfer                                          
0000637f  spi_transfer16                                        
00006fd5  sprintf                                               
00007563  strchr                                                
000075c9  strcpy                                                
000075dd  strlen                                                
00007375  strstr                                                
00007051  systick_delay_ms                                      
00007035  systick_init                                          
00003677  threshold_calc                                        
000059c5  uartA0_init                                           
00005a69  uartA0_read_rx_buff                                   
20006338  uartA0_rx_buff                                        
20006340  uartA0_rx_buff_len                                    
20003a08  uartA0_rx_ptr                                         
0000745d  uartA0_tx                                             
00005981  uartA0_tx_bytes                                       
00005945  uartA0_tx_str                                         
00005a17  uartA2_init                                           
00005a8b  uartA2_read_rx_buff                                   
2000633c  uartA2_rx_buff                                        
20006342  uartA2_rx_buff_len                                    
20003a0a  uartA2_rx_ptr                                         
00007481  uartA2_tx                                             
000059a3  uartA2_tx_bytes                                       
00005963  uartA2_tx_str                                         
00007ab0  uartConfig                                            
00007769  uch_spo2_table                                        
00005b9f  w_reg                                                 


GLOBAL SYMBOLS: SORTED BY Symbol Address 

address   name                                                  
-------   ----                                                  
00000000  __TI_static_base__                                    
00000000  interruptVectors                                      
000000e5  bme280_init                                           
00000187  bme280_read_uncomp_temperature                        
000001e7  bme280_compensate_temperature_int32                   
00000200  __STACK_SIZE                                          
0000025f  bme280_compensate_temperature_int32_sixteen_bit_output
00000289  bme280_read_uncomp_pressure                           
000002e9  bme280_compensate_pressure_int32                      
0000041b  bme280_read_uncomp_humidity                           
00000471  bme280_compensate_humidity_int32                      
0000052d  bme280_compensate_humidity_int32_sixteen_bit_output   
00000555  bme280_read_uncomp_pressure_temperature_humidity      
000005e7  bme280_read_pressure_temperature_humidity             
00000647  bme280_get_calib_param                                
000007e9  bme280_get_oversamp_temperature                       
00000845  bme280_set_oversamp_temperature                       
000009ab  bme280_get_oversamp_pressure                          
00000a07  bme280_set_oversamp_pressure                          
00000b5f  bme280_get_oversamp_humidity                          
00000bb9  bme280_set_oversamp_humidity                          
00000d4d  bme280_get_power_mode                                 
00000da1  bme280_set_power_mode                                 
00000f0d  bme280_set_soft_rst                                   
00000f4d  bme280_get_spi3                                       
00000f9b  bme280_set_spi3                                       
000010fb  bme280_get_filter                                     
00001151  bme280_set_filter                                     
000012b1  bme280_get_standby_durn                               
00001301  bme280_set_standby_durn                               
00001465  bme280_get_forced_uncomp_pressure_temperature_humidity
0000161b  bme280_write_register                                 
00001661  bme280_read_register                                  
000016a7  bme280_compute_wait_time                              
00001f71  __TI_printfi                                          
0000286b  __mpu_init                                            
00002979  calculate_RR                                          
00002a6f  ble_send_data                                         
00002af1  ble_check_connection                                  
00002b61  SysTick_Handler                                       
00002b61  SysTick_Handler                                       
00002c49  maxrefdes117_init                                     
00002d47  calculate_hr_avg                                      
00002ea9  main                                                  
000032e1  ADC14_IRQHandler                                      
000032e1  ADC14_IRQHandler                                      
000033a5  PORT4_IRQHandler                                      
000033a5  PORT4_IRQHandler                                      
00003519  rr_find_mean                                          
00003587  diff_from_mean                                        
000035d9  four_pt_MA                                            
00003677  threshold_calc                                        
000036db  myPeakCounter                                         
00003795  ButterworthLowpassFilter0040SixthOrder                
000039ed  ButterworthLowpassFilter0100SixthOrder                
00003c75  ButterworthLowpassFilter0050SixthOrder                
00003ee9  ButterworthLowpassFilter0080SixthOrder                
00004185  maxim_heart_rate_and_oxygen_saturation                
00004883  maxim_find_peaks                                      
000048c7  maxim_peaks_above_min_height                          
00004999  maxim_remove_close_peaks                              
00004a53  maxim_sort_ascend                                     
00004ac9  maxim_sort_indices_descend                            
00004b47  _system_post_cinit                                    
00004b49  altitude_compensated_pressure_inchHg                  
00004b81  BME280_I2C_bus_write                                  
00004d65  BME280_I2C_bus_read                                   
00004f7f  I2C_routine                                           
00004fa1  bme280_sensor_init                                    
00005067  get_bme280_values                                     
000051b9  I2C_Init                                              
000051ff  I2C_bus_read                                          
00005415  I2C_bus_write                                         
00005619  SystemCoreClockUpdate                                 
0000588d  SystemInit                                            
00005945  uartA0_tx_str                                         
00005963  uartA2_tx_str                                         
00005981  uartA0_tx_bytes                                       
000059a3  uartA2_tx_bytes                                       
000059c5  uartA0_init                                           
00005a17  uartA2_init                                           
00005a69  uartA0_read_rx_buff                                   
00005a8b  uartA2_read_rx_buff                                   
00005aad  EUSCIA0_IRQHandler                                    
00005aad  EUSCIA0_IRQHandler                                    
00005ae3  EUSCIA2_IRQHandler                                    
00005ae3  EUSCIA2_IRQHandler                                    
00005b19  return_UARTA2_rx_ptr                                  
00005b1f  set_UARTA2_rx_ptr                                     
00005b65  r_reg                                                 
00005b9f  w_reg                                                 
00005bcd  ADXL345_powerOn                                       
00005be9  ADXL345_readAccel                                     
00005c6b  ADXL345_readNormalizedAccel                           
00005cf1  ADXL345_setRange                                      
00005d33  ADXL345_getRange                                      
00005d41  ADXL345_setDataRate                                   
00005d53  ADXL345_getDataRate                                   
00005d71  __aeabi_uldivmod                                      
00005f65  maxim_max30102_write_reg                              
00005f89  maxim_max30102_read_reg                               
00005fa9  maxim_max30102_init                                   
00006049  maxim_max30102_read_fifo                              
00006113  maxim_max30102_reset                                  
00006127  __aeabi_dsub                                          
00006131  __aeabi_dadd                                          
000062dd  spi_init                                              
0000631d  spi_transfer                                          
0000637f  spi_transfer16                                        
00006445  __aeabi_ddiv                                          
0000657b  __aeabi_dmul                                          
00006679  ldexp                                                 
00006679  ldexpl                                                
00006679  scalbn                                                
00006679  scalbnl                                               
00006775  adc_init                                              
0000680f  adc_start_sample                                      
00006897  clk_init                                              
000068d5  CS_startHFXTWithTimeout                               
00006971  __aeabi_memcpy                                        
00006971  __aeabi_memcpy4                                       
00006971  __aeabi_memcpy8                                       
00006971  memcpy                                                
00006a0d  SPI_initMaster                                        
00006a95  __aeabi_cdcmpeq                                       
00006a95  __aeabi_cdcmple                                       
00006b1b  __aeabi_cdrcmple                                      
00006ba1  __aeabi_memclr                                        
00006ba1  __aeabi_memclr4                                       
00006ba1  __aeabi_memclr8                                       
00006ba3  __aeabi_memset                                        
00006ba3  __aeabi_memset4                                       
00006ba3  __aeabi_memset8                                       
00006ba9  memset                                                
00006c8d  __TI_auto_init                                        
00006d05  printf                                                
00006d6d  __aeabi_d2f                                           
00006ddb  __TI_decompress_lzss                                  
00006e45  I2C1_Init                                             
00006ea9  Interrupt_enableInterrupt                             
00006f0d  fputc                                                 
00006f2b  fputs                                                 
00006f71  frexp                                                 
00006f71  frexpl                                                
00006fd5  sprintf                                               
00007035  systick_init                                          
00007051  systick_delay_ms                                      
00007091  ltoa                                                  
000070e9  _c_int00                                              
0000713d  C$$EXIT                                               
00007141  abort                                                 
00007149  exit                                                  
00007191  atoi                                                  
000071dd  copy_in                                               
00007229  GPIO_setAsPeripheralModuleFunctionInputPin            
00007271  __aeabi_d2iz                                          
000072b9  __aeabi_d2uiz                                         
000072fd  debug_init                                            
0000733d  __aeabi_f2d                                           
00007375  strstr                                                
000073a9  GPIO_setAsInputPinWithPullUpResistor                  
00007409  __aeabi_i2d                                           
00007439  GPIO_setAsOutputPin                                   
0000745d  uartA0_tx                                             
00007481  uartA2_tx                                             
000074a5  GPIO_interruptEdgeSelect                              
000074c5  __aeabi_ui2d                                          
000074e5  memccpy                                               
00007501  SPI_enableModule                                      
0000751d  GPIO_setOutputLowOnPin                                
00007535  _args_main                                            
0000754d  UART_enableInterrupt                                  
00007563  strchr                                                
00007579  CS_setExternalClockSourceFrequency                    
0000758d  GPIO_setOutputHighOnPin                               
000075a1  _register_unlock                                      
000075a7  _register_lock                                        
000075af  _nop                                                  
000075b5  copysign                                              
000075b5  copysignl                                             
000075c9  strcpy                                                
000075dd  strlen                                                
000075f1  SysCtl_disableNMISource                               
00007601  SysCtl_enableNMISource                                
00007611  __TI_decompress_none                                  
0000761f  Reset_Handler                                         
0000762b  AES256_IRQHandler                                     
0000762b  BusFault_Handler                                      
0000762b  COMP_E0_IRQHandler                                    
0000762b  COMP_E1_IRQHandler                                    
0000762b  CS_IRQHandler                                         
0000762b  DMA_ERR_IRQHandler                                    
0000762b  DMA_INT0_IRQHandler                                   
0000762b  DMA_INT1_IRQHandler                                   
0000762b  DMA_INT2_IRQHandler                                   
0000762b  DMA_INT3_IRQHandler                                   
0000762b  DebugMon_Handler                                      
0000762b  Default_Handler                                       
0000762b  EUSCIA1_IRQHandler                                    
0000762b  EUSCIA3_IRQHandler                                    
0000762b  EUSCIB0_IRQHandler                                    
0000762b  EUSCIB1_IRQHandler                                    
0000762b  EUSCIB2_IRQHandler                                    
0000762b  EUSCIB3_IRQHandler                                    
0000762b  FLCTL_IRQHandler                                      
0000762b  FPU_IRQHandler                                        
0000762b  HardFault_Handler                                     
0000762b  MemManage_Handler                                     
0000762b  NMI_Handler                                           
0000762b  PCM_IRQHandler                                        
0000762b  PORT1_IRQHandler                                      
0000762b  PORT2_IRQHandler                                      
0000762b  PORT3_IRQHandler                                      
0000762b  PORT5_IRQHandler                                      
0000762b  PORT6_IRQHandler                                      
0000762b  PSS_IRQHandler                                        
0000762b  PendSV_Handler                                        
0000762b  RTC_C_IRQHandler                                      
0000762b  SVC_Handler                                           
0000762b  T32_INT1_IRQHandler                                   
0000762b  T32_INT2_IRQHandler                                   
0000762b  T32_INTC_IRQHandler                                   
0000762b  TA0_0_IRQHandler                                      
0000762b  TA0_N_IRQHandler                                      
0000762b  TA1_0_IRQHandler                                      
0000762b  TA1_N_IRQHandler                                      
0000762b  TA2_0_IRQHandler                                      
0000762b  TA2_N_IRQHandler                                      
0000762b  TA3_0_IRQHandler                                      
0000762b  TA3_N_IRQHandler                                      
0000762b  UsageFault_Handler                                    
0000762b  WDT_A_IRQHandler                                      
0000762d  EUSCI_A_SPI_enable                                    
00007639  EUSCI_B_SPI_enable                                    
00007645  SysCtl_getNMISourceStatus                             
00007651  __TI_zero_init                                        
0000765d  CS_startHFXT                                          
00007663  _system_pre_init                                      
00007668  _ctypes_                                              
00007769  uch_spo2_table                                        
00007864  auw_hamm                                              
00007ab0  uartConfig                                            
00007b6c  __TI_Handler_Table_Base                               
00007b78  __TI_Handler_Table_Limit                              
00007b80  __TI_CINIT_Base                                       
00007b90  __TI_CINIT_Limit                                      
20000000  g_rr_buff                                             
200012c0  g_rr_filter_values                                    
20002580  g_rr_temp_buff                                        
20003840  _ftable                                               
20003930  g_ticks                                               
20003934  g_bme280_get_data_count                               
20003938  g_bme280_flag                                         
20003939  g_adc_state                                           
2000393c  g_adcSamplingPeriod                                   
20003940  g_rr_state                                            
20003942  g_rr_sample_count                                     
20003944  g_rr_cal_signal                                       
20003948  g_curADCResult                                        
2000394c  g_adxl345_interval                                    
2000394e  g_adxl345_flag                                        
2000394f  g_hr_spo2_state                                       
20003950  gIrRedCount                                           
20003954  g_ms_timeout                                          
20003958  g_check_connection_count                              
2000395c  g_data_send_interval_count                            
20003960  g_ble_connect_state                                   
20003961  g_ble_state                                           
200039ac  g_sensor_data                                         
200039d8  _g_bme280_data                                        
200039e8  __TI_cleanup_ptr                                      
200039ec  __TI_dtors_ptr                                        
200039f0  __TI_enable_exit_profile_output                       
200039f4  _lock                                                 
200039f8  _unlock                                               
200039fc  errno                                                 
20003a00  main_func_sp                                          
20003a04  SystemCoreClock                                       
20003a08  uartA0_rx_ptr                                         
20003a0a  uartA2_rx_ptr                                         
20003a0c  MIN_DIST                                              
200049b0  g_aun_ir_buffer                                       
20005180  g_aun_red_buffer                                      
20006110  g_rx_buff                                             
200062d8  bme280                                                
20006314  regData                                               
2000632c  n_heart_rate                                          
20006330  n_sp02                                                
20006334  p_bme280                                              
20006338  uartA0_rx_buff                                        
2000633c  uartA2_rx_buff                                        
20006340  uartA0_rx_buff_len                                    
20006342  uartA2_rx_buff_len                                    
20006344  ch_hr_valid                                           
20006345  ch_spo2_valid                                         
2000fe00  __stack                                               
20010000  __STACK_END                                           
4000480c  WDTCTL_SYM                                            
ffffffff  __TI_pprof_out_hndl                                   
ffffffff  __TI_prof_data_size                                   
ffffffff  __TI_prof_data_start                                  
ffffffff  __binit__                                             
ffffffff  __c_args__                                            
ffffffff  binit                                                 
UNDEFED   SHT$$INIT_ARRAY$$Base                                 
UNDEFED   SHT$$INIT_ARRAY$$Limit                                

[306 symbols]
