******************************************************************************
                  TI ARM Linker PC v16.9.3                     
******************************************************************************
>> Linked Wed Aug 30 10:11:31 2017

OUTPUT FILE NAME:   <LIS3DH.out>
ENTRY POINT SYMBOL: "_c_int00"  address: 00003821


MEMORY CONFIGURATION

         name            origin    length      used     unused   attr    fill
----------------------  --------  ---------  --------  --------  ----  --------
  MAIN                  00000000   00040000  00003f22  0003c0de  R  X
  INFO                  00200000   00004000  00000000  00004000  R  X
  SRAM_CODE             01000000   00010000  00000a00  0000f600  RW X
  SRAM_DATA             20000000   00010000  00000a00  0000f600  RW  


SEGMENT ALLOCATION MAP

run origin  load origin   length   init length attrs members
----------  ----------- ---------- ----------- ----- -------
00000000    00000000    00003f28   00003f28    r-x
  00000000    00000000    000000e4   000000e4    r-- .intvecs
  000000e4    000000e4    00003c3a   00003c3a    r-x .text
  00003d20    00003d20    00000144   00000144    r-- .const
  00003e68    00003e68    000000c0   000000c0    r-- .cinit
20000000    20000000    00000800   00000000    rw-
  20000000    20000000    00000400   00000000    rw- .sysmem
  20000400    20000400    00000230   00000000    rw- .data
  20000630    20000630    000001d0   00000000    rw- .bss
2000fe00    2000fe00    00000200   00000000    rw-
  2000fe00    2000fe00    00000200   00000000    rw- .stack


SECTION ALLOCATION MAP

 output                                  attributes/
section   page    origin      length       input sections
--------  ----  ----------  ----------   ----------------
.intvecs   0    00000000    000000e4     
                  00000000    000000e4     startup_msp432p401r_ccs.obj (.intvecs:retain)

.binit     0    00000000    00000000     

.text      0    000000e4    00003c3a     
                  000000e4    0000113e     rtsv7M4_T_le_v4SPD16_eabi.lib : _printfi.obj (.text)
                  00001222    00000002                                   : mpu_init.obj (.text)
                  00001224    000003d0                                   : memory.obj (.text)
                  000015f4    0000032c     system_msp432p401r.obj (.text)
                  00001920    00000324     rtsv7M4_T_le_v4SPD16_eabi.lib : trgdrv.obj (.text)
                  00001c44    0000030c                                   : lowlev.obj (.text)
                  00001f50    00000280     lis3dh.obj (.text)
                  000021d0    000001f4     rtsv7M4_T_le_v4SPD16_eabi.lib : ull_div_t2.obj (.text)
                  000023c4    000001c4                                   : fopen.obj (.text)
                  00002588    000001b6                                   : fd_add_t2.obj (.text)
                  0000273e    00000002                                   : startup.obj (.text)
                  00002740    00000154     main.obj (.text)
                  00002894    00000136     rtsv7M4_T_le_v4SPD16_eabi.lib : fd_div_t2.obj (.text)
                  000029ca    00000002     --HOLE-- [fill = 0]
                  000029cc    00000134                                   : fputs.obj (.text)
                  00002b00    000000fc                                   : fd_mul_t2.obj (.text)
                  00002bfc    000000fc                                   : s_scalbn.obj (.text)
                  00002cf8    000000dc                                   : setvbuf.obj (.text)
                  00002dd4    000000d0     msp432_spi.obj (.text)
                  00002ea4    000000c8     rtsv7M4_T_le_v4SPD16_eabi.lib : fflush.obj (.text)
                  00002f6c    000000ac                                   : _io_perm.obj (.text)
                  00003018    000000a8     clk.obj (.text)
                  000030c0    0000009c     msp432p4xx_driverlib.lib : cs.o (.text:CS_startHFXTWithTimeout)
                  0000315c    0000009c     rtsv7M4_T_le_v4SPD16_eabi.lib : memcpy_t2.obj (.text)
                  000031f8    00000098                                   : fclose.obj (.text)
                  00003290    00000098                                   : fputc.obj (.text)
                  00003328    00000088     msp432p4xx_driverlib.lib : spi.o (.text:SPI_initMaster)
                  000033b0    00000086     rtsv7M4_T_le_v4SPD16_eabi.lib : fd_cmp_t2.obj (.text:__aeabi_cdcmple)
                  00003436    00000086                                   : fd_cmp_t2.obj (.text:__aeabi_cdrcmple)
                  000034bc    0000007a                                   : memset_t2.obj (.text)
                  00003536    00000002     --HOLE-- [fill = 0]
                  00003538    00000070     msp432p4xx_driverlib.lib : cs.o (.text:_CSGetHFXTFrequency)
                  000035a8    00000070     rtsv7M4_T_le_v4SPD16_eabi.lib : autoinit.obj (.text)
                  00003618    00000070                                   : printf.obj (.text)
                  00003688    00000068                                   : copy_decompress_lzss.obj (.text:decompress:lzss)
                  000036f0    00000068                                   : trgmsg.obj (.text)
                  00003758    00000064                                   : fseek.obj (.text)
                  000037bc    00000064                                   : s_frexp.obj (.text)
                  00003820    00000054                                   : boot.obj (.text)
                  00003874    00000054                                   : exit.obj (.text)
                  000038c8    00000054                                   : ltoa.obj (.text)
                  0000391c    0000004c                                   : atoi.obj (.text)
                  00003968    0000004c                                   : cpy_tbl.obj (.text)
                  000039b4    00000048     msp432p4xx_driverlib.lib : gpio.o (.text:GPIO_setAsPeripheralModuleFunctionInputPin)
                  000039fc    00000048     rtsv7M4_T_le_v4SPD16_eabi.lib : fd_toi_t2.obj (.text)
                  00003a44    00000040     debug.obj (.text)
                  00003a84    00000038     rtsv7M4_T_le_v4SPD16_eabi.lib : fs_tod_t2.obj (.text)
                  00003abc    00000036                                   : strncpy.obj (.text)
                  00003af2    00000002     --HOLE-- [fill = 0]
                  00003af4    00000030     msp432p4xx_driverlib.lib : spi.o (.text:is_A_Module)
                  00003b24    0000002e     rtsv7M4_T_le_v4SPD16_eabi.lib : i_tofd_t2.obj (.text)
                  00003b52    00000002     --HOLE-- [fill = 0]
                  00003b54    00000024     msp432p4xx_driverlib.lib : gpio.o (.text:GPIO_setAsOutputPin)
                  00003b78    00000020     rtsv7M4_T_le_v4SPD16_eabi.lib : memchr.obj (.text)
                  00003b98    0000001c                                   : memccpy.obj (.text)
                  00003bb4    0000001a     msp432p4xx_driverlib.lib : spi.o (.text:SPI_enableModule)
                  00003bce    00000002     --HOLE-- [fill = 0]
                  00003bd0    00000018                              : gpio.o (.text:GPIO_setOutputLowOnPin)
                  00003be8    00000018     rtsv7M4_T_le_v4SPD16_eabi.lib : args_main.obj (.text)
                  00003c00    00000018                                   : strcmp.obj (.text)
                  00003c18    00000016                                   : strchr.obj (.text)
                  00003c2e    00000002     --HOLE-- [fill = 0]
                  00003c30    00000014     msp432p4xx_driverlib.lib : cs.o (.text:CS_setExternalClockSourceFrequency)
                  00003c44    00000014                              : gpio.o (.text:GPIO_setOutputHighOnPin)
                  00003c58    00000014     rtsv7M4_T_le_v4SPD16_eabi.lib : _lock.obj (.text)
                  00003c6c    00000014                                   : s_copysign.obj (.text)
                  00003c80    00000014                                   : strcpy.obj (.text)
                  00003c94    00000014                                   : strlen.obj (.text)
                  00003ca8    00000010     msp432p4xx_driverlib.lib : sysctl.o (.text:SysCtl_disableNMISource)
                  00003cb8    00000010                              : sysctl.o (.text:SysCtl_enableNMISource)
                  00003cc8    0000000e     rtsv7M4_T_le_v4SPD16_eabi.lib : copy_decompress_none.obj (.text:decompress:none)
                  00003cd6    0000000e     startup_msp432p401r_ccs.obj (.text)
                  00003ce4    0000000c     msp432p4xx_driverlib.lib : spi.o (.text:EUSCI_A_SPI_enable)
                  00003cf0    0000000c                              : spi.o (.text:EUSCI_B_SPI_enable)
                  00003cfc    0000000c                              : sysctl.o (.text:SysCtl_getNMISourceStatus)
                  00003d08    0000000c     rtsv7M4_T_le_v4SPD16_eabi.lib : copy_zero_init.obj (.text:decompress:ZI)
                  00003d14    00000006     msp432p4xx_driverlib.lib : cs.o (.text:CS_startHFXT)
                  00003d1a    00000004     rtsv7M4_T_le_v4SPD16_eabi.lib : pre_init.obj (.text)

.const     0    00003d20    00000144     
                  00003d20    00000101     rtsv7M4_T_le_v4SPD16_eabi.lib : ctype.obj (.const:.string:_ctypes_)
                  00003e21    00000003     --HOLE-- [fill = 0]
                  00003e24    00000024     debug.obj (.const:uartConfig)
                  00003e48    0000001c     msp432_spi.obj (.const:$P$T0$1)

.cinit     0    00003e68    000000c0     
                  00003e68    00000096     (.cinit..data.load) [load image, compression = lzss]
                  00003efe    00000002     --HOLE-- [fill = 0]
                  00003f00    0000000c     (__TI_handler_table)
                  00003f0c    00000004     --HOLE-- [fill = 0]
                  00003f10    00000008     (.cinit..bss.load) [load image, compression = zero_init]
                  00003f18    00000010     (__TI_cinit_table)

.init_array 
*          0    00000000    00000000     UNINITIALIZED

.sysmem    0    20000000    00000400     UNINITIALIZED
                  20000000    00000008     rtsv7M4_T_le_v4SPD16_eabi.lib : memory.obj (.sysmem)
                  20000008    000003f8     --HOLE--

.data      0    20000400    00000230     UNINITIALIZED
                  20000400    000000f0     rtsv7M4_T_le_v4SPD16_eabi.lib : defs.obj (.data:_ftable)
                  200004f0    000000d0                                   : lowlev.obj (.data:$O1$$)
                  200005c0    00000030     msp432p4xx_driverlib.lib : gpio.o (.data:GPIO_PORT_TO_BASE)
                  200005f0    00000010     rtsv7M4_T_le_v4SPD16_eabi.lib : defs.obj (.data)
                  20000600    0000000c                                   : exit.obj (.data:$O1$$)
                  2000060c    0000000c                                   : memory.obj (.data:$O1$$)
                  20000618    00000008                                   : _lock.obj (.data:$O1$$)
                  20000620    00000004                                   : errno.obj (.data)
                  20000624    00000004                                   : fopen.obj (.data)
                  20000628    00000004                                   : stkdepth_vars.obj (.data)
                  2000062c    00000004     system_msp432p401r.obj (.data)

.bss       0    20000630    000001d0     UNINITIALIZED
                  20000630    00000120     rtsv7M4_T_le_v4SPD16_eabi.lib : trgmsg.obj (.bss:_CIOBUF_)
                  20000750    000000a0     (.common:__TI_tmpnams)
                  200007f0    00000008                                   : trgdrv.obj (.bss:parmbuf)
                  200007f8    00000004     (.common:hfxtFreq)
                  200007fc    00000004     (.common:lfxtFreq)

.stack     0    2000fe00    00000200     UNINITIALIZED
                  2000fe00    00000200     --HOLE--

MODULE SUMMARY

       Module                        code    ro data   rw data
       ------                        ----    -------   -------
    .\
       system_msp432p401r.obj        812     0         8      
       lis3dh.obj                    640     0         0      
       main.obj                      340     0         0      
       startup_msp432p401r_ccs.obj   14      228       0      
       msp432_spi.obj                208     28        0      
       clk.obj                       168     0         0      
       debug.obj                     64      36        0      
    +--+-----------------------------+-------+---------+---------+
       Total:                        2246    292       8      
                                                              
    C:/ti/msp/MSP432Ware_3_50_00_02/driverlib/driverlib/MSP432P4xx/ccs/msp432p4xx_driverlib.lib
       cs.o                          294     0         16     
       gpio.o                        152     0         96     
       spi.o                         234     0         0      
       sysctl.o                      44      0         0      
    +--+-----------------------------+-------+---------+---------+
       Total:                        724     0         112    
                                                              
    C:\ti\ccsv7\tools\compiler\ti-cgt-arm_16.9.3.LTS\lib\rtsv7M4_T_le_v4SPD16_eabi.lib
       _printfi.obj                  4414    0         0      
       lowlev.obj                    780     0         416    
       memory.obj                    976     0         24     
       defs.obj                      0       0         832    
       trgdrv.obj                    804     0         16     
       trgmsg.obj                    104     0         576    
       ull_div_t2.obj                500     0         0      
       fopen.obj                     452     0         8      
       fd_add_t2.obj                 438     0         0      
       fd_div_t2.obj                 310     0         0      
       fputs.obj                     308     0         0      
       fd_cmp_t2.obj                 268     0         0      
       ctype.obj                     0       257       0      
       fd_mul_t2.obj                 252     0         0      
       s_scalbn.obj                  252     0         0      
       setvbuf.obj                   220     0         0      
       fflush.obj                    200     0         0      
       _io_perm.obj                  172     0         0      
       memcpy_t2.obj                 156     0         0      
       fclose.obj                    152     0         0      
       fputc.obj                     152     0         0      
       memset_t2.obj                 122     0         0      
       autoinit.obj                  112     0         0      
       printf.obj                    112     0         0      
       exit.obj                      84      0         24     
       copy_decompress_lzss.obj      104     0         0      
       fseek.obj                     100     0         0      
       s_frexp.obj                   100     0         0      
       boot.obj                      84      0         0      
       ltoa.obj                      84      0         0      
       atoi.obj                      76      0         0      
       cpy_tbl.obj                   76      0         0      
       fd_toi_t2.obj                 72      0         0      
       fs_tod_t2.obj                 56      0         0      
       strncpy.obj                   54      0         0      
       i_tofd_t2.obj                 46      0         0      
       _lock.obj                     20      0         16     
       memchr.obj                    32      0         0      
       memccpy.obj                   28      0         0      
       args_main.obj                 24      0         0      
       strcmp.obj                    24      0         0      
       strchr.obj                    22      0         0      
       s_copysign.obj                20      0         0      
       strcpy.obj                    20      0         0      
       strlen.obj                    20      0         0      
       copy_decompress_none.obj      14      0         0      
       copy_zero_init.obj            12      0         0      
       errno.obj                     0       0         8      
       stkdepth_vars.obj             0       0         8      
       pre_init.obj                  4       0         0      
       mpu_init.obj                  2       0         0      
       startup.obj                   2       0         0      
    +--+-----------------------------+-------+---------+---------+
       Total:                        12436   257       1928   
                                                              
       Heap:                         0       0         2048   
       Stack:                        0       0         1024   
       Linker Generated:             0       186       0      
    +--+-----------------------------+-------+---------+---------+
       Grand Total:                  15406   735       5120   


LINKER GENERATED COPY TABLES

__TI_cinit_table @ 00003f18 records: 2, size/record: 8, table size: 16
	.data: load addr=00003e68, load size=00000096 bytes, run addr=20000400, run size=00000230 bytes, compression=lzss
	.bss: load addr=00003f10, load size=00000008 bytes, run addr=20000630, run size=000001d0 bytes, compression=zero_init


LINKER GENERATED HANDLER TABLE

__TI_handler_table @ 00003f00 records: 3, size/record: 4, table size: 12
	index: 0, handler: __TI_decompress_lzss
	index: 1, handler: __TI_decompress_none
	index: 2, handler: __TI_zero_init


GLOBAL SYMBOLS: SORTED ALPHABETICALLY BY Name 

address   name                                      
-------   ----                                      
00003ce3  ADC14_IRQHandler                          
00003ce3  AES256_IRQHandler                         
00003ce3  BusFault_Handler                          
00003875  C$$EXIT                                   
0000371f  C$$IO$$                                   
00003ce3  COMP_E0_IRQHandler                        
00003ce3  COMP_E1_IRQHandler                        
00003ce3  CS_IRQHandler                             
00003c31  CS_setExternalClockSourceFrequency        
00003d15  CS_startHFXT                              
000030c1  CS_startHFXTWithTimeout                   
00003ce3  DMA_ERR_IRQHandler                        
00003ce3  DMA_INT0_IRQHandler                       
00003ce3  DMA_INT1_IRQHandler                       
00003ce3  DMA_INT2_IRQHandler                       
00003ce3  DMA_INT3_IRQHandler                       
00003ce3  DebugMon_Handler                          
00003ce3  Default_Handler                           
00003ce3  EUSCIA0_IRQHandler                        
00003ce3  EUSCIA1_IRQHandler                        
00003ce3  EUSCIA2_IRQHandler                        
00003ce3  EUSCIA3_IRQHandler                        
00003ce3  EUSCIB0_IRQHandler                        
00003ce3  EUSCIB1_IRQHandler                        
00003ce3  EUSCIB2_IRQHandler                        
00003ce3  EUSCIB3_IRQHandler                        
00003ce5  EUSCI_A_SPI_enable                        
00003cf1  EUSCI_B_SPI_enable                        
00003ce3  FLCTL_IRQHandler                          
00003ce3  FPU_IRQHandler                            
00003b55  GPIO_setAsOutputPin                       
000039b5  GPIO_setAsPeripheralModuleFunctionInputPin
00003c45  GPIO_setOutputHighOnPin                   
00003bd1  GPIO_setOutputLowOnPin                    
00001bfb  HOSTclock                                 
00001bc3  HOSTclose                                 
00001b85  HOSTgetenv                                
00001b29  HOSTlseek                                 
00001ad7  HOSTopen                                  
00001a8b  HOSTread                                  
00001a2d  HOSTrename                                
000019f3  HOSTtime                                  
000019a5  HOSTtime64                                
0000196d  HOSTunlink                                
00001921  HOSTwrite                                 
00003ce3  HardFault_Handler                         
00003ce3  MemManage_Handler                         
00003ce3  NMI_Handler                               
00003ce3  PCM_IRQHandler                            
00003ce3  PORT1_IRQHandler                          
00003ce3  PORT2_IRQHandler                          
00003ce3  PORT3_IRQHandler                          
00003ce3  PORT4_IRQHandler                          
00003ce3  PORT5_IRQHandler                          
00003ce3  PORT6_IRQHandler                          
00003ce3  PSS_IRQHandler                            
00003ce3  PendSV_Handler                            
00003ce3  RTC_C_IRQHandler                          
00003cd7  Reset_Handler                             
UNDEFED   SHT$$INIT_ARRAY$$Base                     
UNDEFED   SHT$$INIT_ARRAY$$Limit                    
00003bb5  SPI_enableModule                          
00003329  SPI_initMaster                            
00003ce3  SVC_Handler                               
00003ca9  SysCtl_disableNMISource                   
00003cb9  SysCtl_enableNMISource                    
00003cfd  SysCtl_getNMISourceStatus                 
00003ce3  SysTick_Handler                           
2000062c  SystemCoreClock                           
000015f5  SystemCoreClockUpdate                     
00001869  SystemInit                                
00003ce3  T32_INT1_IRQHandler                       
00003ce3  T32_INT2_IRQHandler                       
00003ce3  T32_INTC_IRQHandler                       
00003ce3  TA0_0_IRQHandler                          
00003ce3  TA0_N_IRQHandler                          
00003ce3  TA1_0_IRQHandler                          
00003ce3  TA1_N_IRQHandler                          
00003ce3  TA2_0_IRQHandler                          
00003ce3  TA2_N_IRQHandler                          
00003ce3  TA3_0_IRQHandler                          
00003ce3  TA3_N_IRQHandler                          
00003ce3  UsageFault_Handler                        
4000480c  WDTCTL_SYM                                
00003ce3  WDT_A_IRQHandler                          
20000630  __CIOBUF_                                 
20010000  __STACK_END                               
00000200  __STACK_SIZE                              
00000400  __SYSMEM_SIZE                             
00003f18  __TI_CINIT_Base                           
00003f28  __TI_CINIT_Limit                          
00003f00  __TI_Handler_Table_Base                   
00003f0c  __TI_Handler_Table_Limit                  
000035a9  __TI_auto_init                            
0000248d  __TI_cleanup                              
20000600  __TI_cleanup_ptr                          
000031f9  __TI_closefile                            
00003689  __TI_decompress_lzss                      
00003cc9  __TI_decompress_none                      
00002ea5  __TI_doflush                              
20000604  __TI_dtors_ptr                            
20000608  __TI_enable_exit_profile_output           
200005f0  __TI_ft_end                               
ffffffff  __TI_pprof_out_hndl                       
00000929  __TI_printfi                              
ffffffff  __TI_prof_data_size                       
ffffffff  __TI_prof_data_start                      
00002fcf  __TI_rd_ok                                
00003723  __TI_readmsg                              
00000000  __TI_static_base__                        
20000750  __TI_tmpnams                              
000036f1  __TI_writemsg                             
00002f6d  __TI_wrt_ok                               
00003d09  __TI_zero_init                            
000033b1  __aeabi_cdcmpeq                           
000033b1  __aeabi_cdcmple                           
00003437  __aeabi_cdrcmple                          
000039fd  __aeabi_d2iz                              
00002593  __aeabi_dadd                              
00002895  __aeabi_ddiv                              
00002b01  __aeabi_dmul                              
00002589  __aeabi_dsub                              
00003a85  __aeabi_f2d                               
00003b25  __aeabi_i2d                               
000034bd  __aeabi_memclr                            
000034bd  __aeabi_memclr4                           
000034bd  __aeabi_memclr8                           
0000315d  __aeabi_memcpy                            
0000315d  __aeabi_memcpy4                           
0000315d  __aeabi_memcpy8                           
000034bf  __aeabi_memset                            
000034bf  __aeabi_memset4                           
000034bf  __aeabi_memset8                           
200005fc  __aeabi_stderr                            
200005f4  __aeabi_stdin                             
200005f8  __aeabi_stdout                            
000021d1  __aeabi_uldivmod                          
ffffffff  __binit__                                 
ffffffff  __c_args__                                
00001223  __mpu_init                                
2000fe00  __stack                                   
00003be9  _args_main                                
00003821  _c_int00                                  
00003d20  _ctypes_                                  
20000400  _ftable                                   
20000618  _lock                                     
00003c67  _nop                                      
00003c5f  _register_lock                            
00003c59  _register_unlock                          
20000000  _sys_memory                               
0000273f  _system_post_cinit                        
00003d1b  _system_pre_init                          
2000061c  _unlock                                   
00003879  abort                                     
00001ea5  add_device                                
0000391d  atoi                                      
ffffffff  binit                                     
000015c5  calloc                                    
00003083  clk_init                                  
00001e55  close                                     
00003969  copy_in                                   
00003c6d  copysign                                  
00003c6d  copysignl                                 
00003a45  debug_init                                
20000620  errno                                     
00003881  exit                                      
0000325f  fclose                                    
00002ef1  fflush                                    
000024e3  fopen                                     
00003291  fputc                                     
000029cd  fputs                                     
0000130f  free                                      
000024b9  freopen                                   
000037bd  frexp                                     
000037bd  frexpl                                    
00003759  fseek                                     
00000000  interruptVectors                          
00002bfd  ldexp                                     
00002bfd  ldexpl                                    
00002005  lis3dh_getRange                           
00001fb9  lis3dh_init                               
000020e5  lis3dh_readNormalizedData                 
00002023  lis3dh_readRawData                        
00001fcf  lis3dh_setRange                           
00001e31  lseek                                     
000038c9  ltoa                                      
00002741  main                                      
20000628  main_func_sp                              
000012a5  malloc                                    
000014d9  memalign                                  
00003b99  memccpy                                   
00003b79  memchr                                    
0000315d  memcpy                                    
000034c5  memset                                    
00001225  minit                                     
00001d83  open                                      
00003621  printf                                    
00003291  putc                                      
00003315  putchar                                   
00002ad9  puts                                      
00001f51  r_reg                                     
00001d5f  read                                      
000013d1  realloc                                   
00001cd5  remove                                    
00001d37  remove_device                             
00001cf9  rename                                    
00002bfd  scalbn                                    
00002bfd  scalbnl                                   
00002cf9  setvbuf                                   
00002dd5  spi_init                                  
00002e15  spi_transfer                              
00002e3f  spi_transfer16                            
00003c19  strchr                                    
00003c01  strcmp                                    
00003c81  strcpy                                    
00003c95  strlen                                    
00003abd  strncpy                                   
00003e24  uartConfig                                
00001cd5  unlink                                    
00001f89  w_reg                                     
00001c45  write                                     


GLOBAL SYMBOLS: SORTED BY Symbol Address 

address   name                                      
-------   ----                                      
00000000  __TI_static_base__                        
00000000  interruptVectors                          
00000200  __STACK_SIZE                              
00000400  __SYSMEM_SIZE                             
00000929  __TI_printfi                              
00001223  __mpu_init                                
00001225  minit                                     
000012a5  malloc                                    
0000130f  free                                      
000013d1  realloc                                   
000014d9  memalign                                  
000015c5  calloc                                    
000015f5  SystemCoreClockUpdate                     
00001869  SystemInit                                
00001921  HOSTwrite                                 
0000196d  HOSTunlink                                
000019a5  HOSTtime64                                
000019f3  HOSTtime                                  
00001a2d  HOSTrename                                
00001a8b  HOSTread                                  
00001ad7  HOSTopen                                  
00001b29  HOSTlseek                                 
00001b85  HOSTgetenv                                
00001bc3  HOSTclose                                 
00001bfb  HOSTclock                                 
00001c45  write                                     
00001cd5  remove                                    
00001cd5  unlink                                    
00001cf9  rename                                    
00001d37  remove_device                             
00001d5f  read                                      
00001d83  open                                      
00001e31  lseek                                     
00001e55  close                                     
00001ea5  add_device                                
00001f51  r_reg                                     
00001f89  w_reg                                     
00001fb9  lis3dh_init                               
00001fcf  lis3dh_setRange                           
00002005  lis3dh_getRange                           
00002023  lis3dh_readRawData                        
000020e5  lis3dh_readNormalizedData                 
000021d1  __aeabi_uldivmod                          
0000248d  __TI_cleanup                              
000024b9  freopen                                   
000024e3  fopen                                     
00002589  __aeabi_dsub                              
00002593  __aeabi_dadd                              
0000273f  _system_post_cinit                        
00002741  main                                      
00002895  __aeabi_ddiv                              
000029cd  fputs                                     
00002ad9  puts                                      
00002b01  __aeabi_dmul                              
00002bfd  ldexp                                     
00002bfd  ldexpl                                    
00002bfd  scalbn                                    
00002bfd  scalbnl                                   
00002cf9  setvbuf                                   
00002dd5  spi_init                                  
00002e15  spi_transfer                              
00002e3f  spi_transfer16                            
00002ea5  __TI_doflush                              
00002ef1  fflush                                    
00002f6d  __TI_wrt_ok                               
00002fcf  __TI_rd_ok                                
00003083  clk_init                                  
000030c1  CS_startHFXTWithTimeout                   
0000315d  __aeabi_memcpy                            
0000315d  __aeabi_memcpy4                           
0000315d  __aeabi_memcpy8                           
0000315d  memcpy                                    
000031f9  __TI_closefile                            
0000325f  fclose                                    
00003291  fputc                                     
00003291  putc                                      
00003315  putchar                                   
00003329  SPI_initMaster                            
000033b1  __aeabi_cdcmpeq                           
000033b1  __aeabi_cdcmple                           
00003437  __aeabi_cdrcmple                          
000034bd  __aeabi_memclr                            
000034bd  __aeabi_memclr4                           
000034bd  __aeabi_memclr8                           
000034bf  __aeabi_memset                            
000034bf  __aeabi_memset4                           
000034bf  __aeabi_memset8                           
000034c5  memset                                    
000035a9  __TI_auto_init                            
00003621  printf                                    
00003689  __TI_decompress_lzss                      
000036f1  __TI_writemsg                             
0000371f  C$$IO$$                                   
00003723  __TI_readmsg                              
00003759  fseek                                     
000037bd  frexp                                     
000037bd  frexpl                                    
00003821  _c_int00                                  
00003875  C$$EXIT                                   
00003879  abort                                     
00003881  exit                                      
000038c9  ltoa                                      
0000391d  atoi                                      
00003969  copy_in                                   
000039b5  GPIO_setAsPeripheralModuleFunctionInputPin
000039fd  __aeabi_d2iz                              
00003a45  debug_init                                
00003a85  __aeabi_f2d                               
00003abd  strncpy                                   
00003b25  __aeabi_i2d                               
00003b55  GPIO_setAsOutputPin                       
00003b79  memchr                                    
00003b99  memccpy                                   
00003bb5  SPI_enableModule                          
00003bd1  GPIO_setOutputLowOnPin                    
00003be9  _args_main                                
00003c01  strcmp                                    
00003c19  strchr                                    
00003c31  CS_setExternalClockSourceFrequency        
00003c45  GPIO_setOutputHighOnPin                   
00003c59  _register_unlock                          
00003c5f  _register_lock                            
00003c67  _nop                                      
00003c6d  copysign                                  
00003c6d  copysignl                                 
00003c81  strcpy                                    
00003c95  strlen                                    
00003ca9  SysCtl_disableNMISource                   
00003cb9  SysCtl_enableNMISource                    
00003cc9  __TI_decompress_none                      
00003cd7  Reset_Handler                             
00003ce3  ADC14_IRQHandler                          
00003ce3  AES256_IRQHandler                         
00003ce3  BusFault_Handler                          
00003ce3  COMP_E0_IRQHandler                        
00003ce3  COMP_E1_IRQHandler                        
00003ce3  CS_IRQHandler                             
00003ce3  DMA_ERR_IRQHandler                        
00003ce3  DMA_INT0_IRQHandler                       
00003ce3  DMA_INT1_IRQHandler                       
00003ce3  DMA_INT2_IRQHandler                       
00003ce3  DMA_INT3_IRQHandler                       
00003ce3  DebugMon_Handler                          
00003ce3  Default_Handler                           
00003ce3  EUSCIA0_IRQHandler                        
00003ce3  EUSCIA1_IRQHandler                        
00003ce3  EUSCIA2_IRQHandler                        
00003ce3  EUSCIA3_IRQHandler                        
00003ce3  EUSCIB0_IRQHandler                        
00003ce3  EUSCIB1_IRQHandler                        
00003ce3  EUSCIB2_IRQHandler                        
00003ce3  EUSCIB3_IRQHandler                        
00003ce3  FLCTL_IRQHandler                          
00003ce3  FPU_IRQHandler                            
00003ce3  HardFault_Handler                         
00003ce3  MemManage_Handler                         
00003ce3  NMI_Handler                               
00003ce3  PCM_IRQHandler                            
00003ce3  PORT1_IRQHandler                          
00003ce3  PORT2_IRQHandler                          
00003ce3  PORT3_IRQHandler                          
00003ce3  PORT4_IRQHandler                          
00003ce3  PORT5_IRQHandler                          
00003ce3  PORT6_IRQHandler                          
00003ce3  PSS_IRQHandler                            
00003ce3  PendSV_Handler                            
00003ce3  RTC_C_IRQHandler                          
00003ce3  SVC_Handler                               
00003ce3  SysTick_Handler                           
00003ce3  T32_INT1_IRQHandler                       
00003ce3  T32_INT2_IRQHandler                       
00003ce3  T32_INTC_IRQHandler                       
00003ce3  TA0_0_IRQHandler                          
00003ce3  TA0_N_IRQHandler                          
00003ce3  TA1_0_IRQHandler                          
00003ce3  TA1_N_IRQHandler                          
00003ce3  TA2_0_IRQHandler                          
00003ce3  TA2_N_IRQHandler                          
00003ce3  TA3_0_IRQHandler                          
00003ce3  TA3_N_IRQHandler                          
00003ce3  UsageFault_Handler                        
00003ce3  WDT_A_IRQHandler                          
00003ce5  EUSCI_A_SPI_enable                        
00003cf1  EUSCI_B_SPI_enable                        
00003cfd  SysCtl_getNMISourceStatus                 
00003d09  __TI_zero_init                            
00003d15  CS_startHFXT                              
00003d1b  _system_pre_init                          
00003d20  _ctypes_                                  
00003e24  uartConfig                                
00003f00  __TI_Handler_Table_Base                   
00003f0c  __TI_Handler_Table_Limit                  
00003f18  __TI_CINIT_Base                           
00003f28  __TI_CINIT_Limit                          
20000000  _sys_memory                               
20000400  _ftable                                   
200005f0  __TI_ft_end                               
200005f4  __aeabi_stdin                             
200005f8  __aeabi_stdout                            
200005fc  __aeabi_stderr                            
20000600  __TI_cleanup_ptr                          
20000604  __TI_dtors_ptr                            
20000608  __TI_enable_exit_profile_output           
20000618  _lock                                     
2000061c  _unlock                                   
20000620  errno                                     
20000628  main_func_sp                              
2000062c  SystemCoreClock                           
20000630  __CIOBUF_                                 
20000750  __TI_tmpnams                              
2000fe00  __stack                                   
20010000  __STACK_END                               
4000480c  WDTCTL_SYM                                
ffffffff  __TI_pprof_out_hndl                       
ffffffff  __TI_prof_data_size                       
ffffffff  __TI_prof_data_start                      
ffffffff  __binit__                                 
ffffffff  __c_args__                                
ffffffff  binit                                     
UNDEFED   SHT$$INIT_ARRAY$$Base                     
UNDEFED   SHT$$INIT_ARRAY$$Limit                    

[221 symbols]
