******************************************************************************
                  TI ARM Linker PC v16.9.3                     
******************************************************************************
>> Linked Tue Aug 29 15:31:41 2017

OUTPUT FILE NAME:   <LIS3DH.out>
ENTRY POINT SYMBOL: "_c_int00"  address: 00003575


MEMORY CONFIGURATION

         name            origin    length      used     unused   attr    fill
----------------------  --------  ---------  --------  --------  ----  --------
  MAIN                  00000000   00040000  00003c3e  0003c3c2  R  X
  INFO                  00200000   00004000  00000000  00004000  R  X
  SRAM_CODE             01000000   00010000  00000a00  0000f600  RW X
  SRAM_DATA             20000000   00010000  00000a00  0000f600  RW  


SEGMENT ALLOCATION MAP

run origin  load origin   length   init length attrs members
----------  ----------- ---------- ----------- ----- -------
00000000    00000000    00003c40   00003c40    r-x
  00000000    00000000    000000e4   000000e4    r-- .intvecs
  000000e4    000000e4    00003956   00003956    r-x .text
  00003a3c    00003a3c    00000144   00000144    r-- .const
  00003b80    00003b80    000000c0   000000c0    r-- .cinit
20000000    20000000    00000800   00000000    rw-
  20000000    20000000    00000400   00000000    rw- .sysmem
  20000400    20000400    00000230   00000000    rw- .data
  20000630    20000630    000001d0   00000000    rw- .bss
2000fe00    2000fe00    00000200   00000000    rw-
  2000fe00    2000fe00    00000200   00000000    rw- .stack


SECTION ALLOCATION MAP

 output                                  attributes/
section   page    origin      length       input sections
--------  ----  ----------  ----------   ----------------
.intvecs   0    00000000    000000e4     
                  00000000    000000e4     startup_msp432p401r_ccs.obj (.intvecs:retain)

.binit     0    00000000    00000000     

.text      0    000000e4    00003956     
                  000000e4    0000113e     rtsv7M4_T_le_v4SPD16_eabi.lib : _printfi.obj (.text)
                  00001222    00000002                                   : mpu_init.obj (.text)
                  00001224    000003d0                                   : memory.obj (.text)
                  000015f4    0000032c     system_msp432p401r.obj (.text)
                  00001920    00000324     rtsv7M4_T_le_v4SPD16_eabi.lib : trgdrv.obj (.text)
                  00001c44    0000030c                                   : lowlev.obj (.text)
                  00001f50    000001f4                                   : ull_div_t2.obj (.text)
                  00002144    000001c4                                   : fopen.obj (.text)
                  00002308    000001b6                                   : fd_add_t2.obj (.text)
                  000024be    00000136                                   : fd_div_t2.obj (.text)
                  000025f4    00000134                                   : fputs.obj (.text)
                  00002728    0000012c     main.obj (.text)
                  00002854    000000fc     rtsv7M4_T_le_v4SPD16_eabi.lib : fd_mul_t2.obj (.text)
                  00002950    000000fc                                   : s_scalbn.obj (.text)
                  00002a4c    000000dc                                   : setvbuf.obj (.text)
                  00002b28    000000d0     msp432_spi.obj (.text)
                  00002bf8    000000c8     rtsv7M4_T_le_v4SPD16_eabi.lib : fflush.obj (.text)
                  00002cc0    000000ac                                   : _io_perm.obj (.text)
                  00002d6c    000000a8     clk.obj (.text)
                  00002e14    0000009c     msp432p4xx_driverlib.lib : cs.o (.text:CS_startHFXTWithTimeout)
                  00002eb0    0000009c     rtsv7M4_T_le_v4SPD16_eabi.lib : memcpy_t2.obj (.text)
                  00002f4c    00000098                                   : fclose.obj (.text)
                  00002fe4    00000098                                   : fputc.obj (.text)
                  0000307c    00000088     msp432p4xx_driverlib.lib : spi.o (.text:SPI_initMaster)
                  00003104    00000086     rtsv7M4_T_le_v4SPD16_eabi.lib : fd_cmp_t2.obj (.text:__aeabi_cdcmple)
                  0000318a    00000086                                   : fd_cmp_t2.obj (.text:__aeabi_cdrcmple)
                  00003210    0000007a                                   : memset_t2.obj (.text)
                  0000328a    00000002                                   : startup.obj (.text)
                  0000328c    00000070     msp432p4xx_driverlib.lib : cs.o (.text:_CSGetHFXTFrequency)
                  000032fc    00000070     rtsv7M4_T_le_v4SPD16_eabi.lib : autoinit.obj (.text)
                  0000336c    00000070                                   : printf.obj (.text)
                  000033dc    00000068                                   : copy_decompress_lzss.obj (.text:decompress:lzss)
                  00003444    00000068                                   : trgmsg.obj (.text)
                  000034ac    00000064                                   : fseek.obj (.text)
                  00003510    00000064                                   : s_frexp.obj (.text)
                  00003574    00000054                                   : boot.obj (.text)
                  000035c8    00000054                                   : exit.obj (.text)
                  0000361c    00000054                                   : ltoa.obj (.text)
                  00003670    0000004c                                   : atoi.obj (.text)
                  000036bc    0000004c                                   : cpy_tbl.obj (.text)
                  00003708    00000048     msp432p4xx_driverlib.lib : gpio.o (.text:GPIO_setAsPeripheralModuleFunctionInputPin)
                  00003750    00000048     rtsv7M4_T_le_v4SPD16_eabi.lib : fd_toi_t2.obj (.text)
                  00003798    00000040     debug.obj (.text)
                  000037d8    00000036     rtsv7M4_T_le_v4SPD16_eabi.lib : strncpy.obj (.text)
                  0000380e    00000002     --HOLE-- [fill = 0]
                  00003810    00000030     msp432p4xx_driverlib.lib : spi.o (.text:is_A_Module)
                  00003840    0000002e     rtsv7M4_T_le_v4SPD16_eabi.lib : i_tofd_t2.obj (.text)
                  0000386e    00000002     --HOLE-- [fill = 0]
                  00003870    00000024     msp432p4xx_driverlib.lib : gpio.o (.text:GPIO_setAsOutputPin)
                  00003894    00000020     rtsv7M4_T_le_v4SPD16_eabi.lib : memchr.obj (.text)
                  000038b4    0000001c                                   : memccpy.obj (.text)
                  000038d0    0000001a     msp432p4xx_driverlib.lib : spi.o (.text:SPI_enableModule)
                  000038ea    00000002     --HOLE-- [fill = 0]
                  000038ec    00000018                              : gpio.o (.text:GPIO_setOutputLowOnPin)
                  00003904    00000018     rtsv7M4_T_le_v4SPD16_eabi.lib : args_main.obj (.text)
                  0000391c    00000018                                   : strcmp.obj (.text)
                  00003934    00000016                                   : strchr.obj (.text)
                  0000394a    00000002     --HOLE-- [fill = 0]
                  0000394c    00000014     msp432p4xx_driverlib.lib : cs.o (.text:CS_setExternalClockSourceFrequency)
                  00003960    00000014                              : gpio.o (.text:GPIO_setOutputHighOnPin)
                  00003974    00000014     rtsv7M4_T_le_v4SPD16_eabi.lib : _lock.obj (.text)
                  00003988    00000014                                   : s_copysign.obj (.text)
                  0000399c    00000014                                   : strcpy.obj (.text)
                  000039b0    00000014                                   : strlen.obj (.text)
                  000039c4    00000010     msp432p4xx_driverlib.lib : sysctl.o (.text:SysCtl_disableNMISource)
                  000039d4    00000010                              : sysctl.o (.text:SysCtl_enableNMISource)
                  000039e4    0000000e     rtsv7M4_T_le_v4SPD16_eabi.lib : copy_decompress_none.obj (.text:decompress:none)
                  000039f2    0000000e     startup_msp432p401r_ccs.obj (.text)
                  00003a00    0000000c     msp432p4xx_driverlib.lib : spi.o (.text:EUSCI_A_SPI_enable)
                  00003a0c    0000000c                              : spi.o (.text:EUSCI_B_SPI_enable)
                  00003a18    0000000c                              : sysctl.o (.text:SysCtl_getNMISourceStatus)
                  00003a24    0000000c     rtsv7M4_T_le_v4SPD16_eabi.lib : copy_zero_init.obj (.text:decompress:ZI)
                  00003a30    00000006     msp432p4xx_driverlib.lib : cs.o (.text:CS_startHFXT)
                  00003a36    00000004     rtsv7M4_T_le_v4SPD16_eabi.lib : pre_init.obj (.text)

.const     0    00003a3c    00000144     
                  00003a3c    00000101     rtsv7M4_T_le_v4SPD16_eabi.lib : ctype.obj (.const:.string:_ctypes_)
                  00003b3d    00000003     --HOLE-- [fill = 0]
                  00003b40    00000024     debug.obj (.const:uartConfig)
                  00003b64    0000001c     msp432_spi.obj (.const:$P$T0$1)

.cinit     0    00003b80    000000c0     
                  00003b80    00000096     (.cinit..data.load) [load image, compression = lzss]
                  00003c16    00000002     --HOLE-- [fill = 0]
                  00003c18    0000000c     (__TI_handler_table)
                  00003c24    00000004     --HOLE-- [fill = 0]
                  00003c28    00000008     (.cinit..bss.load) [load image, compression = zero_init]
                  00003c30    00000010     (__TI_cinit_table)

.init_array 
*          0    00000000    00000000     UNINITIALIZED

.sysmem    0    20000000    00000400     UNINITIALIZED
                  20000000    00000008     rtsv7M4_T_le_v4SPD16_eabi.lib : memory.obj (.sysmem)
                  20000008    000003f8     --HOLE--

.data      0    20000400    00000230     UNINITIALIZED
                  20000400    000000f0     rtsv7M4_T_le_v4SPD16_eabi.lib : defs.obj (.data:_ftable)
                  200004f0    000000d0                                   : lowlev.obj (.data:$O1$$)
                  200005c0    00000030     msp432p4xx_driverlib.lib : gpio.o (.data:GPIO_PORT_TO_BASE)
                  200005f0    00000010     rtsv7M4_T_le_v4SPD16_eabi.lib : defs.obj (.data)
                  20000600    0000000c                                   : exit.obj (.data:$O1$$)
                  2000060c    0000000c                                   : memory.obj (.data:$O1$$)
                  20000618    00000008                                   : _lock.obj (.data:$O1$$)
                  20000620    00000004                                   : errno.obj (.data)
                  20000624    00000004                                   : fopen.obj (.data)
                  20000628    00000004                                   : stkdepth_vars.obj (.data)
                  2000062c    00000004     system_msp432p401r.obj (.data)

.bss       0    20000630    000001d0     UNINITIALIZED
                  20000630    00000120     rtsv7M4_T_le_v4SPD16_eabi.lib : trgmsg.obj (.bss:_CIOBUF_)
                  20000750    000000a0     (.common:__TI_tmpnams)
                  200007f0    00000008                                   : trgdrv.obj (.bss:parmbuf)
                  200007f8    00000004     (.common:hfxtFreq)
                  200007fc    00000004     (.common:lfxtFreq)

.stack     0    2000fe00    00000200     UNINITIALIZED
                  2000fe00    00000200     --HOLE--

MODULE SUMMARY

       Module                        code    ro data   rw data
       ------                        ----    -------   -------
    .\
       system_msp432p401r.obj        812     0         8      
       main.obj                      300     0         0      
       startup_msp432p401r_ccs.obj   14      228       0      
       msp432_spi.obj                208     28        0      
       clk.obj                       168     0         0      
       debug.obj                     64      36        0      
    +--+-----------------------------+-------+---------+---------+
       Total:                        1566    292       8      
                                                              
    C:/ti/msp/MSP432Ware_3_50_00_02/driverlib/driverlib/MSP432P4xx/ccs/msp432p4xx_driverlib.lib
       cs.o                          294     0         16     
       gpio.o                        152     0         96     
       spi.o                         234     0         0      
       sysctl.o                      44      0         0      
    +--+-----------------------------+-------+---------+---------+
       Total:                        724     0         112    
                                                              
    C:\ti\ccsv7\tools\compiler\ti-cgt-arm_16.9.3.LTS\lib\rtsv7M4_T_le_v4SPD16_eabi.lib
       _printfi.obj                  4414    0         0      
       lowlev.obj                    780     0         416    
       memory.obj                    976     0         24     
       defs.obj                      0       0         832    
       trgdrv.obj                    804     0         16     
       trgmsg.obj                    104     0         576    
       ull_div_t2.obj                500     0         0      
       fopen.obj                     452     0         8      
       fd_add_t2.obj                 438     0         0      
       fd_div_t2.obj                 310     0         0      
       fputs.obj                     308     0         0      
       fd_cmp_t2.obj                 268     0         0      
       ctype.obj                     0       257       0      
       fd_mul_t2.obj                 252     0         0      
       s_scalbn.obj                  252     0         0      
       setvbuf.obj                   220     0         0      
       fflush.obj                    200     0         0      
       _io_perm.obj                  172     0         0      
       memcpy_t2.obj                 156     0         0      
       fclose.obj                    152     0         0      
       fputc.obj                     152     0         0      
       memset_t2.obj                 122     0         0      
       autoinit.obj                  112     0         0      
       printf.obj                    112     0         0      
       exit.obj                      84      0         24     
       copy_decompress_lzss.obj      104     0         0      
       fseek.obj                     100     0         0      
       s_frexp.obj                   100     0         0      
       boot.obj                      84      0         0      
       ltoa.obj                      84      0         0      
       atoi.obj                      76      0         0      
       cpy_tbl.obj                   76      0         0      
       fd_toi_t2.obj                 72      0         0      
       strncpy.obj                   54      0         0      
       i_tofd_t2.obj                 46      0         0      
       _lock.obj                     20      0         16     
       memchr.obj                    32      0         0      
       memccpy.obj                   28      0         0      
       args_main.obj                 24      0         0      
       strcmp.obj                    24      0         0      
       strchr.obj                    22      0         0      
       s_copysign.obj                20      0         0      
       strcpy.obj                    20      0         0      
       strlen.obj                    20      0         0      
       copy_decompress_none.obj      14      0         0      
       copy_zero_init.obj            12      0         0      
       errno.obj                     0       0         8      
       stkdepth_vars.obj             0       0         8      
       pre_init.obj                  4       0         0      
       mpu_init.obj                  2       0         0      
       startup.obj                   2       0         0      
    +--+-----------------------------+-------+---------+---------+
       Total:                        12380   257       1928   
                                                              
       Heap:                         0       0         2048   
       Stack:                        0       0         1024   
       Linker Generated:             0       186       0      
    +--+-----------------------------+-------+---------+---------+
       Grand Total:                  14670   735       5120   


LINKER GENERATED COPY TABLES

__TI_cinit_table @ 00003c30 records: 2, size/record: 8, table size: 16
	.data: load addr=00003b80, load size=00000096 bytes, run addr=20000400, run size=00000230 bytes, compression=lzss
	.bss: load addr=00003c28, load size=00000008 bytes, run addr=20000630, run size=000001d0 bytes, compression=zero_init


LINKER GENERATED HANDLER TABLE

__TI_handler_table @ 00003c18 records: 3, size/record: 4, table size: 12
	index: 0, handler: __TI_decompress_lzss
	index: 1, handler: __TI_decompress_none
	index: 2, handler: __TI_zero_init


GLOBAL SYMBOLS: SORTED ALPHABETICALLY BY Name 

address   name                                      
-------   ----                                      
000039ff  ADC14_IRQHandler                          
000039ff  AES256_IRQHandler                         
000039ff  BusFault_Handler                          
000035c9  C$$EXIT                                   
00003473  C$$IO$$                                   
000039ff  COMP_E0_IRQHandler                        
000039ff  COMP_E1_IRQHandler                        
000039ff  CS_IRQHandler                             
0000394d  CS_setExternalClockSourceFrequency        
00003a31  CS_startHFXT                              
00002e15  CS_startHFXTWithTimeout                   
000039ff  DMA_ERR_IRQHandler                        
000039ff  DMA_INT0_IRQHandler                       
000039ff  DMA_INT1_IRQHandler                       
000039ff  DMA_INT2_IRQHandler                       
000039ff  DMA_INT3_IRQHandler                       
000039ff  DebugMon_Handler                          
000039ff  Default_Handler                           
000039ff  EUSCIA0_IRQHandler                        
000039ff  EUSCIA1_IRQHandler                        
000039ff  EUSCIA2_IRQHandler                        
000039ff  EUSCIA3_IRQHandler                        
000039ff  EUSCIB0_IRQHandler                        
000039ff  EUSCIB1_IRQHandler                        
000039ff  EUSCIB2_IRQHandler                        
000039ff  EUSCIB3_IRQHandler                        
00003a01  EUSCI_A_SPI_enable                        
00003a0d  EUSCI_B_SPI_enable                        
000039ff  FLCTL_IRQHandler                          
000039ff  FPU_IRQHandler                            
00003871  GPIO_setAsOutputPin                       
00003709  GPIO_setAsPeripheralModuleFunctionInputPin
00003961  GPIO_setOutputHighOnPin                   
000038ed  GPIO_setOutputLowOnPin                    
00001bfb  HOSTclock                                 
00001bc3  HOSTclose                                 
00001b85  HOSTgetenv                                
00001b29  HOSTlseek                                 
00001ad7  HOSTopen                                  
00001a8b  HOSTread                                  
00001a2d  HOSTrename                                
000019f3  HOSTtime                                  
000019a5  HOSTtime64                                
0000196d  HOSTunlink                                
00001921  HOSTwrite                                 
000039ff  HardFault_Handler                         
000039ff  MemManage_Handler                         
000039ff  NMI_Handler                               
000039ff  PCM_IRQHandler                            
000039ff  PORT1_IRQHandler                          
000039ff  PORT2_IRQHandler                          
000039ff  PORT3_IRQHandler                          
000039ff  PORT4_IRQHandler                          
000039ff  PORT5_IRQHandler                          
000039ff  PORT6_IRQHandler                          
000039ff  PSS_IRQHandler                            
000039ff  PendSV_Handler                            
000039ff  RTC_C_IRQHandler                          
000039f3  Reset_Handler                             
UNDEFED   SHT$$INIT_ARRAY$$Base                     
UNDEFED   SHT$$INIT_ARRAY$$Limit                    
000038d1  SPI_enableModule                          
0000307d  SPI_initMaster                            
000039ff  SVC_Handler                               
000039c5  SysCtl_disableNMISource                   
000039d5  SysCtl_enableNMISource                    
00003a19  SysCtl_getNMISourceStatus                 
000039ff  SysTick_Handler                           
2000062c  SystemCoreClock                           
000015f5  SystemCoreClockUpdate                     
00001869  SystemInit                                
000039ff  T32_INT1_IRQHandler                       
000039ff  T32_INT2_IRQHandler                       
000039ff  T32_INTC_IRQHandler                       
000039ff  TA0_0_IRQHandler                          
000039ff  TA0_N_IRQHandler                          
000039ff  TA1_0_IRQHandler                          
000039ff  TA1_N_IRQHandler                          
000039ff  TA2_0_IRQHandler                          
000039ff  TA2_N_IRQHandler                          
000039ff  TA3_0_IRQHandler                          
000039ff  TA3_N_IRQHandler                          
000039ff  UsageFault_Handler                        
4000480c  WDTCTL_SYM                                
000039ff  WDT_A_IRQHandler                          
20000630  __CIOBUF_                                 
20010000  __STACK_END                               
00000200  __STACK_SIZE                              
00000400  __SYSMEM_SIZE                             
00003c30  __TI_CINIT_Base                           
00003c40  __TI_CINIT_Limit                          
00003c18  __TI_Handler_Table_Base                   
00003c24  __TI_Handler_Table_Limit                  
000032fd  __TI_auto_init                            
0000220d  __TI_cleanup                              
20000600  __TI_cleanup_ptr                          
00002f4d  __TI_closefile                            
000033dd  __TI_decompress_lzss                      
000039e5  __TI_decompress_none                      
00002bf9  __TI_doflush                              
20000604  __TI_dtors_ptr                            
20000608  __TI_enable_exit_profile_output           
200005f0  __TI_ft_end                               
ffffffff  __TI_pprof_out_hndl                       
00000929  __TI_printfi                              
ffffffff  __TI_prof_data_size                       
ffffffff  __TI_prof_data_start                      
00002d23  __TI_rd_ok                                
00003477  __TI_readmsg                              
00000000  __TI_static_base__                        
20000750  __TI_tmpnams                              
00003445  __TI_writemsg                             
00002cc1  __TI_wrt_ok                               
00003a25  __TI_zero_init                            
00003105  __aeabi_cdcmpeq                           
00003105  __aeabi_cdcmple                           
0000318b  __aeabi_cdrcmple                          
00003751  __aeabi_d2iz                              
00002313  __aeabi_dadd                              
000024bf  __aeabi_ddiv                              
00002855  __aeabi_dmul                              
00002309  __aeabi_dsub                              
00003841  __aeabi_i2d                               
00003211  __aeabi_memclr                            
00003211  __aeabi_memclr4                           
00003211  __aeabi_memclr8                           
00002eb1  __aeabi_memcpy                            
00002eb1  __aeabi_memcpy4                           
00002eb1  __aeabi_memcpy8                           
00003213  __aeabi_memset                            
00003213  __aeabi_memset4                           
00003213  __aeabi_memset8                           
200005fc  __aeabi_stderr                            
200005f4  __aeabi_stdin                             
200005f8  __aeabi_stdout                            
00001f51  __aeabi_uldivmod                          
ffffffff  __binit__                                 
ffffffff  __c_args__                                
00001223  __mpu_init                                
2000fe00  __stack                                   
00003905  _args_main                                
00003575  _c_int00                                  
00003a3c  _ctypes_                                  
20000400  _ftable                                   
20000618  _lock                                     
00003983  _nop                                      
0000397b  _register_lock                            
00003975  _register_unlock                          
20000000  _sys_memory                               
0000328b  _system_post_cinit                        
00003a37  _system_pre_init                          
2000061c  _unlock                                   
000035cd  abort                                     
00001ea5  add_device                                
00003671  atoi                                      
ffffffff  binit                                     
000015c5  calloc                                    
00002dd7  clk_init                                  
00001e55  close                                     
000036bd  copy_in                                   
00003989  copysign                                  
00003989  copysignl                                 
00003799  debug_init                                
20000620  errno                                     
000035d5  exit                                      
00002fb3  fclose                                    
00002c45  fflush                                    
00002263  fopen                                     
00002fe5  fputc                                     
000025f5  fputs                                     
0000130f  free                                      
00002239  freopen                                   
00003511  frexp                                     
00003511  frexpl                                    
000034ad  fseek                                     
00000000  interruptVectors                          
00002951  ldexp                                     
00002951  ldexpl                                    
00001e31  lseek                                     
0000361d  ltoa                                      
00002791  main                                      
20000628  main_func_sp                              
000012a5  malloc                                    
000014d9  memalign                                  
000038b5  memccpy                                   
00003895  memchr                                    
00002eb1  memcpy                                    
00003219  memset                                    
00001225  minit                                     
00001d83  open                                      
00003375  printf                                    
00002fe5  putc                                      
00003069  putchar                                   
00002701  puts                                      
00002729  r_reg                                     
00001d5f  read                                      
000013d1  realloc                                   
00001cd5  remove                                    
00001d37  remove_device                             
00001cf9  rename                                    
00002951  scalbn                                    
00002951  scalbnl                                   
00002a4d  setvbuf                                   
00002b29  spi_init                                  
00002b69  spi_transfer                              
00002b93  spi_transfer16                            
00003935  strchr                                    
0000391d  strcmp                                    
0000399d  strcpy                                    
000039b1  strlen                                    
000037d9  strncpy                                   
00003b40  uartConfig                                
00001cd5  unlink                                    
00002763  w_reg                                     
00001c45  write                                     


GLOBAL SYMBOLS: SORTED BY Symbol Address 

address   name                                      
-------   ----                                      
00000000  __TI_static_base__                        
00000000  interruptVectors                          
00000200  __STACK_SIZE                              
00000400  __SYSMEM_SIZE                             
00000929  __TI_printfi                              
00001223  __mpu_init                                
00001225  minit                                     
000012a5  malloc                                    
0000130f  free                                      
000013d1  realloc                                   
000014d9  memalign                                  
000015c5  calloc                                    
000015f5  SystemCoreClockUpdate                     
00001869  SystemInit                                
00001921  HOSTwrite                                 
0000196d  HOSTunlink                                
000019a5  HOSTtime64                                
000019f3  HOSTtime                                  
00001a2d  HOSTrename                                
00001a8b  HOSTread                                  
00001ad7  HOSTopen                                  
00001b29  HOSTlseek                                 
00001b85  HOSTgetenv                                
00001bc3  HOSTclose                                 
00001bfb  HOSTclock                                 
00001c45  write                                     
00001cd5  remove                                    
00001cd5  unlink                                    
00001cf9  rename                                    
00001d37  remove_device                             
00001d5f  read                                      
00001d83  open                                      
00001e31  lseek                                     
00001e55  close                                     
00001ea5  add_device                                
00001f51  __aeabi_uldivmod                          
0000220d  __TI_cleanup                              
00002239  freopen                                   
00002263  fopen                                     
00002309  __aeabi_dsub                              
00002313  __aeabi_dadd                              
000024bf  __aeabi_ddiv                              
000025f5  fputs                                     
00002701  puts                                      
00002729  r_reg                                     
00002763  w_reg                                     
00002791  main                                      
00002855  __aeabi_dmul                              
00002951  ldexp                                     
00002951  ldexpl                                    
00002951  scalbn                                    
00002951  scalbnl                                   
00002a4d  setvbuf                                   
00002b29  spi_init                                  
00002b69  spi_transfer                              
00002b93  spi_transfer16                            
00002bf9  __TI_doflush                              
00002c45  fflush                                    
00002cc1  __TI_wrt_ok                               
00002d23  __TI_rd_ok                                
00002dd7  clk_init                                  
00002e15  CS_startHFXTWithTimeout                   
00002eb1  __aeabi_memcpy                            
00002eb1  __aeabi_memcpy4                           
00002eb1  __aeabi_memcpy8                           
00002eb1  memcpy                                    
00002f4d  __TI_closefile                            
00002fb3  fclose                                    
00002fe5  fputc                                     
00002fe5  putc                                      
00003069  putchar                                   
0000307d  SPI_initMaster                            
00003105  __aeabi_cdcmpeq                           
00003105  __aeabi_cdcmple                           
0000318b  __aeabi_cdrcmple                          
00003211  __aeabi_memclr                            
00003211  __aeabi_memclr4                           
00003211  __aeabi_memclr8                           
00003213  __aeabi_memset                            
00003213  __aeabi_memset4                           
00003213  __aeabi_memset8                           
00003219  memset                                    
0000328b  _system_post_cinit                        
000032fd  __TI_auto_init                            
00003375  printf                                    
000033dd  __TI_decompress_lzss                      
00003445  __TI_writemsg                             
00003473  C$$IO$$                                   
00003477  __TI_readmsg                              
000034ad  fseek                                     
00003511  frexp                                     
00003511  frexpl                                    
00003575  _c_int00                                  
000035c9  C$$EXIT                                   
000035cd  abort                                     
000035d5  exit                                      
0000361d  ltoa                                      
00003671  atoi                                      
000036bd  copy_in                                   
00003709  GPIO_setAsPeripheralModuleFunctionInputPin
00003751  __aeabi_d2iz                              
00003799  debug_init                                
000037d9  strncpy                                   
00003841  __aeabi_i2d                               
00003871  GPIO_setAsOutputPin                       
00003895  memchr                                    
000038b5  memccpy                                   
000038d1  SPI_enableModule                          
000038ed  GPIO_setOutputLowOnPin                    
00003905  _args_main                                
0000391d  strcmp                                    
00003935  strchr                                    
0000394d  CS_setExternalClockSourceFrequency        
00003961  GPIO_setOutputHighOnPin                   
00003975  _register_unlock                          
0000397b  _register_lock                            
00003983  _nop                                      
00003989  copysign                                  
00003989  copysignl                                 
0000399d  strcpy                                    
000039b1  strlen                                    
000039c5  SysCtl_disableNMISource                   
000039d5  SysCtl_enableNMISource                    
000039e5  __TI_decompress_none                      
000039f3  Reset_Handler                             
000039ff  ADC14_IRQHandler                          
000039ff  AES256_IRQHandler                         
000039ff  BusFault_Handler                          
000039ff  COMP_E0_IRQHandler                        
000039ff  COMP_E1_IRQHandler                        
000039ff  CS_IRQHandler                             
000039ff  DMA_ERR_IRQHandler                        
000039ff  DMA_INT0_IRQHandler                       
000039ff  DMA_INT1_IRQHandler                       
000039ff  DMA_INT2_IRQHandler                       
000039ff  DMA_INT3_IRQHandler                       
000039ff  DebugMon_Handler                          
000039ff  Default_Handler                           
000039ff  EUSCIA0_IRQHandler                        
000039ff  EUSCIA1_IRQHandler                        
000039ff  EUSCIA2_IRQHandler                        
000039ff  EUSCIA3_IRQHandler                        
000039ff  EUSCIB0_IRQHandler                        
000039ff  EUSCIB1_IRQHandler                        
000039ff  EUSCIB2_IRQHandler                        
000039ff  EUSCIB3_IRQHandler                        
000039ff  FLCTL_IRQHandler                          
000039ff  FPU_IRQHandler                            
000039ff  HardFault_Handler                         
000039ff  MemManage_Handler                         
000039ff  NMI_Handler                               
000039ff  PCM_IRQHandler                            
000039ff  PORT1_IRQHandler                          
000039ff  PORT2_IRQHandler                          
000039ff  PORT3_IRQHandler                          
000039ff  PORT4_IRQHandler                          
000039ff  PORT5_IRQHandler                          
000039ff  PORT6_IRQHandler                          
000039ff  PSS_IRQHandler                            
000039ff  PendSV_Handler                            
000039ff  RTC_C_IRQHandler                          
000039ff  SVC_Handler                               
000039ff  SysTick_Handler                           
000039ff  T32_INT1_IRQHandler                       
000039ff  T32_INT2_IRQHandler                       
000039ff  T32_INTC_IRQHandler                       
000039ff  TA0_0_IRQHandler                          
000039ff  TA0_N_IRQHandler                          
000039ff  TA1_0_IRQHandler                          
000039ff  TA1_N_IRQHandler                          
000039ff  TA2_0_IRQHandler                          
000039ff  TA2_N_IRQHandler                          
000039ff  TA3_0_IRQHandler                          
000039ff  TA3_N_IRQHandler                          
000039ff  UsageFault_Handler                        
000039ff  WDT_A_IRQHandler                          
00003a01  EUSCI_A_SPI_enable                        
00003a0d  EUSCI_B_SPI_enable                        
00003a19  SysCtl_getNMISourceStatus                 
00003a25  __TI_zero_init                            
00003a31  CS_startHFXT                              
00003a37  _system_pre_init                          
00003a3c  _ctypes_                                  
00003b40  uartConfig                                
00003c18  __TI_Handler_Table_Base                   
00003c24  __TI_Handler_Table_Limit                  
00003c30  __TI_CINIT_Base                           
00003c40  __TI_CINIT_Limit                          
20000000  _sys_memory                               
20000400  _ftable                                   
200005f0  __TI_ft_end                               
200005f4  __aeabi_stdin                             
200005f8  __aeabi_stdout                            
200005fc  __aeabi_stderr                            
20000600  __TI_cleanup_ptr                          
20000604  __TI_dtors_ptr                            
20000608  __TI_enable_exit_profile_output           
20000618  _lock                                     
2000061c  _unlock                                   
20000620  errno                                     
20000628  main_func_sp                              
2000062c  SystemCoreClock                           
20000630  __CIOBUF_                                 
20000750  __TI_tmpnams                              
2000fe00  __stack                                   
20010000  __STACK_END                               
4000480c  WDTCTL_SYM                                
ffffffff  __TI_pprof_out_hndl                       
ffffffff  __TI_prof_data_size                       
ffffffff  __TI_prof_data_start                      
ffffffff  __binit__                                 
ffffffff  __c_args__                                
ffffffff  binit                                     
UNDEFED   SHT$$INIT_ARRAY$$Base                     
UNDEFED   SHT$$INIT_ARRAY$$Limit                    

[215 symbols]
