<?xml version="1.0"?>
<link_info>
   <banner>TI ARM Linker PC v16.9.0.LTS</banner>
   <copyright>Copyright (c) 1996-2015 Texas Instruments Incorporated</copyright>
   <link_time>0x59e63138</link_time>
   <link_errors>0x0</link_errors>
   <output_file>MAXREFDES117SensorTest.out</output_file>
   <entry_point>
      <name>_c_int00</name>
      <address>0x3889</address>
   </entry_point>
   <input_file_list>
      <input_file id="fl-2">
         <path>.\</path>
         <kind>object</kind>
         <file>I2C0.obj</file>
         <name>I2C0.obj</name>
      </input_file>
      <input_file id="fl-3">
         <path>.\</path>
         <kind>object</kind>
         <file>MAX30102.obj</file>
         <name>MAX30102.obj</name>
      </input_file>
      <input_file id="fl-4">
         <path>.\</path>
         <kind>object</kind>
         <file>algorithm.obj</file>
         <name>algorithm.obj</name>
      </input_file>
      <input_file id="fl-5">
         <path>.\</path>
         <kind>object</kind>
         <file>clk.obj</file>
         <name>clk.obj</name>
      </input_file>
      <input_file id="fl-6">
         <path>.\</path>
         <kind>object</kind>
         <file>debug.obj</file>
         <name>debug.obj</name>
      </input_file>
      <input_file id="fl-7">
         <path>.\</path>
         <kind>object</kind>
         <file>main.obj</file>
         <name>main.obj</name>
      </input_file>
      <input_file id="fl-8">
         <path>.\</path>
         <kind>object</kind>
         <file>printfOverride.obj</file>
         <name>printfOverride.obj</name>
      </input_file>
      <input_file id="fl-9">
         <path>.\</path>
         <kind>object</kind>
         <file>startup_msp432p401r_ccs.obj</file>
         <name>startup_msp432p401r_ccs.obj</name>
      </input_file>
      <input_file id="fl-a">
         <path>.\</path>
         <kind>object</kind>
         <file>system_msp432p401r.obj</file>
         <name>system_msp432p401r.obj</name>
      </input_file>
      <input_file id="fl-b">
         <path>.\</path>
         <kind>object</kind>
         <file>systick.obj</file>
         <name>systick.obj</name>
      </input_file>
      <input_file id="fl-c6">
         <path>C:\ti\ccsv7\tools\compiler\ti-cgt-arm_16.9.0.LTS\lib\</path>
         <kind>archive</kind>
         <file>rtsv7M4_T_le_v4SPD16_eabi.lib</file>
         <name>boot.obj</name>
      </input_file>
      <input_file id="fl-c7">
         <path>C:\ti\ccsv7\tools\compiler\ti-cgt-arm_16.9.0.LTS\lib\</path>
         <kind>archive</kind>
         <file>rtsv7M4_T_le_v4SPD16_eabi.lib</file>
         <name>copy_decompress_lzss.obj</name>
      </input_file>
      <input_file id="fl-c8">
         <path>C:\ti\ccsv7\tools\compiler\ti-cgt-arm_16.9.0.LTS\lib\</path>
         <kind>archive</kind>
         <file>rtsv7M4_T_le_v4SPD16_eabi.lib</file>
         <name>copy_decompress_none.obj</name>
      </input_file>
      <input_file id="fl-c9">
         <path>C:\ti\ccsv7\tools\compiler\ti-cgt-arm_16.9.0.LTS\lib\</path>
         <kind>archive</kind>
         <file>rtsv7M4_T_le_v4SPD16_eabi.lib</file>
         <name>copy_zero_init.obj</name>
      </input_file>
      <input_file id="fl-ca">
         <path>C:\ti\ccsv7\tools\compiler\ti-cgt-arm_16.9.0.LTS\lib\</path>
         <kind>archive</kind>
         <file>rtsv7M4_T_le_v4SPD16_eabi.lib</file>
         <name>exit.obj</name>
      </input_file>
      <input_file id="fl-cb">
         <path>C:\ti\ccsv7\tools\compiler\ti-cgt-arm_16.9.0.LTS\lib\</path>
         <kind>archive</kind>
         <file>rtsv7M4_T_le_v4SPD16_eabi.lib</file>
         <name>memcpy_t2.obj</name>
      </input_file>
      <input_file id="fl-cc">
         <path>C:\ti\ccsv7\tools\compiler\ti-cgt-arm_16.9.0.LTS\lib\</path>
         <kind>archive</kind>
         <file>rtsv7M4_T_le_v4SPD16_eabi.lib</file>
         <name>memset_t2.obj</name>
      </input_file>
      <input_file id="fl-cd">
         <path>C:\ti\ccsv7\tools\compiler\ti-cgt-arm_16.9.0.LTS\lib\</path>
         <kind>archive</kind>
         <file>rtsv7M4_T_le_v4SPD16_eabi.lib</file>
         <name>mpu_init.obj</name>
      </input_file>
      <input_file id="fl-ce">
         <path>C:\ti\ccsv7\tools\compiler\ti-cgt-arm_16.9.0.LTS\lib\</path>
         <kind>archive</kind>
         <file>rtsv7M4_T_le_v4SPD16_eabi.lib</file>
         <name>pre_init.obj</name>
      </input_file>
      <input_file id="fl-cf">
         <path>C:\ti\ccsv7\tools\compiler\ti-cgt-arm_16.9.0.LTS\lib\</path>
         <kind>archive</kind>
         <file>rtsv7M4_T_le_v4SPD16_eabi.lib</file>
         <name>printf.obj</name>
      </input_file>
      <input_file id="fl-d0">
         <path>C:\ti\ccsv7\tools\compiler\ti-cgt-arm_16.9.0.LTS\lib\</path>
         <kind>archive</kind>
         <file>rtsv7M4_T_le_v4SPD16_eabi.lib</file>
         <name>stkdepth_vars.obj</name>
      </input_file>
      <input_file id="fl-d1">
         <path>C:\ti\ccsv7\tools\compiler\ti-cgt-arm_16.9.0.LTS\lib\</path>
         <kind>archive</kind>
         <file>rtsv7M4_T_le_v4SPD16_eabi.lib</file>
         <name>strlen.obj</name>
      </input_file>
      <input_file id="fl-d2">
         <path>C:\ti\ccsv7\tools\compiler\ti-cgt-arm_16.9.0.LTS\lib\</path>
         <kind>archive</kind>
         <file>rtsv7M4_T_le_v4SPD16_eabi.lib</file>
         <name>_lock.obj</name>
      </input_file>
      <input_file id="fl-d3">
         <path>C:\ti\ccsv7\tools\compiler\ti-cgt-arm_16.9.0.LTS\lib\</path>
         <kind>archive</kind>
         <file>rtsv7M4_T_le_v4SPD16_eabi.lib</file>
         <name>_printfi.obj</name>
      </input_file>
      <input_file id="fl-d4">
         <path>C:\ti\ccsv7\tools\compiler\ti-cgt-arm_16.9.0.LTS\lib\</path>
         <kind>archive</kind>
         <file>rtsv7M4_T_le_v4SPD16_eabi.lib</file>
         <name>args_main.obj</name>
      </input_file>
      <input_file id="fl-d5">
         <path>C:\ti\ccsv7\tools\compiler\ti-cgt-arm_16.9.0.LTS\lib\</path>
         <kind>archive</kind>
         <file>rtsv7M4_T_le_v4SPD16_eabi.lib</file>
         <name>atoi.obj</name>
      </input_file>
      <input_file id="fl-d6">
         <path>C:\ti\ccsv7\tools\compiler\ti-cgt-arm_16.9.0.LTS\lib\</path>
         <kind>archive</kind>
         <file>rtsv7M4_T_le_v4SPD16_eabi.lib</file>
         <name>autoinit.obj</name>
      </input_file>
      <input_file id="fl-d7">
         <path>C:\ti\ccsv7\tools\compiler\ti-cgt-arm_16.9.0.LTS\lib\</path>
         <kind>archive</kind>
         <file>rtsv7M4_T_le_v4SPD16_eabi.lib</file>
         <name>cpy_tbl.obj</name>
      </input_file>
      <input_file id="fl-d8">
         <path>C:\ti\ccsv7\tools\compiler\ti-cgt-arm_16.9.0.LTS\lib\</path>
         <kind>archive</kind>
         <file>rtsv7M4_T_le_v4SPD16_eabi.lib</file>
         <name>ctype.obj</name>
      </input_file>
      <input_file id="fl-d9">
         <path>C:\ti\ccsv7\tools\compiler\ti-cgt-arm_16.9.0.LTS\lib\</path>
         <kind>archive</kind>
         <file>rtsv7M4_T_le_v4SPD16_eabi.lib</file>
         <name>defs.obj</name>
      </input_file>
      <input_file id="fl-da">
         <path>C:\ti\ccsv7\tools\compiler\ti-cgt-arm_16.9.0.LTS\lib\</path>
         <kind>archive</kind>
         <file>rtsv7M4_T_le_v4SPD16_eabi.lib</file>
         <name>fd_add_t2.obj</name>
      </input_file>
      <input_file id="fl-db">
         <path>C:\ti\ccsv7\tools\compiler\ti-cgt-arm_16.9.0.LTS\lib\</path>
         <kind>archive</kind>
         <file>rtsv7M4_T_le_v4SPD16_eabi.lib</file>
         <name>fd_cmp_t2.obj</name>
      </input_file>
      <input_file id="fl-dc">
         <path>C:\ti\ccsv7\tools\compiler\ti-cgt-arm_16.9.0.LTS\lib\</path>
         <kind>archive</kind>
         <file>rtsv7M4_T_le_v4SPD16_eabi.lib</file>
         <name>fd_div_t2.obj</name>
      </input_file>
      <input_file id="fl-dd">
         <path>C:\ti\ccsv7\tools\compiler\ti-cgt-arm_16.9.0.LTS\lib\</path>
         <kind>archive</kind>
         <file>rtsv7M4_T_le_v4SPD16_eabi.lib</file>
         <name>fd_mul_t2.obj</name>
      </input_file>
      <input_file id="fl-de">
         <path>C:\ti\ccsv7\tools\compiler\ti-cgt-arm_16.9.0.LTS\lib\</path>
         <kind>archive</kind>
         <file>rtsv7M4_T_le_v4SPD16_eabi.lib</file>
         <name>fd_toi_t2.obj</name>
      </input_file>
      <input_file id="fl-df">
         <path>C:\ti\ccsv7\tools\compiler\ti-cgt-arm_16.9.0.LTS\lib\</path>
         <kind>archive</kind>
         <file>rtsv7M4_T_le_v4SPD16_eabi.lib</file>
         <name>i_tofd_t2.obj</name>
      </input_file>
      <input_file id="fl-e0">
         <path>C:\ti\ccsv7\tools\compiler\ti-cgt-arm_16.9.0.LTS\lib\</path>
         <kind>archive</kind>
         <file>rtsv7M4_T_le_v4SPD16_eabi.lib</file>
         <name>ltoa.obj</name>
      </input_file>
      <input_file id="fl-e1">
         <path>C:\ti\ccsv7\tools\compiler\ti-cgt-arm_16.9.0.LTS\lib\</path>
         <kind>archive</kind>
         <file>rtsv7M4_T_le_v4SPD16_eabi.lib</file>
         <name>memccpy.obj</name>
      </input_file>
      <input_file id="fl-e2">
         <path>C:\ti\ccsv7\tools\compiler\ti-cgt-arm_16.9.0.LTS\lib\</path>
         <kind>archive</kind>
         <file>rtsv7M4_T_le_v4SPD16_eabi.lib</file>
         <name>s_frexp.obj</name>
      </input_file>
      <input_file id="fl-e3">
         <path>C:\ti\ccsv7\tools\compiler\ti-cgt-arm_16.9.0.LTS\lib\</path>
         <kind>archive</kind>
         <file>rtsv7M4_T_le_v4SPD16_eabi.lib</file>
         <name>s_scalbn.obj</name>
      </input_file>
      <input_file id="fl-e4">
         <path>C:\ti\ccsv7\tools\compiler\ti-cgt-arm_16.9.0.LTS\lib\</path>
         <kind>archive</kind>
         <file>rtsv7M4_T_le_v4SPD16_eabi.lib</file>
         <name>startup.obj</name>
      </input_file>
      <input_file id="fl-e5">
         <path>C:\ti\ccsv7\tools\compiler\ti-cgt-arm_16.9.0.LTS\lib\</path>
         <kind>archive</kind>
         <file>rtsv7M4_T_le_v4SPD16_eabi.lib</file>
         <name>strchr.obj</name>
      </input_file>
      <input_file id="fl-e6">
         <path>C:\ti\ccsv7\tools\compiler\ti-cgt-arm_16.9.0.LTS\lib\</path>
         <kind>archive</kind>
         <file>rtsv7M4_T_le_v4SPD16_eabi.lib</file>
         <name>ull_div_t2.obj</name>
      </input_file>
      <input_file id="fl-e7">
         <path>C:\ti\ccsv7\tools\compiler\ti-cgt-arm_16.9.0.LTS\lib\</path>
         <kind>archive</kind>
         <file>rtsv7M4_T_le_v4SPD16_eabi.lib</file>
         <name>errno.obj</name>
      </input_file>
      <input_file id="fl-e8">
         <path>C:\ti\ccsv7\tools\compiler\ti-cgt-arm_16.9.0.LTS\lib\</path>
         <kind>archive</kind>
         <file>rtsv7M4_T_le_v4SPD16_eabi.lib</file>
         <name>s_copysign.obj</name>
      </input_file>
      <input_file id="fl-e9">
         <path>C:\ti\msp\MSP432Ware_3_50_00_02\driverlib\driverlib\MSP432P4xx\ccs\</path>
         <kind>archive</kind>
         <file>msp432p4xx_driverlib.lib</file>
         <name>cs.o</name>
      </input_file>
      <input_file id="fl-ea">
         <path>C:\ti\msp\MSP432Ware_3_50_00_02\driverlib\driverlib\MSP432P4xx\ccs\</path>
         <kind>archive</kind>
         <file>msp432p4xx_driverlib.lib</file>
         <name>gpio.o</name>
      </input_file>
      <input_file id="fl-eb">
         <path>C:\ti\msp\MSP432Ware_3_50_00_02\driverlib\driverlib\MSP432P4xx\ccs\</path>
         <kind>archive</kind>
         <file>msp432p4xx_driverlib.lib</file>
         <name>interrupt.o</name>
      </input_file>
      <input_file id="fl-ec">
         <path>C:\ti\msp\MSP432Ware_3_50_00_02\driverlib\driverlib\MSP432P4xx\ccs\</path>
         <kind>archive</kind>
         <file>msp432p4xx_driverlib.lib</file>
         <name>sysctl.o</name>
      </input_file>
      <input_file id="fl-ed">
         <path>C:\ti\msp\MSP432Ware_3_50_00_02\driverlib\driverlib\MSP432P4xx\ccs\</path>
         <kind>archive</kind>
         <file>msp432p4xx_driverlib.lib</file>
         <name>cpu.o</name>
      </input_file>
   </input_file_list>
   <object_component_list>
      <object_component id="oc-2c">
         <name>.intvecs:retain</name>
         <load_address>0x0</load_address>
         <run_address>0x0</run_address>
         <size>0xe4</size>
         <input_file_ref idref="fl-9"/>
      </object_component>
      <object_component id="oc-176">
         <name>.text</name>
         <load_address>0xe4</load_address>
         <run_address>0xe4</run_address>
         <size>0x113a</size>
         <input_file_ref idref="fl-d3"/>
      </object_component>
      <object_component id="oc-53">
         <name>.text</name>
         <load_address>0x121e</load_address>
         <run_address>0x121e</run_address>
         <size>0x2</size>
         <input_file_ref idref="fl-cd"/>
      </object_component>
      <object_component id="oc-107">
         <name>.text</name>
         <load_address>0x1220</load_address>
         <run_address>0x1220</run_address>
         <size>0xa6e</size>
         <input_file_ref idref="fl-4"/>
      </object_component>
      <object_component id="oc-9c">
         <name>.text</name>
         <load_address>0x1c8e</load_address>
         <run_address>0x1c8e</run_address>
         <size>0x2</size>
         <input_file_ref idref="fl-e4"/>
      </object_component>
      <object_component id="oc-e3">
         <name>.text</name>
         <load_address>0x1c90</load_address>
         <run_address>0x1c90</run_address>
         <size>0x638</size>
         <input_file_ref idref="fl-2"/>
      </object_component>
      <object_component id="oc-b7">
         <name>.text</name>
         <load_address>0x22c8</load_address>
         <run_address>0x22c8</run_address>
         <size>0x32c</size>
         <input_file_ref idref="fl-a"/>
      </object_component>
      <object_component id="oc-a4">
         <name>.text</name>
         <load_address>0x25f4</load_address>
         <run_address>0x25f4</run_address>
         <size>0x218</size>
         <input_file_ref idref="fl-7"/>
      </object_component>
      <object_component id="oc-1e7">
         <name>.text</name>
         <load_address>0x280c</load_address>
         <run_address>0x280c</run_address>
         <size>0x1f4</size>
         <input_file_ref idref="fl-e6"/>
      </object_component>
      <object_component id="oc-fb">
         <name>.text</name>
         <load_address>0x2a00</load_address>
         <run_address>0x2a00</run_address>
         <size>0x1c2</size>
         <input_file_ref idref="fl-3"/>
      </object_component>
      <object_component id="oc-210">
         <name>.text</name>
         <load_address>0x2bc2</load_address>
         <run_address>0x2bc2</run_address>
         <size>0x1b6</size>
         <input_file_ref idref="fl-da"/>
      </object_component>
      <object_component id="oc-1f6">
         <name>.text</name>
         <load_address>0x2d78</load_address>
         <run_address>0x2d78</run_address>
         <size>0x136</size>
         <input_file_ref idref="fl-dc"/>
      </object_component>
      <object_component id="oc-1d2">
         <name>.text:CS_getDCOFrequency</name>
         <load_address>0x2eb0</load_address>
         <run_address>0x2eb0</run_address>
         <size>0x104</size>
         <input_file_ref idref="fl-e9"/>
      </object_component>
      <object_component id="oc-1f1">
         <name>.text</name>
         <load_address>0x2fb4</load_address>
         <run_address>0x2fb4</run_address>
         <size>0xfc</size>
         <input_file_ref idref="fl-dd"/>
      </object_component>
      <object_component id="oc-21b">
         <name>.text</name>
         <load_address>0x30b0</load_address>
         <run_address>0x30b0</run_address>
         <size>0xfc</size>
         <input_file_ref idref="fl-e3"/>
      </object_component>
      <object_component id="oc-d1">
         <name>.text</name>
         <load_address>0x31ac</load_address>
         <run_address>0x31ac</run_address>
         <size>0xa8</size>
         <input_file_ref idref="fl-5"/>
      </object_component>
      <object_component id="oc-1b7">
         <name>.text:CS_startHFXTWithTimeout</name>
         <load_address>0x3254</load_address>
         <run_address>0x3254</run_address>
         <size>0x9c</size>
         <input_file_ref idref="fl-e9"/>
      </object_component>
      <object_component id="oc-168">
         <name>.text:_CSComputeCLKFrequency</name>
         <load_address>0x32f0</load_address>
         <run_address>0x32f0</run_address>
         <size>0x9c</size>
         <input_file_ref idref="fl-e9"/>
      </object_component>
      <object_component id="oc-3b">
         <name>.text</name>
         <load_address>0x338c</load_address>
         <run_address>0x338c</run_address>
         <size>0x9c</size>
         <input_file_ref idref="fl-cb"/>
      </object_component>
      <object_component id="oc-1ec">
         <name>.text:__aeabi_cdcmple</name>
         <load_address>0x3428</load_address>
         <run_address>0x3428</run_address>
         <size>0x86</size>
         <input_file_ref idref="fl-db"/>
      </object_component>
      <object_component id="oc-1fb">
         <name>.text:__aeabi_cdrcmple</name>
         <load_address>0x34ae</load_address>
         <run_address>0x34ae</run_address>
         <size>0x86</size>
         <input_file_ref idref="fl-db"/>
      </object_component>
      <object_component id="oc-47">
         <name>.text</name>
         <load_address>0x3534</load_address>
         <run_address>0x3534</run_address>
         <size>0x7a</size>
         <input_file_ref idref="fl-cc"/>
      </object_component>
      <object_component id="oc-270">
         <name>.text:_CSGetHFXTFrequency</name>
         <load_address>0x35b0</load_address>
         <run_address>0x35b0</run_address>
         <size>0x70</size>
         <input_file_ref idref="fl-e9"/>
      </object_component>
      <object_component id="oc-5f">
         <name>.text</name>
         <load_address>0x3620</load_address>
         <run_address>0x3620</run_address>
         <size>0x70</size>
         <input_file_ref idref="fl-d6"/>
      </object_component>
      <object_component id="oc-f5">
         <name>.text</name>
         <load_address>0x3690</load_address>
         <run_address>0x3690</run_address>
         <size>0x70</size>
         <input_file_ref idref="fl-cf"/>
      </object_component>
      <object_component id="oc-14">
         <name>.text:decompress:lzss</name>
         <load_address>0x3700</load_address>
         <run_address>0x3700</run_address>
         <size>0x68</size>
         <input_file_ref idref="fl-c7"/>
      </object_component>
      <object_component id="oc-170">
         <name>.text</name>
         <load_address>0x3768</load_address>
         <run_address>0x3768</run_address>
         <size>0x64</size>
         <input_file_ref idref="fl-8"/>
      </object_component>
      <object_component id="oc-215">
         <name>.text</name>
         <load_address>0x37cc</load_address>
         <run_address>0x37cc</run_address>
         <size>0x64</size>
         <input_file_ref idref="fl-e2"/>
      </object_component>
      <object_component id="oc-205">
         <name>.text</name>
         <load_address>0x3830</load_address>
         <run_address>0x3830</run_address>
         <size>0x56</size>
         <input_file_ref idref="fl-e0"/>
      </object_component>
      <object_component id="oc-26">
         <name>.text</name>
         <load_address>0x3888</load_address>
         <run_address>0x3888</run_address>
         <size>0x54</size>
         <input_file_ref idref="fl-c6"/>
      </object_component>
      <object_component id="oc-6b">
         <name>.text</name>
         <load_address>0x38dc</load_address>
         <run_address>0x38dc</run_address>
         <size>0x54</size>
         <input_file_ref idref="fl-ca"/>
      </object_component>
      <object_component id="oc-28b">
         <name>.text:SysCtl_getTLVInfo</name>
         <load_address>0x3930</load_address>
         <run_address>0x3930</run_address>
         <size>0x50</size>
         <input_file_ref idref="fl-ec"/>
      </object_component>
      <object_component id="oc-285">
         <name>.text:_CSGetDOCFrequency</name>
         <load_address>0x3980</load_address>
         <run_address>0x3980</run_address>
         <size>0x4c</size>
         <input_file_ref idref="fl-e9"/>
      </object_component>
      <object_component id="oc-227">
         <name>.text</name>
         <load_address>0x39cc</load_address>
         <run_address>0x39cc</run_address>
         <size>0x4c</size>
         <input_file_ref idref="fl-d5"/>
      </object_component>
      <object_component id="oc-96">
         <name>.text</name>
         <load_address>0x3a18</load_address>
         <run_address>0x3a18</run_address>
         <size>0x4c</size>
         <input_file_ref idref="fl-d7"/>
      </object_component>
      <object_component id="oc-1cc">
         <name>.text:_CSGetDividerValue</name>
         <load_address>0x3a64</load_address>
         <run_address>0x3a64</run_address>
         <size>0x48</size>
         <input_file_ref idref="fl-e9"/>
      </object_component>
      <object_component id="oc-200">
         <name>.text</name>
         <load_address>0x3aac</load_address>
         <run_address>0x3aac</run_address>
         <size>0x48</size>
         <input_file_ref idref="fl-de"/>
      </object_component>
      <object_component id="oc-d7">
         <name>.text</name>
         <load_address>0x3af4</load_address>
         <run_address>0x3af4</run_address>
         <size>0x40</size>
         <input_file_ref idref="fl-6"/>
      </object_component>
      <object_component id="oc-dd">
         <name>.text:GPIO_setAsInputPinWithPullUpResistor</name>
         <load_address>0x3b34</load_address>
         <run_address>0x3b34</run_address>
         <size>0x30</size>
         <input_file_ref idref="fl-ea"/>
      </object_component>
      <object_component id="oc-20b">
         <name>.text</name>
         <load_address>0x3b64</load_address>
         <run_address>0x3b64</run_address>
         <size>0x2e</size>
         <input_file_ref idref="fl-df"/>
      </object_component>
      <object_component id="oc-1d8">
         <name>.text:CS_clearInterruptFlag</name>
         <load_address>0x3b94</load_address>
         <run_address>0x3b94</run_address>
         <size>0x24</size>
         <input_file_ref idref="fl-e9"/>
      </object_component>
      <object_component id="oc-22d">
         <name>.text</name>
         <load_address>0x3bb8</load_address>
         <run_address>0x3bb8</run_address>
         <size>0x1c</size>
         <input_file_ref idref="fl-e1"/>
      </object_component>
      <object_component id="oc-ef">
         <name>.text:CS_getMCLK</name>
         <load_address>0x3bd4</load_address>
         <run_address>0x3bd4</run_address>
         <size>0x18</size>
         <input_file_ref idref="fl-e9"/>
      </object_component>
      <object_component id="oc-e9">
         <name>.text:CS_getSMCLK</name>
         <load_address>0x3bec</load_address>
         <run_address>0x3bec</run_address>
         <size>0x18</size>
         <input_file_ref idref="fl-e9"/>
      </object_component>
      <object_component id="oc-101">
         <name>.text:GPIO_getInputPinValue</name>
         <load_address>0x3c04</load_address>
         <run_address>0x3c04</run_address>
         <size>0x18</size>
         <input_file_ref idref="fl-ea"/>
      </object_component>
      <object_component id="oc-65">
         <name>.text</name>
         <load_address>0x3c1c</load_address>
         <run_address>0x3c1c</run_address>
         <size>0x18</size>
         <input_file_ref idref="fl-d4"/>
      </object_component>
      <object_component id="oc-221">
         <name>.text</name>
         <load_address>0x3c34</load_address>
         <run_address>0x3c34</run_address>
         <size>0x16</size>
         <input_file_ref idref="fl-e5"/>
      </object_component>
      <object_component id="oc-14b">
         <name>.text:CS_setExternalClockSourceFrequency</name>
         <load_address>0x3c4c</load_address>
         <run_address>0x3c4c</run_address>
         <size>0x14</size>
         <input_file_ref idref="fl-e9"/>
      </object_component>
      <object_component id="oc-12f">
         <name>.text</name>
         <load_address>0x3c60</load_address>
         <run_address>0x3c60</run_address>
         <size>0x14</size>
         <input_file_ref idref="fl-d2"/>
      </object_component>
      <object_component id="oc-2a8">
         <name>.text</name>
         <load_address>0x3c74</load_address>
         <run_address>0x3c74</run_address>
         <size>0x14</size>
         <input_file_ref idref="fl-e8"/>
      </object_component>
      <object_component id="oc-1df">
         <name>.text</name>
         <load_address>0x3c88</load_address>
         <run_address>0x3c88</run_address>
         <size>0x14</size>
         <input_file_ref idref="fl-d1"/>
      </object_component>
      <object_component id="oc-26a">
         <name>.text:SysCtl_disableNMISource</name>
         <load_address>0x3c9c</load_address>
         <run_address>0x3c9c</run_address>
         <size>0x10</size>
         <input_file_ref idref="fl-ec"/>
      </object_component>
      <object_component id="oc-276">
         <name>.text:SysCtl_enableNMISource</name>
         <load_address>0x3cac</load_address>
         <run_address>0x3cac</run_address>
         <size>0x10</size>
         <input_file_ref idref="fl-ec"/>
      </object_component>
      <object_component id="oc-1a">
         <name>.text:decompress:none</name>
         <load_address>0x3cbc</load_address>
         <run_address>0x3cbc</run_address>
         <size>0xe</size>
         <input_file_ref idref="fl-c8"/>
      </object_component>
      <object_component id="oc-75">
         <name>.text</name>
         <load_address>0x3cca</load_address>
         <run_address>0x3cca</run_address>
         <size>0xe</size>
         <input_file_ref idref="fl-9"/>
      </object_component>
      <object_component id="oc-264">
         <name>.text:SysCtl_getNMISourceStatus</name>
         <load_address>0x3cd8</load_address>
         <run_address>0x3cd8</run_address>
         <size>0xc</size>
         <input_file_ref idref="fl-ec"/>
      </object_component>
      <object_component id="oc-20">
         <name>.text:decompress:ZI</name>
         <load_address>0x3ce4</load_address>
         <run_address>0x3ce4</run_address>
         <size>0xc</size>
         <input_file_ref idref="fl-c9"/>
      </object_component>
      <object_component id="oc-151">
         <name>.text:CS_startHFXT</name>
         <load_address>0x3cf0</load_address>
         <run_address>0x3cf0</run_address>
         <size>0x6</size>
         <input_file_ref idref="fl-e9"/>
      </object_component>
      <object_component id="oc-59">
         <name>.text</name>
         <load_address>0x3cf6</load_address>
         <run_address>0x3cf6</run_address>
         <size>0x4</size>
         <input_file_ref idref="fl-ce"/>
      </object_component>
      <object_component id="oc-2b5">
         <name>.const:.string:_ctypes_</name>
         <load_address>0x3cfc</load_address>
         <run_address>0x3cfc</run_address>
         <size>0x101</size>
         <input_file_ref idref="fl-d8"/>
      </object_component>
      <object_component id="oc-195">
         <name>.const:.string:uch_spo2_table</name>
         <load_address>0x3dfd</load_address>
         <run_address>0x3dfd</run_address>
         <size>0xb8</size>
         <input_file_ref idref="fl-4"/>
      </object_component>
      <object_component id="oc-18f">
         <name>.const:auw_hamm</name>
         <load_address>0x3eb6</load_address>
         <run_address>0x3eb6</run_address>
         <size>0x3e</size>
         <input_file_ref idref="fl-4"/>
      </object_component>
      <object_component id="oc-158">
         <name>.const:uartConfig</name>
         <load_address>0x3ef4</load_address>
         <run_address>0x3ef4</run_address>
         <size>0x24</size>
         <input_file_ref idref="fl-6"/>
      </object_component>
      <object_component id="oc-30b">
         <name>.cinit..data.load</name>
         <load_address>0x3f18</load_address>
         <run_address>0x3f18</run_address>
         <size>0x52</size>
      </object_component>
      <object_component id="oc-309">
         <name>__TI_handler_table</name>
         <load_address>0x3f6c</load_address>
         <run_address>0x3f6c</run_address>
         <size>0xc</size>
      </object_component>
      <object_component id="oc-30c">
         <name>.cinit..bss.load</name>
         <load_address>0x3f78</load_address>
         <run_address>0x3f78</run_address>
         <size>0x8</size>
      </object_component>
      <object_component id="oc-30a">
         <name>__TI_cinit_table</name>
         <load_address>0x3f80</load_address>
         <run_address>0x3f80</run_address>
         <size>0x10</size>
      </object_component>
      <object_component id="oc-2e6">
         <name>.binit</name>
         <load_address>0x0</load_address>
         <run_address>0x0</run_address>
         <size>0x0</size>
      </object_component>
      <object_component id="oc-13b">
         <name>.data</name>
         <load_address>0x2000285c</load_address>
         <run_address>0x2000285c</run_address>
         <size>0x4</size>
         <input_file_ref idref="fl-a"/>
      </object_component>
      <object_component id="oc-ac">
         <name>.data:$O1$$</name>
         <load_address>0x20002840</load_address>
         <run_address>0x20002840</run_address>
         <size>0xc</size>
         <input_file_ref idref="fl-ca"/>
      </object_component>
      <object_component id="oc-71">
         <name>.data</name>
         <load_address>0x20002858</load_address>
         <run_address>0x20002858</run_address>
         <size>0x4</size>
         <input_file_ref idref="fl-d0"/>
      </object_component>
      <object_component id="oc-af">
         <name>.data:$O1$$</name>
         <load_address>0x2000284c</load_address>
         <run_address>0x2000284c</run_address>
         <size>0x8</size>
         <input_file_ref idref="fl-d2"/>
      </object_component>
      <object_component id="oc-17c">
         <name>.data:_ftable</name>
         <load_address>0x20002720</load_address>
         <run_address>0x20002720</run_address>
         <size>0xf0</size>
         <input_file_ref idref="fl-d9"/>
      </object_component>
      <object_component id="oc-2ae">
         <name>.data</name>
         <load_address>0x20002854</load_address>
         <run_address>0x20002854</run_address>
         <size>0x4</size>
         <input_file_ref idref="fl-e7"/>
      </object_component>
      <object_component id="oc-15c">
         <name>.data:GPIO_PORT_TO_BASE</name>
         <load_address>0x20002810</load_address>
         <run_address>0x20002810</run_address>
         <size>0x30</size>
         <input_file_ref idref="fl-ea"/>
      </object_component>
      <object_component id="oc-18c">
         <name>.bss:an_dx</name>
         <uninitialized>true</uninitialized>
         <run_address>0x20001f40</run_address>
         <size>0x7c0</size>
         <input_file_ref idref="fl-4"/>
      </object_component>
      <object_component id="oc-189">
         <name>.bss:an_x</name>
         <uninitialized>true</uninitialized>
         <run_address>0x20000000</run_address>
         <size>0x7d0</size>
         <input_file_ref idref="fl-4"/>
      </object_component>
      <object_component id="oc-192">
         <name>.bss:an_y</name>
         <uninitialized>true</uninitialized>
         <run_address>0x200007d0</run_address>
         <size>0x7d0</size>
         <input_file_ref idref="fl-4"/>
      </object_component>
      <object_component id="oc-10d">
         <name>.common:g_SMCLKfreq</name>
         <uninitialized>true</uninitialized>
         <run_address>0x20002704</run_address>
         <size>0x4</size>
      </object_component>
      <object_component id="oc-112">
         <name>.common:g_MCLKfreq</name>
         <uninitialized>true</uninitialized>
         <run_address>0x20002700</run_address>
         <size>0x4</size>
      </object_component>
      <object_component id="oc-116">
         <name>.common:aun_ir_buffer</name>
         <uninitialized>true</uninitialized>
         <run_address>0x20000fa0</run_address>
         <size>0x7d0</size>
      </object_component>
      <object_component id="oc-114">
         <name>.common:n_ir_buffer_length</name>
         <uninitialized>true</uninitialized>
         <run_address>0x20002714</run_address>
         <size>0x4</size>
      </object_component>
      <object_component id="oc-115">
         <name>.common:aun_red_buffer</name>
         <uninitialized>true</uninitialized>
         <run_address>0x20001770</run_address>
         <size>0x7d0</size>
      </object_component>
      <object_component id="oc-11a">
         <name>.common:n_sp02</name>
         <uninitialized>true</uninitialized>
         <run_address>0x20002718</run_address>
         <size>0x4</size>
      </object_component>
      <object_component id="oc-117">
         <name>.common:ch_spo2_valid</name>
         <uninitialized>true</uninitialized>
         <run_address>0x2000271d</run_address>
         <size>0x1</size>
      </object_component>
      <object_component id="oc-118">
         <name>.common:n_heart_rate</name>
         <uninitialized>true</uninitialized>
         <run_address>0x20002710</run_address>
         <size>0x4</size>
      </object_component>
      <object_component id="oc-119">
         <name>.common:ch_hr_valid</name>
         <uninitialized>true</uninitialized>
         <run_address>0x2000271c</run_address>
         <size>0x1</size>
      </object_component>
      <object_component id="oc-113">
         <name>.common:uch_dummy</name>
         <uninitialized>true</uninitialized>
         <run_address>0x2000271e</run_address>
         <size>0x1</size>
      </object_component>
      <object_component id="oc-1b5">
         <name>.common:hfxtFreq</name>
         <uninitialized>true</uninitialized>
         <run_address>0x20002708</run_address>
         <size>0x4</size>
      </object_component>
      <object_component id="oc-1b2">
         <name>.common:lfxtFreq</name>
         <uninitialized>true</uninitialized>
         <run_address>0x2000270c</run_address>
         <size>0x4</size>
      </object_component>
      <object_component id="oc-2f">
         <name>.stack</name>
         <uninitialized>true</uninitialized>
         <run_address>0x2000fe00</run_address>
         <size>0x0</size>
         <input_file_ref idref="fl-c6"/>
      </object_component>
      <object_component id="oc-30d">
         <name>.stack</name>
         <uninitialized>true</uninitialized>
         <run_address>0x2000fe00</run_address>
         <size>0x0</size>
      </object_component>
      <object_component id="oc-167">
         <name>.debug_info</name>
         <load_address>0x0</load_address>
         <run_address>0x0</run_address>
         <size>0x3bc</size>
         <input_file_ref idref="fl-2"/>
      </object_component>
      <object_component id="oc-e4">
         <name>.debug_info</name>
         <load_address>0x3bc</load_address>
         <run_address>0x3bc</run_address>
         <size>0x874</size>
         <input_file_ref idref="fl-2"/>
      </object_component>
      <object_component id="oc-1a1">
         <name>.debug_info</name>
         <load_address>0xc30</load_address>
         <run_address>0xc30</run_address>
         <size>0x1055</size>
         <input_file_ref idref="fl-2"/>
      </object_component>
      <object_component id="oc-19c">
         <name>.debug_info</name>
         <load_address>0x1c85</load_address>
         <run_address>0x1c85</run_address>
         <size>0x37cd</size>
         <input_file_ref idref="fl-2"/>
      </object_component>
      <object_component id="oc-36">
         <name>.debug_info</name>
         <load_address>0x5452</load_address>
         <run_address>0x5452</run_address>
         <size>0x84</size>
         <input_file_ref idref="fl-2"/>
      </object_component>
      <object_component id="oc-11c">
         <name>.debug_info</name>
         <load_address>0x54d6</load_address>
         <run_address>0x54d6</run_address>
         <size>0x18b</size>
         <input_file_ref idref="fl-2"/>
      </object_component>
      <object_component id="oc-162">
         <name>.debug_info</name>
         <load_address>0x5661</load_address>
         <run_address>0x5661</run_address>
         <size>0x87</size>
         <input_file_ref idref="fl-2"/>
      </object_component>
      <object_component id="oc-187">
         <name>.debug_info</name>
         <load_address>0x56e8</load_address>
         <run_address>0x56e8</run_address>
         <size>0x438</size>
         <input_file_ref idref="fl-3"/>
      </object_component>
      <object_component id="oc-fc">
         <name>.debug_info</name>
         <load_address>0x5b20</load_address>
         <run_address>0x5b20</run_address>
         <size>0x66c</size>
         <input_file_ref idref="fl-3"/>
      </object_component>
      <object_component id="oc-25f">
         <name>.debug_info</name>
         <load_address>0x618c</load_address>
         <run_address>0x618c</run_address>
         <size>0x1b5</size>
         <input_file_ref idref="fl-3"/>
      </object_component>
      <object_component id="oc-121">
         <name>.debug_info</name>
         <load_address>0x6341</load_address>
         <run_address>0x6341</run_address>
         <size>0x8b</size>
         <input_file_ref idref="fl-3"/>
      </object_component>
      <object_component id="oc-27f">
         <name>.debug_info</name>
         <load_address>0x63cc</load_address>
         <run_address>0x63cc</run_address>
         <size>0xee</size>
         <input_file_ref idref="fl-3"/>
      </object_component>
      <object_component id="oc-199">
         <name>.debug_info</name>
         <load_address>0x64ba</load_address>
         <run_address>0x64ba</run_address>
         <size>0x42f</size>
         <input_file_ref idref="fl-4"/>
      </object_component>
      <object_component id="oc-190">
         <name>.debug_info</name>
         <load_address>0x68e9</load_address>
         <run_address>0x68e9</run_address>
         <size>0xe7</size>
         <input_file_ref idref="fl-4"/>
      </object_component>
      <object_component id="oc-196">
         <name>.debug_info</name>
         <load_address>0x69d0</load_address>
         <run_address>0x69d0</run_address>
         <size>0xf3</size>
         <input_file_ref idref="fl-4"/>
      </object_component>
      <object_component id="oc-18d">
         <name>.debug_info</name>
         <load_address>0x6ac3</load_address>
         <run_address>0x6ac3</run_address>
         <size>0xe0</size>
         <input_file_ref idref="fl-4"/>
      </object_component>
      <object_component id="oc-18a">
         <name>.debug_info</name>
         <load_address>0x6ba3</load_address>
         <run_address>0x6ba3</run_address>
         <size>0xde</size>
         <input_file_ref idref="fl-4"/>
      </object_component>
      <object_component id="oc-193">
         <name>.debug_info</name>
         <load_address>0x6c81</load_address>
         <run_address>0x6c81</run_address>
         <size>0xde</size>
         <input_file_ref idref="fl-4"/>
      </object_component>
      <object_component id="oc-108">
         <name>.debug_info</name>
         <load_address>0x6d5f</load_address>
         <run_address>0x6d5f</run_address>
         <size>0xeae</size>
         <input_file_ref idref="fl-4"/>
      </object_component>
      <object_component id="oc-10e">
         <name>.debug_info</name>
         <load_address>0x7c0d</load_address>
         <run_address>0x7c0d</run_address>
         <size>0x478</size>
         <input_file_ref idref="fl-5"/>
      </object_component>
      <object_component id="oc-d2">
         <name>.debug_info</name>
         <load_address>0x8085</load_address>
         <run_address>0x8085</run_address>
         <size>0x1e7</size>
         <input_file_ref idref="fl-5"/>
      </object_component>
      <object_component id="oc-1a8">
         <name>.debug_info</name>
         <load_address>0x826c</load_address>
         <run_address>0x826c</run_address>
         <size>0xc8</size>
         <input_file_ref idref="fl-5"/>
      </object_component>
      <object_component id="oc-181">
         <name>.debug_info</name>
         <load_address>0x8334</load_address>
         <run_address>0x8334</run_address>
         <size>0x4e</size>
         <input_file_ref idref="fl-5"/>
      </object_component>
      <object_component id="oc-1c0">
         <name>.debug_info</name>
         <load_address>0x8382</load_address>
         <run_address>0x8382</run_address>
         <size>0x39e</size>
         <input_file_ref idref="fl-6"/>
      </object_component>
      <object_component id="oc-159">
         <name>.debug_info</name>
         <load_address>0x8720</load_address>
         <run_address>0x8720</run_address>
         <size>0xe7</size>
         <input_file_ref idref="fl-6"/>
      </object_component>
      <object_component id="oc-d8">
         <name>.debug_info</name>
         <load_address>0x8807</load_address>
         <run_address>0x8807</run_address>
         <size>0x128</size>
         <input_file_ref idref="fl-6"/>
      </object_component>
      <object_component id="oc-110">
         <name>.debug_info</name>
         <load_address>0x892f</load_address>
         <run_address>0x892f</run_address>
         <size>0x8ed</size>
         <input_file_ref idref="fl-7"/>
      </object_component>
      <object_component id="oc-a5">
         <name>.debug_info</name>
         <load_address>0x921c</load_address>
         <run_address>0x921c</run_address>
         <size>0x37f</size>
         <input_file_ref idref="fl-7"/>
      </object_component>
      <object_component id="oc-1e6">
         <name>.debug_info</name>
         <load_address>0x959b</load_address>
         <run_address>0x959b</run_address>
         <size>0x414</size>
         <input_file_ref idref="fl-8"/>
      </object_component>
      <object_component id="oc-171">
         <name>.debug_info</name>
         <load_address>0x99af</load_address>
         <run_address>0x99af</run_address>
         <size>0x202</size>
         <input_file_ref idref="fl-8"/>
      </object_component>
      <object_component id="oc-7d">
         <name>.debug_info</name>
         <load_address>0x9bb1</load_address>
         <run_address>0x9bb1</run_address>
         <size>0x12d</size>
         <input_file_ref idref="fl-9"/>
      </object_component>
      <object_component id="oc-2d">
         <name>.debug_info</name>
         <load_address>0x9cde</load_address>
         <run_address>0x9cde</run_address>
         <size>0x105</size>
         <input_file_ref idref="fl-9"/>
      </object_component>
      <object_component id="oc-78">
         <name>.debug_info</name>
         <load_address>0x9de3</load_address>
         <run_address>0x9de3</run_address>
         <size>0x1cc</size>
         <input_file_ref idref="fl-9"/>
      </object_component>
      <object_component id="oc-13c">
         <name>.debug_info</name>
         <load_address>0x9faf</load_address>
         <run_address>0x9faf</run_address>
         <size>0xfe</size>
         <input_file_ref idref="fl-a"/>
      </object_component>
      <object_component id="oc-ba">
         <name>.debug_info</name>
         <load_address>0xa0ad</load_address>
         <run_address>0xa0ad</run_address>
         <size>0x270</size>
         <input_file_ref idref="fl-a"/>
      </object_component>
      <object_component id="oc-28">
         <name>.debug_info</name>
         <load_address>0xa31d</load_address>
         <run_address>0xa31d</run_address>
         <size>0x160</size>
         <input_file_ref idref="fl-c6"/>
      </object_component>
      <object_component id="oc-83">
         <name>.debug_info</name>
         <load_address>0xa47d</load_address>
         <run_address>0xa47d</run_address>
         <size>0xf9</size>
         <input_file_ref idref="fl-c7"/>
      </object_component>
      <object_component id="oc-18">
         <name>.debug_info</name>
         <load_address>0xa576</load_address>
         <run_address>0xa576</run_address>
         <size>0x245</size>
         <input_file_ref idref="fl-c7"/>
      </object_component>
      <object_component id="oc-31">
         <name>.debug_info</name>
         <load_address>0xa7bb</load_address>
         <run_address>0xa7bb</run_address>
         <size>0x60</size>
         <input_file_ref idref="fl-c7"/>
      </object_component>
      <object_component id="oc-7e">
         <name>.debug_info</name>
         <load_address>0xa81b</load_address>
         <run_address>0xa81b</run_address>
         <size>0x46</size>
         <input_file_ref idref="fl-c7"/>
      </object_component>
      <object_component id="oc-46">
         <name>.debug_info</name>
         <load_address>0xa861</load_address>
         <run_address>0xa861</run_address>
         <size>0x140</size>
         <input_file_ref idref="fl-c8"/>
      </object_component>
      <object_component id="oc-1c">
         <name>.debug_info</name>
         <load_address>0xa9a1</load_address>
         <run_address>0xa9a1</run_address>
         <size>0x1df</size>
         <input_file_ref idref="fl-c8"/>
      </object_component>
      <object_component id="oc-41">
         <name>.debug_info</name>
         <load_address>0xab80</load_address>
         <run_address>0xab80</run_address>
         <size>0x46</size>
         <input_file_ref idref="fl-c8"/>
      </object_component>
      <object_component id="oc-85">
         <name>.debug_info</name>
         <load_address>0xabc6</load_address>
         <run_address>0xabc6</run_address>
         <size>0x2c</size>
         <input_file_ref idref="fl-c8"/>
      </object_component>
      <object_component id="oc-52">
         <name>.debug_info</name>
         <load_address>0xabf2</load_address>
         <run_address>0xabf2</run_address>
         <size>0x12f</size>
         <input_file_ref idref="fl-c9"/>
      </object_component>
      <object_component id="oc-21">
         <name>.debug_info</name>
         <load_address>0xad21</load_address>
         <run_address>0xad21</run_address>
         <size>0x1aa</size>
         <input_file_ref idref="fl-c9"/>
      </object_component>
      <object_component id="oc-4d">
         <name>.debug_info</name>
         <load_address>0xaecb</load_address>
         <run_address>0xaecb</run_address>
         <size>0x46</size>
         <input_file_ref idref="fl-c9"/>
      </object_component>
      <object_component id="oc-8d">
         <name>.debug_info</name>
         <load_address>0xaf11</load_address>
         <run_address>0xaf11</run_address>
         <size>0x2c</size>
         <input_file_ref idref="fl-c9"/>
      </object_component>
      <object_component id="oc-b3">
         <name>.debug_info</name>
         <load_address>0xaf3d</load_address>
         <run_address>0xaf3d</run_address>
         <size>0x234</size>
         <input_file_ref idref="fl-ca"/>
      </object_component>
      <object_component id="oc-ad">
         <name>.debug_info</name>
         <load_address>0xb171</load_address>
         <run_address>0xb171</run_address>
         <size>0x185</size>
         <input_file_ref idref="fl-ca"/>
      </object_component>
      <object_component id="oc-6d">
         <name>.debug_info</name>
         <load_address>0xb2f6</load_address>
         <run_address>0xb2f6</run_address>
         <size>0x214</size>
         <input_file_ref idref="fl-ca"/>
      </object_component>
      <object_component id="oc-3c">
         <name>.debug_info</name>
         <load_address>0xb50a</load_address>
         <run_address>0xb50a</run_address>
         <size>0x111</size>
         <input_file_ref idref="fl-cb"/>
      </object_component>
      <object_component id="oc-48">
         <name>.debug_info</name>
         <load_address>0xb61b</load_address>
         <run_address>0xb61b</run_address>
         <size>0x13f</size>
         <input_file_ref idref="fl-cc"/>
      </object_component>
      <object_component id="oc-56">
         <name>.debug_info</name>
         <load_address>0xb75a</load_address>
         <run_address>0xb75a</run_address>
         <size>0x138</size>
         <input_file_ref idref="fl-cd"/>
      </object_component>
      <object_component id="oc-5a">
         <name>.debug_info</name>
         <load_address>0xb892</load_address>
         <run_address>0xb892</run_address>
         <size>0x148</size>
         <input_file_ref idref="fl-ce"/>
      </object_component>
      <object_component id="oc-180">
         <name>.debug_info</name>
         <load_address>0xb9da</load_address>
         <run_address>0xb9da</run_address>
         <size>0x22c</size>
         <input_file_ref idref="fl-cf"/>
      </object_component>
      <object_component id="oc-f7">
         <name>.debug_info</name>
         <load_address>0xbc06</load_address>
         <run_address>0xbc06</run_address>
         <size>0x284</size>
         <input_file_ref idref="fl-cf"/>
      </object_component>
      <object_component id="oc-24a">
         <name>.debug_info</name>
         <load_address>0xbe8a</load_address>
         <run_address>0xbe8a</run_address>
         <size>0xae</size>
         <input_file_ref idref="fl-cf"/>
      </object_component>
      <object_component id="oc-72">
         <name>.debug_info</name>
         <load_address>0xbf38</load_address>
         <run_address>0xbf38</run_address>
         <size>0x109</size>
         <input_file_ref idref="fl-d0"/>
      </object_component>
      <object_component id="oc-294">
         <name>.debug_info</name>
         <load_address>0xc041</load_address>
         <run_address>0xc041</run_address>
         <size>0xea</size>
         <input_file_ref idref="fl-d1"/>
      </object_component>
      <object_component id="oc-1e3">
         <name>.debug_info</name>
         <load_address>0xc12b</load_address>
         <run_address>0xc12b</run_address>
         <size>0x22a</size>
         <input_file_ref idref="fl-d1"/>
      </object_component>
      <object_component id="oc-137">
         <name>.debug_info</name>
         <load_address>0xc355</load_address>
         <run_address>0xc355</run_address>
         <size>0x124</size>
         <input_file_ref idref="fl-d2"/>
      </object_component>
      <object_component id="oc-b0">
         <name>.debug_info</name>
         <load_address>0xc479</load_address>
         <run_address>0xc479</run_address>
         <size>0x113</size>
         <input_file_ref idref="fl-d2"/>
      </object_component>
      <object_component id="oc-130">
         <name>.debug_info</name>
         <load_address>0xc58c</load_address>
         <run_address>0xc58c</run_address>
         <size>0x21f</size>
         <input_file_ref idref="fl-d2"/>
      </object_component>
      <object_component id="oc-234">
         <name>.debug_info</name>
         <load_address>0xc7ab</load_address>
         <run_address>0xc7ab</run_address>
         <size>0x385</size>
         <input_file_ref idref="fl-d3"/>
      </object_component>
      <object_component id="oc-178">
         <name>.debug_info</name>
         <load_address>0xcb30</load_address>
         <run_address>0xcb30</run_address>
         <size>0x1543</size>
         <input_file_ref idref="fl-d3"/>
      </object_component>
      <object_component id="oc-235">
         <name>.debug_info</name>
         <load_address>0xe073</load_address>
         <run_address>0xe073</run_address>
         <size>0x86</size>
         <input_file_ref idref="fl-d3"/>
      </object_component>
      <object_component id="oc-23f">
         <name>.debug_info</name>
         <load_address>0xe0f9</load_address>
         <run_address>0xe0f9</run_address>
         <size>0x2c</size>
         <input_file_ref idref="fl-d3"/>
      </object_component>
      <object_component id="oc-2be">
         <name>.debug_info</name>
         <load_address>0xe125</load_address>
         <run_address>0xe125</run_address>
         <size>0x46</size>
         <input_file_ref idref="fl-d3"/>
      </object_component>
      <object_component id="oc-23a">
         <name>.debug_info</name>
         <load_address>0xe16b</load_address>
         <run_address>0xe16b</run_address>
         <size>0x39</size>
         <input_file_ref idref="fl-d3"/>
      </object_component>
      <object_component id="oc-ab">
         <name>.debug_info</name>
         <load_address>0xe1a4</load_address>
         <run_address>0xe1a4</run_address>
         <size>0x166</size>
         <input_file_ref idref="fl-d4"/>
      </object_component>
      <object_component id="oc-67">
         <name>.debug_info</name>
         <load_address>0xe30a</load_address>
         <run_address>0xe30a</run_address>
         <size>0x167</size>
         <input_file_ref idref="fl-d4"/>
      </object_component>
      <object_component id="oc-128">
         <name>.debug_info</name>
         <load_address>0xe471</load_address>
         <run_address>0xe471</run_address>
         <size>0x5e</size>
         <input_file_ref idref="fl-d4"/>
      </object_component>
      <object_component id="oc-2b9">
         <name>.debug_info</name>
         <load_address>0xe4cf</load_address>
         <run_address>0xe4cf</run_address>
         <size>0x114</size>
         <input_file_ref idref="fl-d5"/>
      </object_component>
      <object_component id="oc-22a">
         <name>.debug_info</name>
         <load_address>0xe5e3</load_address>
         <run_address>0xe5e3</run_address>
         <size>0x171</size>
         <input_file_ref idref="fl-d5"/>
      </object_component>
      <object_component id="oc-a3">
         <name>.debug_info</name>
         <load_address>0xe754</load_address>
         <run_address>0xe754</run_address>
         <size>0x2e9</size>
         <input_file_ref idref="fl-d6"/>
      </object_component>
      <object_component id="oc-60">
         <name>.debug_info</name>
         <load_address>0xea3d</load_address>
         <run_address>0xea3d</run_address>
         <size>0x190</size>
         <input_file_ref idref="fl-d6"/>
      </object_component>
      <object_component id="oc-c7">
         <name>.debug_info</name>
         <load_address>0xebcd</load_address>
         <run_address>0xebcd</run_address>
         <size>0x39</size>
         <input_file_ref idref="fl-d6"/>
      </object_component>
      <object_component id="oc-146">
         <name>.debug_info</name>
         <load_address>0xec06</load_address>
         <run_address>0xec06</run_address>
         <size>0x39</size>
         <input_file_ref idref="fl-d6"/>
      </object_component>
      <object_component id="oc-cc">
         <name>.debug_info</name>
         <load_address>0xec3f</load_address>
         <run_address>0xec3f</run_address>
         <size>0xcd</size>
         <input_file_ref idref="fl-d6"/>
      </object_component>
      <object_component id="oc-c3">
         <name>.debug_info</name>
         <load_address>0xed0c</load_address>
         <run_address>0xed0c</run_address>
         <size>0x1e0</size>
         <input_file_ref idref="fl-d7"/>
      </object_component>
      <object_component id="oc-99">
         <name>.debug_info</name>
         <load_address>0xeeec</load_address>
         <run_address>0xeeec</run_address>
         <size>0x183</size>
         <input_file_ref idref="fl-d7"/>
      </object_component>
      <object_component id="oc-141">
         <name>.debug_info</name>
         <load_address>0xf06f</load_address>
         <run_address>0xf06f</run_address>
         <size>0x2c</size>
         <input_file_ref idref="fl-d7"/>
      </object_component>
      <object_component id="oc-2db">
         <name>.debug_info</name>
         <load_address>0xf09b</load_address>
         <run_address>0xf09b</run_address>
         <size>0xee</size>
         <input_file_ref idref="fl-d8"/>
      </object_component>
      <object_component id="oc-2b6">
         <name>.debug_info</name>
         <load_address>0xf189</load_address>
         <run_address>0xf189</run_address>
         <size>0xfa</size>
         <input_file_ref idref="fl-d8"/>
      </object_component>
      <object_component id="oc-246">
         <name>.debug_info</name>
         <load_address>0xf283</load_address>
         <run_address>0xf283</run_address>
         <size>0x139</size>
         <input_file_ref idref="fl-d9"/>
      </object_component>
      <object_component id="oc-17d">
         <name>.debug_info</name>
         <load_address>0xf3bc</load_address>
         <run_address>0xf3bc</run_address>
         <size>0xf7</size>
         <input_file_ref idref="fl-d9"/>
      </object_component>
      <object_component id="oc-211">
         <name>.debug_info</name>
         <load_address>0xf4b3</load_address>
         <run_address>0xf4b3</run_address>
         <size>0x144</size>
         <input_file_ref idref="fl-da"/>
      </object_component>
      <object_component id="oc-1ee">
         <name>.debug_info</name>
         <load_address>0xf5f7</load_address>
         <run_address>0xf5f7</run_address>
         <size>0x120</size>
         <input_file_ref idref="fl-db"/>
      </object_component>
      <object_component id="oc-1fe">
         <name>.debug_info</name>
         <load_address>0xf717</load_address>
         <run_address>0xf717</run_address>
         <size>0x122</size>
         <input_file_ref idref="fl-db"/>
      </object_component>
      <object_component id="oc-1f8">
         <name>.debug_info</name>
         <load_address>0xf839</load_address>
         <run_address>0xf839</run_address>
         <size>0x132</size>
         <input_file_ref idref="fl-dc"/>
      </object_component>
      <object_component id="oc-1f3">
         <name>.debug_info</name>
         <load_address>0xf96b</load_address>
         <run_address>0xf96b</run_address>
         <size>0x132</size>
         <input_file_ref idref="fl-dd"/>
      </object_component>
      <object_component id="oc-201">
         <name>.debug_info</name>
         <load_address>0xfa9d</load_address>
         <run_address>0xfa9d</run_address>
         <size>0x126</size>
         <input_file_ref idref="fl-de"/>
      </object_component>
      <object_component id="oc-20c">
         <name>.debug_info</name>
         <load_address>0xfbc3</load_address>
         <run_address>0xfbc3</run_address>
         <size>0x124</size>
         <input_file_ref idref="fl-df"/>
      </object_component>
      <object_component id="oc-29e">
         <name>.debug_info</name>
         <load_address>0xfce7</load_address>
         <run_address>0xfce7</run_address>
         <size>0x14c</size>
         <input_file_ref idref="fl-e0"/>
      </object_component>
      <object_component id="oc-206">
         <name>.debug_info</name>
         <load_address>0xfe33</load_address>
         <run_address>0xfe33</run_address>
         <size>0x1c2</size>
         <input_file_ref idref="fl-e0"/>
      </object_component>
      <object_component id="oc-2bb">
         <name>.debug_info</name>
         <load_address>0xfff5</load_address>
         <run_address>0xfff5</run_address>
         <size>0xf1</size>
         <input_file_ref idref="fl-e1"/>
      </object_component>
      <object_component id="oc-22f">
         <name>.debug_info</name>
         <load_address>0x100e6</load_address>
         <run_address>0x100e6</run_address>
         <size>0x1ab</size>
         <input_file_ref idref="fl-e1"/>
      </object_component>
      <object_component id="oc-2a2">
         <name>.debug_info</name>
         <load_address>0x10291</load_address>
         <run_address>0x10291</run_address>
         <size>0x13f</size>
         <input_file_ref idref="fl-e2"/>
      </object_component>
      <object_component id="oc-218">
         <name>.debug_info</name>
         <load_address>0x103d0</load_address>
         <run_address>0x103d0</run_address>
         <size>0x18a</size>
         <input_file_ref idref="fl-e2"/>
      </object_component>
      <object_component id="oc-2a3">
         <name>.debug_info</name>
         <load_address>0x1055a</load_address>
         <run_address>0x1055a</run_address>
         <size>0x2c</size>
         <input_file_ref idref="fl-e2"/>
      </object_component>
      <object_component id="oc-2b2">
         <name>.debug_info</name>
         <load_address>0x10586</load_address>
         <run_address>0x10586</run_address>
         <size>0x17c</size>
         <input_file_ref idref="fl-e3"/>
      </object_component>
      <object_component id="oc-21c">
         <name>.debug_info</name>
         <load_address>0x10702</load_address>
         <run_address>0x10702</run_address>
         <size>0x1d5</size>
         <input_file_ref idref="fl-e3"/>
      </object_component>
      <object_component id="oc-9f">
         <name>.debug_info</name>
         <load_address>0x108d7</load_address>
         <run_address>0x108d7</run_address>
         <size>0x145</size>
         <input_file_ref idref="fl-e4"/>
      </object_component>
      <object_component id="oc-2b4">
         <name>.debug_info</name>
         <load_address>0x10a1c</load_address>
         <run_address>0x10a1c</run_address>
         <size>0xf5</size>
         <input_file_ref idref="fl-e5"/>
      </object_component>
      <object_component id="oc-222">
         <name>.debug_info</name>
         <load_address>0x10b11</load_address>
         <run_address>0x10b11</run_address>
         <size>0x244</size>
         <input_file_ref idref="fl-e5"/>
      </object_component>
      <object_component id="oc-1ea">
         <name>.debug_info</name>
         <load_address>0x10d55</load_address>
         <run_address>0x10d55</run_address>
         <size>0x17d</size>
         <input_file_ref idref="fl-e6"/>
      </object_component>
      <object_component id="oc-2af">
         <name>.debug_info</name>
         <load_address>0x10ed2</load_address>
         <run_address>0x10ed2</run_address>
         <size>0xf3</size>
         <input_file_ref idref="fl-e7"/>
      </object_component>
      <object_component id="oc-2a9">
         <name>.debug_info</name>
         <load_address>0x10fc5</load_address>
         <run_address>0x10fc5</run_address>
         <size>0x156</size>
         <input_file_ref idref="fl-e8"/>
      </object_component>
      <object_component id="oc-1b3">
         <name>.debug_info</name>
         <load_address>0x1111b</load_address>
         <run_address>0x1111b</run_address>
         <size>0x5ef</size>
         <input_file_ref idref="fl-e9"/>
      </object_component>
      <object_component id="oc-271">
         <name>.debug_info</name>
         <load_address>0x1170a</load_address>
         <run_address>0x1170a</run_address>
         <size>0xfc</size>
         <input_file_ref idref="fl-e9"/>
      </object_component>
      <object_component id="oc-1b8">
         <name>.debug_info</name>
         <load_address>0x11806</load_address>
         <run_address>0x11806</run_address>
         <size>0x23c</size>
         <input_file_ref idref="fl-e9"/>
      </object_component>
      <object_component id="oc-152">
         <name>.debug_info</name>
         <load_address>0x11a42</load_address>
         <run_address>0x11a42</run_address>
         <size>0x122</size>
         <input_file_ref idref="fl-e9"/>
      </object_component>
      <object_component id="oc-14c">
         <name>.debug_info</name>
         <load_address>0x11b64</load_address>
         <run_address>0x11b64</run_address>
         <size>0x1dd</size>
         <input_file_ref idref="fl-e9"/>
      </object_component>
      <object_component id="oc-1cd">
         <name>.debug_info</name>
         <load_address>0x11d41</load_address>
         <run_address>0x11d41</run_address>
         <size>0x131</size>
         <input_file_ref idref="fl-e9"/>
      </object_component>
      <object_component id="oc-286">
         <name>.debug_info</name>
         <load_address>0x11e72</load_address>
         <run_address>0x11e72</run_address>
         <size>0x129</size>
         <input_file_ref idref="fl-e9"/>
      </object_component>
      <object_component id="oc-1d3">
         <name>.debug_info</name>
         <load_address>0x11f9b</load_address>
         <run_address>0x11f9b</run_address>
         <size>0x1dd</size>
         <input_file_ref idref="fl-e9"/>
      </object_component>
      <object_component id="oc-1d9">
         <name>.debug_info</name>
         <load_address>0x12178</load_address>
         <run_address>0x12178</run_address>
         <size>0x120</size>
         <input_file_ref idref="fl-e9"/>
      </object_component>
      <object_component id="oc-169">
         <name>.debug_info</name>
         <load_address>0x12298</load_address>
         <run_address>0x12298</run_address>
         <size>0x1d8</size>
         <input_file_ref idref="fl-e9"/>
      </object_component>
      <object_component id="oc-ea">
         <name>.debug_info</name>
         <load_address>0x12470</load_address>
         <run_address>0x12470</run_address>
         <size>0x132</size>
         <input_file_ref idref="fl-e9"/>
      </object_component>
      <object_component id="oc-f0">
         <name>.debug_info</name>
         <load_address>0x125a2</load_address>
         <run_address>0x125a2</run_address>
         <size>0x130</size>
         <input_file_ref idref="fl-e9"/>
      </object_component>
      <object_component id="oc-1c5">
         <name>.debug_info</name>
         <load_address>0x126d2</load_address>
         <run_address>0x126d2</run_address>
         <size>0x103e</size>
         <input_file_ref idref="fl-e9"/>
      </object_component>
      <object_component id="oc-160">
         <name>.debug_info</name>
         <load_address>0x13710</load_address>
         <run_address>0x13710</run_address>
         <size>0x4a4</size>
         <input_file_ref idref="fl-ea"/>
      </object_component>
      <object_component id="oc-15d">
         <name>.debug_info</name>
         <load_address>0x13bb4</load_address>
         <run_address>0x13bb4</run_address>
         <size>0xd0</size>
         <input_file_ref idref="fl-ea"/>
      </object_component>
      <object_component id="oc-de">
         <name>.debug_info</name>
         <load_address>0x13c84</load_address>
         <run_address>0x13c84</run_address>
         <size>0x1be</size>
         <input_file_ref idref="fl-ea"/>
      </object_component>
      <object_component id="oc-102">
         <name>.debug_info</name>
         <load_address>0x13e42</load_address>
         <run_address>0x13e42</run_address>
         <size>0x185</size>
         <input_file_ref idref="fl-ea"/>
      </object_component>
      <object_component id="oc-2c7">
         <name>.debug_info</name>
         <load_address>0x13fc7</load_address>
         <run_address>0x13fc7</run_address>
         <size>0x379</size>
         <input_file_ref idref="fl-ec"/>
      </object_component>
      <object_component id="oc-28d">
         <name>.debug_info</name>
         <load_address>0x14340</load_address>
         <run_address>0x14340</run_address>
         <size>0x1d6</size>
         <input_file_ref idref="fl-ec"/>
      </object_component>
      <object_component id="oc-266">
         <name>.debug_info</name>
         <load_address>0x14516</load_address>
         <run_address>0x14516</run_address>
         <size>0x10f</size>
         <input_file_ref idref="fl-ec"/>
      </object_component>
      <object_component id="oc-279">
         <name>.debug_info</name>
         <load_address>0x14625</load_address>
         <run_address>0x14625</run_address>
         <size>0x12b</size>
         <input_file_ref idref="fl-ec"/>
      </object_component>
      <object_component id="oc-26c">
         <name>.debug_info</name>
         <load_address>0x14750</load_address>
         <run_address>0x14750</run_address>
         <size>0x12d</size>
         <input_file_ref idref="fl-ec"/>
      </object_component>
      <object_component id="oc-30e">
         <name>.debug_info</name>
         <load_address>0x1487d</load_address>
         <run_address>0x1487d</run_address>
         <size>0xb9</size>
      </object_component>
      <object_component id="oc-1cb">
         <name>.debug_line</name>
         <load_address>0x0</load_address>
         <run_address>0x0</run_address>
         <size>0x20</size>
         <input_file_ref idref="fl-2"/>
      </object_component>
      <object_component id="oc-e7">
         <name>.debug_line</name>
         <load_address>0x20</load_address>
         <run_address>0x20</run_address>
         <size>0x251</size>
         <input_file_ref idref="fl-2"/>
      </object_component>
      <object_component id="oc-1a4">
         <name>.debug_line</name>
         <load_address>0x271</load_address>
         <run_address>0x271</run_address>
         <size>0x55</size>
         <input_file_ref idref="fl-2"/>
      </object_component>
      <object_component id="oc-19f">
         <name>.debug_line</name>
         <load_address>0x2c6</load_address>
         <run_address>0x2c6</run_address>
         <size>0x52</size>
         <input_file_ref idref="fl-2"/>
      </object_component>
      <object_component id="oc-39">
         <name>.debug_line</name>
         <load_address>0x318</load_address>
         <run_address>0x318</run_address>
         <size>0x20</size>
         <input_file_ref idref="fl-2"/>
      </object_component>
      <object_component id="oc-11f">
         <name>.debug_line</name>
         <load_address>0x338</load_address>
         <run_address>0x338</run_address>
         <size>0x65</size>
         <input_file_ref idref="fl-2"/>
      </object_component>
      <object_component id="oc-165">
         <name>.debug_line</name>
         <load_address>0x39d</load_address>
         <run_address>0x39d</run_address>
         <size>0x2d</size>
         <input_file_ref idref="fl-2"/>
      </object_component>
      <object_component id="oc-250">
         <name>.debug_line</name>
         <load_address>0x3ca</load_address>
         <run_address>0x3ca</run_address>
         <size>0x2d</size>
         <input_file_ref idref="fl-3"/>
      </object_component>
      <object_component id="oc-ff">
         <name>.debug_line</name>
         <load_address>0x3f7</load_address>
         <run_address>0x3f7</run_address>
         <size>0x123</size>
         <input_file_ref idref="fl-3"/>
      </object_component>
      <object_component id="oc-262">
         <name>.debug_line</name>
         <load_address>0x51a</load_address>
         <run_address>0x51a</run_address>
         <size>0x6b</size>
         <input_file_ref idref="fl-3"/>
      </object_component>
      <object_component id="oc-124">
         <name>.debug_line</name>
         <load_address>0x585</load_address>
         <run_address>0x585</run_address>
         <size>0x20</size>
         <input_file_ref idref="fl-3"/>
      </object_component>
      <object_component id="oc-282">
         <name>.debug_line</name>
         <load_address>0x5a5</load_address>
         <run_address>0x5a5</run_address>
         <size>0x69</size>
         <input_file_ref idref="fl-3"/>
      </object_component>
      <object_component id="oc-25c">
         <name>.debug_line</name>
         <load_address>0x60e</load_address>
         <run_address>0x60e</run_address>
         <size>0x32</size>
         <input_file_ref idref="fl-4"/>
      </object_component>
      <object_component id="oc-256">
         <name>.debug_line</name>
         <load_address>0x640</load_address>
         <run_address>0x640</run_address>
         <size>0x32</size>
         <input_file_ref idref="fl-4"/>
      </object_component>
      <object_component id="oc-25a">
         <name>.debug_line</name>
         <load_address>0x672</load_address>
         <run_address>0x672</run_address>
         <size>0x32</size>
         <input_file_ref idref="fl-4"/>
      </object_component>
      <object_component id="oc-254">
         <name>.debug_line</name>
         <load_address>0x6a4</load_address>
         <run_address>0x6a4</run_address>
         <size>0x32</size>
         <input_file_ref idref="fl-4"/>
      </object_component>
      <object_component id="oc-252">
         <name>.debug_line</name>
         <load_address>0x6d6</load_address>
         <run_address>0x6d6</run_address>
         <size>0x32</size>
         <input_file_ref idref="fl-4"/>
      </object_component>
      <object_component id="oc-258">
         <name>.debug_line</name>
         <load_address>0x708</load_address>
         <run_address>0x708</run_address>
         <size>0x32</size>
         <input_file_ref idref="fl-4"/>
      </object_component>
      <object_component id="oc-10b">
         <name>.debug_line</name>
         <load_address>0x73a</load_address>
         <run_address>0x73a</run_address>
         <size>0x392</size>
         <input_file_ref idref="fl-4"/>
      </object_component>
      <object_component id="oc-19b">
         <name>.debug_line</name>
         <load_address>0xacc</load_address>
         <run_address>0xacc</run_address>
         <size>0x73</size>
         <input_file_ref idref="fl-5"/>
      </object_component>
      <object_component id="oc-d5">
         <name>.debug_line</name>
         <load_address>0xb3f</load_address>
         <run_address>0xb3f</run_address>
         <size>0x64</size>
         <input_file_ref idref="fl-5"/>
      </object_component>
      <object_component id="oc-1ab">
         <name>.debug_line</name>
         <load_address>0xba3</load_address>
         <run_address>0xba3</run_address>
         <size>0x64</size>
         <input_file_ref idref="fl-5"/>
      </object_component>
      <object_component id="oc-184">
         <name>.debug_line</name>
         <load_address>0xc07</load_address>
         <run_address>0xc07</run_address>
         <size>0x65</size>
         <input_file_ref idref="fl-5"/>
      </object_component>
      <object_component id="oc-27e">
         <name>.debug_line</name>
         <load_address>0xc6c</load_address>
         <run_address>0xc6c</run_address>
         <size>0x20</size>
         <input_file_ref idref="fl-6"/>
      </object_component>
      <object_component id="oc-1bf">
         <name>.debug_line</name>
         <load_address>0xc8c</load_address>
         <run_address>0xc8c</run_address>
         <size>0x2e</size>
         <input_file_ref idref="fl-6"/>
      </object_component>
      <object_component id="oc-db">
         <name>.debug_line</name>
         <load_address>0xcba</load_address>
         <run_address>0xcba</run_address>
         <size>0x45</size>
         <input_file_ref idref="fl-6"/>
      </object_component>
      <object_component id="oc-1a7">
         <name>.debug_line</name>
         <load_address>0xcff</load_address>
         <run_address>0xcff</run_address>
         <size>0x190</size>
         <input_file_ref idref="fl-7"/>
      </object_component>
      <object_component id="oc-a8">
         <name>.debug_line</name>
         <load_address>0xe8f</load_address>
         <run_address>0xe8f</run_address>
         <size>0x8c</size>
         <input_file_ref idref="fl-7"/>
      </object_component>
      <object_component id="oc-296">
         <name>.debug_line</name>
         <load_address>0xf1b</load_address>
         <run_address>0xf1b</run_address>
         <size>0x65</size>
         <input_file_ref idref="fl-8"/>
      </object_component>
      <object_component id="oc-174">
         <name>.debug_line</name>
         <load_address>0xf80</load_address>
         <run_address>0xf80</run_address>
         <size>0x83</size>
         <input_file_ref idref="fl-8"/>
      </object_component>
      <object_component id="oc-bf">
         <name>.debug_line</name>
         <load_address>0x1003</load_address>
         <run_address>0x1003</run_address>
         <size>0x40</size>
         <input_file_ref idref="fl-9"/>
      </object_component>
      <object_component id="oc-7c">
         <name>.debug_line</name>
         <load_address>0x1043</load_address>
         <run_address>0x1043</run_address>
         <size>0x40</size>
         <input_file_ref idref="fl-9"/>
      </object_component>
      <object_component id="oc-76">
         <name>.debug_line</name>
         <load_address>0x1083</load_address>
         <run_address>0x1083</run_address>
         <size>0x71</size>
         <input_file_ref idref="fl-9"/>
      </object_component>
      <object_component id="oc-1b1">
         <name>.debug_line</name>
         <load_address>0x10f4</load_address>
         <run_address>0x10f4</run_address>
         <size>0x3b</size>
         <input_file_ref idref="fl-a"/>
      </object_component>
      <object_component id="oc-bc">
         <name>.debug_line</name>
         <load_address>0x112f</load_address>
         <run_address>0x112f</run_address>
         <size>0x146</size>
         <input_file_ref idref="fl-a"/>
      </object_component>
      <object_component id="oc-2a">
         <name>.debug_line</name>
         <load_address>0x1275</load_address>
         <run_address>0x1275</run_address>
         <size>0x53</size>
         <input_file_ref idref="fl-c6"/>
      </object_component>
      <object_component id="oc-c1">
         <name>.debug_line</name>
         <load_address>0x12c8</load_address>
         <run_address>0x12c8</run_address>
         <size>0x20</size>
         <input_file_ref idref="fl-c7"/>
      </object_component>
      <object_component id="oc-17">
         <name>.debug_line</name>
         <load_address>0x12e8</load_address>
         <run_address>0x12e8</run_address>
         <size>0xa9</size>
         <input_file_ref idref="fl-c7"/>
      </object_component>
      <object_component id="oc-34">
         <name>.debug_line</name>
         <load_address>0x1391</load_address>
         <run_address>0x1391</run_address>
         <size>0x3a</size>
         <input_file_ref idref="fl-c7"/>
      </object_component>
      <object_component id="oc-81">
         <name>.debug_line</name>
         <load_address>0x13cb</load_address>
         <run_address>0x13cb</run_address>
         <size>0x8a</size>
         <input_file_ref idref="fl-c7"/>
      </object_component>
      <object_component id="oc-8b">
         <name>.debug_line</name>
         <load_address>0x1455</load_address>
         <run_address>0x1455</run_address>
         <size>0x8a</size>
         <input_file_ref idref="fl-c8"/>
      </object_component>
      <object_component id="oc-1e">
         <name>.debug_line</name>
         <load_address>0x14df</load_address>
         <run_address>0x14df</run_address>
         <size>0x55</size>
         <input_file_ref idref="fl-c8"/>
      </object_component>
      <object_component id="oc-44">
         <name>.debug_line</name>
         <load_address>0x1534</load_address>
         <run_address>0x1534</run_address>
         <size>0x3a</size>
         <input_file_ref idref="fl-c8"/>
      </object_component>
      <object_component id="oc-88">
         <name>.debug_line</name>
         <load_address>0x156e</load_address>
         <run_address>0x156e</run_address>
         <size>0x8a</size>
         <input_file_ref idref="fl-c8"/>
      </object_component>
      <object_component id="oc-93">
         <name>.debug_line</name>
         <load_address>0x15f8</load_address>
         <run_address>0x15f8</run_address>
         <size>0x8a</size>
         <input_file_ref idref="fl-c9"/>
      </object_component>
      <object_component id="oc-24">
         <name>.debug_line</name>
         <load_address>0x1682</load_address>
         <run_address>0x1682</run_address>
         <size>0x4f</size>
         <input_file_ref idref="fl-c9"/>
      </object_component>
      <object_component id="oc-50">
         <name>.debug_line</name>
         <load_address>0x16d1</load_address>
         <run_address>0x16d1</run_address>
         <size>0x34</size>
         <input_file_ref idref="fl-c9"/>
      </object_component>
[...]
      </symbol>
      <symbol id="sm-1f1">
         <name>aun_red_buffer</name>
         <value>0x20001770</value>
      </symbol>
      <symbol id="sm-1f2">
         <name>n_sp02</name>
         <value>0x20002718</value>
      </symbol>
      <symbol id="sm-1f3">
         <name>ch_spo2_valid</name>
         <value>0x2000271d</value>
      </symbol>
      <symbol id="sm-1f4">
         <name>n_heart_rate</name>
         <value>0x20002710</value>
      </symbol>
      <symbol id="sm-1f5">
         <name>ch_hr_valid</name>
         <value>0x2000271c</value>
      </symbol>
      <symbol id="sm-1f6">
         <name>uch_dummy</name>
         <value>0x2000271e</value>
      </symbol>
      <symbol id="sm-1f7">
         <name>main</name>
         <value>0x25f5</value>
         <object_component_ref idref="oc-a4"/>
      </symbol>
      <symbol id="sm-20b">
         <name>fputs</name>
         <value>0x3787</value>
         <object_component_ref idref="oc-170"/>
      </symbol>
      <symbol id="sm-20c">
         <name>fputc</name>
         <value>0x3769</value>
         <object_component_ref idref="oc-170"/>
      </symbol>
      <symbol id="sm-221">
         <name>Reset_Handler</name>
         <value>0x3ccb</value>
         <object_component_ref idref="oc-75"/>
      </symbol>
      <symbol id="sm-222">
         <name>Default_Handler</name>
         <value>0x3cd7</value>
         <object_component_ref idref="oc-75"/>
      </symbol>
      <symbol id="sm-223">
         <name>interruptVectors</name>
         <value>0x0</value>
         <object_component_ref idref="oc-2c"/>
      </symbol>
      <symbol id="sm-269">
         <name>SystemInit</name>
         <value>0x253d</value>
         <object_component_ref idref="oc-b7"/>
      </symbol>
      <symbol id="sm-26a">
         <name>SystemCoreClockUpdate</name>
         <value>0x22c9</value>
         <object_component_ref idref="oc-b7"/>
      </symbol>
      <symbol id="sm-26b">
         <name>SystemCoreClock</name>
         <value>0x2000285c</value>
         <object_component_ref idref="oc-13b"/>
      </symbol>
      <symbol id="sm-27d">
         <name>_c_int00</name>
         <value>0x3889</value>
         <object_component_ref idref="oc-26"/>
      </symbol>
      <symbol id="sm-27e">
         <name>__stack</name>
         <value>0x2000fe00</value>
         <object_component_ref idref="oc-2f"/>
      </symbol>
      <symbol id="sm-29c">
         <name>__TI_decompress_lzss</name>
         <value>0x3701</value>
         <object_component_ref idref="oc-14"/>
      </symbol>
      <symbol id="sm-2b3">
         <name>__TI_decompress_none</name>
         <value>0x3cbd</value>
         <object_component_ref idref="oc-1a"/>
      </symbol>
      <symbol id="sm-2ca">
         <name>__TI_zero_init</name>
         <value>0x3ce5</value>
         <object_component_ref idref="oc-20"/>
      </symbol>
      <symbol id="sm-2eb">
         <name>C$$EXIT</name>
         <value>0x38dd</value>
         <object_component_ref idref="oc-6b"/>
      </symbol>
      <symbol id="sm-2ec">
         <name>abort</name>
         <value>0x38e1</value>
         <object_component_ref idref="oc-6b"/>
      </symbol>
      <symbol id="sm-2ed">
         <name>exit</name>
         <value>0x38e9</value>
         <object_component_ref idref="oc-6b"/>
      </symbol>
      <symbol id="sm-2ee">
         <name>__TI_dtors_ptr</name>
         <value>0x20002844</value>
         <object_component_ref idref="oc-ac"/>
      </symbol>
      <symbol id="sm-2ef">
         <name>__TI_cleanup_ptr</name>
         <value>0x20002840</value>
         <object_component_ref idref="oc-ac"/>
      </symbol>
      <symbol id="sm-2f0">
         <name>__TI_enable_exit_profile_output</name>
         <value>0x20002848</value>
         <object_component_ref idref="oc-ac"/>
      </symbol>
      <symbol id="sm-30b">
         <name>memcpy</name>
         <value>0x338d</value>
         <object_component_ref idref="oc-3b"/>
      </symbol>
      <symbol id="sm-30c">
         <name>__aeabi_memcpy</name>
         <value>0x338d</value>
         <object_component_ref idref="oc-3b"/>
      </symbol>
      <symbol id="sm-30d">
         <name>__aeabi_memcpy8</name>
         <value>0x338d</value>
         <object_component_ref idref="oc-3b"/>
      </symbol>
      <symbol id="sm-30e">
         <name>__aeabi_memcpy4</name>
         <value>0x338d</value>
         <object_component_ref idref="oc-3b"/>
      </symbol>
      <symbol id="sm-31d">
         <name>__aeabi_memset</name>
         <value>0x3537</value>
         <object_component_ref idref="oc-47"/>
      </symbol>
      <symbol id="sm-31e">
         <name>memset</name>
         <value>0x353d</value>
         <object_component_ref idref="oc-47"/>
      </symbol>
      <symbol id="sm-31f">
         <name>__aeabi_memset8</name>
         <value>0x3537</value>
         <object_component_ref idref="oc-47"/>
      </symbol>
      <symbol id="sm-320">
         <name>__aeabi_memset4</name>
         <value>0x3537</value>
         <object_component_ref idref="oc-47"/>
      </symbol>
      <symbol id="sm-321">
         <name>__aeabi_memclr8</name>
         <value>0x3535</value>
         <object_component_ref idref="oc-47"/>
      </symbol>
      <symbol id="sm-322">
         <name>__aeabi_memclr4</name>
         <value>0x3535</value>
         <object_component_ref idref="oc-47"/>
      </symbol>
      <symbol id="sm-323">
         <name>__aeabi_memclr</name>
         <value>0x3535</value>
         <object_component_ref idref="oc-47"/>
      </symbol>
      <symbol id="sm-32d">
         <name>__mpu_init</name>
         <value>0x121f</value>
         <object_component_ref idref="oc-53"/>
      </symbol>
      <symbol id="sm-337">
         <name>_system_pre_init</name>
         <value>0x3cf7</value>
         <object_component_ref idref="oc-59"/>
      </symbol>
      <symbol id="sm-355">
         <name>printf</name>
         <value>0x3699</value>
         <object_component_ref idref="oc-f5"/>
      </symbol>
      <symbol id="sm-35d">
         <name>main_func_sp</name>
         <value>0x20002858</value>
         <object_component_ref idref="oc-71"/>
      </symbol>
      <symbol id="sm-36b">
         <name>strlen</name>
         <value>0x3c89</value>
         <object_component_ref idref="oc-1df"/>
      </symbol>
      <symbol id="sm-384">
         <name>_nop</name>
         <value>0x3c6f</value>
         <object_component_ref idref="oc-12f"/>
      </symbol>
      <symbol id="sm-385">
         <name>_lock</name>
         <value>0x2000284c</value>
         <object_component_ref idref="oc-af"/>
      </symbol>
      <symbol id="sm-386">
         <name>_unlock</name>
         <value>0x20002850</value>
         <object_component_ref idref="oc-af"/>
      </symbol>
      <symbol id="sm-387">
         <name>_register_lock</name>
         <value>0x3c67</value>
         <object_component_ref idref="oc-12f"/>
      </symbol>
      <symbol id="sm-388">
         <name>_register_unlock</name>
         <value>0x3c61</value>
         <object_component_ref idref="oc-12f"/>
      </symbol>
      <symbol id="sm-48e">
         <name>__TI_printfi</name>
         <value>0x925</value>
         <object_component_ref idref="oc-176"/>
      </symbol>
      <symbol id="sm-4a2">
         <name>_args_main</name>
         <value>0x3c1d</value>
         <object_component_ref idref="oc-65"/>
      </symbol>
      <symbol id="sm-4b8">
         <name>atoi</name>
         <value>0x39cd</value>
         <object_component_ref idref="oc-227"/>
      </symbol>
      <symbol id="sm-4e2">
         <name>__TI_auto_init</name>
         <value>0x3621</value>
         <object_component_ref idref="oc-5f"/>
      </symbol>
      <symbol id="sm-4fc">
         <name>copy_in</name>
         <value>0x3a19</value>
         <object_component_ref idref="oc-96"/>
      </symbol>
      <symbol id="sm-507">
         <name>_ctypes_</name>
         <value>0x3cfc</value>
         <object_component_ref idref="oc-2b5"/>
      </symbol>
      <symbol id="sm-513">
         <name>_ftable</name>
         <value>0x20002720</value>
         <object_component_ref idref="oc-17c"/>
      </symbol>
      <symbol id="sm-52a">
         <name>__aeabi_dsub</name>
         <value>0x2bc3</value>
         <object_component_ref idref="oc-210"/>
      </symbol>
      <symbol id="sm-52b">
         <name>__aeabi_dadd</name>
         <value>0x2bcd</value>
         <object_component_ref idref="oc-210"/>
      </symbol>
      <symbol id="sm-54d">
         <name>__aeabi_cdcmpeq</name>
         <value>0x3429</value>
         <object_component_ref idref="oc-1ec"/>
      </symbol>
      <symbol id="sm-54e">
         <name>__aeabi_cdcmple</name>
         <value>0x3429</value>
         <object_component_ref idref="oc-1ec"/>
      </symbol>
      <symbol id="sm-54f">
         <name>__aeabi_cdrcmple</name>
         <value>0x34af</value>
         <object_component_ref idref="oc-1fb"/>
      </symbol>
      <symbol id="sm-563">
         <name>__aeabi_ddiv</name>
         <value>0x2d79</value>
         <object_component_ref idref="oc-1f6"/>
      </symbol>
      <symbol id="sm-56e">
         <name>__aeabi_dmul</name>
         <value>0x2fb5</value>
         <object_component_ref idref="oc-1f1"/>
      </symbol>
      <symbol id="sm-578">
         <name>__aeabi_d2iz</name>
         <value>0x3aad</value>
         <object_component_ref idref="oc-200"/>
      </symbol>
      <symbol id="sm-582">
         <name>__aeabi_i2d</name>
         <value>0x3b65</value>
         <object_component_ref idref="oc-20b"/>
      </symbol>
      <symbol id="sm-591">
         <name>ltoa</name>
         <value>0x3831</value>
         <object_component_ref idref="oc-205"/>
      </symbol>
      <symbol id="sm-5a1">
         <name>memccpy</name>
         <value>0x3bb9</value>
         <object_component_ref idref="oc-22d"/>
      </symbol>
      <symbol id="sm-5bc">
         <name>frexpl</name>
         <value>0x37cd</value>
         <object_component_ref idref="oc-215"/>
      </symbol>
      <symbol id="sm-5bd">
         <name>frexp</name>
         <value>0x37cd</value>
         <object_component_ref idref="oc-215"/>
      </symbol>
      <symbol id="sm-5da">
         <name>scalbn</name>
         <value>0x30b1</value>
         <object_component_ref idref="oc-21b"/>
      </symbol>
      <symbol id="sm-5db">
         <name>scalbnl</name>
         <value>0x30b1</value>
         <object_component_ref idref="oc-21b"/>
      </symbol>
      <symbol id="sm-5dc">
         <name>ldexpl</name>
         <value>0x30b1</value>
         <object_component_ref idref="oc-21b"/>
      </symbol>
      <symbol id="sm-5dd">
         <name>ldexp</name>
         <value>0x30b1</value>
         <object_component_ref idref="oc-21b"/>
      </symbol>
      <symbol id="sm-5e7">
         <name>_system_post_cinit</name>
         <value>0x1c8f</value>
         <object_component_ref idref="oc-9c"/>
      </symbol>
      <symbol id="sm-5f7">
         <name>strchr</name>
         <value>0x3c35</value>
         <object_component_ref idref="oc-221"/>
      </symbol>
      <symbol id="sm-613">
         <name>__aeabi_uldivmod</name>
         <value>0x280d</value>
         <object_component_ref idref="oc-1e7"/>
      </symbol>
      <symbol id="sm-61b">
         <name>errno</name>
         <value>0x20002854</value>
         <object_component_ref idref="oc-2ae"/>
      </symbol>
      <symbol id="sm-625">
         <name>copysign</name>
         <value>0x3c75</value>
         <object_component_ref idref="oc-2a8"/>
      </symbol>
      <symbol id="sm-626">
         <name>copysignl</name>
         <value>0x3c75</value>
         <object_component_ref idref="oc-2a8"/>
      </symbol>
      <symbol id="sm-6de">
         <name>CS_getMCLK</name>
         <value>0x3bd5</value>
         <object_component_ref idref="oc-ef"/>
      </symbol>
      <symbol id="sm-6df">
         <name>CS_clearInterruptFlag</name>
         <value>0x3b95</value>
         <object_component_ref idref="oc-1d8"/>
      </symbol>
      <symbol id="sm-6e0">
         <name>CS_startHFXT</name>
         <value>0x3cf1</value>
         <object_component_ref idref="oc-151"/>
      </symbol>
      <symbol id="sm-6e1">
         <name>CS_getDCOFrequency</name>
         <value>0x2eb1</value>
         <object_component_ref idref="oc-1d2"/>
      </symbol>
      <symbol id="sm-6e2">
         <name>CS_setExternalClockSourceFrequency</name>
         <value>0x3c4d</value>
         <object_component_ref idref="oc-14b"/>
      </symbol>
      <symbol id="sm-6e3">
         <name>CS_getSMCLK</name>
         <value>0x3bed</value>
         <object_component_ref idref="oc-e9"/>
      </symbol>
      <symbol id="sm-6e4">
         <name>CS_startHFXTWithTimeout</name>
         <value>0x3255</value>
         <object_component_ref idref="oc-1b7"/>
      </symbol>
      <symbol id="sm-704">
         <name>GPIO_setAsInputPinWithPullUpResistor</name>
         <value>0x3b35</value>
         <object_component_ref idref="oc-dd"/>
      </symbol>
      <symbol id="sm-705">
         <name>GPIO_getInputPinValue</name>
         <value>0x3c05</value>
         <object_component_ref idref="oc-101"/>
      </symbol>
      <symbol id="sm-739">
         <name>SysCtl_getNMISourceStatus</name>
         <value>0x3cd9</value>
         <object_component_ref idref="oc-264"/>
      </symbol>
      <symbol id="sm-73a">
         <name>SysCtl_enableNMISource</name>
         <value>0x3cad</value>
         <object_component_ref idref="oc-276"/>
      </symbol>
      <symbol id="sm-73b">
         <name>SysCtl_disableNMISource</name>
         <value>0x3c9d</value>
         <object_component_ref idref="oc-26a"/>
      </symbol>
      <symbol id="sm-73c">
         <name>SysCtl_getTLVInfo</name>
         <value>0x3931</value>
         <object_component_ref idref="oc-28b"/>
      </symbol>
      <symbol id="sm-73e">
         <name>__TI_static_base__</name>
         <value>0x0</value>
      </symbol>
      <symbol id="sm-741">
         <name>SHT$$INIT_ARRAY$$Limit</name>
         <value>0x0</value>
      </symbol>
      <symbol id="sm-742">
         <name>SHT$$INIT_ARRAY$$Base</name>
         <value>0x0</value>
      </symbol>
      <symbol id="sm-743">
         <name>NMI_Handler</name>
         <value>0x3cd7</value>
      </symbol>
      <symbol id="sm-744">
         <name>HardFault_Handler</name>
         <value>0x3cd7</value>
      </symbol>
      <symbol id="sm-745">
         <name>MemManage_Handler</name>
         <value>0x3cd7</value>
      </symbol>
      <symbol id="sm-746">
         <name>BusFault_Handler</name>
         <value>0x3cd7</value>
      </symbol>
      <symbol id="sm-747">
         <name>UsageFault_Handler</name>
         <value>0x3cd7</value>
      </symbol>
      <symbol id="sm-748">
         <name>SVC_Handler</name>
         <value>0x3cd7</value>
      </symbol>
      <symbol id="sm-749">
         <name>DebugMon_Handler</name>
         <value>0x3cd7</value>
      </symbol>
      <symbol id="sm-74a">
         <name>PendSV_Handler</name>
         <value>0x3cd7</value>
      </symbol>
      <symbol id="sm-74b">
         <name>SysTick_Handler</name>
         <value>0x3cd7</value>
      </symbol>
      <symbol id="sm-74c">
         <name>PSS_IRQHandler</name>
         <value>0x3cd7</value>
      </symbol>
      <symbol id="sm-74d">
         <name>CS_IRQHandler</name>
         <value>0x3cd7</value>
      </symbol>
      <symbol id="sm-74e">
         <name>PCM_IRQHandler</name>
         <value>0x3cd7</value>
      </symbol>
      <symbol id="sm-74f">
         <name>WDT_A_IRQHandler</name>
         <value>0x3cd7</value>
      </symbol>
      <symbol id="sm-750">
         <name>FPU_IRQHandler</name>
         <value>0x3cd7</value>
      </symbol>
      <symbol id="sm-751">
         <name>FLCTL_IRQHandler</name>
         <value>0x3cd7</value>
      </symbol>
      <symbol id="sm-752">
         <name>COMP_E0_IRQHandler</name>
         <value>0x3cd7</value>
      </symbol>
      <symbol id="sm-753">
         <name>COMP_E1_IRQHandler</name>
         <value>0x3cd7</value>
      </symbol>
      <symbol id="sm-754">
         <name>TA0_0_IRQHandler</name>
         <value>0x3cd7</value>
      </symbol>
      <symbol id="sm-755">
         <name>TA0_N_IRQHandler</name>
         <value>0x3cd7</value>
      </symbol>
      <symbol id="sm-756">
         <name>TA1_0_IRQHandler</name>
         <value>0x3cd7</value>
      </symbol>
      <symbol id="sm-757">
         <name>TA1_N_IRQHandler</name>
         <value>0x3cd7</value>
      </symbol>
      <symbol id="sm-758">
         <name>TA2_0_IRQHandler</name>
         <value>0x3cd7</value>
      </symbol>
      <symbol id="sm-759">
         <name>TA2_N_IRQHandler</name>
         <value>0x3cd7</value>
      </symbol>
      <symbol id="sm-75a">
         <name>TA3_0_IRQHandler</name>
         <value>0x3cd7</value>
      </symbol>
      <symbol id="sm-75b">
         <name>TA3_N_IRQHandler</name>
         <value>0x3cd7</value>
      </symbol>
      <symbol id="sm-75c">
         <name>EUSCIA0_IRQHandler</name>
         <value>0x3cd7</value>
      </symbol>
      <symbol id="sm-75d">
         <name>EUSCIA1_IRQHandler</name>
         <value>0x3cd7</value>
      </symbol>
      <symbol id="sm-75e">
         <name>EUSCIA2_IRQHandler</name>
         <value>0x3cd7</value>
      </symbol>
      <symbol id="sm-75f">
         <name>EUSCIA3_IRQHandler</name>
         <value>0x3cd7</value>
      </symbol>
      <symbol id="sm-760">
         <name>EUSCIB0_IRQHandler</name>
         <value>0x3cd7</value>
      </symbol>
      <symbol id="sm-761">
         <name>EUSCIB1_IRQHandler</name>
         <value>0x3cd7</value>
      </symbol>
      <symbol id="sm-762">
         <name>EUSCIB2_IRQHandler</name>
         <value>0x3cd7</value>
      </symbol>
      <symbol id="sm-763">
         <name>EUSCIB3_IRQHandler</name>
         <value>0x3cd7</value>
      </symbol>
      <symbol id="sm-764">
         <name>ADC14_IRQHandler</name>
         <value>0x3cd7</value>
      </symbol>
      <symbol id="sm-765">
         <name>T32_INT1_IRQHandler</name>
         <value>0x3cd7</value>
      </symbol>
      <symbol id="sm-766">
         <name>T32_INT2_IRQHandler</name>
         <value>0x3cd7</value>
      </symbol>
      <symbol id="sm-767">
         <name>T32_INTC_IRQHandler</name>
         <value>0x3cd7</value>
      </symbol>
      <symbol id="sm-768">
         <name>AES256_IRQHandler</name>
         <value>0x3cd7</value>
      </symbol>
      <symbol id="sm-769">
         <name>RTC_C_IRQHandler</name>
         <value>0x3cd7</value>
      </symbol>
      <symbol id="sm-76a">
         <name>DMA_ERR_IRQHandler</name>
         <value>0x3cd7</value>
      </symbol>
      <symbol id="sm-76b">
         <name>DMA_INT3_IRQHandler</name>
         <value>0x3cd7</value>
      </symbol>
      <symbol id="sm-76c">
         <name>DMA_INT2_IRQHandler</name>
         <value>0x3cd7</value>
      </symbol>
      <symbol id="sm-76d">
         <name>DMA_INT1_IRQHandler</name>
         <value>0x3cd7</value>
      </symbol>
      <symbol id="sm-76e">
         <name>DMA_INT0_IRQHandler</name>
         <value>0x3cd7</value>
      </symbol>
      <symbol id="sm-76f">
         <name>PORT1_IRQHandler</name>
         <value>0x3cd7</value>
      </symbol>
      <symbol id="sm-770">
         <name>PORT2_IRQHandler</name>
         <value>0x3cd7</value>
      </symbol>
      <symbol id="sm-771">
         <name>PORT3_IRQHandler</name>
         <value>0x3cd7</value>
      </symbol>
      <symbol id="sm-772">
         <name>PORT4_IRQHandler</name>
         <value>0x3cd7</value>
      </symbol>
      <symbol id="sm-773">
         <name>PORT5_IRQHandler</name>
         <value>0x3cd7</value>
      </symbol>
      <symbol id="sm-774">
         <name>PORT6_IRQHandler</name>
         <value>0x3cd7</value>
      </symbol>
   </symbol_table>
   <title>Link successful</title>
</link_info>
