******************************************************************************
                  TI ARM Linker PC v16.9.0                     
******************************************************************************
>> Linked Mon Jul 24 15:34:34 2017

OUTPUT FILE NAME:   <MAXREFDES1117_INT.out>
ENTRY POINT SYMBOL: "_c_int00"  address: 00003a2d


MEMORY CONFIGURATION

         name            origin    length      used     unused   attr    fill
----------------------  --------  ---------  --------  --------  ----  --------
  MAIN                  00000000   00040000  00004142  0003bebe  R  X
  INFO                  00200000   00004000  00000000  00004000  R  X
  SRAM_CODE             01000000   00010000  00002a73  0000d58d  RW X
  SRAM_DATA             20000000   00010000  00002a73  0000d58d  RW  


SEGMENT ALLOCATION MAP

run origin  load origin   length   init length attrs members
----------  ----------- ---------- ----------- ----- -------
00000000    00000000    00004148   00004148    r-x
  00000000    00000000    000000e4   000000e4    r-- .intvecs
  000000e4    000000e4    00003dc2   00003dc2    r-x .text
  00003ea8    00003ea8    0000021c   0000021c    r-- .const
  000040c8    000040c8    00000080   00000080    r-- .cinit
20000000    20000000    00002874   00000000    rw-
  20000000    20000000    0000272b   00000000    rw- .bss
  2000272c    2000272c    00000148   00000000    rw- .data
2000fe00    2000fe00    00000200   00000000    rw-
  2000fe00    2000fe00    00000200   00000000    rw- .stack


SECTION ALLOCATION MAP

 output                                  attributes/
section   page    origin      length       input sections
--------  ----  ----------  ----------   ----------------
.intvecs   0    00000000    000000e4     
                  00000000    000000e4     startup_msp432p401r_ccs.obj (.intvecs:retain)

.binit     0    00000000    00000000     

.text      0    000000e4    00003dc2     
                  000000e4    0000113a     rtsv7M4_T_le_v4SPD16_eabi.lib : _printfi.obj (.text)
                  0000121e    00000002                                   : mpu_init.obj (.text)
                  00001220    000009c2     algorithm.obj (.text)
                  00001be2    00000002     rtsv7M4_T_le_v4SPD16_eabi.lib : startup.obj (.text)
                  00001be4    00000638     I2C0.obj (.text)
                  0000221c    00000468     main.obj (.text)
                  00002684    0000032c     system_msp432p401r.obj (.text)
                  000029b0    000001f4     rtsv7M4_T_le_v4SPD16_eabi.lib : ull_div_t2.obj (.text)
                  00002ba4    000001c2     MAX30102.obj (.text)
                  00002d66    000001b6     rtsv7M4_T_le_v4SPD16_eabi.lib : fd_add_t2.obj (.text)
                  00002f1c    00000136                                   : fd_div_t2.obj (.text)
                  00003052    00000002     --HOLE-- [fill = 0]
                  00003054    00000104     msp432p4xx_driverlib.lib : cs.o (.text:CS_getDCOFrequency)
                  00003158    000000fc     rtsv7M4_T_le_v4SPD16_eabi.lib : fd_mul_t2.obj (.text)
                  00003254    000000fc                                   : s_scalbn.obj (.text)
                  00003350    000000a8     clk.obj (.text)
                  000033f8    0000009c     msp432p4xx_driverlib.lib : cs.o (.text:CS_startHFXTWithTimeout)
                  00003494    0000009c                              : cs.o (.text:_CSComputeCLKFrequency)
                  00003530    0000009c     rtsv7M4_T_le_v4SPD16_eabi.lib : memcpy_t2.obj (.text)
                  000035cc    00000086                                   : fd_cmp_t2.obj (.text:__aeabi_cdcmple)
                  00003652    00000086                                   : fd_cmp_t2.obj (.text:__aeabi_cdrcmple)
                  000036d8    0000007a                                   : memset_t2.obj (.text)
                  00003752    00000002     --HOLE-- [fill = 0]
                  00003754    00000070     msp432p4xx_driverlib.lib : cs.o (.text:_CSGetHFXTFrequency)
                  000037c4    00000070     rtsv7M4_T_le_v4SPD16_eabi.lib : autoinit.obj (.text)
                  00003834    00000070                                   : printf.obj (.text)
                  000038a4    00000068                                   : copy_decompress_lzss.obj (.text:decompress:lzss)
                  0000390c    00000064     printfOverride.obj (.text)
                  00003970    00000064     rtsv7M4_T_le_v4SPD16_eabi.lib : s_frexp.obj (.text)
                  000039d4    00000056                                   : ltoa.obj (.text)
                  00003a2a    00000002     --HOLE-- [fill = 0]
                  00003a2c    00000054                                   : boot.obj (.text)
                  00003a80    00000054                                   : exit.obj (.text)
                  00003ad4    00000050     msp432p4xx_driverlib.lib : sysctl.o (.text:SysCtl_getTLVInfo)
                  00003b24    0000004c                              : cs.o (.text:_CSGetDOCFrequency)
                  00003b70    0000004c     rtsv7M4_T_le_v4SPD16_eabi.lib : atoi.obj (.text)
                  00003bbc    0000004c                                   : cpy_tbl.obj (.text)
                  00003c08    00000048     msp432p4xx_driverlib.lib : cs.o (.text:_CSGetDividerValue)
                  00003c50    00000048     rtsv7M4_T_le_v4SPD16_eabi.lib : fd_toi_t2.obj (.text)
                  00003c98    00000040     debug.obj (.text)
                  00003cd8    00000030     msp432p4xx_driverlib.lib : gpio.o (.text:GPIO_setAsInputPinWithPullUpResistor)
                  00003d08    0000002e     rtsv7M4_T_le_v4SPD16_eabi.lib : i_tofd_t2.obj (.text)
                  00003d36    00000002     --HOLE-- [fill = 0]
                  00003d38    00000024     msp432p4xx_driverlib.lib : cs.o (.text:CS_clearInterruptFlag)
                  00003d5c    00000020                              : gpio.o (.text:GPIO_interruptEdgeSelect)
                  00003d7c    0000001c     rtsv7M4_T_le_v4SPD16_eabi.lib : memccpy.obj (.text)
                  00003d98    00000018     msp432p4xx_driverlib.lib : cs.o (.text:CS_getMCLK)
                  00003db0    00000018                              : cs.o (.text:CS_getSMCLK)
                  00003dc8    00000018     rtsv7M4_T_le_v4SPD16_eabi.lib : args_main.obj (.text)
                  00003de0    00000016                                   : strchr.obj (.text)
                  00003df6    00000002     --HOLE-- [fill = 0]
                  00003df8    00000014     msp432p4xx_driverlib.lib : cs.o (.text:CS_setExternalClockSourceFrequency)
                  00003e0c    00000014     rtsv7M4_T_le_v4SPD16_eabi.lib : _lock.obj (.text)
                  00003e20    00000014                                   : s_copysign.obj (.text)
                  00003e34    00000014                                   : strlen.obj (.text)
                  00003e48    00000010     msp432p4xx_driverlib.lib : sysctl.o (.text:SysCtl_disableNMISource)
                  00003e58    00000010                              : sysctl.o (.text:SysCtl_enableNMISource)
                  00003e68    0000000e     rtsv7M4_T_le_v4SPD16_eabi.lib : copy_decompress_none.obj (.text:decompress:none)
                  00003e76    0000000e     startup_msp432p401r_ccs.obj (.text)
                  00003e84    0000000c     msp432p4xx_driverlib.lib : sysctl.o (.text:SysCtl_getNMISourceStatus)
                  00003e90    0000000c     rtsv7M4_T_le_v4SPD16_eabi.lib : copy_zero_init.obj (.text:decompress:ZI)
                  00003e9c    00000006     msp432p4xx_driverlib.lib : cs.o (.text:CS_startHFXT)
                  00003ea2    00000004     rtsv7M4_T_le_v4SPD16_eabi.lib : pre_init.obj (.text)

.const     0    00003ea8    0000021c     
                  00003ea8    00000101     rtsv7M4_T_le_v4SPD16_eabi.lib : ctype.obj (.const:.string:_ctypes_)
                  00003fa9    000000b8     algorithm.obj (.const:.string:uch_spo2_table)
                  00004061    00000001     --HOLE-- [fill = 0]
                  00004062    0000003e     algorithm.obj (.const:auw_hamm)
                  000040a0    00000024     debug.obj (.const:uartConfig)

.cinit     0    000040c8    00000080     
                  000040c8    00000057     (.cinit..data.load) [load image, compression = lzss]
                  0000411f    00000001     --HOLE-- [fill = 0]
                  00004120    0000000c     (__TI_handler_table)
                  0000412c    00000004     --HOLE-- [fill = 0]
                  00004130    00000008     (.cinit..bss.load) [load image, compression = zero_init]
                  00004138    00000010     (__TI_cinit_table)

.init_array 
*          0    00000000    00000000     UNINITIALIZED

.bss       0    20000000    0000272b     UNINITIALIZED
                  20000000    000007d0     algorithm.obj (.bss:an_x)
                  200007d0    000007d0     algorithm.obj (.bss:an_y)
                  20000fa0    000007d0     (.common:aun_ir_buffer)
                  20001770    000007d0     (.common:aun_red_buffer)
                  20001f40    000007c0     algorithm.obj (.bss:an_dx)
                  20002700    00000004     (.common:g_MCLKfreq)
                  20002704    00000004     (.common:g_SMCLKfreq)
                  20002708    00000004     (.common:hfxtFreq)
                  2000270c    00000004     (.common:lfxtFreq)
                  20002710    00000004     (.common:n_heart_rate)
                  20002714    00000004     (.common:n_ir_buffer_length)
                  20002718    00000004     (.common:n_sp02)
                  2000271c    00000004     (.common:un_max)
                  20002720    00000004     (.common:un_min)
                  20002724    00000004     (.common:un_prev_data)
                  20002728    00000001     (.common:ch_hr_valid)
                  20002729    00000001     (.common:ch_spo2_valid)
                  2000272a    00000001     (.common:uch_dummy)

.data      0    2000272c    00000148     UNINITIALIZED
                  2000272c    000000f0     rtsv7M4_T_le_v4SPD16_eabi.lib : defs.obj (.data:_ftable)
                  2000281c    00000030     msp432p4xx_driverlib.lib : gpio.o (.data:GPIO_PORT_TO_BASE)
                  2000284c    0000000c     rtsv7M4_T_le_v4SPD16_eabi.lib : exit.obj (.data:$O1$$)
                  20002858    00000008                                   : _lock.obj (.data:$O1$$)
                  20002860    00000008     main.obj (.data)
                  20002868    00000004     rtsv7M4_T_le_v4SPD16_eabi.lib : errno.obj (.data)
                  2000286c    00000004                                   : stkdepth_vars.obj (.data)
                  20002870    00000004     system_msp432p401r.obj (.data)

.stack     0    2000fe00    00000200     UNINITIALIZED
                  2000fe00    00000200     --HOLE--

MODULE SUMMARY

       Module                        code    ro data   rw data
       ------                        ----    -------   -------
    .\
       algorithm.obj                 2498    246       11968  
       main.obj                      1128    0         8070   
       I2C0.obj                      1592    0         0      
       system_msp432p401r.obj        812     0         8      
       MAX30102.obj                  450     0         0      
       startup_msp432p401r_ccs.obj   14      228       0      
       clk.obj                       168     0         16     
       debug.obj                     64      36        0      
       printfOverride.obj            100     0         0      
    +--+-----------------------------+-------+---------+---------+
       Total:                        6826    510       20062  
                                                              
    C:/ti/msp/MSP432Ware_3_50_00_02/driverlib/driverlib/MSP432P4xx/ccs/msp432p4xx_driverlib.lib
       cs.o                          942     0         16     
       gpio.o                        80      0         96     
       sysctl.o                      124     0         0      
    +--+-----------------------------+-------+---------+---------+
       Total:                        1146    0         112    
                                                              
    C:\ti\ccsv7\tools\compiler\ti-cgt-arm_16.9.0.LTS\lib\rtsv7M4_T_le_v4SPD16_eabi.lib
       _printfi.obj                  4410    0         0      
       ull_div_t2.obj                500     0         0      
       defs.obj                      0       0         480    
       fd_add_t2.obj                 438     0         0      
       fd_div_t2.obj                 310     0         0      
       fd_cmp_t2.obj                 268     0         0      
       ctype.obj                     0       257       0      
       fd_mul_t2.obj                 252     0         0      
       s_scalbn.obj                  252     0         0      
       memcpy_t2.obj                 156     0         0      
       memset_t2.obj                 122     0         0      
       autoinit.obj                  112     0         0      
       printf.obj                    112     0         0      
       exit.obj                      84      0         24     
       copy_decompress_lzss.obj      104     0         0      
       s_frexp.obj                   100     0         0      
       ltoa.obj                      86      0         0      
       boot.obj                      84      0         0      
       atoi.obj                      76      0         0      
       cpy_tbl.obj                   76      0         0      
       fd_toi_t2.obj                 72      0         0      
       i_tofd_t2.obj                 46      0         0      
       _lock.obj                     20      0         16     
       memccpy.obj                   28      0         0      
       args_main.obj                 24      0         0      
       strchr.obj                    22      0         0      
       s_copysign.obj                20      0         0      
       strlen.obj                    20      0         0      
       copy_decompress_none.obj      14      0         0      
       copy_zero_init.obj            12      0         0      
       errno.obj                     0       0         8      
       stkdepth_vars.obj             0       0         8      
       pre_init.obj                  4       0         0      
       mpu_init.obj                  2       0         0      
       startup.obj                   2       0         0      
    +--+-----------------------------+-------+---------+---------+
       Total:                        7828    257       536    
                                                              
       Stack:                        0       0         1024   
       Linker Generated:             0       123       0      
    +--+-----------------------------+-------+---------+---------+
       Grand Total:                  15800   890       21734  


LINKER GENERATED COPY TABLES

__TI_cinit_table @ 00004138 records: 2, size/record: 8, table size: 16
	.data: load addr=000040c8, load size=00000057 bytes, run addr=2000272c, run size=00000148 bytes, compression=lzss
	.bss: load addr=00004130, load size=00000008 bytes, run addr=20000000, run size=0000272b bytes, compression=zero_init


LINKER GENERATED HANDLER TABLE

__TI_handler_table @ 00004120 records: 3, size/record: 4, table size: 12
	index: 0, handler: __TI_decompress_lzss
	index: 1, handler: __TI_decompress_none
	index: 2, handler: __TI_zero_init


GLOBAL SYMBOLS: SORTED ALPHABETICALLY BY Name 

address   name                                  
-------   ----                                  
00003e83  ADC14_IRQHandler                      
00003e83  AES256_IRQHandler                     
00003e83  BusFault_Handler                      
00003a81  C$$EXIT                               
00003e83  COMP_E0_IRQHandler                    
00003e83  COMP_E1_IRQHandler                    
00003e83  CS_IRQHandler                         
00003d39  CS_clearInterruptFlag                 
00003055  CS_getDCOFrequency                    
00003d99  CS_getMCLK                            
00003db1  CS_getSMCLK                           
00003df9  CS_setExternalClockSourceFrequency    
00003e9d  CS_startHFXT                          
000033f9  CS_startHFXTWithTimeout               
00003e83  DMA_ERR_IRQHandler                    
00003e83  DMA_INT0_IRQHandler                   
00003e83  DMA_INT1_IRQHandler                   
00003e83  DMA_INT2_IRQHandler                   
00003e83  DMA_INT3_IRQHandler                   
00003e83  DebugMon_Handler                      
00003e83  Default_Handler                       
00003e83  EUSCIA0_IRQHandler                    
00003e83  EUSCIA1_IRQHandler                    
00003e83  EUSCIA2_IRQHandler                    
00003e83  EUSCIA3_IRQHandler                    
00003e83  EUSCIB0_IRQHandler                    
00003e83  EUSCIB1_IRQHandler                    
00003e83  EUSCIB2_IRQHandler                    
00003e83  EUSCIB3_IRQHandler                    
00003e83  FLCTL_IRQHandler                      
00003e83  FPU_IRQHandler                        
00003d5d  GPIO_interruptEdgeSelect              
00003cd9  GPIO_setAsInputPinWithPullUpResistor  
00003e83  HardFault_Handler                     
00001be5  I2C_Init                              
00001c2b  I2C_Recv                              
00001c99  I2C_Recv2                             
00001d3d  I2C_Send1                             
00001dbf  I2C_Send2                             
00001e77  I2C_Send3                             
00001f8d  I2C_bus_read                          
000020cd  I2C_bus_write                         
00003e83  MemManage_Handler                     
00003e83  NMI_Handler                           
00003e83  PCM_IRQHandler                        
00002571  PORT1_IRQHandler                      
00002571  PORT1_IRQHandler                      
00003e83  PORT2_IRQHandler                      
00003e83  PORT3_IRQHandler                      
00002485  PORT4_IRQHandler                      
00002485  PORT4_IRQHandler                      
00003e83  PORT5_IRQHandler                      
00003e83  PORT6_IRQHandler                      
00003e83  PSS_IRQHandler                        
00003e83  PendSV_Handler                        
00003e83  RTC_C_IRQHandler                      
00003e77  Reset_Handler                         
UNDEFED   SHT$$INIT_ARRAY$$Base                 
UNDEFED   SHT$$INIT_ARRAY$$Limit                
00003e83  SVC_Handler                           
00003e49  SysCtl_disableNMISource               
00003e59  SysCtl_enableNMISource                
00003e85  SysCtl_getNMISourceStatus             
00003ad5  SysCtl_getTLVInfo                     
00003e83  SysTick_Handler                       
20002870  SystemCoreClock                       
00002685  SystemCoreClockUpdate                 
000028f9  SystemInit                            
00003e83  T32_INT1_IRQHandler                   
00003e83  T32_INT2_IRQHandler                   
00003e83  T32_INTC_IRQHandler                   
00003e83  TA0_0_IRQHandler                      
00003e83  TA0_N_IRQHandler                      
00003e83  TA1_0_IRQHandler                      
00003e83  TA1_N_IRQHandler                      
00003e83  TA2_0_IRQHandler                      
00003e83  TA2_N_IRQHandler                      
00003e83  TA3_0_IRQHandler                      
00003e83  TA3_N_IRQHandler                      
00003e83  UsageFault_Handler                    
4000480c  WDTCTL_SYM                            
00003e83  WDT_A_IRQHandler                      
20010000  __STACK_END                           
00000200  __STACK_SIZE                          
00004138  __TI_CINIT_Base                       
00004148  __TI_CINIT_Limit                      
00004120  __TI_Handler_Table_Base               
0000412c  __TI_Handler_Table_Limit              
000037c5  __TI_auto_init                        
2000284c  __TI_cleanup_ptr                      
000038a5  __TI_decompress_lzss                  
00003e69  __TI_decompress_none                  
20002850  __TI_dtors_ptr                        
20002854  __TI_enable_exit_profile_output       
ffffffff  __TI_pprof_out_hndl                   
00000925  __TI_printfi                          
ffffffff  __TI_prof_data_size                   
ffffffff  __TI_prof_data_start                  
00000000  __TI_static_base__                    
00003e91  __TI_zero_init                        
000035cd  __aeabi_cdcmpeq                       
000035cd  __aeabi_cdcmple                       
00003653  __aeabi_cdrcmple                      
00003c51  __aeabi_d2iz                          
00002d71  __aeabi_dadd                          
00002f1d  __aeabi_ddiv                          
00003159  __aeabi_dmul                          
00002d67  __aeabi_dsub                          
00003d09  __aeabi_i2d                           
000036d9  __aeabi_memclr                        
000036d9  __aeabi_memclr4                       
000036d9  __aeabi_memclr8                       
00003531  __aeabi_memcpy                        
00003531  __aeabi_memcpy4                       
00003531  __aeabi_memcpy8                       
000036db  __aeabi_memset                        
000036db  __aeabi_memset4                       
000036db  __aeabi_memset8                       
000029b1  __aeabi_uldivmod                      
ffffffff  __binit__                             
ffffffff  __c_args__                            
0000121f  __mpu_init                            
2000fe00  __stack                               
00003dc9  _args_main                            
00003a2d  _c_int00                              
00003ea8  _ctypes_                              
2000272c  _ftable                               
20002858  _lock                                 
00003e1b  _nop                                  
00003e13  _register_lock                        
00003e0d  _register_unlock                      
00001be3  _system_post_cinit                    
00003ea3  _system_pre_init                      
2000285c  _unlock                               
00003a85  abort                                 
00003b71  atoi                                  
20000fa0  aun_ir_buffer                         
20001770  aun_red_buffer                        
00004062  auw_hamm                              
ffffffff  binit                                 
20002728  ch_hr_valid                           
20002729  ch_spo2_valid                         
000033bb  clk_init                              
00003bbd  copy_in                               
00003e21  copysign                              
00003e21  copysignl                             
00003c99  debug_init                            
20002868  errno                                 
00003a8d  exit                                  
0000390d  fputc                                 
0000392b  fputs                                 
00003971  frexp                                 
00003971  frexpl                                
20002864  gIrRedCount                           
20002700  g_MCLKfreq                            
20002704  g_SMCLKfreq                           
00000000  interruptVectors                      
00003255  ldexp                                 
00003255  ldexpl                                
000039d5  ltoa                                  
0000221d  main                                  
2000286c  main_func_sp                          
0000191f  maxim_find_peaks                      
00001221  maxim_heart_rate_and_oxygen_saturation
00002be9  maxim_max30102_init                   
00002c89  maxim_max30102_read_fifo              
00002bc9  maxim_max30102_read_reg               
00002d53  maxim_max30102_reset                  
00002ba5  maxim_max30102_write_reg              
00001963  maxim_peaks_above_min_height          
00001a35  maxim_remove_close_peaks              
00001aef  maxim_sort_ascend                     
00001b65  maxim_sort_indices_descend            
00003d7d  memccpy                               
00003531  memcpy                                
000036e1  memset                                
20002710  n_heart_rate                          
20002714  n_ir_buffer_length                    
20002718  n_sp02                                
0000383d  printf                                
00003255  scalbn                                
00003255  scalbnl                               
20002860  state                                 
00003de1  strchr                                
00003e35  strlen                                
000040a0  uartConfig                            
2000272a  uch_dummy                             
00003fa9  uch_spo2_table                        
2000271c  un_max                                
20002720  un_min                                
20002724  un_prev_data                          


GLOBAL SYMBOLS: SORTED BY Symbol Address 

address   name                                  
-------   ----                                  
00000000  __TI_static_base__                    
00000000  interruptVectors                      
00000200  __STACK_SIZE                          
00000925  __TI_printfi                          
0000121f  __mpu_init                            
00001221  maxim_heart_rate_and_oxygen_saturation
0000191f  maxim_find_peaks                      
00001963  maxim_peaks_above_min_height          
00001a35  maxim_remove_close_peaks              
00001aef  maxim_sort_ascend                     
00001b65  maxim_sort_indices_descend            
00001be3  _system_post_cinit                    
00001be5  I2C_Init                              
00001c2b  I2C_Recv                              
00001c99  I2C_Recv2                             
00001d3d  I2C_Send1                             
00001dbf  I2C_Send2                             
00001e77  I2C_Send3                             
00001f8d  I2C_bus_read                          
000020cd  I2C_bus_write                         
0000221d  main                                  
00002485  PORT4_IRQHandler                      
00002485  PORT4_IRQHandler                      
00002571  PORT1_IRQHandler                      
00002571  PORT1_IRQHandler                      
00002685  SystemCoreClockUpdate                 
000028f9  SystemInit                            
000029b1  __aeabi_uldivmod                      
00002ba5  maxim_max30102_write_reg              
00002bc9  maxim_max30102_read_reg               
00002be9  maxim_max30102_init                   
00002c89  maxim_max30102_read_fifo              
00002d53  maxim_max30102_reset                  
00002d67  __aeabi_dsub                          
00002d71  __aeabi_dadd                          
00002f1d  __aeabi_ddiv                          
00003055  CS_getDCOFrequency                    
00003159  __aeabi_dmul                          
00003255  ldexp                                 
00003255  ldexpl                                
00003255  scalbn                                
00003255  scalbnl                               
000033bb  clk_init                              
000033f9  CS_startHFXTWithTimeout               
00003531  __aeabi_memcpy                        
00003531  __aeabi_memcpy4                       
00003531  __aeabi_memcpy8                       
00003531  memcpy                                
000035cd  __aeabi_cdcmpeq                       
000035cd  __aeabi_cdcmple                       
00003653  __aeabi_cdrcmple                      
000036d9  __aeabi_memclr                        
000036d9  __aeabi_memclr4                       
000036d9  __aeabi_memclr8                       
000036db  __aeabi_memset                        
000036db  __aeabi_memset4                       
000036db  __aeabi_memset8                       
000036e1  memset                                
000037c5  __TI_auto_init                        
0000383d  printf                                
000038a5  __TI_decompress_lzss                  
0000390d  fputc                                 
0000392b  fputs                                 
00003971  frexp                                 
00003971  frexpl                                
000039d5  ltoa                                  
00003a2d  _c_int00                              
00003a81  C$$EXIT                               
00003a85  abort                                 
00003a8d  exit                                  
00003ad5  SysCtl_getTLVInfo                     
00003b71  atoi                                  
00003bbd  copy_in                               
00003c51  __aeabi_d2iz                          
00003c99  debug_init                            
00003cd9  GPIO_setAsInputPinWithPullUpResistor  
00003d09  __aeabi_i2d                           
00003d39  CS_clearInterruptFlag                 
00003d5d  GPIO_interruptEdgeSelect              
00003d7d  memccpy                               
00003d99  CS_getMCLK                            
00003db1  CS_getSMCLK                           
00003dc9  _args_main                            
00003de1  strchr                                
00003df9  CS_setExternalClockSourceFrequency    
00003e0d  _register_unlock                      
00003e13  _register_lock                        
00003e1b  _nop                                  
00003e21  copysign                              
00003e21  copysignl                             
00003e35  strlen                                
00003e49  SysCtl_disableNMISource               
00003e59  SysCtl_enableNMISource                
00003e69  __TI_decompress_none                  
00003e77  Reset_Handler                         
00003e83  ADC14_IRQHandler                      
00003e83  AES256_IRQHandler                     
00003e83  BusFault_Handler                      
00003e83  COMP_E0_IRQHandler                    
00003e83  COMP_E1_IRQHandler                    
00003e83  CS_IRQHandler                         
00003e83  DMA_ERR_IRQHandler                    
00003e83  DMA_INT0_IRQHandler                   
00003e83  DMA_INT1_IRQHandler                   
00003e83  DMA_INT2_IRQHandler                   
00003e83  DMA_INT3_IRQHandler                   
00003e83  DebugMon_Handler                      
00003e83  Default_Handler                       
00003e83  EUSCIA0_IRQHandler                    
00003e83  EUSCIA1_IRQHandler                    
00003e83  EUSCIA2_IRQHandler                    
00003e83  EUSCIA3_IRQHandler                    
00003e83  EUSCIB0_IRQHandler                    
00003e83  EUSCIB1_IRQHandler                    
00003e83  EUSCIB2_IRQHandler                    
00003e83  EUSCIB3_IRQHandler                    
00003e83  FLCTL_IRQHandler                      
00003e83  FPU_IRQHandler                        
00003e83  HardFault_Handler                     
00003e83  MemManage_Handler                     
00003e83  NMI_Handler                           
00003e83  PCM_IRQHandler                        
00003e83  PORT2_IRQHandler                      
00003e83  PORT3_IRQHandler                      
00003e83  PORT5_IRQHandler                      
00003e83  PORT6_IRQHandler                      
00003e83  PSS_IRQHandler                        
00003e83  PendSV_Handler                        
00003e83  RTC_C_IRQHandler                      
00003e83  SVC_Handler                           
00003e83  SysTick_Handler                       
00003e83  T32_INT1_IRQHandler                   
00003e83  T32_INT2_IRQHandler                   
00003e83  T32_INTC_IRQHandler                   
00003e83  TA0_0_IRQHandler                      
00003e83  TA0_N_IRQHandler                      
00003e83  TA1_0_IRQHandler                      
00003e83  TA1_N_IRQHandler                      
00003e83  TA2_0_IRQHandler                      
00003e83  TA2_N_IRQHandler                      
00003e83  TA3_0_IRQHandler                      
00003e83  TA3_N_IRQHandler                      
00003e83  UsageFault_Handler                    
00003e83  WDT_A_IRQHandler                      
00003e85  SysCtl_getNMISourceStatus             
00003e91  __TI_zero_init                        
00003e9d  CS_startHFXT                          
00003ea3  _system_pre_init                      
00003ea8  _ctypes_                              
00003fa9  uch_spo2_table                        
00004062  auw_hamm                              
000040a0  uartConfig                            
00004120  __TI_Handler_Table_Base               
0000412c  __TI_Handler_Table_Limit              
00004138  __TI_CINIT_Base                       
00004148  __TI_CINIT_Limit                      
20000fa0  aun_ir_buffer                         
20001770  aun_red_buffer                        
20002700  g_MCLKfreq                            
20002704  g_SMCLKfreq                           
20002710  n_heart_rate                          
20002714  n_ir_buffer_length                    
20002718  n_sp02                                
2000271c  un_max                                
20002720  un_min                                
20002724  un_prev_data                          
20002728  ch_hr_valid                           
20002729  ch_spo2_valid                         
2000272a  uch_dummy                             
2000272c  _ftable                               
2000284c  __TI_cleanup_ptr                      
20002850  __TI_dtors_ptr                        
20002854  __TI_enable_exit_profile_output       
20002858  _lock                                 
2000285c  _unlock                               
20002860  state                                 
20002864  gIrRedCount                           
20002868  errno                                 
2000286c  main_func_sp                          
20002870  SystemCoreClock                       
2000fe00  __stack                               
20010000  __STACK_END                           
4000480c  WDTCTL_SYM                            
ffffffff  __TI_pprof_out_hndl                   
ffffffff  __TI_prof_data_size                   
ffffffff  __TI_prof_data_start                  
ffffffff  __binit__                             
ffffffff  __c_args__                            
ffffffff  binit                                 
UNDEFED   SHT$$INIT_ARRAY$$Base                 
UNDEFED   SHT$$INIT_ARRAY$$Limit                

[191 symbols]
